******************************************************************************
               TMS320C6x Linker PC v7.4.14                     
******************************************************************************
>> Linked Sun Apr 15 14:02:27 2018

OUTPUT FILE NAME:   <myGMMsample.out>
ENTRY POINT SYMBOL: "_c_int00"  address: 1180b3e0


MEMORY CONFIGURATION

         name            origin    length      used     unused   attr    fill
----------------------  --------  ---------  --------  --------  ----  --------
  VECTORS               11800000   00000200  00000200  00000000  RWIX
  DSPRAM                11800200   0003fe00  0000f35c  00030aa4  RWIX
  SHAREDRAM             80000000   00020000  00000000  00020000  RWIX
  SDRAM                 c0000000   08000000  00000000  08000000  RWIX


SECTION ALLOCATION MAP

 output                                  attributes/
section   page    origin      length       input sections
--------  ----  ----------  ----------   ----------------
vectors    0    11800000    00000200     
                  11800000    00000200     vectors.obj (vectors)

.text      0    11800200    0000b960     
                  11800200    00002220     gmm.obj (.text)
                  11802420    00000dc0     LCDK_Support_DSP.obj (.text)
                  118031e0    000007c0     main.obj (.text)
                  118039a0    00000720     rts6740.lib : pow.obj (.text:_pow)
                  118040c0    000005a0                 : divd.obj (.text:__divd)
                  11804660    00000580                 : _printfi.obj (.text:__getarg_diouxp)
                  11804be0    00000540     libmfcc.obj (.text)
                  11805120    00000520     rts6740.lib : _printfi.obj (.text:__setfield)
                  11805640    00000440                 : _printfi.obj (.text:__printfi)
                  11805a80    000003a0                 : fputs.obj (.text:_fputs)
                  11805e20    00000320                 : _printfi.obj (.text:__pproc_fge)
                  11806140    000002e0                 : cos.obj (.text:_cos)
                  11806420    000002c0                 : _printfi.obj (.text:__pproc_fwp)
                  118066e0    000002a0                 : _printfi.obj (.text:_ecvt)
                  11806980    000002a0                 : _printfi.obj (.text:_fcvt)
                  11806c20    00000280                 : divf.obj (.text:__divf)
                  11806ea0    00000280                 : memory.obj (.text:_free)
                  11807120    00000280                 : sin.obj (.text:_sin)
                  118073a0    00000260                 : imath64.obj (.text:__divull)
                  11807600    00000260                 : _printfi.obj (.text:__pconv_e)
                  11807860    00000240                 : _printfi.obj (.text:__pproc_diouxp)
                  11807aa0    00000240     ISRs.obj (.text:retain)
                  11807ce0    00000220     rts6740.lib : _printfi.obj (.text:__pproc_str)
                  11807f00    00000220                 : fputc.obj (.text:_fputc)
                  11808120    00000200                 : _printfi.obj (.text:__pconv_g)
                  11808320    00000200                 : log.obj (.text:_log)
                  11808520    00000200                 : setvbuf.obj (.text:_setvbuf)
                  11808720    000001e0                 : exp.obj (.text:_exp)
                  11808900    000001c0                 : _printfi.obj (.text:__mcpy)
                  11808ac0    000001a0                 : imath40.obj (.text:__divul)
                  11808c60    00000180                 : trgdrv.obj (.text:_HOSTrename)
                  11808de0    00000180                 : memory.obj (.text:_malloc)
                  11808f60    000000a0                 : trgdrv.obj (.text:_HOSTclose)
                  11809000    00000180     assem.obj (.text)
                  11809180    00000160     rts6740.lib : ldexp.obj (.text:_ldexp)
                  118092e0    00000140                 : _printfi.obj (.text:__pproc_fflags)
                  11809420    00000140                 : lowlev.obj (.text:_getdevice)
                  11809560    00000120                 : fclose.obj (.text:__closefile)
                  11809680    00000120                 : _printfi.obj (.text:__ltostr)
                  118097a0    00000120                 : frexp.obj (.text:_frexp)
                  118098c0    00000120                 : fseek.obj (.text:_fseek)
                  118099e0    00000100                 : trgdrv.obj (.text:_HOSTlseek)
                  11809ae0    00000100                 : _io_perm.obj (.text:__wrt_ok)
                  11809be0    00000100                 : sqrt.obj (.text:_sqrt)
                  11809ce0    000000e0                 : trgdrv.obj (.text:_HOSTopen)
                  11809dc0    000000e0                 : trgdrv.obj (.text:_HOSTread)
                  11809ea0    000000e0                 : atoi.obj (.text:_atoi)
                  11809f80    000000e0                 : lowlev.obj (.text:_close)
                  1180a060    000000e0                 : memset.obj (.text:_memset)
                  1180a140    000000e0                 : printf.obj (.text:_printf)
                  1180a220    000000c0                 : trgdrv.obj (.text:_HOSTunlink)
                  1180a2e0    000000c0                 : trgdrv.obj (.text:_HOSTwrite)
                  1180a3a0    000000c0                 : autoinit.obj (.text:__auto_init)
                  1180a460    000000c0                 : _printfi.obj (.text:__div)
                  1180a520    000000c0                 : divu.obj (.text:__divu)
                  1180a5e0    000000c0                 : fflush.obj (.text:__doflush)
                  1180a6a0    000000c0                 : remi.obj (.text:__remi)
                  1180a760    000000c0                 : exit.obj (.text:_exit)
                  1180a820    000000c0                 : ltoa.obj (.text:_ltoa)
                  1180a8e0    000000a0                 : trgdrv.obj (.text:_HOSTtime)
                  1180a980    000000a0                 : fopen.obj (.text:__cleanup)
                  1180aa20    000000a0                 : imath40.obj (.text:__divli)
                  1180aac0    000000a0                 : _printfi.obj (.text:__ecpy)
                  1180ab60    000000a0                 : _printfi.obj (.text:__fcpy)
                  1180ac00    000000a0                 : fixdli.obj (.text:__fixdli)
                  1180aca0    000000a0                 : round.obj (.text:__nround)
                  1180ad40    000000a0                 : _printfi.obj (.text:__pconv_f)
                  1180ade0    000000a0                 : cpy_tbl.obj (.text:_copy_in)
                  1180ae80    000000a0                 : lowlev.obj (.text:_finddevice)
                  1180af20    000000a0                 : lowlev.obj (.text:_lseek)
                  1180afc0    000000a0                 : memcpy64.obj (.text:_memcpy)
                  1180b060    000000a0                 : memory.obj (.text:_minsert)
                  1180b100    000000a0                 : modf.obj (.text:_modf)
                  1180b1a0    000000a0                 : memory.obj (.text:_mremove)
                  1180b240    000000a0                 : lowlev.obj (.text:_write)
                  1180b2e0    00000080                 : fltlid.obj (.text:__fltlid)
                  1180b360    00000080                 : llshift.obj (.text:__llshl)
                  1180b3e0    00000080                 : boot.obj (.text:_c_int00)
                  1180b460    00000080                 : rand.obj (.text:_rand)
                  1180b4e0    00000080                 : trgmsg.obj (.text:_readmsg)
                  1180b560    00000080                 : lowlev.obj (.text:_unlink)
                  1180b5e0    00000080     autocorr.obj (.text)
                  1180b660    00000060     rts6740.lib : cpp_init.obj (.text:___TI_cpp_init)
                  1180b6c0    00000060                 : imath64.obj (.text:__subcull)
                  1180b720    00000060                 : memccpy.obj (.text:_memccpy)
                  1180b780    00000060                 : rand.obj (.text:_srand)
                  1180b7e0    00000060                 : trgmsg.obj (.text:_writemsg)
                  1180b840    00000040                 : isinf.obj (.text:___isinf)
                  1180b880    00000040                 : _printfi.obj (.text:___isnan)
                  1180b8c0    00000040                 : args_main.obj (.text:__args_main)
                  1180b900    00000040                 : frcmpyd_div.obj (.text:__frcmpyd_div)
                  1180b940    00000040                 : llshift.obj (.text:__llshru)
                  1180b980    00000040                 : imath40.obj (.text:__remli)
                  1180b9c0    00000040                 : strcmp.obj (.text:_strcmp)
                  1180ba00    00000040                 : time.obj (.text:_time)
                  1180ba40    00000040     flip.obj (.text)
                  1180ba80    00000020     rts6740.lib : negll.obj (.text:__negll)
                  1180baa0    00000020                 : _lock.obj (.text:__nop)
                  1180bac0    00000020                 : printf.obj (.text:__outc)
                  1180bae0    00000020                 : printf.obj (.text:__outs)
                  1180bb00    00000020                 : trunc.obj (.text:__trunc)
                  1180bb20    00000020                 : exit.obj (.text:_abort)
                  1180bb40    00000020                 : remove.obj (.text:_remove)

.far       0    1180bb60    000022e8     UNINITIALIZED
                  1180bb60    00001c68     main.obj (.far)
                  1180d7c8    00000324     rts6740.lib : defs.obj (.far)
                  1180daec    00000004                 : errno.obj (.far)
                  1180daf0    00000120                 : pow.obj (.far)
                  1180dc10    0000011c                 : lowlev.obj (.far)
                  1180dd2c    00000004                 : fopen.obj (.far)
                  1180dd30    00000040                 : cos.obj (.far)
                  1180dd70    00000040                 : sin.obj (.far)
                  1180ddb0    00000030                 : exp.obj (.far)
                  1180dde0    00000030                 : log.obj (.far)
                  1180de10    0000000c                 : exit.obj (.far)
                  1180de1c    00000008     ISRs.obj (.far)
                  1180de24    00000008     rts6740.lib : _lock.obj (.far)
                  1180de2c    00000008                 : memory.obj (.far)
                  1180de34    00000004     --HOLE--
                  1180de38    00000008                 : rand.obj (.far)
                  1180de40    00000008                 : trgdrv.obj (.far)

.const     0    1180de48    00000938     
                  1180de48    000005a0     gmm.obj (.const:_$P$T3$4)
                  1180e3e8    0000016c     gmm.obj (.const:.string)
                  1180e554    00000002     rts6740.lib : fputs.obj (.const:.string)
                  1180e556    00000002     --HOLE-- [fill = 0]
                  1180e558    00000101                 : ctype.obj (.const:.string:__ctypes_)
                  1180e659    00000007     --HOLE-- [fill = 0]
                  1180e660    00000068     gmm.obj (.const:_$P$T1$2)
                  1180e6c8    00000068     gmm.obj (.const:_$P$T2$3)
                  1180e730    00000023     rts6740.lib : _printfi.obj (.const:.string)
                  1180e753    00000005     --HOLE-- [fill = 0]
                  1180e758    00000018     gmm.obj (.const:_$P$T0$1)
                  1180e770    00000010     main.obj (.const:.string)

.cinit     0    1180e780    00000474     
                  1180e780    00000140     rts6740.lib : pow.obj (.cinit)
                  1180e8c0    000000a0     main.obj (.cinit)
                  1180e960    0000005c     rts6740.lib : defs.obj (.cinit)
                  1180e9bc    00000004     --HOLE-- [fill = 0]
                  1180e9c0    0000005c                 : lowlev.obj (.cinit)
                  1180ea1c    00000004     --HOLE-- [fill = 0]
                  1180ea20    00000048                 : cos.obj (.cinit)
                  1180ea68    00000048                 : sin.obj (.cinit)
                  1180eab0    00000040                 : exp.obj (.cinit)
                  1180eaf0    00000040                 : log.obj (.cinit)
                  1180eb30    0000002c                 : exit.obj (.cinit)
                  1180eb5c    00000004     --HOLE-- [fill = 0]
                  1180eb60    0000002c                 : memory.obj (.cinit)
                  1180eb8c    00000004     --HOLE-- [fill = 0]
                  1180eb90    0000001c                 : _lock.obj (.cinit)
                  1180ebac    00000004     --HOLE-- [fill = 0]
                  1180ebb0    00000010                 : rand.obj (.cinit)
                  1180ebc0    0000000c     LCDK_Support_DSP.obj (.cinit)
                  1180ebcc    00000004     --HOLE-- [fill = 0]
                  1180ebd0    0000000c     rts6740.lib : errno.obj (.cinit)
                  1180ebdc    00000004     --HOLE-- [fill = 0]
                  1180ebe0    0000000c                 : fopen.obj (.cinit)
                  1180ebec    00000004     --HOLE-- [fill = 0]
                  1180ebf0    00000004     (.pad.cinit) [fill = 0]

.stack     0    1180ebf8    00000400     UNINITIALIZED
                  1180ebf8    00000008     rts6740.lib : boot.obj (.stack)
                  1180ec00    000003f8     --HOLE--

.sysmem    0    1180eff8    00000400     UNINITIALIZED
                  1180eff8    00000008     rts6740.lib : memory.obj (.sysmem)
                  1180f000    000003f8     --HOLE--

.cio       0    1180f3f8    00000120     UNINITIALIZED
                  1180f3f8    00000120     rts6740.lib : trgmsg.obj (.cio)

.bss       0    1180f518    00000030     UNINITIALIZED
                  1180f518    0000002c     main.obj (.bss)
                  1180f544    00000004     LCDK_Support_DSP.obj (.bss)

.switch    0    1180f548    00000018     
                  1180f548    00000018     LCDK_Support_DSP.obj (.switch:_SetSampleRate_AIC3106)


GLOBAL SYMBOLS: SORTED ALPHABETICALLY BY Name 

address    name
--------   ----
1180f518   $bss
1180f518   .bss
11800200   .text
1180bb20   C$$EXIT
1180b838   C$$IO$$
11802b0c   _AIC3106_write_reg
1180c560   _B
11802894   _CheckForOverrun
1180de1c   _CodecDataIn
1180de20   _CodecDataOut
11807aa0   _Codec_ISR
11802428   _DSP_Init
11802448   _DSP_Init_EDMA
1180262c   _EnableInterrupts
11802678   _EnableInterrupts_EDMA
11805048   _GetCenterFrequency
11804be0   _GetCoefficient
11804e08   _GetFilterParameter
11804fac   _GetMagnitudeFactor
11802420   _GetSampleFreq
11808f60   _HOSTclose
118099e0   _HOSTlseek
11809ce0   _HOSTopen
11809dc0   _HOSTread
11808c60   _HOSTrename
1180a8e0   _HOSTtime
1180a220   _HOSTunlink
1180a2e0   _HOSTwrite
118025c4   _InitDigitalOutputs
11802468   _InitLEDs
118028c4   _Init_AIC3106
118026ec   _Init_I2C
118025e8   _Init_Interrupts
11802668   _Init_Interrupts_EDMA
11802cb8   _Init_McASP0
11803048   _Init_UART2
11803188   _IsDataReady_UART2
118031ac   _IsTxReady_UART2
1180f518   _M
11804da4   _NormalizationFactor
11803128   _Puts_UART2
1180284c   _ReadCodecData
118025ac   _ReadSwitches
11803168   _Read_UART2
11802b48   _Reset_AIC3106
11802748   _Reset_I2C
11802b70   _SetSampleRate_AIC3106
11802870   _WriteCodecData
118025d0   _WriteDigitalOutputs
118024c8   _WriteLEDs
11802768   _Write_I2C
11803100   _Write_UART2
1180bb60   _X
1180f3f8   __CIOBUF_
1180eff8   __STACK_END
00000400   __STACK_SIZE
00000400   __SYSMEM_SIZE
00000001   __TI_args_main
1180b660   ___TI_cpp_init
1180de18   ___TI_enable_exit_profile_output
ffffffff   ___TI_pprof_out_hndl
ffffffff   ___TI_prof_data_size
ffffffff   ___TI_prof_data_start
ffffffff   ___binit__
1180f518   ___bss__
ffffffff   ___c_args__
1180e780   ___cinit__
1180f548   ___end__
1180bb60   ___etext__
1180b840   ___isinf
ffffffff   ___pinit__
11800200   ___text__
1180b8c0   __args_main
1180a3a0   __auto_init
1180a520   __c6xabi_divu
1180a6a0   __c6xabi_remi
1180a980   __cleanup
1180de10   __cleanup_ptr
11809560   __closefile
1180e558   __ctypes_
118040c0   __divd
11806c20   __divf
1180aa20   __divli
1180a520   __divu
11808ac0   __divul
118073a0   __divull
1180a5e0   __doflush
1180de14   __dtors_ptr
1180ac00   __fixdli
1180b2e0   __fltlid
1180b900   __frcmpyd_div
1180dae8   __ft_end
1180d7c8   __ftable
11801308   __gmm_compute_membership_prob
118012a8   __gmm_em_step
11800674   __gmm_init_params
11800b30   __gmm_init_params_kmeans
118006b4   __gmm_init_params_random
11801d08   __gmm_log_gaussian_pdf
1180212c   __gmm_pow2
11801658   __gmm_update_params
11801fc8   __gmm_vec_add
11802058   __gmm_vec_divide_by_scalar
118020b8   __gmm_vec_dot_prod
11801f44   __gmm_vec_l2_dist
1180b360   __llshl
1180b940   __llshru
1180de24   __lock
1180ba80   __negll
1180baa0   __nop
1180aca0   __nround
11805640   __printfi
1180a6a0   __remi
1180b980   __remli
1180ebf8   __stack
1180b6c0   __subcull
1180eff8   __sys_memory
1180d9a8   __tmpnams
1180bb00   __trunc
1180de28   __unlock
11809ae0   __wrt_ok
1180bb20   _abort
11809ea0   _atoi
1180b5e0   _autoCorr
1180f538   _avg
1180b3e0   _c_int00
11809f80   _close
1180f53c   _coeff
1180ade0   _copy_in
11806140   _cos
1180f52c   _denominator
1180daec   _errno
1180a760   _exit
11808720   _exp
1180f528   _feature
118031e0   _fft
11809104   _fircircfunc
1180ba40   _flipfunc
11807f00   _fputc
11805a80   _fputs
11806ea0   _free
118097a0   _frexp
118098c0   _fseek
1180d5c8   _gmm
11800394   _gmm_fit
11802384   _gmm_free
11800200   _gmm_new
1180214c   _gmm_print_params
118004f0   _gmm_score
118002f0   _gmm_set_convergence_tol
11800328   _gmm_set_initialization_method
118002d8   _gmm_set_max_iter
1180030c   _gmm_set_regularization_value
1180f51c   _kk
11809180   _ldexp
1180f540   _llh
11808320   _log
1180af20   _lseek
1180a820   _ltoa
1180f534   _magnitude
11803548   _main
11808de0   _malloc
1180b720   _memccpy
1180afc0   _memcpy
1180a060   _memset
1180d560   _mfcc_result
1180b100   _modf
1180f530   _numerator
118039a0   _pow
1180a140   _printf
11807f00   _putc
1180b460   _rand
1180b4e0   _readmsg
1180bb40   _remove
11808520   _setvbuf
11807120   _sin
1180cd60   _spectrum
11809be0   _sqrt
1180b780   _srand
1180f520   _startflag
1180b9c0   _strcmp
1180ba00   _time
1180f524   _training
1180b560   _unlink
1180bd60   _w
118026b8   _wait
1180b240   _write
1180b7e0   _writemsg
ffffffff   binit
1180e780   cinit
1180f548   end
1180bb60   etext
ffffffff   pinit


GLOBAL SYMBOLS: SORTED BY Symbol Address 

address    name
--------   ----
00000001   __TI_args_main
00000400   __STACK_SIZE
00000400   __SYSMEM_SIZE
11800200   .text
11800200   ___text__
11800200   _gmm_new
118002d8   _gmm_set_max_iter
118002f0   _gmm_set_convergence_tol
1180030c   _gmm_set_regularization_value
11800328   _gmm_set_initialization_method
11800394   _gmm_fit
118004f0   _gmm_score
11800674   __gmm_init_params
118006b4   __gmm_init_params_random
11800b30   __gmm_init_params_kmeans
118012a8   __gmm_em_step
11801308   __gmm_compute_membership_prob
11801658   __gmm_update_params
11801d08   __gmm_log_gaussian_pdf
11801f44   __gmm_vec_l2_dist
11801fc8   __gmm_vec_add
11802058   __gmm_vec_divide_by_scalar
118020b8   __gmm_vec_dot_prod
1180212c   __gmm_pow2
1180214c   _gmm_print_params
11802384   _gmm_free
11802420   _GetSampleFreq
11802428   _DSP_Init
11802448   _DSP_Init_EDMA
11802468   _InitLEDs
118024c8   _WriteLEDs
118025ac   _ReadSwitches
118025c4   _InitDigitalOutputs
118025d0   _WriteDigitalOutputs
118025e8   _Init_Interrupts
1180262c   _EnableInterrupts
11802668   _Init_Interrupts_EDMA
11802678   _EnableInterrupts_EDMA
118026b8   _wait
118026ec   _Init_I2C
11802748   _Reset_I2C
11802768   _Write_I2C
1180284c   _ReadCodecData
11802870   _WriteCodecData
11802894   _CheckForOverrun
118028c4   _Init_AIC3106
11802b0c   _AIC3106_write_reg
11802b48   _Reset_AIC3106
11802b70   _SetSampleRate_AIC3106
11802cb8   _Init_McASP0
11803048   _Init_UART2
11803100   _Write_UART2
11803128   _Puts_UART2
11803168   _Read_UART2
11803188   _IsDataReady_UART2
118031ac   _IsTxReady_UART2
118031e0   _fft
11803548   _main
118039a0   _pow
118040c0   __divd
11804be0   _GetCoefficient
11804da4   _NormalizationFactor
11804e08   _GetFilterParameter
11804fac   _GetMagnitudeFactor
11805048   _GetCenterFrequency
11805640   __printfi
11805a80   _fputs
11806140   _cos
11806c20   __divf
11806ea0   _free
11807120   _sin
118073a0   __divull
11807aa0   _Codec_ISR
11807f00   _fputc
11807f00   _putc
11808320   _log
11808520   _setvbuf
11808720   _exp
11808ac0   __divul
11808c60   _HOSTrename
11808de0   _malloc
11808f60   _HOSTclose
11809104   _fircircfunc
11809180   _ldexp
11809560   __closefile
118097a0   _frexp
118098c0   _fseek
118099e0   _HOSTlseek
11809ae0   __wrt_ok
11809be0   _sqrt
11809ce0   _HOSTopen
11809dc0   _HOSTread
11809ea0   _atoi
11809f80   _close
1180a060   _memset
1180a140   _printf
1180a220   _HOSTunlink
1180a2e0   _HOSTwrite
1180a3a0   __auto_init
1180a520   __c6xabi_divu
1180a520   __divu
1180a5e0   __doflush
1180a6a0   __c6xabi_remi
1180a6a0   __remi
1180a760   _exit
1180a820   _ltoa
1180a8e0   _HOSTtime
1180a980   __cleanup
1180aa20   __divli
1180ac00   __fixdli
1180aca0   __nround
1180ade0   _copy_in
1180af20   _lseek
1180afc0   _memcpy
1180b100   _modf
1180b240   _write
1180b2e0   __fltlid
1180b360   __llshl
1180b3e0   _c_int00
1180b460   _rand
1180b4e0   _readmsg
1180b560   _unlink
1180b5e0   _autoCorr
1180b660   ___TI_cpp_init
1180b6c0   __subcull
1180b720   _memccpy
1180b780   _srand
1180b7e0   _writemsg
1180b838   C$$IO$$
1180b840   ___isinf
1180b8c0   __args_main
1180b900   __frcmpyd_div
1180b940   __llshru
1180b980   __remli
1180b9c0   _strcmp
1180ba00   _time
1180ba40   _flipfunc
1180ba80   __negll
1180baa0   __nop
1180bb00   __trunc
1180bb20   C$$EXIT
1180bb20   _abort
1180bb40   _remove
1180bb60   _X
1180bb60   ___etext__
1180bb60   etext
1180bd60   _w
1180c560   _B
1180cd60   _spectrum
1180d560   _mfcc_result
1180d5c8   _gmm
1180d7c8   __ftable
1180d9a8   __tmpnams
1180dae8   __ft_end
1180daec   _errno
1180de10   __cleanup_ptr
1180de14   __dtors_ptr
1180de18   ___TI_enable_exit_profile_output
1180de1c   _CodecDataIn
1180de20   _CodecDataOut
1180de24   __lock
1180de28   __unlock
1180e558   __ctypes_
1180e780   ___cinit__
1180e780   cinit
1180ebf8   __stack
1180eff8   __STACK_END
1180eff8   __sys_memory
1180f3f8   __CIOBUF_
1180f518   $bss
1180f518   .bss
1180f518   _M
1180f518   ___bss__
1180f51c   _kk
1180f520   _startflag
1180f524   _training
1180f528   _feature
1180f52c   _denominator
1180f530   _numerator
1180f534   _magnitude
1180f538   _avg
1180f53c   _coeff
1180f540   _llh
1180f548   ___end__
1180f548   end
ffffffff   ___TI_pprof_out_hndl
ffffffff   ___TI_prof_data_size
ffffffff   ___TI_prof_data_start
ffffffff   ___binit__
ffffffff   ___c_args__
ffffffff   ___pinit__
ffffffff   binit
ffffffff   pinit

[193 symbols]
