******************************************************************************
               TMS320C6x Linker PC v7.4.14                     
******************************************************************************
>> Linked Sun Apr 15 13:51:17 2018

OUTPUT FILE NAME:   <myGMM6.out>
ENTRY POINT SYMBOL: "_c_int00"  address: 1180b4a0


MEMORY CONFIGURATION

         name            origin    length      used     unused   attr    fill
----------------------  --------  ---------  --------  --------  ----  --------
  VECTORS               11800000   00000200  00000200  00000000  RWIX
  DSPRAM                11800200   0003fe00  0000f474  0003098c  RWIX
  SHAREDRAM             80000000   00020000  00000000  00020000  RWIX
  SDRAM                 c0000000   08000000  00000000  08000000  RWIX


SECTION ALLOCATION MAP

 output                                  attributes/
section   page    origin      length       input sections
--------  ----  ----------  ----------   ----------------
vectors    0    11800000    00000200     
                  11800000    00000200     vectors.obj (vectors)

.text      0    11800200    0000ba20     
                  11800200    00002220     gmm.obj (.text)
                  11802420    00000dc0     LCDK_Support_DSP.obj (.text)
                  118031e0    00000880     main.obj (.text)
                  11803a60    00000720     rts6740.lib : pow.obj (.text:_pow)
                  11804180    000005a0                 : divd.obj (.text:__divd)
                  11804720    00000580                 : _printfi.obj (.text:__getarg_diouxp)
                  11804ca0    00000540     libmfcc.obj (.text)
                  118051e0    00000520     rts6740.lib : _printfi.obj (.text:__setfield)
                  11805700    00000440                 : _printfi.obj (.text:__printfi)
                  11805b40    000003a0                 : fputs.obj (.text:_fputs)
                  11805ee0    00000320                 : _printfi.obj (.text:__pproc_fge)
                  11806200    000002e0                 : cos.obj (.text:_cos)
                  118064e0    000002c0                 : _printfi.obj (.text:__pproc_fwp)
                  118067a0    000002a0                 : _printfi.obj (.text:_ecvt)
                  11806a40    000002a0                 : _printfi.obj (.text:_fcvt)
                  11806ce0    00000280                 : divf.obj (.text:__divf)
                  11806f60    00000280                 : memory.obj (.text:_free)
                  118071e0    00000280                 : sin.obj (.text:_sin)
                  11807460    00000260                 : imath64.obj (.text:__divull)
                  118076c0    00000260                 : _printfi.obj (.text:__pconv_e)
                  11807920    00000240                 : _printfi.obj (.text:__pproc_diouxp)
                  11807b60    00000240     ISRs.obj (.text:retain)
                  11807da0    00000220     rts6740.lib : _printfi.obj (.text:__pproc_str)
                  11807fc0    00000220                 : fputc.obj (.text:_fputc)
                  118081e0    00000200                 : _printfi.obj (.text:__pconv_g)
                  118083e0    00000200                 : log.obj (.text:_log)
                  118085e0    00000200                 : setvbuf.obj (.text:_setvbuf)
                  118087e0    000001e0                 : exp.obj (.text:_exp)
                  118089c0    000001c0                 : _printfi.obj (.text:__mcpy)
                  11808b80    000001a0                 : imath40.obj (.text:__divul)
                  11808d20    00000180                 : trgdrv.obj (.text:_HOSTrename)
                  11808ea0    00000180                 : memory.obj (.text:_malloc)
                  11809020    000000e0                 : trgdrv.obj (.text:_HOSTopen)
                  11809100    00000180     assem.obj (.text)
                  11809280    00000160     rts6740.lib : ldexp.obj (.text:_ldexp)
                  118093e0    00000140                 : _printfi.obj (.text:__pproc_fflags)
                  11809520    00000140                 : lowlev.obj (.text:_getdevice)
                  11809660    00000120                 : fclose.obj (.text:__closefile)
                  11809780    00000120                 : _printfi.obj (.text:__ltostr)
                  118098a0    00000120                 : frexp.obj (.text:_frexp)
                  118099c0    00000120                 : fseek.obj (.text:_fseek)
                  11809ae0    00000100                 : trgdrv.obj (.text:_HOSTlseek)
                  11809be0    00000100                 : _io_perm.obj (.text:__wrt_ok)
                  11809ce0    00000100                 : sqrt.obj (.text:_sqrt)
                  11809de0    000000e0                 : trgdrv.obj (.text:_HOSTread)
                  11809ec0    000000e0                 : atoi.obj (.text:_atoi)
                  11809fa0    000000e0                 : lowlev.obj (.text:_close)
                  1180a080    000000e0                 : memset.obj (.text:_memset)
                  1180a160    000000e0                 : printf.obj (.text:_printf)
                  1180a240    000000c0                 : trgdrv.obj (.text:_HOSTunlink)
                  1180a300    000000c0                 : trgdrv.obj (.text:_HOSTwrite)
                  1180a3c0    000000c0                 : autoinit.obj (.text:__auto_init)
                  1180a480    000000c0                 : _printfi.obj (.text:__div)
                  1180a540    000000c0                 : divu.obj (.text:__divu)
                  1180a600    000000c0                 : fflush.obj (.text:__doflush)
                  1180a6c0    000000c0                 : remi.obj (.text:__remi)
                  1180a780    000000c0                 : exit.obj (.text:_exit)
                  1180a840    000000c0                 : ltoa.obj (.text:_ltoa)
                  1180a900    000000a0                 : trgdrv.obj (.text:_HOSTclose)
                  1180a9a0    000000a0                 : trgdrv.obj (.text:_HOSTtime)
                  1180aa40    000000a0                 : fopen.obj (.text:__cleanup)
                  1180aae0    000000a0                 : imath40.obj (.text:__divli)
                  1180ab80    000000a0                 : _printfi.obj (.text:__ecpy)
                  1180ac20    000000a0                 : _printfi.obj (.text:__fcpy)
                  1180acc0    000000a0                 : fixdli.obj (.text:__fixdli)
                  1180ad60    000000a0                 : round.obj (.text:__nround)
                  1180ae00    000000a0                 : _printfi.obj (.text:__pconv_f)
                  1180aea0    000000a0                 : cpy_tbl.obj (.text:_copy_in)
                  1180af40    000000a0                 : lowlev.obj (.text:_finddevice)
                  1180afe0    000000a0                 : lowlev.obj (.text:_lseek)
                  1180b080    000000a0                 : memcpy64.obj (.text:_memcpy)
                  1180b120    000000a0                 : memory.obj (.text:_minsert)
                  1180b1c0    000000a0                 : modf.obj (.text:_modf)
                  1180b260    000000a0                 : memory.obj (.text:_mremove)
                  1180b300    000000a0                 : lowlev.obj (.text:_write)
                  1180b3a0    00000080                 : fltlid.obj (.text:__fltlid)
                  1180b420    00000080                 : llshift.obj (.text:__llshl)
                  1180b4a0    00000080                 : boot.obj (.text:_c_int00)
                  1180b520    00000080                 : rand.obj (.text:_rand)
                  1180b5a0    00000080                 : trgmsg.obj (.text:_readmsg)
                  1180b620    00000080                 : lowlev.obj (.text:_unlink)
                  1180b6a0    00000080     autocorr.obj (.text)
                  1180b720    00000060     rts6740.lib : cpp_init.obj (.text:___TI_cpp_init)
                  1180b780    00000060                 : imath64.obj (.text:__subcull)
                  1180b7e0    00000060                 : memccpy.obj (.text:_memccpy)
                  1180b840    00000060                 : rand.obj (.text:_srand)
                  1180b8a0    00000060                 : trgmsg.obj (.text:_writemsg)
                  1180b900    00000040                 : isinf.obj (.text:___isinf)
                  1180b940    00000040                 : _printfi.obj (.text:___isnan)
                  1180b980    00000040                 : args_main.obj (.text:__args_main)
                  1180b9c0    00000040                 : frcmpyd_div.obj (.text:__frcmpyd_div)
                  1180ba00    00000040                 : llshift.obj (.text:__llshru)
                  1180ba40    00000040                 : imath40.obj (.text:__remli)
                  1180ba80    00000040                 : strcmp.obj (.text:_strcmp)
                  1180bac0    00000040                 : time.obj (.text:_time)
                  1180bb00    00000040     flip.obj (.text)
                  1180bb40    00000020     rts6740.lib : negll.obj (.text:__negll)
                  1180bb60    00000020                 : _lock.obj (.text:__nop)
                  1180bb80    00000020                 : printf.obj (.text:__outc)
                  1180bba0    00000020                 : printf.obj (.text:__outs)
                  1180bbc0    00000020                 : trunc.obj (.text:__trunc)
                  1180bbe0    00000020                 : exit.obj (.text:_abort)
                  1180bc00    00000020                 : remove.obj (.text:_remove)

.far       0    1180bc20    000022e8     UNINITIALIZED
                  1180bc20    00001c68     main.obj (.far)
                  1180d888    00000324     rts6740.lib : defs.obj (.far)
                  1180dbac    00000004                 : errno.obj (.far)
                  1180dbb0    00000120                 : pow.obj (.far)
                  1180dcd0    0000011c                 : lowlev.obj (.far)
                  1180ddec    00000004                 : fopen.obj (.far)
                  1180ddf0    00000040                 : cos.obj (.far)
                  1180de30    00000040                 : sin.obj (.far)
                  1180de70    00000030                 : exp.obj (.far)
                  1180dea0    00000030                 : log.obj (.far)
                  1180ded0    0000000c                 : exit.obj (.far)
                  1180dedc    00000008     ISRs.obj (.far)
                  1180dee4    00000008     rts6740.lib : _lock.obj (.far)
                  1180deec    00000008                 : memory.obj (.far)
                  1180def4    00000004     --HOLE--
                  1180def8    00000008                 : rand.obj (.far)
                  1180df00    00000008                 : trgdrv.obj (.far)

.const     0    1180df08    00000990     
                  1180df08    000005a0     gmm.obj (.const:_$P$T3$4)
                  1180e4a8    0000016c     gmm.obj (.const:.string)
                  1180e614    00000002     rts6740.lib : fputs.obj (.const:.string)
                  1180e616    00000002     --HOLE-- [fill = 0]
                  1180e618    00000101                 : ctype.obj (.const:.string:__ctypes_)
                  1180e719    00000003     --HOLE-- [fill = 0]
                  1180e71c    0000006c     main.obj (.const:.string)
                  1180e788    00000068     gmm.obj (.const:_$P$T1$2)
                  1180e7f0    00000068     gmm.obj (.const:_$P$T2$3)
                  1180e858    00000023     rts6740.lib : _printfi.obj (.const:.string)
                  1180e87b    00000005     --HOLE-- [fill = 0]
                  1180e880    00000018     gmm.obj (.const:_$P$T0$1)

.cinit     0    1180e898    00000474     
                  1180e898    00000140     rts6740.lib : pow.obj (.cinit)
                  1180e9d8    000000a0     main.obj (.cinit)
                  1180ea78    0000005c     rts6740.lib : defs.obj (.cinit)
                  1180ead4    00000004     --HOLE-- [fill = 0]
                  1180ead8    0000005c                 : lowlev.obj (.cinit)
                  1180eb34    00000004     --HOLE-- [fill = 0]
                  1180eb38    00000048                 : cos.obj (.cinit)
                  1180eb80    00000048                 : sin.obj (.cinit)
                  1180ebc8    00000040                 : exp.obj (.cinit)
                  1180ec08    00000040                 : log.obj (.cinit)
                  1180ec48    0000002c                 : exit.obj (.cinit)
                  1180ec74    00000004     --HOLE-- [fill = 0]
                  1180ec78    0000002c                 : memory.obj (.cinit)
                  1180eca4    00000004     --HOLE-- [fill = 0]
                  1180eca8    0000001c                 : _lock.obj (.cinit)
                  1180ecc4    00000004     --HOLE-- [fill = 0]
                  1180ecc8    00000010                 : rand.obj (.cinit)
                  1180ecd8    0000000c     LCDK_Support_DSP.obj (.cinit)
                  1180ece4    00000004     --HOLE-- [fill = 0]
                  1180ece8    0000000c     rts6740.lib : errno.obj (.cinit)
                  1180ecf4    00000004     --HOLE-- [fill = 0]
                  1180ecf8    0000000c                 : fopen.obj (.cinit)
                  1180ed04    00000004     --HOLE-- [fill = 0]
                  1180ed08    00000004     (.pad.cinit) [fill = 0]

.stack     0    1180ed10    00000400     UNINITIALIZED
                  1180ed10    00000008     rts6740.lib : boot.obj (.stack)
                  1180ed18    000003f8     --HOLE--

.sysmem    0    1180f110    00000400     UNINITIALIZED
                  1180f110    00000008     rts6740.lib : memory.obj (.sysmem)
                  1180f118    000003f8     --HOLE--

.cio       0    1180f510    00000120     UNINITIALIZED
                  1180f510    00000120     rts6740.lib : trgmsg.obj (.cio)

.bss       0    1180f630    00000030     UNINITIALIZED
                  1180f630    0000002c     main.obj (.bss)
                  1180f65c    00000004     LCDK_Support_DSP.obj (.bss)

.switch    0    1180f660    00000018     
                  1180f660    00000018     LCDK_Support_DSP.obj (.switch:_SetSampleRate_AIC3106)


GLOBAL SYMBOLS: SORTED ALPHABETICALLY BY Name 

address    name
--------   ----
1180f630   $bss
1180f630   .bss
11800200   .text
1180bbe0   C$$EXIT
1180b8f8   C$$IO$$
11802b0c   _AIC3106_write_reg
1180c620   _B
11802894   _CheckForOverrun
1180dedc   _CodecDataIn
1180dee0   _CodecDataOut
11807b60   _Codec_ISR
11802428   _DSP_Init
11802448   _DSP_Init_EDMA
1180262c   _EnableInterrupts
11802678   _EnableInterrupts_EDMA
11805108   _GetCenterFrequency
11804ca0   _GetCoefficient
11804ec8   _GetFilterParameter
1180506c   _GetMagnitudeFactor
11802420   _GetSampleFreq
1180a900   _HOSTclose
11809ae0   _HOSTlseek
11809020   _HOSTopen
11809de0   _HOSTread
11808d20   _HOSTrename
1180a9a0   _HOSTtime
1180a240   _HOSTunlink
1180a300   _HOSTwrite
118025c4   _InitDigitalOutputs
11802468   _InitLEDs
118028c4   _Init_AIC3106
118026ec   _Init_I2C
118025e8   _Init_Interrupts
11802668   _Init_Interrupts_EDMA
11802cb8   _Init_McASP0
11803048   _Init_UART2
11803188   _IsDataReady_UART2
118031ac   _IsTxReady_UART2
1180f630   _M
11804e64   _NormalizationFactor
11803128   _Puts_UART2
1180284c   _ReadCodecData
118025ac   _ReadSwitches
11803168   _Read_UART2
11802b48   _Reset_AIC3106
11802748   _Reset_I2C
11802b70   _SetSampleRate_AIC3106
11802870   _WriteCodecData
118025d0   _WriteDigitalOutputs
118024c8   _WriteLEDs
11802768   _Write_I2C
11803100   _Write_UART2
1180bc20   _X
1180f510   __CIOBUF_
1180f110   __STACK_END
00000400   __STACK_SIZE
00000400   __SYSMEM_SIZE
00000001   __TI_args_main
1180b720   ___TI_cpp_init
1180ded8   ___TI_enable_exit_profile_output
ffffffff   ___TI_pprof_out_hndl
ffffffff   ___TI_prof_data_size
ffffffff   ___TI_prof_data_start
ffffffff   ___binit__
1180f630   ___bss__
ffffffff   ___c_args__
1180e898   ___cinit__
1180f660   ___end__
1180bc20   ___etext__
1180b900   ___isinf
ffffffff   ___pinit__
11800200   ___text__
1180b980   __args_main
1180a3c0   __auto_init
1180a540   __c6xabi_divu
1180a6c0   __c6xabi_remi
1180aa40   __cleanup
1180ded0   __cleanup_ptr
11809660   __closefile
1180e618   __ctypes_
11804180   __divd
11806ce0   __divf
1180aae0   __divli
1180a540   __divu
11808b80   __divul
11807460   __divull
1180a600   __doflush
1180ded4   __dtors_ptr
1180acc0   __fixdli
1180b3a0   __fltlid
1180b9c0   __frcmpyd_div
1180dba8   __ft_end
1180d888   __ftable
11801308   __gmm_compute_membership_prob
118012a8   __gmm_em_step
11800674   __gmm_init_params
11800b30   __gmm_init_params_kmeans
118006b4   __gmm_init_params_random
11801d08   __gmm_log_gaussian_pdf
1180212c   __gmm_pow2
11801658   __gmm_update_params
11801fc8   __gmm_vec_add
11802058   __gmm_vec_divide_by_scalar
118020b8   __gmm_vec_dot_prod
11801f44   __gmm_vec_l2_dist
1180b420   __llshl
1180ba00   __llshru
1180dee4   __lock
1180bb40   __negll
1180bb60   __nop
1180ad60   __nround
11805700   __printfi
1180a6c0   __remi
1180ba40   __remli
1180ed10   __stack
1180b780   __subcull
1180f110   __sys_memory
1180da68   __tmpnams
1180bbc0   __trunc
1180dee8   __unlock
11809be0   __wrt_ok
1180bbe0   _abort
11809ec0   _atoi
1180b6a0   _autoCorr
1180f650   _avg
1180b4a0   _c_int00
11809fa0   _close
1180f654   _coeff
1180aea0   _copy_in
11806200   _cos
1180f644   _denominator
1180dbac   _errno
1180a780   _exit
118087e0   _exp
1180f640   _feature
118031e0   _fft
11809204   _fircircfunc
1180bb00   _flipfunc
11807fc0   _fputc
11805b40   _fputs
11806f60   _free
118098a0   _frexp
118099c0   _fseek
1180d688   _gmm
11800394   _gmm_fit
11802384   _gmm_free
11800200   _gmm_new
1180214c   _gmm_print_params
118004f0   _gmm_score
118002f0   _gmm_set_convergence_tol
11800328   _gmm_set_initialization_method
118002d8   _gmm_set_max_iter
1180030c   _gmm_set_regularization_value
1180f634   _kk
11809280   _ldexp
1180f658   _llh
118083e0   _log
1180afe0   _lseek
1180a840   _ltoa
1180f64c   _magnitude
11803548   _main
11808ea0   _malloc
1180b7e0   _memccpy
1180b080   _memcpy
1180a080   _memset
1180d620   _mfcc_result
1180b1c0   _modf
1180f648   _numerator
11803a60   _pow
1180a160   _printf
11807fc0   _putc
1180b520   _rand
1180b5a0   _readmsg
1180bc00   _remove
118085e0   _setvbuf
118071e0   _sin
1180ce20   _spectrum
11809ce0   _sqrt
1180b840   _srand
1180f638   _startflag
1180ba80   _strcmp
1180bac0   _time
1180f63c   _training
1180b620   _unlink
1180be20   _w
118026b8   _wait
1180b300   _write
1180b8a0   _writemsg
ffffffff   binit
1180e898   cinit
1180f660   end
1180bc20   etext
ffffffff   pinit


GLOBAL SYMBOLS: SORTED BY Symbol Address 

address    name
--------   ----
00000001   __TI_args_main
00000400   __STACK_SIZE
00000400   __SYSMEM_SIZE
11800200   .text
11800200   ___text__
11800200   _gmm_new
118002d8   _gmm_set_max_iter
118002f0   _gmm_set_convergence_tol
1180030c   _gmm_set_regularization_value
11800328   _gmm_set_initialization_method
11800394   _gmm_fit
118004f0   _gmm_score
11800674   __gmm_init_params
118006b4   __gmm_init_params_random
11800b30   __gmm_init_params_kmeans
118012a8   __gmm_em_step
11801308   __gmm_compute_membership_prob
11801658   __gmm_update_params
11801d08   __gmm_log_gaussian_pdf
11801f44   __gmm_vec_l2_dist
11801fc8   __gmm_vec_add
11802058   __gmm_vec_divide_by_scalar
118020b8   __gmm_vec_dot_prod
1180212c   __gmm_pow2
1180214c   _gmm_print_params
11802384   _gmm_free
11802420   _GetSampleFreq
11802428   _DSP_Init
11802448   _DSP_Init_EDMA
11802468   _InitLEDs
118024c8   _WriteLEDs
118025ac   _ReadSwitches
118025c4   _InitDigitalOutputs
118025d0   _WriteDigitalOutputs
118025e8   _Init_Interrupts
1180262c   _EnableInterrupts
11802668   _Init_Interrupts_EDMA
11802678   _EnableInterrupts_EDMA
118026b8   _wait
118026ec   _Init_I2C
11802748   _Reset_I2C
11802768   _Write_I2C
1180284c   _ReadCodecData
11802870   _WriteCodecData
11802894   _CheckForOverrun
118028c4   _Init_AIC3106
11802b0c   _AIC3106_write_reg
11802b48   _Reset_AIC3106
11802b70   _SetSampleRate_AIC3106
11802cb8   _Init_McASP0
11803048   _Init_UART2
11803100   _Write_UART2
11803128   _Puts_UART2
11803168   _Read_UART2
11803188   _IsDataReady_UART2
118031ac   _IsTxReady_UART2
118031e0   _fft
11803548   _main
11803a60   _pow
11804180   __divd
11804ca0   _GetCoefficient
11804e64   _NormalizationFactor
11804ec8   _GetFilterParameter
1180506c   _GetMagnitudeFactor
11805108   _GetCenterFrequency
11805700   __printfi
11805b40   _fputs
11806200   _cos
11806ce0   __divf
11806f60   _free
118071e0   _sin
11807460   __divull
11807b60   _Codec_ISR
11807fc0   _fputc
11807fc0   _putc
118083e0   _log
118085e0   _setvbuf
118087e0   _exp
11808b80   __divul
11808d20   _HOSTrename
11808ea0   _malloc
11809020   _HOSTopen
11809204   _fircircfunc
11809280   _ldexp
11809660   __closefile
118098a0   _frexp
118099c0   _fseek
11809ae0   _HOSTlseek
11809be0   __wrt_ok
11809ce0   _sqrt
11809de0   _HOSTread
11809ec0   _atoi
11809fa0   _close
1180a080   _memset
1180a160   _printf
1180a240   _HOSTunlink
1180a300   _HOSTwrite
1180a3c0   __auto_init
1180a540   __c6xabi_divu
1180a540   __divu
1180a600   __doflush
1180a6c0   __c6xabi_remi
1180a6c0   __remi
1180a780   _exit
1180a840   _ltoa
1180a900   _HOSTclose
1180a9a0   _HOSTtime
1180aa40   __cleanup
1180aae0   __divli
1180acc0   __fixdli
1180ad60   __nround
1180aea0   _copy_in
1180afe0   _lseek
1180b080   _memcpy
1180b1c0   _modf
1180b300   _write
1180b3a0   __fltlid
1180b420   __llshl
1180b4a0   _c_int00
1180b520   _rand
1180b5a0   _readmsg
1180b620   _unlink
1180b6a0   _autoCorr
1180b720   ___TI_cpp_init
1180b780   __subcull
1180b7e0   _memccpy
1180b840   _srand
1180b8a0   _writemsg
1180b8f8   C$$IO$$
1180b900   ___isinf
1180b980   __args_main
1180b9c0   __frcmpyd_div
1180ba00   __llshru
1180ba40   __remli
1180ba80   _strcmp
1180bac0   _time
1180bb00   _flipfunc
1180bb40   __negll
1180bb60   __nop
1180bbc0   __trunc
1180bbe0   C$$EXIT
1180bbe0   _abort
1180bc00   _remove
1180bc20   _X
1180bc20   ___etext__
1180bc20   etext
1180be20   _w
1180c620   _B
1180ce20   _spectrum
1180d620   _mfcc_result
1180d688   _gmm
1180d888   __ftable
1180da68   __tmpnams
1180dba8   __ft_end
1180dbac   _errno
1180ded0   __cleanup_ptr
1180ded4   __dtors_ptr
1180ded8   ___TI_enable_exit_profile_output
1180dedc   _CodecDataIn
1180dee0   _CodecDataOut
1180dee4   __lock
1180dee8   __unlock
1180e618   __ctypes_
1180e898   ___cinit__
1180e898   cinit
1180ed10   __stack
1180f110   __STACK_END
1180f110   __sys_memory
1180f510   __CIOBUF_
1180f630   $bss
1180f630   .bss
1180f630   _M
1180f630   ___bss__
1180f634   _kk
1180f638   _startflag
1180f63c   _training
1180f640   _feature
1180f644   _denominator
1180f648   _numerator
1180f64c   _magnitude
1180f650   _avg
1180f654   _coeff
1180f658   _llh
1180f660   ___end__
1180f660   end
ffffffff   ___TI_pprof_out_hndl
ffffffff   ___TI_prof_data_size
ffffffff   ___TI_prof_data_start
ffffffff   ___binit__
ffffffff   ___c_args__
ffffffff   ___pinit__
ffffffff   binit
ffffffff   pinit

[193 symbols]
