<?xml version="1.0"?>
<link_info>
   <banner>TMS320C6x Linker PC v7.4.14</banner>
   <copyright>Copyright (c) 1996-2015 Texas Instruments Incorporated</copyright>
   <link_time>0x5ad3bb45</link_time>
   <output_file>myGMM6.out</output_file>
   <entry_point>
      <name>_c_int00</name>
      <address>0x1180b4a0</address>
   </entry_point>
   <input_file_list>
      <input_file id="fl-2">
         <path>.\</path>
         <kind>object</kind>
         <file>ISRs.obj</file>
         <name>ISRs.obj</name>
      </input_file>
      <input_file id="fl-3">
         <path>.\</path>
         <kind>object</kind>
         <file>LCDK_Support_DSP.obj</file>
         <name>LCDK_Support_DSP.obj</name>
      </input_file>
      <input_file id="fl-4">
         <path>.\</path>
         <kind>object</kind>
         <file>StartUp.obj</file>
         <name>StartUp.obj</name>
      </input_file>
      <input_file id="fl-5">
         <path>.\</path>
         <kind>object</kind>
         <file>assem.obj</file>
         <name>assem.obj</name>
      </input_file>
      <input_file id="fl-6">
         <path>.\</path>
         <kind>object</kind>
         <file>autocorr.obj</file>
         <name>autocorr.obj</name>
      </input_file>
      <input_file id="fl-7">
         <path>.\</path>
         <kind>object</kind>
         <file>flip.obj</file>
         <name>flip.obj</name>
      </input_file>
      <input_file id="fl-8">
         <path>.\</path>
         <kind>object</kind>
         <file>gmm.obj</file>
         <name>gmm.obj</name>
      </input_file>
      <input_file id="fl-9">
         <path>.\</path>
         <kind>object</kind>
         <file>libmfcc.obj</file>
         <name>libmfcc.obj</name>
      </input_file>
      <input_file id="fl-a">
         <path>.\</path>
         <kind>object</kind>
         <file>main.obj</file>
         <name>main.obj</name>
      </input_file>
      <input_file id="fl-b">
         <path>.\</path>
         <kind>object</kind>
         <file>vectors.obj</file>
         <name>vectors.obj</name>
      </input_file>
      <input_file id="fl-10">
         <path>C:\ti\ccsv6\tools\compiler\c6000_7.4.14\lib\</path>
         <kind>archive</kind>
         <file>rts6740.lib</file>
         <name>boot.obj</name>
      </input_file>
      <input_file id="fl-11">
         <path>C:\ti\ccsv6\tools\compiler\c6000_7.4.14\lib\</path>
         <kind>archive</kind>
         <file>rts6740.lib</file>
         <name>cos.obj</name>
      </input_file>
      <input_file id="fl-12">
         <path>C:\ti\ccsv6\tools\compiler\c6000_7.4.14\lib\</path>
         <kind>archive</kind>
         <file>rts6740.lib</file>
         <name>divd.obj</name>
      </input_file>
      <input_file id="fl-13">
         <path>C:\ti\ccsv6\tools\compiler\c6000_7.4.14\lib\</path>
         <kind>archive</kind>
         <file>rts6740.lib</file>
         <name>divf.obj</name>
      </input_file>
      <input_file id="fl-14">
         <path>C:\ti\ccsv6\tools\compiler\c6000_7.4.14\lib\</path>
         <kind>archive</kind>
         <file>rts6740.lib</file>
         <name>divu.obj</name>
      </input_file>
      <input_file id="fl-15">
         <path>C:\ti\ccsv6\tools\compiler\c6000_7.4.14\lib\</path>
         <kind>archive</kind>
         <file>rts6740.lib</file>
         <name>exit.obj</name>
      </input_file>
      <input_file id="fl-16">
         <path>C:\ti\ccsv6\tools\compiler\c6000_7.4.14\lib\</path>
         <kind>archive</kind>
         <file>rts6740.lib</file>
         <name>exp.obj</name>
      </input_file>
      <input_file id="fl-17">
         <path>C:\ti\ccsv6\tools\compiler\c6000_7.4.14\lib\</path>
         <kind>archive</kind>
         <file>rts6740.lib</file>
         <name>frcmpyd_div.obj</name>
      </input_file>
      <input_file id="fl-18">
         <path>C:\ti\ccsv6\tools\compiler\c6000_7.4.14\lib\</path>
         <kind>archive</kind>
         <file>rts6740.lib</file>
         <name>ldexp.obj</name>
      </input_file>
      <input_file id="fl-19">
         <path>C:\ti\ccsv6\tools\compiler\c6000_7.4.14\lib\</path>
         <kind>archive</kind>
         <file>rts6740.lib</file>
         <name>llshift.obj</name>
      </input_file>
      <input_file id="fl-1a">
         <path>C:\ti\ccsv6\tools\compiler\c6000_7.4.14\lib\</path>
         <kind>archive</kind>
         <file>rts6740.lib</file>
         <name>log.obj</name>
      </input_file>
      <input_file id="fl-1b">
         <path>C:\ti\ccsv6\tools\compiler\c6000_7.4.14\lib\</path>
         <kind>archive</kind>
         <file>rts6740.lib</file>
         <name>memcpy64.obj</name>
      </input_file>
      <input_file id="fl-1c">
         <path>C:\ti\ccsv6\tools\compiler\c6000_7.4.14\lib\</path>
         <kind>archive</kind>
         <file>rts6740.lib</file>
         <name>memory.obj</name>
      </input_file>
      <input_file id="fl-1d">
         <path>C:\ti\ccsv6\tools\compiler\c6000_7.4.14\lib\</path>
         <kind>archive</kind>
         <file>rts6740.lib</file>
         <name>memset.obj</name>
      </input_file>
      <input_file id="fl-1e">
         <path>C:\ti\ccsv6\tools\compiler\c6000_7.4.14\lib\</path>
         <kind>archive</kind>
         <file>rts6740.lib</file>
         <name>modf.obj</name>
      </input_file>
      <input_file id="fl-1f">
         <path>C:\ti\ccsv6\tools\compiler\c6000_7.4.14\lib\</path>
         <kind>archive</kind>
         <file>rts6740.lib</file>
         <name>pow.obj</name>
      </input_file>
      <input_file id="fl-20">
         <path>C:\ti\ccsv6\tools\compiler\c6000_7.4.14\lib\</path>
         <kind>archive</kind>
         <file>rts6740.lib</file>
         <name>printf.obj</name>
      </input_file>
      <input_file id="fl-21">
         <path>C:\ti\ccsv6\tools\compiler\c6000_7.4.14\lib\</path>
         <kind>archive</kind>
         <file>rts6740.lib</file>
         <name>rand.obj</name>
      </input_file>
      <input_file id="fl-22">
         <path>C:\ti\ccsv6\tools\compiler\c6000_7.4.14\lib\</path>
         <kind>archive</kind>
         <file>rts6740.lib</file>
         <name>remi.obj</name>
      </input_file>
      <input_file id="fl-23">
         <path>C:\ti\ccsv6\tools\compiler\c6000_7.4.14\lib\</path>
         <kind>archive</kind>
         <file>rts6740.lib</file>
         <name>round.obj</name>
      </input_file>
      <input_file id="fl-24">
         <path>C:\ti\ccsv6\tools\compiler\c6000_7.4.14\lib\</path>
         <kind>archive</kind>
         <file>rts6740.lib</file>
         <name>sin.obj</name>
      </input_file>
      <input_file id="fl-25">
         <path>C:\ti\ccsv6\tools\compiler\c6000_7.4.14\lib\</path>
         <kind>archive</kind>
         <file>rts6740.lib</file>
         <name>sqrt.obj</name>
      </input_file>
      <input_file id="fl-26">
         <path>C:\ti\ccsv6\tools\compiler\c6000_7.4.14\lib\</path>
         <kind>archive</kind>
         <file>rts6740.lib</file>
         <name>strcmp.obj</name>
      </input_file>
      <input_file id="fl-27">
         <path>C:\ti\ccsv6\tools\compiler\c6000_7.4.14\lib\</path>
         <kind>archive</kind>
         <file>rts6740.lib</file>
         <name>time.obj</name>
      </input_file>
      <input_file id="fl-28">
         <path>C:\ti\ccsv6\tools\compiler\c6000_7.4.14\lib\</path>
         <kind>archive</kind>
         <file>rts6740.lib</file>
         <name>trgdrv.obj</name>
      </input_file>
      <input_file id="fl-29">
         <path>C:\ti\ccsv6\tools\compiler\c6000_7.4.14\lib\</path>
         <kind>archive</kind>
         <file>rts6740.lib</file>
         <name>trgmsg.obj</name>
      </input_file>
      <input_file id="fl-2a">
         <path>C:\ti\ccsv6\tools\compiler\c6000_7.4.14\lib\</path>
         <kind>archive</kind>
         <file>rts6740.lib</file>
         <name>trunc.obj</name>
      </input_file>
      <input_file id="fl-2b">
         <path>C:\ti\ccsv6\tools\compiler\c6000_7.4.14\lib\</path>
         <kind>archive</kind>
         <file>rts6740.lib</file>
         <name>_lock.obj</name>
      </input_file>
      <input_file id="fl-2c">
         <path>C:\ti\ccsv6\tools\compiler\c6000_7.4.14\lib\</path>
         <kind>archive</kind>
         <file>rts6740.lib</file>
         <name>_printfi.obj</name>
      </input_file>
      <input_file id="fl-2d">
         <path>C:\ti\ccsv6\tools\compiler\c6000_7.4.14\lib\</path>
         <kind>archive</kind>
         <file>rts6740.lib</file>
         <name>args_main.obj</name>
      </input_file>
      <input_file id="fl-2e">
         <path>C:\ti\ccsv6\tools\compiler\c6000_7.4.14\lib\</path>
         <kind>archive</kind>
         <file>rts6740.lib</file>
         <name>atoi.obj</name>
      </input_file>
      <input_file id="fl-2f">
         <path>C:\ti\ccsv6\tools\compiler\c6000_7.4.14\lib\</path>
         <kind>archive</kind>
         <file>rts6740.lib</file>
         <name>autoinit.obj</name>
      </input_file>
      <input_file id="fl-30">
         <path>C:\ti\ccsv6\tools\compiler\c6000_7.4.14\lib\</path>
         <kind>archive</kind>
         <file>rts6740.lib</file>
         <name>cpp_init.obj</name>
      </input_file>
      <input_file id="fl-31">
         <path>C:\ti\ccsv6\tools\compiler\c6000_7.4.14\lib\</path>
         <kind>archive</kind>
         <file>rts6740.lib</file>
         <name>cpy_tbl.obj</name>
      </input_file>
      <input_file id="fl-32">
         <path>C:\ti\ccsv6\tools\compiler\c6000_7.4.14\lib\</path>
         <kind>archive</kind>
         <file>rts6740.lib</file>
         <name>ctype.obj</name>
      </input_file>
      <input_file id="fl-33">
         <path>C:\ti\ccsv6\tools\compiler\c6000_7.4.14\lib\</path>
         <kind>archive</kind>
         <file>rts6740.lib</file>
         <name>defs.obj</name>
      </input_file>
      <input_file id="fl-34">
         <path>C:\ti\ccsv6\tools\compiler\c6000_7.4.14\lib\</path>
         <kind>archive</kind>
         <file>rts6740.lib</file>
         <name>errno.obj</name>
      </input_file>
      <input_file id="fl-35">
         <path>C:\ti\ccsv6\tools\compiler\c6000_7.4.14\lib\</path>
         <kind>archive</kind>
         <file>rts6740.lib</file>
         <name>fixdli.obj</name>
      </input_file>
      <input_file id="fl-36">
         <path>C:\ti\ccsv6\tools\compiler\c6000_7.4.14\lib\</path>
         <kind>archive</kind>
         <file>rts6740.lib</file>
         <name>fltlid.obj</name>
      </input_file>
      <input_file id="fl-37">
         <path>C:\ti\ccsv6\tools\compiler\c6000_7.4.14\lib\</path>
         <kind>archive</kind>
         <file>rts6740.lib</file>
         <name>fputc.obj</name>
      </input_file>
      <input_file id="fl-38">
         <path>C:\ti\ccsv6\tools\compiler\c6000_7.4.14\lib\</path>
         <kind>archive</kind>
         <file>rts6740.lib</file>
         <name>fputs.obj</name>
      </input_file>
      <input_file id="fl-39">
         <path>C:\ti\ccsv6\tools\compiler\c6000_7.4.14\lib\</path>
         <kind>archive</kind>
         <file>rts6740.lib</file>
         <name>frexp.obj</name>
      </input_file>
      <input_file id="fl-3a">
         <path>C:\ti\ccsv6\tools\compiler\c6000_7.4.14\lib\</path>
         <kind>archive</kind>
         <file>rts6740.lib</file>
         <name>imath40.obj</name>
      </input_file>
      <input_file id="fl-3b">
         <path>C:\ti\ccsv6\tools\compiler\c6000_7.4.14\lib\</path>
         <kind>archive</kind>
         <file>rts6740.lib</file>
         <name>imath64.obj</name>
      </input_file>
      <input_file id="fl-3c">
         <path>C:\ti\ccsv6\tools\compiler\c6000_7.4.14\lib\</path>
         <kind>archive</kind>
         <file>rts6740.lib</file>
         <name>isinf.obj</name>
      </input_file>
      <input_file id="fl-3d">
         <path>C:\ti\ccsv6\tools\compiler\c6000_7.4.14\lib\</path>
         <kind>archive</kind>
         <file>rts6740.lib</file>
         <name>lowlev.obj</name>
      </input_file>
      <input_file id="fl-3e">
         <path>C:\ti\ccsv6\tools\compiler\c6000_7.4.14\lib\</path>
         <kind>archive</kind>
         <file>rts6740.lib</file>
         <name>ltoa.obj</name>
      </input_file>
      <input_file id="fl-3f">
         <path>C:\ti\ccsv6\tools\compiler\c6000_7.4.14\lib\</path>
         <kind>archive</kind>
         <file>rts6740.lib</file>
         <name>memccpy.obj</name>
      </input_file>
      <input_file id="fl-40">
         <path>C:\ti\ccsv6\tools\compiler\c6000_7.4.14\lib\</path>
         <kind>archive</kind>
         <file>rts6740.lib</file>
         <name>negll.obj</name>
      </input_file>
      <input_file id="fl-41">
         <path>C:\ti\ccsv6\tools\compiler\c6000_7.4.14\lib\</path>
         <kind>archive</kind>
         <file>rts6740.lib</file>
         <name>_io_perm.obj</name>
      </input_file>
      <input_file id="fl-42">
         <path>C:\ti\ccsv6\tools\compiler\c6000_7.4.14\lib\</path>
         <kind>archive</kind>
         <file>rts6740.lib</file>
         <name>abs.obj</name>
      </input_file>
      <input_file id="fl-43">
         <path>C:\ti\ccsv6\tools\compiler\c6000_7.4.14\lib\</path>
         <kind>archive</kind>
         <file>rts6740.lib</file>
         <name>fflush.obj</name>
      </input_file>
      <input_file id="fl-44">
         <path>C:\ti\ccsv6\tools\compiler\c6000_7.4.14\lib\</path>
         <kind>archive</kind>
         <file>rts6740.lib</file>
         <name>fseek.obj</name>
      </input_file>
      <input_file id="fl-45">
         <path>C:\ti\ccsv6\tools\compiler\c6000_7.4.14\lib\</path>
         <kind>archive</kind>
         <file>rts6740.lib</file>
         <name>setvbuf.obj</name>
      </input_file>
      <input_file id="fl-46">
         <path>C:\ti\ccsv6\tools\compiler\c6000_7.4.14\lib\</path>
         <kind>archive</kind>
         <file>rts6740.lib</file>
         <name>fopen.obj</name>
      </input_file>
      <input_file id="fl-47">
         <path>C:\ti\ccsv6\tools\compiler\c6000_7.4.14\lib\</path>
         <kind>archive</kind>
         <file>rts6740.lib</file>
         <name>fclose.obj</name>
      </input_file>
      <input_file id="fl-48">
         <path>C:\ti\ccsv6\tools\compiler\c6000_7.4.14\lib\</path>
         <kind>archive</kind>
         <file>rts6740.lib</file>
         <name>remove.obj</name>
      </input_file>
   </input_file_list>
   <object_component_list>
      <object_component id="oc-3c">
         <name>vectors</name>
         <load_address>0x11800000</load_address>
         <run_address>0x11800000</run_address>
         <size>0x200</size>
         <input_file_ref idref="fl-b"/>
      </object_component>
      <object_component id="oc-15">
         <name>.bss</name>
         <uninitialized>true</uninitialized>
         <run_address>0x1180f65c</run_address>
         <size>0x4</size>
         <input_file_ref idref="fl-3"/>
      </object_component>
      <object_component id="oc-34">
         <name>.bss</name>
         <uninitialized>true</uninitialized>
         <run_address>0x1180f630</run_address>
         <size>0x2c</size>
         <input_file_ref idref="fl-a"/>
      </object_component>
      <object_component id="oc-7a">
         <name>.cinit</name>
         <load_address>0x1180e898</load_address>
         <run_address>0x1180e898</run_address>
         <size>0x140</size>
         <input_file_ref idref="fl-1f"/>
      </object_component>
      <object_component id="oc-36">
         <name>.cinit</name>
         <load_address>0x1180e9d8</load_address>
         <run_address>0x1180e9d8</run_address>
         <size>0xa0</size>
         <input_file_ref idref="fl-a"/>
      </object_component>
      <object_component id="oc-c0">
         <name>.cinit</name>
         <load_address>0x1180ea78</load_address>
         <run_address>0x1180ea78</run_address>
         <size>0x5c</size>
         <input_file_ref idref="fl-33"/>
      </object_component>
      <object_component id="oc-e1">
         <name>.cinit</name>
         <load_address>0x1180ead8</load_address>
         <run_address>0x1180ead8</run_address>
         <size>0x5c</size>
         <input_file_ref idref="fl-3d"/>
      </object_component>
      <object_component id="oc-45">
         <name>.cinit</name>
         <load_address>0x1180eb38</load_address>
         <run_address>0x1180eb38</run_address>
         <size>0x48</size>
         <input_file_ref idref="fl-11"/>
      </object_component>
      <object_component id="oc-8d">
         <name>.cinit</name>
         <load_address>0x1180eb80</load_address>
         <run_address>0x1180eb80</run_address>
         <size>0x48</size>
         <input_file_ref idref="fl-24"/>
      </object_component>
      <object_component id="oc-58">
         <name>.cinit</name>
         <load_address>0x1180ebc8</load_address>
         <run_address>0x1180ebc8</run_address>
         <size>0x40</size>
         <input_file_ref idref="fl-16"/>
      </object_component>
      <object_component id="oc-66">
         <name>.cinit</name>
         <load_address>0x1180ec08</load_address>
         <run_address>0x1180ec08</run_address>
         <size>0x40</size>
         <input_file_ref idref="fl-1a"/>
      </object_component>
      <object_component id="oc-53">
         <name>.cinit</name>
         <load_address>0x1180ec48</load_address>
         <run_address>0x1180ec48</run_address>
         <size>0x2c</size>
         <input_file_ref idref="fl-15"/>
      </object_component>
      <object_component id="oc-6e">
         <name>.cinit</name>
         <load_address>0x1180ec78</load_address>
         <run_address>0x1180ec78</run_address>
         <size>0x2c</size>
         <input_file_ref idref="fl-1c"/>
      </object_component>
      <object_component id="oc-a6">
         <name>.cinit</name>
         <load_address>0x1180eca8</load_address>
         <run_address>0x1180eca8</run_address>
         <size>0x1c</size>
         <input_file_ref idref="fl-2b"/>
      </object_component>
      <object_component id="oc-82">
         <name>.cinit</name>
         <load_address>0x1180ecc8</load_address>
         <run_address>0x1180ecc8</run_address>
         <size>0x10</size>
         <input_file_ref idref="fl-21"/>
      </object_component>
      <object_component id="oc-17">
         <name>.cinit</name>
         <load_address>0x1180ecd8</load_address>
         <run_address>0x1180ecd8</run_address>
         <size>0xc</size>
         <input_file_ref idref="fl-3"/>
      </object_component>
      <object_component id="oc-c4">
         <name>.cinit</name>
         <load_address>0x1180ece8</load_address>
         <run_address>0x1180ece8</run_address>
         <size>0xc</size>
         <input_file_ref idref="fl-34"/>
      </object_component>
      <object_component id="oc-fe">
         <name>.cinit</name>
         <load_address>0x1180ecf8</load_address>
         <run_address>0x1180ecf8</run_address>
         <size>0xc</size>
         <input_file_ref idref="fl-46"/>
      </object_component>
      <object_component id="oc-9f">
         <name>.cio</name>
         <uninitialized>true</uninitialized>
         <run_address>0x1180f510</run_address>
         <size>0x120</size>
         <input_file_ref idref="fl-29"/>
      </object_component>
      <object_component id="oc-12f">
         <name>.const:_$P$T3$4</name>
         <load_address>0x1180df08</load_address>
         <run_address>0x1180df08</run_address>
         <size>0x5a0</size>
         <input_file_ref idref="fl-8"/>
      </object_component>
      <object_component id="oc-2c">
         <name>.const:.string</name>
         <load_address>0x1180e4a8</load_address>
         <run_address>0x1180e4a8</run_address>
         <size>0x16c</size>
         <input_file_ref idref="fl-8"/>
      </object_component>
      <object_component id="oc-d1">
         <name>.const:.string</name>
         <load_address>0x1180e614</load_address>
         <run_address>0x1180e614</run_address>
         <size>0x2</size>
         <input_file_ref idref="fl-38"/>
      </object_component>
      <object_component id="oc-150">
         <name>.const:.string:__ctypes_</name>
         <load_address>0x1180e618</load_address>
         <run_address>0x1180e618</run_address>
         <size>0x101</size>
         <input_file_ref idref="fl-32"/>
      </object_component>
      <object_component id="oc-38">
         <name>.const:.string</name>
         <load_address>0x1180e71c</load_address>
         <run_address>0x1180e71c</run_address>
         <size>0x6c</size>
         <input_file_ref idref="fl-a"/>
      </object_component>
      <object_component id="oc-126">
         <name>.const:_$P$T1$2</name>
         <load_address>0x1180e788</load_address>
         <run_address>0x1180e788</run_address>
         <size>0x68</size>
         <input_file_ref idref="fl-8"/>
      </object_component>
      <object_component id="oc-127">
         <name>.const:_$P$T2$3</name>
         <load_address>0x1180e7f0</load_address>
         <run_address>0x1180e7f0</run_address>
         <size>0x68</size>
         <input_file_ref idref="fl-8"/>
      </object_component>
      <object_component id="oc-ab">
         <name>.const:.string</name>
         <load_address>0x1180e858</load_address>
         <run_address>0x1180e858</run_address>
         <size>0x23</size>
         <input_file_ref idref="fl-2c"/>
      </object_component>
      <object_component id="oc-125">
         <name>.const:_$P$T0$1</name>
         <load_address>0x1180e880</load_address>
         <run_address>0x1180e880</run_address>
         <size>0x18</size>
         <input_file_ref idref="fl-8"/>
      </object_component>
      <object_component id="oc-41">
         <name>.stack</name>
         <uninitialized>true</uninitialized>
         <run_address>0x1180ed10</run_address>
         <size>0x8</size>
         <input_file_ref idref="fl-10"/>
      </object_component>
      <object_component id="oc-185">
         <name>.stack</name>
         <uninitialized>true</uninitialized>
         <run_address>0x1180ed10</run_address>
         <size>0x0</size>
      </object_component>
      <object_component id="oc-70">
         <name>.sysmem</name>
         <uninitialized>true</uninitialized>
         <run_address>0x1180f110</run_address>
         <size>0x8</size>
         <input_file_ref idref="fl-1c"/>
      </object_component>
      <object_component id="oc-186">
         <name>.sysmem</name>
         <uninitialized>true</uninitialized>
         <run_address>0x1180f110</run_address>
         <size>0x0</size>
      </object_component>
      <object_component id="oc-11d">
         <name>.text</name>
         <load_address>0x11800200</load_address>
         <run_address>0x11800200</run_address>
         <size>0x2220</size>
         <input_file_ref idref="fl-8"/>
      </object_component>
      <object_component id="oc-10b">
         <name>.text</name>
         <load_address>0x11802420</load_address>
         <run_address>0x11802420</run_address>
         <size>0xdc0</size>
         <input_file_ref idref="fl-3"/>
      </object_component>
      <object_component id="oc-117">
         <name>.text</name>
         <load_address>0x118031e0</load_address>
         <run_address>0x118031e0</run_address>
         <size>0x880</size>
         <input_file_ref idref="fl-a"/>
      </object_component>
      <object_component id="oc-136">
         <name>.text:_pow</name>
         <load_address>0x11803a60</load_address>
         <run_address>0x11803a60</run_address>
         <size>0x720</size>
         <input_file_ref idref="fl-1f"/>
      </object_component>
      <object_component id="oc-124">
         <name>.text:__divd</name>
         <load_address>0x11804180</load_address>
         <run_address>0x11804180</run_address>
         <size>0x5a0</size>
         <input_file_ref idref="fl-12"/>
      </object_component>
      <object_component id="oc-156">
         <name>.text:__getarg_diouxp</name>
         <load_address>0x11804720</load_address>
         <run_address>0x11804720</run_address>
         <size>0x580</size>
         <input_file_ref idref="fl-2c"/>
      </object_component>
      <object_component id="oc-121">
         <name>.text</name>
         <load_address>0x11804ca0</load_address>
         <run_address>0x11804ca0</run_address>
         <size>0x540</size>
         <input_file_ref idref="fl-9"/>
      </object_component>
      <object_component id="oc-144">
         <name>.text:__setfield</name>
         <load_address>0x118051e0</load_address>
         <run_address>0x118051e0</run_address>
         <size>0x520</size>
         <input_file_ref idref="fl-2c"/>
      </object_component>
      <object_component id="oc-138">
         <name>.text:__printfi</name>
         <load_address>0x11805700</load_address>
         <run_address>0x11805700</run_address>
         <size>0x440</size>
         <input_file_ref idref="fl-2c"/>
      </object_component>
      <object_component id="oc-141">
         <name>.text:_fputs</name>
         <load_address>0x11805b40</load_address>
         <run_address>0x11805b40</run_address>
         <size>0x3a0</size>
         <input_file_ref idref="fl-38"/>
      </object_component>
      <object_component id="oc-14b">
         <name>.text:__pproc_fge</name>
         <load_address>0x11805ee0</load_address>
         <run_address>0x11805ee0</run_address>
         <size>0x320</size>
         <input_file_ref idref="fl-2c"/>
      </object_component>
      <object_component id="oc-11f">
         <name>.text:_cos</name>
         <load_address>0x11806200</load_address>
         <run_address>0x11806200</run_address>
         <size>0x2e0</size>
         <input_file_ref idref="fl-11"/>
      </object_component>
      <object_component id="oc-143">
         <name>.text:__pproc_fwp</name>
         <load_address>0x118064e0</load_address>
         <run_address>0x118064e0</run_address>
         <size>0x2c0</size>
         <input_file_ref idref="fl-2c"/>
      </object_component>
      <object_component id="oc-15b">
         <name>.text:_ecvt</name>
         <load_address>0x118067a0</load_address>
         <run_address>0x118067a0</run_address>
         <size>0x2a0</size>
         <input_file_ref idref="fl-2c"/>
      </object_component>
      <object_component id="oc-15e">
         <name>.text:_fcvt</name>
         <load_address>0x11806a40</load_address>
         <run_address>0x11806a40</run_address>
         <size>0x2a0</size>
         <input_file_ref idref="fl-2c"/>
      </object_component>
      <object_component id="oc-11e">
         <name>.text:__divf</name>
         <load_address>0x11806ce0</load_address>
         <run_address>0x11806ce0</run_address>
         <size>0x280</size>
         <input_file_ref idref="fl-13"/>
      </object_component>
      <object_component id="oc-12c">
         <name>.text:_free</name>
         <load_address>0x11806f60</load_address>
         <run_address>0x11806f60</run_address>
         <size>0x280</size>
         <input_file_ref idref="fl-1c"/>
      </object_component>
      <object_component id="oc-120">
         <name>.text:_sin</name>
         <load_address>0x118071e0</load_address>
         <run_address>0x118071e0</run_address>
         <size>0x280</size>
         <input_file_ref idref="fl-24"/>
      </object_component>
      <object_component id="oc-166">
         <name>.text:__divull</name>
         <load_address>0x11807460</load_address>
         <run_address>0x11807460</run_address>
         <size>0x260</size>
         <input_file_ref idref="fl-3b"/>
      </object_component>
      <object_component id="oc-155">
         <name>.text:__pconv_e</name>
         <load_address>0x118076c0</load_address>
         <run_address>0x118076c0</run_address>
         <size>0x260</size>
         <input_file_ref idref="fl-2c"/>
      </object_component>
      <object_component id="oc-14c">
         <name>.text:__pproc_diouxp</name>
         <load_address>0x11807920</load_address>
         <run_address>0x11807920</run_address>
         <size>0x240</size>
         <input_file_ref idref="fl-2c"/>
      </object_component>
      <object_component id="oc-11">
         <name>.text:retain</name>
         <load_address>0x11807b60</load_address>
         <run_address>0x11807b60</run_address>
         <size>0x240</size>
         <input_file_ref idref="fl-2"/>
      </object_component>
      <object_component id="oc-145">
         <name>.text:__pproc_str</name>
         <load_address>0x11807da0</load_address>
         <run_address>0x11807da0</run_address>
         <size>0x220</size>
         <input_file_ref idref="fl-2c"/>
      </object_component>
      <object_component id="oc-146">
         <name>.text:_fputc</name>
         <load_address>0x11807fc0</load_address>
         <run_address>0x11807fc0</run_address>
         <size>0x220</size>
         <input_file_ref idref="fl-37"/>
      </object_component>
      <object_component id="oc-153">
         <name>.text:__pconv_g</name>
         <load_address>0x118081e0</load_address>
         <run_address>0x118081e0</run_address>
         <size>0x200</size>
         <input_file_ref idref="fl-2c"/>
      </object_component>
      <object_component id="oc-130">
         <name>.text:_log</name>
         <load_address>0x118083e0</load_address>
         <run_address>0x118083e0</run_address>
         <size>0x200</size>
         <input_file_ref idref="fl-1a"/>
      </object_component>
      <object_component id="oc-14f">
         <name>.text:_setvbuf</name>
         <load_address>0x118085e0</load_address>
         <run_address>0x118085e0</run_address>
         <size>0x200</size>
         <input_file_ref idref="fl-45"/>
      </object_component>
      <object_component id="oc-131">
         <name>.text:_exp</name>
         <load_address>0x118087e0</load_address>
         <run_address>0x118087e0</run_address>
         <size>0x1e0</size>
         <input_file_ref idref="fl-16"/>
      </object_component>
      <object_component id="oc-15d">
         <name>.text:__mcpy</name>
         <load_address>0x118089c0</load_address>
         <run_address>0x118089c0</run_address>
         <size>0x1c0</size>
         <input_file_ref idref="fl-2c"/>
      </object_component>
      <object_component id="oc-165">
         <name>.text:__divul</name>
         <load_address>0x11808b80</load_address>
         <run_address>0x11808b80</run_address>
         <size>0x1a0</size>
         <input_file_ref idref="fl-3a"/>
      </object_component>
      <object_component id="oc-113">
         <name>.text:_HOSTrename</name>
         <load_address>0x11808d20</load_address>
         <run_address>0x11808d20</run_address>
         <size>0x180</size>
         <input_file_ref idref="fl-28"/>
      </object_component>
      <object_component id="oc-12d">
         <name>.text:_malloc</name>
         <load_address>0x11808ea0</load_address>
         <run_address>0x11808ea0</run_address>
         <size>0x180</size>
         <input_file_ref idref="fl-1c"/>
      </object_component>
      <object_component id="oc-10d">
         <name>.text:_HOSTopen</name>
         <load_address>0x11809020</load_address>
         <run_address>0x11809020</run_address>
         <size>0xe0</size>
         <input_file_ref idref="fl-28"/>
      </object_component>
      <object_component id="oc-1f">
         <name>.text</name>
         <load_address>0x11809100</load_address>
         <run_address>0x11809100</run_address>
         <size>0x180</size>
         <input_file_ref idref="fl-5"/>
      </object_component>
      <object_component id="oc-140">
         <name>.text:_ldexp</name>
         <load_address>0x11809280</load_address>
         <run_address>0x11809280</run_address>
         <size>0x160</size>
         <input_file_ref idref="fl-18"/>
      </object_component>
      <object_component id="oc-142">
         <name>.text:__pproc_fflags</name>
         <load_address>0x118093e0</load_address>
         <run_address>0x118093e0</run_address>
         <size>0x140</size>
         <input_file_ref idref="fl-2c"/>
      </object_component>
      <object_component id="oc-16e">
         <name>.text:_getdevice</name>
         <load_address>0x11809520</load_address>
         <run_address>0x11809520</run_address>
         <size>0x140</size>
         <input_file_ref idref="fl-3d"/>
      </object_component>
      <object_component id="oc-161">
         <name>.text:__closefile</name>
         <load_address>0x11809660</load_address>
         <run_address>0x11809660</run_address>
         <size>0x120</size>
         <input_file_ref idref="fl-47"/>
      </object_component>
      <object_component id="oc-158">
         <name>.text:__ltostr</name>
         <load_address>0x11809780</load_address>
         <run_address>0x11809780</run_address>
         <size>0x120</size>
         <input_file_ref idref="fl-2c"/>
      </object_component>
      <object_component id="oc-13f">
         <name>.text:_frexp</name>
         <load_address>0x118098a0</load_address>
         <run_address>0x118098a0</run_address>
         <size>0x120</size>
         <input_file_ref idref="fl-39"/>
      </object_component>
      <object_component id="oc-14e">
         <name>.text:_fseek</name>
         <load_address>0x118099c0</load_address>
         <run_address>0x118099c0</run_address>
         <size>0x120</size>
         <input_file_ref idref="fl-44"/>
      </object_component>
      <object_component id="oc-111">
         <name>.text:_HOSTlseek</name>
         <load_address>0x11809ae0</load_address>
         <run_address>0x11809ae0</run_address>
         <size>0x100</size>
         <input_file_ref idref="fl-28"/>
      </object_component>
      <object_component id="oc-147">
         <name>.text:__wrt_ok</name>
         <load_address>0x11809be0</load_address>
         <run_address>0x11809be0</run_address>
         <size>0x100</size>
         <input_file_ref idref="fl-41"/>
      </object_component>
      <object_component id="oc-132">
         <name>.text:_sqrt</name>
         <load_address>0x11809ce0</load_address>
         <run_address>0x11809ce0</run_address>
         <size>0x100</size>
         <input_file_ref idref="fl-25"/>
      </object_component>
      <object_component id="oc-10f">
         <name>.text:_HOSTread</name>
         <load_address>0x11809de0</load_address>
         <run_address>0x11809de0</run_address>
         <size>0xe0</size>
         <input_file_ref idref="fl-28"/>
      </object_component>
      <object_component id="oc-14a">
         <name>.text:_atoi</name>
         <load_address>0x11809ec0</load_address>
         <run_address>0x11809ec0</run_address>
         <size>0xe0</size>
         <input_file_ref idref="fl-2e"/>
      </object_component>
      <object_component id="oc-167">
         <name>.text:_close</name>
         <load_address>0x11809fa0</load_address>
         <run_address>0x11809fa0</run_address>
         <size>0xe0</size>
         <input_file_ref idref="fl-3d"/>
      </object_component>
      <object_component id="oc-12e">
         <name>.text:_memset</name>
         <load_address>0x1180a080</load_address>
         <run_address>0x1180a080</run_address>
         <size>0xe0</size>
         <input_file_ref idref="fl-1d"/>
      </object_component>
      <object_component id="oc-122">
         <name>.text:_printf</name>
         <load_address>0x1180a160</load_address>
         <run_address>0x1180a160</run_address>
         <size>0xe0</size>
         <input_file_ref idref="fl-20"/>
      </object_component>
      <object_component id="oc-112">
         <name>.text:_HOSTunlink</name>
         <load_address>0x1180a240</load_address>
         <run_address>0x1180a240</run_address>
         <size>0xc0</size>
         <input_file_ref idref="fl-28"/>
      </object_component>
      <object_component id="oc-110">
         <name>.text:_HOSTwrite</name>
         <load_address>0x1180a300</load_address>
         <run_address>0x1180a300</run_address>
         <size>0xc0</size>
         <input_file_ref idref="fl-28"/>
      </object_component>
      <object_component id="oc-108">
         <name>.text:__auto_init</name>
         <load_address>0x1180a3c0</load_address>
         <run_address>0x1180a3c0</run_address>
         <size>0xc0</size>
         <input_file_ref idref="fl-2f"/>
      </object_component>
      <object_component id="oc-160">
         <name>.text:__div</name>
         <load_address>0x1180a480</load_address>
         <run_address>0x1180a480</run_address>
         <size>0xc0</size>
         <input_file_ref idref="fl-2c"/>
      </object_component>
      <object_component id="oc-11a">
         <name>.text:__divu</name>
         <load_address>0x1180a540</load_address>
         <run_address>0x1180a540</run_address>
         <size>0xc0</size>
         <input_file_ref idref="fl-14"/>
      </object_component>
      <object_component id="oc-148">
         <name>.text:__doflush</name>
         <load_address>0x1180a600</load_address>
         <run_address>0x1180a600</run_address>
         <size>0xc0</size>
         <input_file_ref idref="fl-43"/>
      </object_component>
      <object_component id="oc-12b">
         <name>.text:__remi</name>
         <load_address>0x1180a6c0</load_address>
         <run_address>0x1180a6c0</run_address>
         <size>0xc0</size>
         <input_file_ref idref="fl-22"/>
      </object_component>
      <object_component id="oc-10a">
         <name>.text:_exit</name>
         <load_address>0x1180a780</load_address>
         <run_address>0x1180a780</run_address>
         <size>0xc0</size>
         <input_file_ref idref="fl-15"/>
      </object_component>
      <object_component id="oc-163">
         <name>.text:_ltoa</name>
         <load_address>0x1180a840</load_address>
         <run_address>0x1180a840</run_address>
         <size>0xc0</size>
         <input_file_ref idref="fl-3e"/>
      </object_component>
      <object_component id="oc-10e">
         <name>.text:_HOSTclose</name>
         <load_address>0x1180a900</load_address>
         <run_address>0x1180a900</run_address>
         <size>0xa0</size>
         <input_file_ref idref="fl-28"/>
      </object_component>
      <object_component id="oc-13c">
         <name>.text:_HOSTtime</name>
         <load_address>0x1180a9a0</load_address>
         <run_address>0x1180a9a0</run_address>
         <size>0xa0</size>
         <input_file_ref idref="fl-28"/>
      </object_component>
      <object_component id="oc-15a">
         <name>.text:__cleanup</name>
         <load_address>0x1180aa40</load_address>
         <run_address>0x1180aa40</run_address>
         <size>0xa0</size>
         <input_file_ref idref="fl-46"/>
      </object_component>
      <object_component id="oc-16a">
         <name>.text:__divli</name>
         <load_address>0x1180aae0</load_address>
         <run_address>0x1180aae0</run_address>
         <size>0xa0</size>
         <input_file_ref idref="fl-3a"/>
      </object_component>
      <object_component id="oc-15c">
         <name>.text:__ecpy</name>
         <load_address>0x1180ab80</load_address>
         <run_address>0x1180ab80</run_address>
         <size>0xa0</size>
         <input_file_ref idref="fl-2c"/>
      </object_component>
      <object_component id="oc-15f">
         <name>.text:__fcpy</name>
         <load_address>0x1180ac20</load_address>
         <run_address>0x1180ac20</run_address>
         <size>0xa0</size>
         <input_file_ref idref="fl-2c"/>
      </object_component>
      <object_component id="oc-162">
         <name>.text:__fixdli</name>
         <load_address>0x1180acc0</load_address>
         <run_address>0x1180acc0</run_address>
         <size>0xa0</size>
         <input_file_ref idref="fl-35"/>
      </object_component>
      <object_component id="oc-134">
         <name>.text:__nround</name>
         <load_address>0x1180ad60</load_address>
         <run_address>0x1180ad60</run_address>
         <size>0xa0</size>
         <input_file_ref idref="fl-23"/>
      </object_component>
      <object_component id="oc-154">
         <name>.text:__pconv_f</name>
         <load_address>0x1180ae00</load_address>
         <run_address>0x1180ae00</run_address>
         <size>0xa0</size>
         <input_file_ref idref="fl-2c"/>
      </object_component>
      <object_component id="oc-114">
         <name>.text:_copy_in</name>
         <load_address>0x1180aea0</load_address>
         <run_address>0x1180aea0</run_address>
         <size>0xa0</size>
         <input_file_ref idref="fl-31"/>
      </object_component>
      <object_component id="oc-16f">
         <name>.text:_finddevice</name>
         <load_address>0x1180af40</load_address>
         <run_address>0x1180af40</run_address>
         <size>0xa0</size>
         <input_file_ref idref="fl-3d"/>
      </object_component>
      <object_component id="oc-159">
         <name>.text:_lseek</name>
         <load_address>0x1180afe0</load_address>
         <run_address>0x1180afe0</run_address>
         <size>0xa0</size>
         <input_file_ref idref="fl-3d"/>
      </object_component>
      <object_component id="oc-115">
         <name>.text:_memcpy</name>
         <load_address>0x1180b080</load_address>
         <run_address>0x1180b080</run_address>
         <size>0xa0</size>
         <input_file_ref idref="fl-1b"/>
      </object_component>
      <object_component id="oc-13e">
         <name>.text:_minsert</name>
         <load_address>0x1180b120</load_address>
         <run_address>0x1180b120</run_address>
         <size>0xa0</size>
         <input_file_ref idref="fl-1c"/>
      </object_component>
      <object_component id="oc-135">
         <name>.text:_modf</name>
         <load_address>0x1180b1c0</load_address>
         <run_address>0x1180b1c0</run_address>
         <size>0xa0</size>
         <input_file_ref idref="fl-1e"/>
      </object_component>
      <object_component id="oc-13d">
         <name>.text:_mremove</name>
         <load_address>0x1180b260</load_address>
         <run_address>0x1180b260</run_address>
         <size>0xa0</size>
         <input_file_ref idref="fl-1c"/>
      </object_component>
      <object_component id="oc-149">
         <name>.text:_write</name>
         <load_address>0x1180b300</load_address>
         <run_address>0x1180b300</run_address>
         <size>0xa0</size>
         <input_file_ref idref="fl-3d"/>
      </object_component>
      <object_component id="oc-164">
         <name>.text:__fltlid</name>
         <load_address>0x1180b3a0</load_address>
         <run_address>0x1180b3a0</run_address>
         <size>0x80</size>
         <input_file_ref idref="fl-36"/>
      </object_component>
      <object_component id="oc-16b">
         <name>.text:__llshl</name>
         <load_address>0x1180b420</load_address>
         <run_address>0x1180b420</run_address>
         <size>0x80</size>
         <input_file_ref idref="fl-19"/>
      </object_component>
      <object_component id="oc-e">
         <name>.text:_c_int00</name>
         <load_address>0x1180b4a0</load_address>
         <run_address>0x1180b4a0</run_address>
         <size>0x80</size>
         <input_file_ref idref="fl-10"/>
      </object_component>
      <object_component id="oc-12a">
         <name>.text:_rand</name>
         <load_address>0x1180b520</load_address>
         <run_address>0x1180b520</run_address>
         <size>0x80</size>
         <input_file_ref idref="fl-21"/>
      </object_component>
      <object_component id="oc-11c">
         <name>.text:_readmsg</name>
         <load_address>0x1180b5a0</load_address>
         <run_address>0x1180b5a0</run_address>
         <size>0x80</size>
         <input_file_ref idref="fl-29"/>
      </object_component>
      <object_component id="oc-16d">
         <name>.text:_unlink</name>
         <load_address>0x1180b620</load_address>
         <run_address>0x1180b620</run_address>
         <size>0x80</size>
         <input_file_ref idref="fl-3d"/>
      </object_component>
      <object_component id="oc-23">
         <name>.text</name>
         <load_address>0x1180b6a0</load_address>
         <run_address>0x1180b6a0</run_address>
         <size>0x80</size>
         <input_file_ref idref="fl-6"/>
      </object_component>
      <object_component id="oc-116">
         <name>.text:___TI_cpp_init</name>
         <load_address>0x1180b720</load_address>
         <run_address>0x1180b720</run_address>
         <size>0x60</size>
         <input_file_ref idref="fl-30"/>
      </object_component>
      <object_component id="oc-16c">
         <name>.text:__subcull</name>
         <load_address>0x1180b780</load_address>
         <run_address>0x1180b780</run_address>
         <size>0x60</size>
         <input_file_ref idref="fl-3b"/>
      </object_component>
      <object_component id="oc-14d">
         <name>.text:_memccpy</name>
         <load_address>0x1180b7e0</load_address>
         <run_address>0x1180b7e0</run_address>
         <size>0x60</size>
         <input_file_ref idref="fl-3f"/>
      </object_component>
      <object_component id="oc-129">
         <name>.text:_srand</name>
         <load_address>0x1180b840</load_address>
         <run_address>0x1180b840</run_address>
         <size>0x60</size>
         <input_file_ref idref="fl-21"/>
      </object_component>
      <object_component id="oc-11b">
         <name>.text:_writemsg</name>
         <load_address>0x1180b8a0</load_address>
         <run_address>0x1180b8a0</run_address>
         <size>0x60</size>
         <input_file_ref idref="fl-29"/>
      </object_component>
      <object_component id="oc-152">
         <name>.text:___isinf</name>
         <load_address>0x1180b900</load_address>
         <run_address>0x1180b900</run_address>
         <size>0x40</size>
         <input_file_ref idref="fl-3c"/>
      </object_component>
      <object_component id="oc-151">
         <name>.text:___isnan</name>
         <load_address>0x1180b940</load_address>
         <run_address>0x1180b940</run_address>
         <size>0x40</size>
         <input_file_ref idref="fl-2c"/>
      </object_component>
      <object_component id="oc-109">
         <name>.text:__args_main</name>
         <load_address>0x1180b980</load_address>
         <run_address>0x1180b980</run_address>
         <size>0x40</size>
         <input_file_ref idref="fl-2d"/>
      </object_component>
      <object_component id="oc-13b">
         <name>.text:__frcmpyd_div</name>
         <load_address>0x1180b9c0</load_address>
         <run_address>0x1180b9c0</run_address>
         <size>0x40</size>
         <input_file_ref idref="fl-17"/>
      </object_component>
      <object_component id="oc-13a">
         <name>.text:__llshru</name>
         <load_address>0x1180ba00</load_address>
         <run_address>0x1180ba00</run_address>
         <size>0x40</size>
         <input_file_ref idref="fl-19"/>
      </object_component>
      <object_component id="oc-169">
         <name>.text:__remli</name>
         <load_address>0x1180ba40</load_address>
         <run_address>0x1180ba40</run_address>
         <size>0x40</size>
         <input_file_ref idref="fl-3a"/>
      </object_component>
      <object_component id="oc-123">
         <name>.text:_strcmp</name>
         <load_address>0x1180ba80</load_address>
         <run_address>0x1180ba80</run_address>
         <size>0x40</size>
         <input_file_ref idref="fl-26"/>
      </object_component>
      <object_component id="oc-128">
         <name>.text:_time</name>
         <load_address>0x1180bac0</load_address>
         <run_address>0x1180bac0</run_address>
         <size>0x40</size>
         <input_file_ref idref="fl-27"/>
      </object_component>
      <object_component id="oc-27">
         <name>.text</name>
         <load_address>0x1180bb00</load_address>
         <run_address>0x1180bb00</run_address>
         <size>0x40</size>
         <input_file_ref idref="fl-7"/>
      </object_component>
      <object_component id="oc-157">
         <name>.text:__negll</name>
         <load_address>0x1180bb40</load_address>
         <run_address>0x1180bb40</run_address>
         <size>0x20</size>
         <input_file_ref idref="fl-40"/>
      </object_component>
      <object_component id="oc-10c">
         <name>.text:__nop</name>
         <load_address>0x1180bb60</load_address>
         <run_address>0x1180bb60</run_address>
         <size>0x20</size>
         <input_file_ref idref="fl-2b"/>
      </object_component>
      <object_component id="oc-139">
         <name>.text:__outc</name>
         <load_address>0x1180bb80</load_address>
         <run_address>0x1180bb80</run_address>
         <size>0x20</size>
         <input_file_ref idref="fl-20"/>
      </object_component>
      <object_component id="oc-137">
         <name>.text:__outs</name>
         <load_address>0x1180bba0</load_address>
         <run_address>0x1180bba0</run_address>
         <size>0x20</size>
         <input_file_ref idref="fl-20"/>
      </object_component>
      <object_component id="oc-133">
         <name>.text:__trunc</name>
         <load_address>0x1180bbc0</load_address>
         <run_address>0x1180bbc0</run_address>
         <size>0x20</size>
         <input_file_ref idref="fl-2a"/>
      </object_component>
      <object_component id="oc-118">
         <name>.text:_abort</name>
         <load_address>0x1180bbe0</load_address>
         <run_address>0x1180bbe0</run_address>
         <size>0x20</size>
         <input_file_ref idref="fl-15"/>
      </object_component>
      <object_component id="oc-168">
         <name>.text:_remove</name>
         <load_address>0x1180bc00</load_address>
         <run_address>0x1180bc00</run_address>
         <size>0x20</size>
         <input_file_ref idref="fl-48"/>
      </object_component>
      <object_component id="oc-119">
         <name>.switch:_SetSampleRate_AIC3106</name>
         <load_address>0x1180f660</load_address>
         <run_address>0x1180f660</run_address>
         <size>0x18</size>
         <input_file_ref idref="fl-3"/>
      </object_component>
      <object_component id="oc-10">
         <name>.far</name>
         <uninitialized>true</uninitialized>
         <run_address>0x1180dedc</run_address>
         <size>0x8</size>
         <input_file_ref idref="fl-2"/>
      </object_component>
      <object_component id="oc-37">
         <name>.far</name>
         <uninitialized>true</uninitialized>
         <run_address>0x1180bc20</run_address>
         <size>0x1c68</size>
         <input_file_ref idref="fl-a"/>
      </object_component>
      <object_component id="oc-46">
         <name>.far</name>
         <uninitialized>true</uninitialized>
         <run_address>0x1180ddf0</run_address>
         <size>0x40</size>
         <input_file_ref idref="fl-11"/>
      </object_component>
      <object_component id="oc-54">
         <name>.far</name>
         <uninitialized>true</uninitialized>
         <run_address>0x1180ded0</run_address>
         <size>0xc</size>
         <input_file_ref idref="fl-15"/>
      </object_component>
      <object_component id="oc-59">
         <name>.far</name>
         <uninitialized>true</uninitialized>
         <run_address>0x1180de70</run_address>
         <size>0x30</size>
         <input_file_ref idref="fl-16"/>
      </object_component>
      <object_component id="oc-67">
         <name>.far</name>
         <uninitialized>true</uninitialized>
         <run_address>0x1180dea0</run_address>
         <size>0x30</size>
         <input_file_ref idref="fl-1a"/>
      </object_component>
      <object_component id="oc-6f">
         <name>.far</name>
         <uninitialized>true</uninitialized>
         <run_address>0x1180deec</run_address>
         <size>0x8</size>
         <input_file_ref idref="fl-1c"/>
      </object_component>
      <object_component id="oc-7b">
         <name>.far</name>
         <uninitialized>true</uninitialized>
         <run_address>0x1180dbb0</run_address>
         <size>0x120</size>
         <input_file_ref idref="fl-1f"/>
      </object_component>
      <object_component id="oc-83">
         <name>.far</name>
         <uninitialized>true</uninitialized>
         <run_address>0x1180def8</run_address>
         <size>0x8</size>
         <input_file_ref idref="fl-21"/>
      </object_component>
      <object_component id="oc-8e">
         <name>.far</name>
         <uninitialized>true</uninitialized>
         <run_address>0x1180de30</run_address>
         <size>0x40</size>
         <input_file_ref idref="fl-24"/>
      </object_component>
      <object_component id="oc-9b">
         <name>.far</name>
         <uninitialized>true</uninitialized>
         <run_address>0x1180df00</run_address>
         <size>0x8</size>
         <input_file_ref idref="fl-28"/>
      </object_component>
      <object_component id="oc-a7">
         <name>.far</name>
         <uninitialized>true</uninitialized>
         <run_address>0x1180dee4</run_address>
         <size>0x8</size>
         <input_file_ref idref="fl-2b"/>
      </object_component>
      <object_component id="oc-c1">
         <name>.far</name>
         <uninitialized>true</uninitialized>
         <run_address>0x1180d888</run_address>
         <size>0x324</size>
         <input_file_ref idref="fl-33"/>
      </object_component>
      <object_component id="oc-c5">
         <name>.far</name>
         <uninitialized>true</uninitialized>
         <run_address>0x1180dbac</run_address>
         <size>0x4</size>
         <input_file_ref idref="fl-34"/>
      </object_component>
      <object_component id="oc-e2">
         <name>.far</name>
         <uninitialized>true</uninitialized>
         <run_address>0x1180dcd0</run_address>
         <size>0x11c</size>
         <input_file_ref idref="fl-3d"/>
      </object_component>
      <object_component id="oc-ff">
         <name>.far</name>
         <uninitialized>true</uninitialized>
         <run_address>0x1180ddec</run_address>
         <size>0x4</size>
         <input_file_ref idref="fl-46"/>
      </object_component>
      <object_component id="oc-f">
         <name>.debug_info</name>
         <load_address>0x0</load_address>
         <run_address>0x0</run_address>
         <size>0x7c5</size>
         <input_file_ref idref="fl-2"/>
      </object_component>
      <object_component id="oc-16">
         <name>.debug_info</name>
         <load_address>0x7c5</load_address>
         <run_address>0x7c5</run_address>
         <size>0x2b61</size>
         <input_file_ref idref="fl-3"/>
      </object_component>
      <object_component id="oc-1b">
         <name>.debug_info</name>
         <load_address>0x3326</load_address>
         <run_address>0x3326</run_address>
         <size>0x5e0</size>
         <input_file_ref idref="fl-4"/>
      </object_component>
      <object_component id="oc-20">
         <name>.debug_info</name>
         <load_address>0x3906</load_address>
         <run_address>0x3906</run_address>
         <size>0xd3</size>
         <input_file_ref idref="fl-5"/>
      </object_component>
      <object_component id="oc-24">
         <name>.debug_info</name>
         <load_address>0x39d9</load_address>
         <run_address>0x39d9</run_address>
         <size>0xda</size>
         <input_file_ref idref="fl-6"/>
      </object_component>
      <object_component id="oc-28">
         <name>.debug_info</name>
         <load_address>0x3ab3</load_address>
         <run_address>0x3ab3</run_address>
         <size>0xd1</size>
         <input_file_ref idref="fl-7"/>
      </object_component>
      <object_component id="oc-2b">
         <name>.debug_info</name>
         <load_address>0x3b84</load_address>
         <run_address>0x3b84</run_address>
         <size>0x347f</size>
         <input_file_ref idref="fl-8"/>
      </object_component>
      <object_component id="oc-30">
         <name>.debug_info</name>
         <load_address>0x7003</load_address>
         <run_address>0x7003</run_address>
         <size>0xf3c</size>
         <input_file_ref idref="fl-9"/>
      </object_component>
      <object_component id="oc-35">
         <name>.debug_info</name>
         <load_address>0x7f3f</load_address>
         <run_address>0x7f3f</run_address>
         <size>0x157b</size>
         <input_file_ref idref="fl-a"/>
      </object_component>
      <object_component id="oc-3d">
         <name>.debug_info</name>
         <load_address>0x94ba</load_address>
         <run_address>0x94ba</run_address>
         <size>0xd9</size>
         <input_file_ref idref="fl-b"/>
      </object_component>
      <object_component id="oc-40">
         <name>.debug_info</name>
         <load_address>0x9593</load_address>
         <run_address>0x9593</run_address>
         <size>0x6f3</size>
         <input_file_ref idref="fl-10"/>
      </object_component>
      <object_component id="oc-44">
         <name>.debug_info</name>
         <load_address>0x9c86</load_address>
         <run_address>0x9c86</run_address>
         <size>0x6e5</size>
         <input_file_ref idref="fl-11"/>
      </object_component>
      <object_component id="oc-49">
         <name>.debug_info</name>
         <load_address>0xa36b</load_address>
         <run_address>0xa36b</run_address>
         <size>0x96b</size>
         <input_file_ref idref="fl-12"/>
      </object_component>
      <object_component id="oc-4c">
         <name>.debug_info</name>
         <load_address>0xacd6</load_address>
         <run_address>0xacd6</run_address>
         <size>0x8b6</size>
         <input_file_ref idref="fl-13"/>
      </object_component>
      <object_component id="oc-4f">
         <name>.debug_info</name>
         <load_address>0xb58c</load_address>
         <run_address>0xb58c</run_address>
         <size>0xbc</size>
         <input_file_ref idref="fl-14"/>
      </object_component>
      <object_component id="oc-52">
         <name>.debug_info</name>
         <load_address>0xb648</load_address>
         <run_address>0xb648</run_address>
         <size>0x7c0</size>
         <input_file_ref idref="fl-15"/>
      </object_component>
      <object_component id="oc-57">
         <name>.debug_info</name>
         <load_address>0xbe08</load_address>
         <run_address>0xbe08</run_address>
         <size>0x675</size>
         <input_file_ref idref="fl-16"/>
      </object_component>
      <object_component id="oc-5c">
         <name>.debug_info</name>
         <load_address>0xc47d</load_address>
         <run_address>0xc47d</run_address>
         <size>0x654</size>
         <input_file_ref idref="fl-17"/>
      </object_component>
      <object_component id="oc-5f">
         <name>.debug_info</name>
         <load_address>0xcad1</load_address>
         <run_address>0xcad1</run_address>
         <size>0x67f</size>
         <input_file_ref idref="fl-18"/>
      </object_component>
      <object_component id="oc-62">
         <name>.debug_info</name>
         <load_address>0xd150</load_address>
         <run_address>0xd150</run_address>
         <size>0x6e9</size>
         <input_file_ref idref="fl-19"/>
      </object_component>
      <object_component id="oc-65">
         <name>.debug_info</name>
         <load_address>0xd839</load_address>
         <run_address>0xd839</run_address>
         <size>0x664</size>
         <input_file_ref idref="fl-1a"/>
      </object_component>
      <object_component id="oc-6a">
         <name>.debug_info</name>
         <load_address>0xde9d</load_address>
         <run_address>0xde9d</run_address>
         <size>0xcb</size>
         <input_file_ref idref="fl-1b"/>
      </object_component>
      <object_component id="oc-6d">
         <name>.debug_info</name>
         <load_address>0xdf68</load_address>
         <run_address>0xdf68</run_address>
         <size>0xac7</size>
         <input_file_ref idref="fl-1c"/>
      </object_component>
      <object_component id="oc-73">
         <name>.debug_info</name>
         <load_address>0xea2f</load_address>
         <run_address>0xea2f</run_address>
         <size>0x79e</size>
         <input_file_ref idref="fl-1d"/>
      </object_component>
      <object_component id="oc-76">
         <name>.debug_info</name>
         <load_address>0xf1cd</load_address>
         <run_address>0xf1cd</run_address>
         <size>0x668</size>
         <input_file_ref idref="fl-1e"/>
      </object_component>
      <object_component id="oc-79">
         <name>.debug_info</name>
         <load_address>0xf835</load_address>
         <run_address>0xf835</run_address>
         <size>0x86d</size>
         <input_file_ref idref="fl-1f"/>
      </object_component>
      <object_component id="oc-7e">
         <name>.debug_info</name>
         <load_address>0x100a2</load_address>
         <run_address>0x100a2</run_address>
         <size>0x8ea</size>
         <input_file_ref idref="fl-20"/>
      </object_component>
      <object_component id="oc-81">
         <name>.debug_info</name>
         <load_address>0x1098c</load_address>
         <run_address>0x1098c</run_address>
         <size>0x6af</size>
         <input_file_ref idref="fl-21"/>
      </object_component>
      <object_component id="oc-86">
         <name>.debug_info</name>
         <load_address>0x1103b</load_address>
         <run_address>0x1103b</run_address>
         <size>0xbc</size>
         <input_file_ref idref="fl-22"/>
      </object_component>
      <object_component id="oc-89">
         <name>.debug_info</name>
         <load_address>0x110f7</load_address>
         <run_address>0x110f7</run_address>
         <size>0x63b</size>
         <input_file_ref idref="fl-23"/>
      </object_component>
      <object_component id="oc-8c">
         <name>.debug_info</name>
         <load_address>0x11732</load_address>
         <run_address>0x11732</run_address>
         <size>0x6e5</size>
         <input_file_ref idref="fl-24"/>
      </object_component>
      <object_component id="oc-91">
         <name>.debug_info</name>
         <load_address>0x11e17</load_address>
         <run_address>0x11e17</run_address>
         <size>0x85d</size>
         <input_file_ref idref="fl-25"/>
      </object_component>
      <object_component id="oc-94">
         <name>.debug_info</name>
         <load_address>0x12674</load_address>
         <run_address>0x12674</run_address>
         <size>0x6df</size>
         <input_file_ref idref="fl-26"/>
      </object_component>
      <object_component id="oc-97">
         <name>.debug_info</name>
         <load_address>0x12d53</load_address>
         <run_address>0x12d53</run_address>
         <size>0x648</size>
         <input_file_ref idref="fl-27"/>
      </object_component>
      <object_component id="oc-9a">
         <name>.debug_info</name>
         <load_address>0x1339b</load_address>
         <run_address>0x1339b</run_address>
         <size>0xe41</size>
         <input_file_ref idref="fl-28"/>
      </object_component>
      <object_component id="oc-9e">
         <name>.debug_info</name>
         <load_address>0x141dc</load_address>
         <run_address>0x141dc</run_address>
         <size>0x851</size>
         <input_file_ref idref="fl-29"/>
      </object_component>
      <object_component id="oc-a2">
         <name>.debug_info</name>
         <load_address>0x14a2d</load_address>
         <run_address>0x14a2d</run_address>
         <size>0x639</size>
         <input_file_ref idref="fl-2a"/>
      </object_component>
      <object_component id="oc-a5">
         <name>.debug_info</name>
         <load_address>0x15066</load_address>
         <run_address>0x15066</run_address>
         <size>0x634</size>
         <input_file_ref idref="fl-2b"/>
      </object_component>
      <object_component id="oc-aa">
         <name>.debug_info</name>
         <load_address>0x1569a</load_address>
         <run_address>0x1569a</run_address>
         <size>0x2684</size>
         <input_file_ref idref="fl-2c"/>
      </object_component>
      <object_component id="oc-ae">
         <name>.debug_info</name>
         <load_address>0x17d1e</load_address>
         <run_address>0x17d1e</run_address>
         <size>0x6c9</size>
         <input_file_ref idref="fl-2d"/>
      </object_component>
      <object_component id="oc-b1">
         <name>.debug_info</name>
         <load_address>0x183e7</load_address>
         <run_address>0x183e7</run_address>
         <size>0x6d6</size>
         <input_file_ref idref="fl-2e"/>
      </object_component>
      <object_component id="oc-b4">
         <name>.debug_info</name>
         <load_address>0x18abd</load_address>
         <run_address>0x18abd</run_address>
         <size>0x83f</size>
         <input_file_ref idref="fl-2f"/>
      </object_component>
      <object_component id="oc-b7">
         <name>.debug_info</name>
         <load_address>0x192fc</load_address>
         <run_address>0x192fc</run_address>
         <size>0x6b7</size>
         <input_file_ref idref="fl-30"/>
      </object_component>
      <object_component id="oc-ba">
         <name>.debug_info</name>
         <load_address>0x199b3</load_address>
         <run_address>0x199b3</run_address>
         <size>0x7ad</size>
         <input_file_ref idref="fl-31"/>
      </object_component>
      <object_component id="oc-bd">
         <name>.debug_info</name>
         <load_address>0x1a160</load_address>
         <run_address>0x1a160</run_address>
         <size>0x5e2</size>
         <input_file_ref idref="fl-32"/>
      </object_component>
      <object_component id="oc-bf">
         <name>.debug_info</name>
         <load_address>0x1a742</load_address>
         <run_address>0x1a742</run_address>
         <size>0x6cf</size>
         <input_file_ref idref="fl-33"/>
      </object_component>
      <object_component id="oc-c3">
         <name>.debug_info</name>
         <load_address>0x1ae11</load_address>
         <run_address>0x1ae11</run_address>
         <size>0x5ca</size>
         <input_file_ref idref="fl-34"/>
      </object_component>
      <object_component id="oc-c7">
         <name>.debug_info</name>
         <load_address>0x1b3db</load_address>
         <run_address>0x1b3db</run_address>
         <size>0x679</size>
         <input_file_ref idref="fl-35"/>
      </object_component>
      <object_component id="oc-ca">
         <name>.debug_info</name>
         <load_address>0x1ba54</load_address>
         <run_address>0x1ba54</run_address>
         <size>0x698</size>
         <input_file_ref idref="fl-36"/>
      </object_component>
      <object_component id="oc-cd">
         <name>.debug_info</name>
         <load_address>0x1c0ec</load_address>
         <run_address>0x1c0ec</run_address>
         <size>0x812</size>
         <input_file_ref idref="fl-37"/>
      </object_component>
      <object_component id="oc-d0">
         <name>.debug_info</name>
         <load_address>0x1c8fe</load_address>
         <run_address>0x1c8fe</run_address>
         <size>0xa9e</size>
         <input_file_ref idref="fl-38"/>
      </object_component>
      <object_component id="oc-d4">
         <name>.debug_info</name>
         <load_address>0x1d39c</load_address>
         <run_address>0x1d39c</run_address>
         <size>0x683</size>
         <input_file_ref idref="fl-39"/>
      </object_component>
      <object_component id="oc-d7">
         <name>.debug_info</name>
         <load_address>0x1da1f</load_address>
         <run_address>0x1da1f</run_address>
         <size>0x78b</size>
         <input_file_ref idref="fl-3a"/>
      </object_component>
      <object_component id="oc-da">
         <name>.debug_info</name>
         <load_address>0x1e1aa</load_address>
         <run_address>0x1e1aa</run_address>
         <size>0x786</size>
         <input_file_ref idref="fl-3b"/>
      </object_component>
      <object_component id="oc-dd">
         <name>.debug_info</name>
         <load_address>0x1e930</load_address>
         <run_address>0x1e930</run_address>
         <size>0x7fe</size>
         <input_file_ref idref="fl-3c"/>
      </object_component>
      <object_component id="oc-e0">
         <name>.debug_info</name>
         <load_address>0x1f12e</load_address>
         <run_address>0x1f12e</run_address>
         <size>0xe71</size>
         <input_file_ref idref="fl-3d"/>
      </object_component>
      <object_component id="oc-e5">
         <name>.debug_info</name>
         <load_address>0x1ff9f</load_address>
         <run_address>0x1ff9f</run_address>
         <size>0x717</size>
         <input_file_ref idref="fl-3e"/>
      </object_component>
      <object_component id="oc-e8">
         <name>.debug_info</name>
         <load_address>0x206b6</load_address>
         <run_address>0x206b6</run_address>
         <size>0x6ba</size>
         <input_file_ref idref="fl-3f"/>
      </object_component>
      <object_component id="oc-eb">
         <name>.debug_info</name>
         <load_address>0x20d70</load_address>
         <run_address>0x20d70</run_address>
         <size>0x600</size>
         <input_file_ref idref="fl-40"/>
      </object_component>
      <object_component id="oc-ee">
         <name>.debug_info</name>
         <load_address>0x21370</load_address>
         <run_address>0x21370</run_address>
         <size>0x742</size>
         <input_file_ref idref="fl-41"/>
      </object_component>
      <object_component id="oc-f1">
         <name>.debug_info</name>
         <load_address>0x21ab2</load_address>
         <run_address>0x21ab2</run_address>
         <size>0x5b4</size>
         <input_file_ref idref="fl-42"/>
      </object_component>
      <object_component id="oc-f4">
         <name>.debug_info</name>
         <load_address>0x22066</load_address>
         <run_address>0x22066</run_address>
         <size>0x769</size>
         <input_file_ref idref="fl-43"/>
      </object_component>
      <object_component id="oc-f7">
         <name>.debug_info</name>
         <load_address>0x227cf</load_address>
         <run_address>0x227cf</run_address>
         <size>0x7a1</size>
         <input_file_ref idref="fl-44"/>
      </object_component>
      <object_component id="oc-fa">
         <name>.debug_info</name>
         <load_address>0x22f70</load_address>
         <run_address>0x22f70</run_address>
         <size>0x7fb</size>
         <input_file_ref idref="fl-45"/>
      </object_component>
      <object_component id="oc-fd">
         <name>.debug_info</name>
         <load_address>0x2376b</load_address>
         <run_address>0x2376b</run_address>
         <size>0x853</size>
         <input_file_ref idref="fl-46"/>
      </object_component>
      <object_component id="oc-102">
         <name>.debug_info</name>
         <load_address>0x23fbe</load_address>
         <run_address>0x23fbe</run_address>
         <size>0x7ee</size>
         <input_file_ref idref="fl-47"/>
      </object_component>
      <object_component id="oc-105">
         <name>.debug_info</name>
         <load_address>0x247ac</load_address>
         <run_address>0x247ac</run_address>
         <size>0x64c</size>
         <input_file_ref idref="fl-48"/>
      </object_component>
      <object_component id="oc-187">
         <name>.debug_info</name>
         <load_address>0x24df8</load_address>
         <run_address>0x24df8</run_address>
         <size>0x6e</size>
      </object_component>
      <object_component id="oc-12">
         <name>.debug_frame</name>
         <load_address>0x0</load_address>
         <run_address>0x0</run_address>
         <size>0x37f</size>
         <input_file_ref idref="fl-2"/>
      </object_component>
      <object_component id="oc-18">
         <name>.debug_frame</name>
         <load_address>0x37f</load_address>
         <run_address>0x37f</run_address>
         <size>0x57a</size>
         <input_file_ref idref="fl-3"/>
      </object_component>
      <object_component id="oc-1c">
         <name>.debug_frame</name>
         <load_address>0x8f9</load_address>
         <run_address>0x8f9</run_address>
         <size>0x23f</size>
         <input_file_ref idref="fl-4"/>
      </object_component>
      <object_component id="oc-2d">
         <name>.debug_frame</name>
         <load_address>0xb38</load_address>
         <run_address>0xb38</run_address>
         <size>0x559</size>
         <input_file_ref idref="fl-8"/>
      </object_component>
      <object_component id="oc-31">
         <name>.debug_frame</name>
         <load_address>0x1091</load_address>
         <run_address>0x1091</run_address>
         <size>0x2eb</size>
         <input_file_ref idref="fl-9"/>
      </object_component>
      <object_component id="oc-39">
         <name>.debug_frame</name>
         <load_address>0x137c</load_address>
         <run_address>0x137c</run_address>
         <size>0x277</size>
         <input_file_ref idref="fl-a"/>
      </object_component>
      <object_component id="oc-13">
         <name>.debug_line</name>
         <load_address>0x0</load_address>
         <run_address>0x0</run_address>
         <size>0x58</size>
         <input_file_ref idref="fl-2"/>
      </object_component>
      <object_component id="oc-19">
         <name>.debug_line</name>
         <load_address>0x58</load_address>
         <run_address>0x58</run_address>
         <size>0x64c</size>
         <input_file_ref idref="fl-3"/>
      </object_component>
      <object_component id="oc-1d">
         <name>.debug_line</name>
         <load_address>0x6a4</load_address>
         <run_address>0x6a4</run_address>
         <size>0x2a</size>
         <input_file_ref idref="fl-4"/>
      </object_component>
      <object_component id="oc-21">
         <name>.debug_line</name>
         <load_address>0x6ce</load_address>
         <run_address>0x6ce</run_address>
         <size>0x4f</size>
         <input_file_ref idref="fl-5"/>
      </object_component>
      <object_component id="oc-25">
         <name>.debug_line</name>
         <load_address>0x71d</load_address>
         <run_address>0x71d</run_address>
         <size>0x5a</size>
         <input_file_ref idref="fl-6"/>
      </object_component>
      <object_component id="oc-29">
         <name>.debug_line</name>
         <load_address>0x777</load_address>
         <run_address>0x777</run_address>
         <size>0x45</size>
         <input_file_ref idref="fl-7"/>
      </object_component>
      <object_component id="oc-2e">
         <name>.debug_line</name>
         <load_address>0x7bc</load_address>
         <run_address>0x7bc</run_address>
         <size>0x7c8</size>
         <input_file_ref idref="fl-8"/>
      </object_component>
      <object_component id="oc-32">
         <name>.debug_line</name>
         <load_address>0xf84</load_address>
         <run_address>0xf84</run_address>
         <size>0x16e</size>
         <input_file_ref idref="fl-9"/>
      </object_component>
      <object_component id="oc-3a">
         <name>.debug_line</name>
         <load_address>0x10f2</load_address>
         <run_address>0x10f2</run_address>
         <size>0x219</size>
         <input_file_ref idref="fl-a"/>
      </object_component>
      <object_component id="oc-3e">
         <name>.debug_line</name>
         <load_address>0x130b</load_address>
         <run_address>0x130b</run_address>
         <size>0xb9</size>
         <input_file_ref idref="fl-b"/>
      </object_component>
      <object_component id="oc-42">
         <name>.debug_line</name>
         <load_address>0x13c4</load_address>
         <run_address>0x13c4</run_address>
         <size>0x3d</size>
         <input_file_ref idref="fl-10"/>
      </object_component>
      <object_component id="oc-47">
         <name>.debug_line</name>
         <load_address>0x1401</load_address>
         <run_address>0x1401</run_address>
         <size>0x54</size>
         <input_file_ref idref="fl-11"/>
      </object_component>
      <object_component id="oc-4a">
         <name>.debug_line</name>
         <load_address>0x1455</load_address>
         <run_address>0x1455</run_address>
         <size>0x3c</size>
         <input_file_ref idref="fl-12"/>
      </object_component>
      <object_component id="oc-4d">
         <name>.debug_line</name>
         <load_address>0x1491</load_address>
         <run_address>0x1491</run_address>
         <size>0x3c</size>
         <input_file_ref idref="fl-13"/>
      </object_component>
      <object_component id="oc-50">
         <name>.debug_line</name>
         <load_address>0x14cd</load_address>
         <run_address>0x14cd</run_address>
         <size>0x44</size>
         <input_file_ref idref="fl-14"/>
      </object_component>
      <object_component id="oc-55">
         <name>.debug_line</name>
         <load_address>0x1511</load_address>
         <run_address>0x1511</run_address>
         <size>0x4f</size>
         <input_file_ref idref="fl-15"/>
      </object_component>
      <object_component id="oc-5a">
         <name>.debug_line</name>
         <load_address>0x1560</load_address>
         <run_address>0x1560</run_address>
         <size>0x3b</size>
         <input_file_ref idref="fl-16"/>
      </object_component>
      <object_component id="oc-5d">
         <name>.debug_line</name>
         <load_address>0x159b</load_address>
         <run_address>0x159b</run_address>
         <size>0x3e</size>
         <input_file_ref idref="fl-17"/>
      </object_component>
      <object_component id="oc-60">
         <name>.debug_line</name>
         <load_address>0x15d9</load_address>
         <run_address>0x15d9</run_address>
         <size>0x3a</size>
         <input_file_ref idref="fl-18"/>
      </object_component>
      <object_component id="oc-63">
         <name>.debug_line</name>
         <load_address>0x1613</load_address>
         <run_address>0x1613</run_address>
         <size>0x56</size>
         <input_file_ref idref="fl-19"/>
      </object_component>
      <object_component id="oc-68">
         <name>.debug_line</name>
         <load_address>0x1669</load_address>
         <run_address>0x1669</run_address>
         <size>0x38</size>
         <input_file_ref idref="fl-1a"/>
      </object_component>
      <object_component id="oc-6b">
         <name>.debug_line</name>
[...]
      </symbol>
      <symbol id="sm-33d">
         <name>_gmm_fit</name>
         <value>0x11800394</value>
         <object_component_ref idref="oc-11d"/>
      </symbol>
      <symbol id="sm-33e">
         <name>_gmm_set_regularization_value</name>
         <value>0x1180030c</value>
         <object_component_ref idref="oc-11d"/>
      </symbol>
      <symbol id="sm-33f">
         <name>_gmm_new</name>
         <value>0x11800200</value>
         <object_component_ref idref="oc-11d"/>
      </symbol>
      <symbol id="sm-340">
         <name>_gmm_set_max_iter</name>
         <value>0x118002d8</value>
         <object_component_ref idref="oc-11d"/>
      </symbol>
      <symbol id="sm-341">
         <name>__gmm_vec_dot_prod</name>
         <value>0x118020b8</value>
         <object_component_ref idref="oc-11d"/>
      </symbol>
      <symbol id="sm-342">
         <name>_gmm_print_params</name>
         <value>0x1180214c</value>
         <object_component_ref idref="oc-11d"/>
      </symbol>
      <symbol id="sm-343">
         <name>_gmm_free</name>
         <value>0x11802384</value>
         <object_component_ref idref="oc-11d"/>
      </symbol>
      <symbol id="sm-344">
         <name>_gmm_score</name>
         <value>0x118004f0</value>
         <object_component_ref idref="oc-11d"/>
      </symbol>
      <symbol id="sm-345">
         <name>__gmm_update_params</name>
         <value>0x11801658</value>
         <object_component_ref idref="oc-11d"/>
      </symbol>
      <symbol id="sm-380">
         <name>_GetMagnitudeFactor</name>
         <value>0x1180506c</value>
         <object_component_ref idref="oc-121"/>
      </symbol>
      <symbol id="sm-381">
         <name>_GetFilterParameter</name>
         <value>0x11804ec8</value>
         <object_component_ref idref="oc-121"/>
      </symbol>
      <symbol id="sm-382">
         <name>_NormalizationFactor</name>
         <value>0x11804e64</value>
         <object_component_ref idref="oc-121"/>
      </symbol>
      <symbol id="sm-383">
         <name>_GetCenterFrequency</name>
         <value>0x11805108</value>
         <object_component_ref idref="oc-121"/>
      </symbol>
      <symbol id="sm-384">
         <name>_GetCoefficient</name>
         <value>0x11804ca0</value>
         <object_component_ref idref="oc-121"/>
      </symbol>
      <symbol id="sm-413">
         <name>_training</name>
         <value>0x1180f63c</value>
         <object_component_ref idref="oc-34"/>
      </symbol>
      <symbol id="sm-414">
         <name>_main</name>
         <value>0x11803548</value>
         <object_component_ref idref="oc-117"/>
      </symbol>
      <symbol id="sm-415">
         <name>_mfcc_result</name>
         <value>0x1180d620</value>
         <object_component_ref idref="oc-37"/>
      </symbol>
      <symbol id="sm-416">
         <name>_spectrum</name>
         <value>0x1180ce20</value>
         <object_component_ref idref="oc-37"/>
      </symbol>
      <symbol id="sm-417">
         <name>_denominator</name>
         <value>0x1180f644</value>
         <object_component_ref idref="oc-34"/>
      </symbol>
      <symbol id="sm-418">
         <name>_gmm</name>
         <value>0x1180d688</value>
         <object_component_ref idref="oc-37"/>
      </symbol>
      <symbol id="sm-419">
         <name>_magnitude</name>
         <value>0x1180f64c</value>
         <object_component_ref idref="oc-34"/>
      </symbol>
      <symbol id="sm-41a">
         <name>_feature</name>
         <value>0x1180f640</value>
         <object_component_ref idref="oc-34"/>
      </symbol>
      <symbol id="sm-41b">
         <name>_kk</name>
         <value>0x1180f634</value>
         <object_component_ref idref="oc-34"/>
      </symbol>
      <symbol id="sm-41c">
         <name>_coeff</name>
         <value>0x1180f654</value>
         <object_component_ref idref="oc-34"/>
      </symbol>
      <symbol id="sm-41d">
         <name>_startflag</name>
         <value>0x1180f638</value>
         <object_component_ref idref="oc-34"/>
      </symbol>
      <symbol id="sm-41e">
         <name>_avg</name>
         <value>0x1180f650</value>
         <object_component_ref idref="oc-34"/>
      </symbol>
      <symbol id="sm-41f">
         <name>_fft</name>
         <value>0x118031e0</value>
         <object_component_ref idref="oc-117"/>
      </symbol>
      <symbol id="sm-420">
         <name>_numerator</name>
         <value>0x1180f648</value>
         <object_component_ref idref="oc-34"/>
      </symbol>
      <symbol id="sm-421">
         <name>_llh</name>
         <value>0x1180f658</value>
         <object_component_ref idref="oc-34"/>
      </symbol>
      <symbol id="sm-422">
         <name>_w</name>
         <value>0x1180be20</value>
         <object_component_ref idref="oc-37"/>
      </symbol>
      <symbol id="sm-423">
         <name>_X</name>
         <value>0x1180bc20</value>
         <object_component_ref idref="oc-37"/>
      </symbol>
      <symbol id="sm-424">
         <name>_M</name>
         <value>0x1180f630</value>
         <object_component_ref idref="oc-34"/>
      </symbol>
      <symbol id="sm-425">
         <name>_B</name>
         <value>0x1180c620</value>
         <object_component_ref idref="oc-37"/>
      </symbol>
      <symbol id="sm-44b">
         <name>_c_int00</name>
         <value>0x1180b4a0</value>
         <object_component_ref idref="oc-e"/>
      </symbol>
      <symbol id="sm-44c">
         <name>__stack</name>
         <value>0x1180ed10</value>
         <object_component_ref idref="oc-41"/>
      </symbol>
      <symbol id="sm-462">
         <name>_cos</name>
         <value>0x11806200</value>
         <object_component_ref idref="oc-11f"/>
      </symbol>
      <symbol id="sm-474">
         <name>__divd</name>
         <value>0x11804180</value>
         <object_component_ref idref="oc-124"/>
      </symbol>
      <symbol id="sm-484">
         <name>__divf</name>
         <value>0x11806ce0</value>
         <object_component_ref idref="oc-11e"/>
      </symbol>
      <symbol id="sm-48d">
         <name>__c6xabi_divu</name>
         <value>0x1180a540</value>
         <object_component_ref idref="oc-11a"/>
      </symbol>
      <symbol id="sm-48e">
         <name>__divu</name>
         <value>0x1180a540</value>
         <object_component_ref idref="oc-11a"/>
      </symbol>
      <symbol id="sm-4a5">
         <name>C$$EXIT</name>
         <value>0x1180bbe0</value>
         <object_component_ref idref="oc-118"/>
      </symbol>
      <symbol id="sm-4a6">
         <name>_exit</name>
         <value>0x1180a780</value>
         <object_component_ref idref="oc-10a"/>
      </symbol>
      <symbol id="sm-4a7">
         <name>___TI_enable_exit_profile_output</name>
         <value>0x1180ded8</value>
         <object_component_ref idref="oc-54"/>
      </symbol>
      <symbol id="sm-4a8">
         <name>_abort</name>
         <value>0x1180bbe0</value>
         <object_component_ref idref="oc-118"/>
      </symbol>
      <symbol id="sm-4a9">
         <name>__cleanup_ptr</name>
         <value>0x1180ded0</value>
         <object_component_ref idref="oc-54"/>
      </symbol>
      <symbol id="sm-4aa">
         <name>__dtors_ptr</name>
         <value>0x1180ded4</value>
         <object_component_ref idref="oc-54"/>
      </symbol>
      <symbol id="sm-4bd">
         <name>_exp</name>
         <value>0x118087e0</value>
         <object_component_ref idref="oc-131"/>
      </symbol>
      <symbol id="sm-4c7">
         <name>__frcmpyd_div</name>
         <value>0x1180b9c0</value>
         <object_component_ref idref="oc-13b"/>
      </symbol>
      <symbol id="sm-4d7">
         <name>_ldexp</name>
         <value>0x11809280</value>
         <object_component_ref idref="oc-140"/>
      </symbol>
      <symbol id="sm-4e5">
         <name>__llshl</name>
         <value>0x1180b420</value>
         <object_component_ref idref="oc-16b"/>
      </symbol>
      <symbol id="sm-4e6">
         <name>__llshru</name>
         <value>0x1180ba00</value>
         <object_component_ref idref="oc-13a"/>
      </symbol>
      <symbol id="sm-4f8">
         <name>_log</name>
         <value>0x118083e0</value>
         <object_component_ref idref="oc-130"/>
      </symbol>
      <symbol id="sm-500">
         <name>_memcpy</name>
         <value>0x1180b080</value>
         <object_component_ref idref="oc-115"/>
      </symbol>
      <symbol id="sm-538">
         <name>__sys_memory</name>
         <value>0x1180f110</value>
         <object_component_ref idref="oc-70"/>
      </symbol>
      <symbol id="sm-539">
         <name>_free</name>
         <value>0x11806f60</value>
         <object_component_ref idref="oc-12c"/>
      </symbol>
      <symbol id="sm-53a">
         <name>_malloc</name>
         <value>0x11808ea0</value>
         <object_component_ref idref="oc-12d"/>
      </symbol>
      <symbol id="sm-545">
         <name>_memset</name>
         <value>0x1180a080</value>
         <object_component_ref idref="oc-12e"/>
      </symbol>
      <symbol id="sm-551">
         <name>_modf</name>
         <value>0x1180b1c0</value>
         <object_component_ref idref="oc-135"/>
      </symbol>
      <symbol id="sm-57e">
         <name>_pow</name>
         <value>0x11803a60</value>
         <object_component_ref idref="oc-136"/>
      </symbol>
      <symbol id="sm-593">
         <name>_printf</name>
         <value>0x1180a160</value>
         <object_component_ref idref="oc-122"/>
      </symbol>
      <symbol id="sm-5a8">
         <name>_rand</name>
         <value>0x1180b520</value>
         <object_component_ref idref="oc-12a"/>
      </symbol>
      <symbol id="sm-5a9">
         <name>_srand</name>
         <value>0x1180b840</value>
         <object_component_ref idref="oc-129"/>
      </symbol>
      <symbol id="sm-5b2">
         <name>__remi</name>
         <value>0x1180a6c0</value>
         <object_component_ref idref="oc-12b"/>
      </symbol>
      <symbol id="sm-5b3">
         <name>__c6xabi_remi</name>
         <value>0x1180a6c0</value>
         <object_component_ref idref="oc-12b"/>
      </symbol>
      <symbol id="sm-5bd">
         <name>__nround</name>
         <value>0x1180ad60</value>
         <object_component_ref idref="oc-134"/>
      </symbol>
      <symbol id="sm-5d2">
         <name>_sin</name>
         <value>0x118071e0</value>
         <object_component_ref idref="oc-120"/>
      </symbol>
      <symbol id="sm-5de">
         <name>_sqrt</name>
         <value>0x11809ce0</value>
         <object_component_ref idref="oc-132"/>
      </symbol>
      <symbol id="sm-5e9">
         <name>_strcmp</name>
         <value>0x1180ba80</value>
         <object_component_ref idref="oc-123"/>
      </symbol>
      <symbol id="sm-5f3">
         <name>_time</name>
         <value>0x1180bac0</value>
         <object_component_ref idref="oc-128"/>
      </symbol>
      <symbol id="sm-620">
         <name>_HOSTopen</name>
         <value>0x11809020</value>
         <object_component_ref idref="oc-10d"/>
      </symbol>
      <symbol id="sm-621">
         <name>_HOSTread</name>
         <value>0x11809de0</value>
         <object_component_ref idref="oc-10f"/>
      </symbol>
      <symbol id="sm-622">
         <name>_HOSTtime</name>
         <value>0x1180a9a0</value>
         <object_component_ref idref="oc-13c"/>
      </symbol>
      <symbol id="sm-623">
         <name>_HOSTrename</name>
         <value>0x11808d20</value>
         <object_component_ref idref="oc-113"/>
      </symbol>
      <symbol id="sm-624">
         <name>_HOSTwrite</name>
         <value>0x1180a300</value>
         <object_component_ref idref="oc-110"/>
      </symbol>
      <symbol id="sm-625">
         <name>_HOSTlseek</name>
         <value>0x11809ae0</value>
         <object_component_ref idref="oc-111"/>
      </symbol>
      <symbol id="sm-626">
         <name>_HOSTunlink</name>
         <value>0x1180a240</value>
         <object_component_ref idref="oc-112"/>
      </symbol>
      <symbol id="sm-627">
         <name>_HOSTclose</name>
         <value>0x1180a900</value>
         <object_component_ref idref="oc-10e"/>
      </symbol>
      <symbol id="sm-637">
         <name>C$$IO$$</name>
         <value>0x1180b8f8</value>
         <object_component_ref idref="oc-11b"/>
      </symbol>
      <symbol id="sm-638">
         <name>__CIOBUF_</name>
         <value>0x1180f510</value>
         <object_component_ref idref="oc-9f"/>
      </symbol>
      <symbol id="sm-639">
         <name>_readmsg</name>
         <value>0x1180b5a0</value>
         <object_component_ref idref="oc-11c"/>
      </symbol>
      <symbol id="sm-63a">
         <name>_writemsg</name>
         <value>0x1180b8a0</value>
         <object_component_ref idref="oc-11b"/>
      </symbol>
      <symbol id="sm-644">
         <name>__trunc</name>
         <value>0x1180bbc0</value>
         <object_component_ref idref="oc-133"/>
      </symbol>
      <symbol id="sm-652">
         <name>__unlock</name>
         <value>0x1180dee8</value>
         <object_component_ref idref="oc-a7"/>
      </symbol>
      <symbol id="sm-653">
         <name>__lock</name>
         <value>0x1180dee4</value>
         <object_component_ref idref="oc-a7"/>
      </symbol>
      <symbol id="sm-654">
         <name>__nop</name>
         <value>0x1180bb60</value>
         <object_component_ref idref="oc-10c"/>
      </symbol>
      <symbol id="sm-75d">
         <name>__printfi</name>
         <value>0x11805700</value>
         <object_component_ref idref="oc-138"/>
      </symbol>
      <symbol id="sm-767">
         <name>__args_main</name>
         <value>0x1180b980</value>
         <object_component_ref idref="oc-109"/>
      </symbol>
      <symbol id="sm-768">
         <name>__TI_args_main</name>
         <value>0x1</value>
      </symbol>
      <symbol id="sm-776">
         <name>_atoi</name>
         <value>0x11809ec0</value>
         <object_component_ref idref="oc-14a"/>
      </symbol>
      <symbol id="sm-785">
         <name>__auto_init</name>
         <value>0x1180a3c0</value>
         <object_component_ref idref="oc-108"/>
      </symbol>
      <symbol id="sm-792">
         <name>___TI_cpp_init</name>
         <value>0x1180b720</value>
         <object_component_ref idref="oc-116"/>
      </symbol>
      <symbol id="sm-7a0">
         <name>_copy_in</name>
         <value>0x1180aea0</value>
         <object_component_ref idref="oc-114"/>
      </symbol>
      <symbol id="sm-7a8">
         <name>__ctypes_</name>
         <value>0x1180e618</value>
         <object_component_ref idref="oc-150"/>
      </symbol>
      <symbol id="sm-7b2">
         <name>__tmpnams</name>
         <value>0x1180da68</value>
         <object_component_ref idref="oc-c1"/>
      </symbol>
      <symbol id="sm-7b3">
         <name>__ft_end</name>
         <value>0x1180dba8</value>
         <object_component_ref idref="oc-c1"/>
      </symbol>
      <symbol id="sm-7b4">
         <name>__ftable</name>
         <value>0x1180d888</value>
         <object_component_ref idref="oc-c1"/>
      </symbol>
      <symbol id="sm-7be">
         <name>_errno</name>
         <value>0x1180dbac</value>
         <object_component_ref idref="oc-c5"/>
      </symbol>
      <symbol id="sm-7cb">
         <name>__fixdli</name>
         <value>0x1180acc0</value>
         <object_component_ref idref="oc-162"/>
      </symbol>
      <symbol id="sm-7d6">
         <name>__fltlid</name>
         <value>0x1180b3a0</value>
         <object_component_ref idref="oc-164"/>
      </symbol>
      <symbol id="sm-7f1">
         <name>_putc</name>
         <value>0x11807fc0</value>
         <object_component_ref idref="oc-146"/>
      </symbol>
      <symbol id="sm-7f2">
         <name>_fputc</name>
         <value>0x11807fc0</value>
         <object_component_ref idref="oc-146"/>
      </symbol>
      <symbol id="sm-814">
         <name>_fputs</name>
         <value>0x11805b40</value>
         <object_component_ref idref="oc-141"/>
      </symbol>
      <symbol id="sm-823">
         <name>_frexp</name>
         <value>0x118098a0</value>
         <object_component_ref idref="oc-13f"/>
      </symbol>
      <symbol id="sm-833">
         <name>__divul</name>
         <value>0x11808b80</value>
         <object_component_ref idref="oc-165"/>
      </symbol>
      <symbol id="sm-834">
         <name>__remli</name>
         <value>0x1180ba40</value>
         <object_component_ref idref="oc-169"/>
      </symbol>
      <symbol id="sm-835">
         <name>__divli</name>
         <value>0x1180aae0</value>
         <object_component_ref idref="oc-16a"/>
      </symbol>
      <symbol id="sm-849">
         <name>__subcull</name>
         <value>0x1180b780</value>
         <object_component_ref idref="oc-16c"/>
      </symbol>
      <symbol id="sm-84a">
         <name>__divull</name>
         <value>0x11807460</value>
         <object_component_ref idref="oc-166"/>
      </symbol>
      <symbol id="sm-854">
         <name>___isinf</name>
         <value>0x1180b900</value>
         <object_component_ref idref="oc-152"/>
      </symbol>
      <symbol id="sm-891">
         <name>_unlink</name>
         <value>0x1180b620</value>
         <object_component_ref idref="oc-16d"/>
      </symbol>
      <symbol id="sm-892">
         <name>_lseek</name>
         <value>0x1180afe0</value>
         <object_component_ref idref="oc-159"/>
      </symbol>
      <symbol id="sm-893">
         <name>_close</name>
         <value>0x11809fa0</value>
         <object_component_ref idref="oc-167"/>
      </symbol>
      <symbol id="sm-894">
         <name>_write</name>
         <value>0x1180b300</value>
         <object_component_ref idref="oc-149"/>
      </symbol>
      <symbol id="sm-8a1">
         <name>_ltoa</name>
         <value>0x1180a840</value>
         <object_component_ref idref="oc-163"/>
      </symbol>
      <symbol id="sm-8ae">
         <name>_memccpy</name>
         <value>0x1180b7e0</value>
         <object_component_ref idref="oc-14d"/>
      </symbol>
      <symbol id="sm-8b8">
         <name>__negll</name>
         <value>0x1180bb40</value>
         <object_component_ref idref="oc-157"/>
      </symbol>
      <symbol id="sm-8c7">
         <name>__wrt_ok</name>
         <value>0x11809be0</value>
         <object_component_ref idref="oc-147"/>
      </symbol>
      <symbol id="sm-8db">
         <name>__doflush</name>
         <value>0x1180a600</value>
         <object_component_ref idref="oc-148"/>
      </symbol>
      <symbol id="sm-8ec">
         <name>_fseek</name>
         <value>0x118099c0</value>
         <object_component_ref idref="oc-14e"/>
      </symbol>
      <symbol id="sm-903">
         <name>_setvbuf</name>
         <value>0x118085e0</value>
         <object_component_ref idref="oc-14f"/>
      </symbol>
      <symbol id="sm-916">
         <name>__cleanup</name>
         <value>0x1180aa40</value>
         <object_component_ref idref="oc-15a"/>
      </symbol>
      <symbol id="sm-928">
         <name>__closefile</name>
         <value>0x11809660</value>
         <object_component_ref idref="oc-161"/>
      </symbol>
      <symbol id="sm-932">
         <name>_remove</name>
         <value>0x1180bc00</value>
         <object_component_ref idref="oc-168"/>
      </symbol>
   </symbol_table>
</link_info>
