******************************************************************************
               TMS320C6x Linker PC v7.4.14                     
******************************************************************************
>> Linked Tue Apr 03 12:12:42 2018

OUTPUT FILE NAME:   <myGMM3.out>
ENTRY POINT SYMBOL: "_c_int00"  address: 1180b3e0


MEMORY CONFIGURATION

         name            origin    length      used     unused   attr    fill
----------------------  --------  ---------  --------  --------  ----  --------
  VECTORS               11800000   00000200  00000200  00000000  RWIX
  DSPRAM                11800200   0003fe00  00011eac  0002df54  RWIX
  SHAREDRAM             80000000   00020000  00000000  00020000  RWIX
  SDRAM                 c0000000   08000000  00000000  08000000  RWIX


SECTION ALLOCATION MAP

 output                                  attributes/
section   page    origin      length       input sections
--------  ----  ----------  ----------   ----------------
vectors    0    11800000    00000200     
                  11800000    00000200     vectors.obj (vectors)

.text      0    11800200    0000b960     
                  11800200    00002100     gmm.obj (.text)
                  11802300    00000dc0     LCDK_Support_DSP.obj (.text)
                  118030c0    000008c0     main.obj (.text)
                  11803980    00000720     rts6740.lib : pow.obj (.text:_pow)
                  118040a0    000005a0                 : divd.obj (.text:__divd)
                  11804640    00000580                 : _printfi.obj (.text:__getarg_diouxp)
                  11804bc0    00000540     libmfcc.obj (.text)
                  11805100    00000520     rts6740.lib : _printfi.obj (.text:__setfield)
                  11805620    00000440                 : _printfi.obj (.text:__printfi)
                  11805a60    000003a0                 : fputs.obj (.text:_fputs)
                  11805e00    00000320                 : _printfi.obj (.text:__pproc_fge)
                  11806120    000002e0                 : cos.obj (.text:_cos)
                  11806400    000002c0                 : _printfi.obj (.text:__pproc_fwp)
                  118066c0    000002a0                 : _printfi.obj (.text:_ecvt)
                  11806960    000002a0                 : _printfi.obj (.text:_fcvt)
                  11806c00    00000280                 : divf.obj (.text:__divf)
                  11806e80    00000280                 : memory.obj (.text:_free)
                  11807100    00000280                 : sin.obj (.text:_sin)
                  11807380    00000260                 : imath64.obj (.text:__divull)
                  118075e0    00000260                 : _printfi.obj (.text:__pconv_e)
                  11807840    00000260     ISRs.obj (.text:retain)
                  11807aa0    00000240     rts6740.lib : _printfi.obj (.text:__pproc_diouxp)
                  11807ce0    00000220                 : _printfi.obj (.text:__pproc_str)
                  11807f00    00000220                 : fputc.obj (.text:_fputc)
                  11808120    00000200                 : _printfi.obj (.text:__pconv_g)
                  11808320    00000200                 : log.obj (.text:_log)
                  11808520    00000200                 : setvbuf.obj (.text:_setvbuf)
                  11808720    000001e0                 : exp.obj (.text:_exp)
                  11808900    000001c0                 : _printfi.obj (.text:__mcpy)
                  11808ac0    000001a0                 : imath40.obj (.text:__divul)
                  11808c60    00000180                 : trgdrv.obj (.text:_HOSTrename)
                  11808de0    00000180                 : memory.obj (.text:_malloc)
                  11808f60    000000a0                 : trgdrv.obj (.text:_HOSTclose)
                  11809000    00000180     assem.obj (.text)
                  11809180    00000160     rts6740.lib : ldexp.obj (.text:_ldexp)
                  118092e0    00000140                 : _printfi.obj (.text:__pproc_fflags)
                  11809420    00000140                 : lowlev.obj (.text:_getdevice)
                  11809560    00000120                 : fclose.obj (.text:__closefile)
                  11809680    00000120                 : _printfi.obj (.text:__ltostr)
                  118097a0    00000120                 : frexp.obj (.text:_frexp)
                  118098c0    00000120                 : fseek.obj (.text:_fseek)
                  118099e0    00000100                 : trgdrv.obj (.text:_HOSTlseek)
                  11809ae0    00000100                 : _io_perm.obj (.text:__wrt_ok)
                  11809be0    00000100                 : sqrt.obj (.text:_sqrt)
                  11809ce0    000000e0                 : trgdrv.obj (.text:_HOSTopen)
                  11809dc0    000000e0                 : trgdrv.obj (.text:_HOSTread)
                  11809ea0    000000e0                 : atoi.obj (.text:_atoi)
                  11809f80    000000e0                 : lowlev.obj (.text:_close)
                  1180a060    000000e0                 : memset.obj (.text:_memset)
                  1180a140    000000e0                 : printf.obj (.text:_printf)
                  1180a220    000000c0                 : trgdrv.obj (.text:_HOSTunlink)
                  1180a2e0    000000c0                 : trgdrv.obj (.text:_HOSTwrite)
                  1180a3a0    000000c0                 : autoinit.obj (.text:__auto_init)
                  1180a460    000000c0                 : _printfi.obj (.text:__div)
                  1180a520    000000c0                 : divu.obj (.text:__divu)
                  1180a5e0    000000c0                 : fflush.obj (.text:__doflush)
                  1180a6a0    000000c0                 : remi.obj (.text:__remi)
                  1180a760    000000c0                 : exit.obj (.text:_exit)
                  1180a820    000000c0                 : ltoa.obj (.text:_ltoa)
                  1180a8e0    000000a0                 : trgdrv.obj (.text:_HOSTtime)
                  1180a980    000000a0                 : fopen.obj (.text:__cleanup)
                  1180aa20    000000a0                 : imath40.obj (.text:__divli)
                  1180aac0    000000a0                 : _printfi.obj (.text:__ecpy)
                  1180ab60    000000a0                 : _printfi.obj (.text:__fcpy)
                  1180ac00    000000a0                 : fixdli.obj (.text:__fixdli)
                  1180aca0    000000a0                 : round.obj (.text:__nround)
                  1180ad40    000000a0                 : _printfi.obj (.text:__pconv_f)
                  1180ade0    000000a0                 : cpy_tbl.obj (.text:_copy_in)
                  1180ae80    000000a0                 : lowlev.obj (.text:_finddevice)
                  1180af20    000000a0                 : lowlev.obj (.text:_lseek)
                  1180afc0    000000a0                 : memcpy64.obj (.text:_memcpy)
                  1180b060    000000a0                 : memory.obj (.text:_minsert)
                  1180b100    000000a0                 : modf.obj (.text:_modf)
                  1180b1a0    000000a0                 : memory.obj (.text:_mremove)
                  1180b240    000000a0                 : lowlev.obj (.text:_write)
                  1180b2e0    00000080                 : fltlid.obj (.text:__fltlid)
                  1180b360    00000080                 : llshift.obj (.text:__llshl)
                  1180b3e0    00000080                 : boot.obj (.text:_c_int00)
                  1180b460    00000080                 : rand.obj (.text:_rand)
                  1180b4e0    00000080                 : trgmsg.obj (.text:_readmsg)
                  1180b560    00000080                 : lowlev.obj (.text:_unlink)
                  1180b5e0    00000080     autocorr.obj (.text)
                  1180b660    00000060     rts6740.lib : cpp_init.obj (.text:___TI_cpp_init)
                  1180b6c0    00000060                 : imath64.obj (.text:__subcull)
                  1180b720    00000060                 : memccpy.obj (.text:_memccpy)
                  1180b780    00000060                 : rand.obj (.text:_srand)
                  1180b7e0    00000060                 : trgmsg.obj (.text:_writemsg)
                  1180b840    00000040                 : isinf.obj (.text:___isinf)
                  1180b880    00000040                 : _printfi.obj (.text:___isnan)
                  1180b8c0    00000040                 : args_main.obj (.text:__args_main)
                  1180b900    00000040                 : frcmpyd_div.obj (.text:__frcmpyd_div)
                  1180b940    00000040                 : llshift.obj (.text:__llshru)
                  1180b980    00000040                 : imath40.obj (.text:__remli)
                  1180b9c0    00000040                 : strcmp.obj (.text:_strcmp)
                  1180ba00    00000040                 : time.obj (.text:_time)
                  1180ba40    00000040     flip.obj (.text)
                  1180ba80    00000020     rts6740.lib : negll.obj (.text:__negll)
                  1180baa0    00000020                 : _lock.obj (.text:__nop)
                  1180bac0    00000020                 : printf.obj (.text:__outc)
                  1180bae0    00000020                 : printf.obj (.text:__outs)
                  1180bb00    00000020                 : trunc.obj (.text:__trunc)
                  1180bb20    00000020                 : exit.obj (.text:_abort)
                  1180bb40    00000020                 : remove.obj (.text:_remove)

.far       0    1180bb60    000052e8     UNINITIALIZED
                  1180bb60    00004c68     main.obj (.far)
                  118107c8    00000324     rts6740.lib : defs.obj (.far)
                  11810aec    00000004                 : errno.obj (.far)
                  11810af0    00000120                 : pow.obj (.far)
                  11810c10    0000011c                 : lowlev.obj (.far)
                  11810d2c    00000004                 : fopen.obj (.far)
                  11810d30    00000040                 : cos.obj (.far)
                  11810d70    00000040                 : sin.obj (.far)
                  11810db0    00000030                 : exp.obj (.far)
                  11810de0    00000030                 : log.obj (.far)
                  11810e10    0000000c                 : exit.obj (.far)
                  11810e1c    00000008     ISRs.obj (.far)
                  11810e24    00000008     rts6740.lib : _lock.obj (.far)
                  11810e2c    00000008                 : memory.obj (.far)
                  11810e34    00000004     --HOLE--
                  11810e38    00000008                 : rand.obj (.far)
                  11810e40    00000008                 : trgdrv.obj (.far)

.const     0    11810e48    00000494     
                  11810e48    00000174     gmm.obj (.const:.string)
                  11810fbc    00000002     rts6740.lib : fputs.obj (.const:.string)
                  11810fbe    00000002     --HOLE-- [fill = 0]
                  11810fc0    00000101                 : ctype.obj (.const:.string:__ctypes_)
                  118110c1    00000007     --HOLE-- [fill = 0]
                  118110c8    000000f0     gmm.obj (.const:_$P$T2$3)
                  118111b8    00000070     gmm.obj (.const:_$P$T0$1)
                  11811228    00000070     gmm.obj (.const:_$P$T1$2)
                  11811298    00000023     rts6740.lib : _printfi.obj (.const:.string)
                  118112bb    00000001     --HOLE-- [fill = 0]
                  118112bc    00000020     main.obj (.const:.string)

.cinit     0    118112e0    00000464     
                  118112e0    00000140     rts6740.lib : pow.obj (.cinit)
                  11811420    0000008c     main.obj (.cinit)
                  118114ac    00000004     --HOLE-- [fill = 0]
                  118114b0    0000005c     rts6740.lib : defs.obj (.cinit)
                  1181150c    00000004     --HOLE-- [fill = 0]
                  11811510    0000005c                 : lowlev.obj (.cinit)
                  1181156c    00000004     --HOLE-- [fill = 0]
                  11811570    00000048                 : cos.obj (.cinit)
                  118115b8    00000048                 : sin.obj (.cinit)
                  11811600    00000040                 : exp.obj (.cinit)
                  11811640    00000040                 : log.obj (.cinit)
                  11811680    0000002c                 : exit.obj (.cinit)
                  118116ac    00000004     --HOLE-- [fill = 0]
                  118116b0    0000002c                 : memory.obj (.cinit)
                  118116dc    00000004     --HOLE-- [fill = 0]
                  118116e0    0000001c                 : _lock.obj (.cinit)
                  118116fc    00000004     --HOLE-- [fill = 0]
                  11811700    00000010                 : rand.obj (.cinit)
                  11811710    0000000c     LCDK_Support_DSP.obj (.cinit)
                  1181171c    00000004     --HOLE-- [fill = 0]
                  11811720    0000000c     rts6740.lib : errno.obj (.cinit)
                  1181172c    00000004     --HOLE-- [fill = 0]
                  11811730    0000000c                 : fopen.obj (.cinit)
                  1181173c    00000004     --HOLE-- [fill = 0]
                  11811740    00000004     (.pad.cinit) [fill = 0]

.stack     0    11811748    00000400     UNINITIALIZED
                  11811748    00000008     rts6740.lib : boot.obj (.stack)
                  11811750    000003f8     --HOLE--

.sysmem    0    11811b48    00000400     UNINITIALIZED
                  11811b48    00000008     rts6740.lib : memory.obj (.sysmem)
                  11811b50    000003f8     --HOLE--

.cio       0    11811f48    00000120     UNINITIALIZED
                  11811f48    00000120     rts6740.lib : trgmsg.obj (.cio)

.bss       0    11812068    00000034     UNINITIALIZED
                  11812068    00000030     main.obj (.bss)
                  11812098    00000004     LCDK_Support_DSP.obj (.bss)

.switch    0    1181209c    00000018     
                  1181209c    00000018     LCDK_Support_DSP.obj (.switch:_SetSampleRate_AIC3106)


GLOBAL SYMBOLS: SORTED ALPHABETICALLY BY Name 

address    name
--------   ----
11812068   $bss
11812068   .bss
11800200   .text
1180bb20   C$$EXIT
1180b838   C$$IO$$
118029ec   _AIC3106_write_reg
1180fb68   _B
11802774   _CheckForOverrun
11810e1c   _CodecDataIn
11810e20   _CodecDataOut
11807840   _Codec_ISR
11802308   _DSP_Init
11802328   _DSP_Init_EDMA
1180250c   _EnableInterrupts
11802558   _EnableInterrupts_EDMA
11805028   _GetCenterFrequency
11804bc0   _GetCoefficient
11804de8   _GetFilterParameter
11804f8c   _GetMagnitudeFactor
11802300   _GetSampleFreq
11808f60   _HOSTclose
118099e0   _HOSTlseek
11809ce0   _HOSTopen
11809dc0   _HOSTread
11808c60   _HOSTrename
1180a8e0   _HOSTtime
1180a220   _HOSTunlink
1180a2e0   _HOSTwrite
118024a4   _InitDigitalOutputs
11802348   _InitLEDs
118027a4   _Init_AIC3106
118025cc   _Init_I2C
118024c8   _Init_Interrupts
11802548   _Init_Interrupts_EDMA
11802b98   _Init_McASP0
11802f28   _Init_UART2
11803068   _IsDataReady_UART2
1180308c   _IsTxReady_UART2
11812068   _M
11804d84   _NormalizationFactor
11803008   _Puts_UART2
1180272c   _ReadCodecData
1180248c   _ReadSwitches
11803048   _Read_UART2
11802a28   _Reset_AIC3106
11802628   _Reset_I2C
11802a50   _SetSampleRate_AIC3106
1180bb60   _UARTout
11802750   _WriteCodecData
118024b0   _WriteDigitalOutputs
118023a8   _WriteLEDs
11802648   _Write_I2C
11802fe0   _Write_UART2
1180bb68   _X
11811f48   __CIOBUF_
11811b48   __STACK_END
00000400   __STACK_SIZE
00000400   __SYSMEM_SIZE
00000001   __TI_args_main
1180b660   ___TI_cpp_init
11810e18   ___TI_enable_exit_profile_output
ffffffff   ___TI_pprof_out_hndl
ffffffff   ___TI_prof_data_size
ffffffff   ___TI_prof_data_start
ffffffff   ___binit__
11812068   ___bss__
ffffffff   ___c_args__
118112e0   ___cinit__
1181209c   ___end__
1180bb60   ___etext__
1180b840   ___isinf
ffffffff   ___pinit__
11800200   ___text__
1180b8c0   __args_main
1180a3a0   __auto_init
1180a520   __c6xabi_divu
1180a6a0   __c6xabi_remi
1180a980   __cleanup
11810e10   __cleanup_ptr
11809560   __closefile
11810fc0   __ctypes_
118040a0   __divd
11806c00   __divf
1180aa20   __divli
1180a520   __divu
11808ac0   __divul
11807380   __divull
1180a5e0   __doflush
11810e14   __dtors_ptr
1180ac00   __fixdli
1180b2e0   __fltlid
1180b900   __frcmpyd_div
11810ae8   __ft_end
118107c8   __ftable
11801220   __gmm_compute_membership_prob
118011f0   __gmm_em_step
11800574   __gmm_init_params
11800a50   __gmm_init_params_kmeans
118005b4   __gmm_init_params_random
11801bec   __gmm_log_gaussian_pdf
11802004   __gmm_pow2
11801514   __gmm_update_params
11801ea4   __gmm_vec_add
11801f30   __gmm_vec_divide_by_scalar
11801f90   __gmm_vec_dot_prod
11801e20   __gmm_vec_l2_dist
1180b360   __llshl
1180b940   __llshru
11810e24   __lock
1180ba80   __negll
1180baa0   __nop
1180aca0   __nround
11805620   __printfi
1180a6a0   __remi
1180b980   __remli
11811748   __stack
1180b6c0   __subcull
11811b48   __sys_memory
118109a8   __tmpnams
1180bb00   __trunc
11810e28   __unlock
11809ae0   __wrt_ok
1180bb20   _abort
11809ea0   _atoi
1180b5e0   _autoCorr
11812088   _avg
11812074   _begining
1180b3e0   _c_int00
11809f80   _close
1181208c   _coeff
1180ade0   _copy_in
11806120   _cos
1181207c   _denominator
11810aec   _errno
1180a760   _exit
11808720   _exp
11812078   _feature
118030c0   _fft
11809104   _fircircfunc
1180ba40   _flipfunc
11807f00   _fputc
11805a60   _fputs
11806e80   _free
118097a0   _frexp
118098c0   _fseek
11812094   _gmm
11800370   _gmm_fit
11802260   _gmm_free
11800200   _gmm_new
11802024   _gmm_print_params
118004c4   _gmm_score
118002cc   _gmm_set_convergence_tol
11800304   _gmm_set_initialization_method
118002b4   _gmm_set_max_iter
118002e8   _gmm_set_regularization_value
1181206c   _kk
11809180   _ldexp
11812090   _llh
11808320   _log
1180af20   _lseek
1180a820   _ltoa
11812084   _magnitude
11803428   _main
11808de0   _malloc
1180b720   _memccpy
1180afc0   _memcpy
1180a060   _memset
11810368   _mfcc_result
1180b100   _modf
11812080   _numerator
11803980   _pow
1180a140   _printf
11807f00   _putc
1180b460   _rand
1180b4e0   _readmsg
1180bb40   _remove
11808520   _setvbuf
11807100   _sin
1180ff68   _spectrum
11809be0   _sqrt
1180b780   _srand
11812070   _startflag
1180b9c0   _strcmp
1180ba00   _time
1180b560   _unlink
1180db68   _w
11802598   _wait
1180b240   _write
1180b7e0   _writemsg
ffffffff   binit
118112e0   cinit
1181209c   end
1180bb60   etext
ffffffff   pinit


GLOBAL SYMBOLS: SORTED BY Symbol Address 

address    name
--------   ----
00000001   __TI_args_main
00000400   __STACK_SIZE
00000400   __SYSMEM_SIZE
11800200   .text
11800200   ___text__
11800200   _gmm_new
118002b4   _gmm_set_max_iter
118002cc   _gmm_set_convergence_tol
118002e8   _gmm_set_regularization_value
11800304   _gmm_set_initialization_method
11800370   _gmm_fit
118004c4   _gmm_score
11800574   __gmm_init_params
118005b4   __gmm_init_params_random
11800a50   __gmm_init_params_kmeans
118011f0   __gmm_em_step
11801220   __gmm_compute_membership_prob
11801514   __gmm_update_params
11801bec   __gmm_log_gaussian_pdf
11801e20   __gmm_vec_l2_dist
11801ea4   __gmm_vec_add
11801f30   __gmm_vec_divide_by_scalar
11801f90   __gmm_vec_dot_prod
11802004   __gmm_pow2
11802024   _gmm_print_params
11802260   _gmm_free
11802300   _GetSampleFreq
11802308   _DSP_Init
11802328   _DSP_Init_EDMA
11802348   _InitLEDs
118023a8   _WriteLEDs
1180248c   _ReadSwitches
118024a4   _InitDigitalOutputs
118024b0   _WriteDigitalOutputs
118024c8   _Init_Interrupts
1180250c   _EnableInterrupts
11802548   _Init_Interrupts_EDMA
11802558   _EnableInterrupts_EDMA
11802598   _wait
118025cc   _Init_I2C
11802628   _Reset_I2C
11802648   _Write_I2C
1180272c   _ReadCodecData
11802750   _WriteCodecData
11802774   _CheckForOverrun
118027a4   _Init_AIC3106
118029ec   _AIC3106_write_reg
11802a28   _Reset_AIC3106
11802a50   _SetSampleRate_AIC3106
11802b98   _Init_McASP0
11802f28   _Init_UART2
11802fe0   _Write_UART2
11803008   _Puts_UART2
11803048   _Read_UART2
11803068   _IsDataReady_UART2
1180308c   _IsTxReady_UART2
118030c0   _fft
11803428   _main
11803980   _pow
118040a0   __divd
11804bc0   _GetCoefficient
11804d84   _NormalizationFactor
11804de8   _GetFilterParameter
11804f8c   _GetMagnitudeFactor
11805028   _GetCenterFrequency
11805620   __printfi
11805a60   _fputs
11806120   _cos
11806c00   __divf
11806e80   _free
11807100   _sin
11807380   __divull
11807840   _Codec_ISR
11807f00   _fputc
11807f00   _putc
11808320   _log
11808520   _setvbuf
11808720   _exp
11808ac0   __divul
11808c60   _HOSTrename
11808de0   _malloc
11808f60   _HOSTclose
11809104   _fircircfunc
11809180   _ldexp
11809560   __closefile
118097a0   _frexp
118098c0   _fseek
118099e0   _HOSTlseek
11809ae0   __wrt_ok
11809be0   _sqrt
11809ce0   _HOSTopen
11809dc0   _HOSTread
11809ea0   _atoi
11809f80   _close
1180a060   _memset
1180a140   _printf
1180a220   _HOSTunlink
1180a2e0   _HOSTwrite
1180a3a0   __auto_init
1180a520   __c6xabi_divu
1180a520   __divu
1180a5e0   __doflush
1180a6a0   __c6xabi_remi
1180a6a0   __remi
1180a760   _exit
1180a820   _ltoa
1180a8e0   _HOSTtime
1180a980   __cleanup
1180aa20   __divli
1180ac00   __fixdli
1180aca0   __nround
1180ade0   _copy_in
1180af20   _lseek
1180afc0   _memcpy
1180b100   _modf
1180b240   _write
1180b2e0   __fltlid
1180b360   __llshl
1180b3e0   _c_int00
1180b460   _rand
1180b4e0   _readmsg
1180b560   _unlink
1180b5e0   _autoCorr
1180b660   ___TI_cpp_init
1180b6c0   __subcull
1180b720   _memccpy
1180b780   _srand
1180b7e0   _writemsg
1180b838   C$$IO$$
1180b840   ___isinf
1180b8c0   __args_main
1180b900   __frcmpyd_div
1180b940   __llshru
1180b980   __remli
1180b9c0   _strcmp
1180ba00   _time
1180ba40   _flipfunc
1180ba80   __negll
1180baa0   __nop
1180bb00   __trunc
1180bb20   C$$EXIT
1180bb20   _abort
1180bb40   _remove
1180bb60   _UARTout
1180bb60   ___etext__
1180bb60   etext
1180bb68   _X
1180db68   _w
1180fb68   _B
1180ff68   _spectrum
11810368   _mfcc_result
118107c8   __ftable
118109a8   __tmpnams
11810ae8   __ft_end
11810aec   _errno
11810e10   __cleanup_ptr
11810e14   __dtors_ptr
11810e18   ___TI_enable_exit_profile_output
11810e1c   _CodecDataIn
11810e20   _CodecDataOut
11810e24   __lock
11810e28   __unlock
11810fc0   __ctypes_
118112e0   ___cinit__
118112e0   cinit
11811748   __stack
11811b48   __STACK_END
11811b48   __sys_memory
11811f48   __CIOBUF_
11812068   $bss
11812068   .bss
11812068   _M
11812068   ___bss__
1181206c   _kk
11812070   _startflag
11812074   _begining
11812078   _feature
1181207c   _denominator
11812080   _numerator
11812084   _magnitude
11812088   _avg
1181208c   _coeff
11812090   _llh
11812094   _gmm
1181209c   ___end__
1181209c   end
ffffffff   ___TI_pprof_out_hndl
ffffffff   ___TI_prof_data_size
ffffffff   ___TI_prof_data_start
ffffffff   ___binit__
ffffffff   ___c_args__
ffffffff   ___pinit__
ffffffff   binit
ffffffff   pinit

[194 symbols]
