******************************************************************************
               TMS320C6x Linker PC v7.4.14                     
******************************************************************************
>> Linked Mon Apr 09 14:23:06 2018

OUTPUT FILE NAME:   <myGMM4.out>
ENTRY POINT SYMBOL: "_c_int00"  address: 11817500


MEMORY CONFIGURATION

         name            origin    length      used     unused   attr    fill
----------------------  --------  ---------  --------  --------  ----  --------
  VECTORS               11800000   00000200  00000200  00000000  RWIX
  DSPRAM                11800200   0003fe00  00018bf3  0002720d  RWIX
  SHAREDRAM             80000000   00020000  00000000  00020000  RWIX
  SDRAM                 c0000000   08000000  00000000  08000000  RWIX


SECTION ALLOCATION MAP

 output                                  attributes/
section   page    origin      length       input sections
--------  ----  ----------  ----------   ----------------
vectors    0    11800000    00000200     
                  11800000    00000200     vectors.obj (vectors)

.far       0    11800200    0000bf08     UNINITIALIZED
                  11800200    0000b888     main.obj (.far)
                  1180ba88    00000324     rts6740.lib : defs.obj (.far)
                  1180bdac    00000004                 : errno.obj (.far)
                  1180bdb0    00000120                 : pow.obj (.far)
                  1180bed0    0000011c                 : lowlev.obj (.far)
                  1180bfec    00000004                 : fopen.obj (.far)
                  1180bff0    00000040                 : cos.obj (.far)
                  1180c030    00000040                 : sin.obj (.far)
                  1180c070    00000030                 : exp.obj (.far)
                  1180c0a0    00000030                 : log.obj (.far)
                  1180c0d0    0000000c                 : exit.obj (.far)
                  1180c0dc    00000008     ISRs.obj (.far)
                  1180c0e4    00000008     rts6740.lib : _lock.obj (.far)
                  1180c0ec    00000008                 : memory.obj (.far)
                  1180c0f4    00000004     --HOLE--
                  1180c0f8    00000008                 : rand.obj (.far)
                  1180c100    00000008                 : trgdrv.obj (.far)

.bss       0    1180c108    00000030     UNINITIALIZED
                  1180c108    0000002c     main.obj (.bss)
                  1180c134    00000004     LCDK_Support_DSP.obj (.bss)

.switch    0    1180c138    00000018     
                  1180c138    00000018     LCDK_Support_DSP.obj (.switch:_SetSampleRate_AIC3106)

.text      0    1180c200    0000ba80     
                  1180c200    000021e0     gmm.obj (.text)
                  1180e3e0    00000dc0     LCDK_Support_DSP.obj (.text)
                  1180f1a0    00000900     main.obj (.text)
                  1180faa0    00000720     rts6740.lib : pow.obj (.text:_pow)
                  118101c0    000005a0                 : divd.obj (.text:__divd)
                  11810760    00000580                 : _printfi.obj (.text:__getarg_diouxp)
                  11810ce0    00000540     libmfcc.obj (.text)
                  11811220    00000520     rts6740.lib : _printfi.obj (.text:__setfield)
                  11811740    00000440                 : _printfi.obj (.text:__printfi)
                  11811b80    000003a0                 : fputs.obj (.text:_fputs)
                  11811f20    00000320                 : _printfi.obj (.text:__pproc_fge)
                  11812240    000002e0                 : cos.obj (.text:_cos)
                  11812520    000002c0                 : _printfi.obj (.text:__pproc_fwp)
                  118127e0    000002a0                 : _printfi.obj (.text:_ecvt)
                  11812a80    000002a0                 : _printfi.obj (.text:_fcvt)
                  11812d20    00000280                 : divf.obj (.text:__divf)
                  11812fa0    00000280                 : memory.obj (.text:_free)
                  11813220    00000280                 : sin.obj (.text:_sin)
                  118134a0    00000260                 : imath64.obj (.text:__divull)
                  11813700    00000260                 : _printfi.obj (.text:__pconv_e)
                  11813960    00000260     ISRs.obj (.text:retain)
                  11813bc0    00000240     rts6740.lib : _printfi.obj (.text:__pproc_diouxp)
                  11813e00    00000220                 : _printfi.obj (.text:__pproc_str)
                  11814020    00000220                 : fputc.obj (.text:_fputc)
                  11814240    00000200                 : _printfi.obj (.text:__pconv_g)
                  11814440    00000200                 : log.obj (.text:_log)
                  11814640    00000200                 : setvbuf.obj (.text:_setvbuf)
                  11814840    000001e0                 : exp.obj (.text:_exp)
                  11814a20    000001c0                 : _printfi.obj (.text:__mcpy)
                  11814be0    000001a0                 : imath40.obj (.text:__divul)
                  11814d80    00000180                 : trgdrv.obj (.text:_HOSTrename)
                  11814f00    00000180                 : memory.obj (.text:_malloc)
                  11815080    00000080                 : fltlid.obj (.text:__fltlid)
                  11815100    00000180     assem.obj (.text)
                  11815280    00000160     rts6740.lib : ldexp.obj (.text:_ldexp)
                  118153e0    00000140                 : _printfi.obj (.text:__pproc_fflags)
                  11815520    00000140                 : lowlev.obj (.text:_getdevice)
                  11815660    00000120                 : fclose.obj (.text:__closefile)
                  11815780    00000120                 : _printfi.obj (.text:__ltostr)
                  118158a0    00000120                 : frexp.obj (.text:_frexp)
                  118159c0    00000120                 : fseek.obj (.text:_fseek)
                  11815ae0    00000100                 : trgdrv.obj (.text:_HOSTlseek)
                  11815be0    00000100                 : _io_perm.obj (.text:__wrt_ok)
                  11815ce0    00000100                 : sqrt.obj (.text:_sqrt)
                  11815de0    000000e0                 : trgdrv.obj (.text:_HOSTopen)
                  11815ec0    000000e0                 : trgdrv.obj (.text:_HOSTread)
                  11815fa0    000000e0                 : atoi.obj (.text:_atoi)
                  11816080    000000e0                 : lowlev.obj (.text:_close)
                  11816160    000000e0                 : memset.obj (.text:_memset)
                  11816240    000000e0                 : printf.obj (.text:_printf)
                  11816320    000000c0                 : trgdrv.obj (.text:_HOSTunlink)
                  118163e0    000000c0                 : trgdrv.obj (.text:_HOSTwrite)
                  118164a0    000000c0                 : autoinit.obj (.text:__auto_init)
                  11816560    000000c0                 : _printfi.obj (.text:__div)
                  11816620    000000c0                 : divu.obj (.text:__divu)
                  118166e0    000000c0                 : fflush.obj (.text:__doflush)
                  118167a0    000000c0                 : remi.obj (.text:__remi)
                  11816860    000000c0                 : exit.obj (.text:_exit)
                  11816920    000000c0                 : ltoa.obj (.text:_ltoa)
                  118169e0    000000a0                 : trgdrv.obj (.text:_HOSTclose)
                  11816a80    000000a0                 : trgdrv.obj (.text:_HOSTtime)
                  11816b20    000000a0                 : fopen.obj (.text:__cleanup)
                  11816bc0    000000a0                 : imath40.obj (.text:__divli)
                  11816c60    000000a0                 : _printfi.obj (.text:__ecpy)
                  11816d00    000000a0                 : _printfi.obj (.text:__fcpy)
                  11816da0    000000a0                 : fixdli.obj (.text:__fixdli)
                  11816e40    000000a0                 : round.obj (.text:__nround)
                  11816ee0    000000a0                 : _printfi.obj (.text:__pconv_f)
                  11816f80    000000a0                 : cpy_tbl.obj (.text:_copy_in)
                  11817020    000000a0                 : lowlev.obj (.text:_finddevice)
                  118170c0    000000a0                 : lowlev.obj (.text:_lseek)
                  11817160    000000a0                 : memcpy64.obj (.text:_memcpy)
                  11817200    000000a0                 : memory.obj (.text:_minsert)
                  118172a0    000000a0                 : modf.obj (.text:_modf)
                  11817340    000000a0                 : memory.obj (.text:_mremove)
                  118173e0    000000a0                 : lowlev.obj (.text:_write)
                  11817480    00000080                 : llshift.obj (.text:__llshl)
                  11817500    00000080                 : boot.obj (.text:_c_int00)
                  11817580    00000080                 : rand.obj (.text:_rand)
                  11817600    00000080                 : trgmsg.obj (.text:_readmsg)
                  11817680    00000080                 : lowlev.obj (.text:_unlink)
                  11817700    00000080     autocorr.obj (.text)
                  11817780    00000060     rts6740.lib : cpp_init.obj (.text:___TI_cpp_init)
                  118177e0    00000060                 : imath64.obj (.text:__subcull)
                  11817840    00000060                 : memccpy.obj (.text:_memccpy)
                  118178a0    00000060                 : rand.obj (.text:_srand)
                  11817900    00000060                 : trgmsg.obj (.text:_writemsg)
                  11817960    00000040                 : isinf.obj (.text:___isinf)
                  118179a0    00000040                 : _printfi.obj (.text:___isnan)
                  118179e0    00000040                 : args_main.obj (.text:__args_main)
                  11817a20    00000040                 : frcmpyd_div.obj (.text:__frcmpyd_div)
                  11817a60    00000040                 : llshift.obj (.text:__llshru)
                  11817aa0    00000040                 : imath40.obj (.text:__remli)
                  11817ae0    00000040                 : strcmp.obj (.text:_strcmp)
                  11817b20    00000040                 : time.obj (.text:_time)
                  11817b60    00000040     flip.obj (.text)
                  11817ba0    00000020     rts6740.lib : negll.obj (.text:__negll)
                  11817bc0    00000020                 : _lock.obj (.text:__nop)
                  11817be0    00000020                 : printf.obj (.text:__outc)
                  11817c00    00000020                 : printf.obj (.text:__outs)
                  11817c20    00000020                 : trunc.obj (.text:__trunc)
                  11817c40    00000020                 : exit.obj (.text:_abort)
                  11817c60    00000020                 : remove.obj (.text:_remove)

.const     0    11817c80    0000049f     
                  11817c80    00000174     gmm.obj (.const:.string)
                  11817df4    00000002     rts6740.lib : fputs.obj (.const:.string)
                  11817df6    00000002     --HOLE-- [fill = 0]
                  11817df8    00000101                 : ctype.obj (.const:.string:__ctypes_)
                  11817ef9    00000007     --HOLE-- [fill = 0]
                  11817f00    000000f0     gmm.obj (.const:_$P$T2$3)
                  11817ff0    00000070     gmm.obj (.const:_$P$T0$1)
                  11818060    00000070     gmm.obj (.const:_$P$T1$2)
                  118180d0    0000002c     main.obj (.const:.string)
                  118180fc    00000023     rts6740.lib : _printfi.obj (.const:.string)

.cinit     0    11818120    00000464     
                  11818120    00000140     rts6740.lib : pow.obj (.cinit)
                  11818260    0000008c     main.obj (.cinit)
                  118182ec    00000004     --HOLE-- [fill = 0]
                  118182f0    0000005c     rts6740.lib : defs.obj (.cinit)
                  1181834c    00000004     --HOLE-- [fill = 0]
                  11818350    0000005c                 : lowlev.obj (.cinit)
                  118183ac    00000004     --HOLE-- [fill = 0]
                  118183b0    00000048                 : cos.obj (.cinit)
                  118183f8    00000048                 : sin.obj (.cinit)
                  11818440    00000040                 : exp.obj (.cinit)
                  11818480    00000040                 : log.obj (.cinit)
                  118184c0    0000002c                 : exit.obj (.cinit)
                  118184ec    00000004     --HOLE-- [fill = 0]
                  118184f0    0000002c                 : memory.obj (.cinit)
                  1181851c    00000004     --HOLE-- [fill = 0]
                  11818520    0000001c                 : _lock.obj (.cinit)
                  1181853c    00000004     --HOLE-- [fill = 0]
                  11818540    00000010                 : rand.obj (.cinit)
                  11818550    0000000c     LCDK_Support_DSP.obj (.cinit)
                  1181855c    00000004     --HOLE-- [fill = 0]
                  11818560    0000000c     rts6740.lib : errno.obj (.cinit)
                  1181856c    00000004     --HOLE-- [fill = 0]
                  11818570    0000000c                 : fopen.obj (.cinit)
                  1181857c    00000004     --HOLE-- [fill = 0]
                  11818580    00000004     (.pad.cinit) [fill = 0]

.stack     0    11818588    00000400     UNINITIALIZED
                  11818588    00000008     rts6740.lib : boot.obj (.stack)
                  11818590    000003f8     --HOLE--

.sysmem    0    11818988    00000400     UNINITIALIZED
                  11818988    00000008     rts6740.lib : memory.obj (.sysmem)
                  11818990    000003f8     --HOLE--

.cio       0    11818d88    00000120     UNINITIALIZED
                  11818d88    00000120     rts6740.lib : trgmsg.obj (.cio)


GLOBAL SYMBOLS: SORTED ALPHABETICALLY BY Name 

address    name
--------   ----
1180c108   $bss
1180c108   .bss
1180c200   .text
11817c40   C$$EXIT
11817958   C$$IO$$
1180eacc   _AIC3106_write_reg
11808208   _B
1180e854   _CheckForOverrun
1180c0dc   _CodecDataIn
1180c0e0   _CodecDataOut
11813960   _Codec_ISR
1180e3e8   _DSP_Init
1180e408   _DSP_Init_EDMA
1180e5ec   _EnableInterrupts
1180e638   _EnableInterrupts_EDMA
11811148   _GetCenterFrequency
11810ce0   _GetCoefficient
11810f08   _GetFilterParameter
118110ac   _GetMagnitudeFactor
1180e3e0   _GetSampleFreq
118169e0   _HOSTclose
11815ae0   _HOSTlseek
11815de0   _HOSTopen
11815ec0   _HOSTread
11814d80   _HOSTrename
11816a80   _HOSTtime
11816320   _HOSTunlink
118163e0   _HOSTwrite
1180e584   _InitDigitalOutputs
1180e428   _InitLEDs
1180e884   _Init_AIC3106
1180e6ac   _Init_I2C
1180e5a8   _Init_Interrupts
1180e628   _Init_Interrupts_EDMA
1180ec78   _Init_McASP0
1180f008   _Init_UART2
1180f148   _IsDataReady_UART2
1180f16c   _IsTxReady_UART2
1180c108   _M
11810ea4   _NormalizationFactor
1180f0e8   _Puts_UART2
1180e80c   _ReadCodecData
1180e56c   _ReadSwitches
1180f128   _Read_UART2
1180eb08   _Reset_AIC3106
1180e708   _Reset_I2C
1180eb30   _SetSampleRate_AIC3106
11800200   _UARTout
1180e830   _WriteCodecData
1180e590   _WriteDigitalOutputs
1180e488   _WriteLEDs
1180e728   _Write_I2C
1180f0c0   _Write_UART2
11800208   _X
11818d88   __CIOBUF_
11818988   __STACK_END
00000400   __STACK_SIZE
00000400   __SYSMEM_SIZE
00000001   __TI_args_main
11817780   ___TI_cpp_init
1180c0d8   ___TI_enable_exit_profile_output
ffffffff   ___TI_pprof_out_hndl
ffffffff   ___TI_prof_data_size
ffffffff   ___TI_prof_data_start
ffffffff   ___binit__
1180c108   ___bss__
ffffffff   ___c_args__
11818120   ___cinit__
1180c138   ___end__
11817c80   ___etext__
11817960   ___isinf
ffffffff   ___pinit__
1180c200   ___text__
118179e0   __args_main
118164a0   __auto_init
11816620   __c6xabi_divu
118167a0   __c6xabi_remi
11816b20   __cleanup
1180c0d0   __cleanup_ptr
11815660   __closefile
11817df8   __ctypes_
118101c0   __divd
11812d20   __divf
11816bc0   __divli
11816620   __divu
11814be0   __divul
118134a0   __divull
118166e0   __doflush
1180c0d4   __dtors_ptr
11816da0   __fixdli
11815080   __fltlid
11817a20   __frcmpyd_div
1180bda8   __ft_end
1180ba88   __ftable
1180d28c   __gmm_compute_membership_prob
1180d230   __gmm_em_step
1180c5ac   __gmm_init_params
1180ca90   __gmm_init_params_kmeans
1180c5f0   __gmm_init_params_random
1180dcac   __gmm_log_gaussian_pdf
1180e0e4   __gmm_pow2
1180d5d8   __gmm_update_params
1180df80   __gmm_vec_add
1180e00c   __gmm_vec_divide_by_scalar
1180e06c   __gmm_vec_dot_prod
1180def4   __gmm_vec_l2_dist
11817480   __llshl
11817a60   __llshru
1180c0e4   __lock
11817ba0   __negll
11817bc0   __nop
11816e40   __nround
11811740   __printfi
118167a0   __remi
11817aa0   __remli
11818588   __stack
118177e0   __subcull
11818988   __sys_memory
1180bc68   __tmpnams
11817c20   __trunc
1180c0e8   __unlock
11815be0   __wrt_ok
11817c40   _abort
11815fa0   _atoi
11817700   _autoCorr
1180c128   _avg
1180c114   _begining
11817500   _c_int00
11816080   _close
1180c12c   _coeff
11816f80   _copy_in
11812240   _cos
1180c11c   _denominator
1180bdac   _errno
11816860   _exit
11814840   _exp
1180c118   _feature
1180f1a0   _fft
11815204   _fircircfunc
11817b60   _flipfunc
11814020   _fputc
11811b80   _fputs
11812fa0   _free
118158a0   _frexp
118159c0   _fseek
1180b5c8   _gmm
1180c394   _gmm_fit
1180e340   _gmm_free
1180c200   _gmm_new
1180e104   _gmm_print_params
1180c4f0   _gmm_score
1180c2f0   _gmm_set_convergence_tol
1180c328   _gmm_set_initialization_method
1180c2d8   _gmm_set_max_iter
1180c30c   _gmm_set_regularization_value
1180c10c   _kk
11815280   _ldexp
1180c130   _llh
11814440   _log
118170c0   _lseek
11816920   _ltoa
1180c124   _magnitude
1180f508   _main
11814f00   _malloc
11817840   _memccpy
11817160   _memcpy
11816160   _memset
11808a08   _mfcc_result
118172a0   _modf
1180c120   _numerator
1180faa0   _pow
11816240   _printf
11814020   _putc
11817580   _rand
11817600   _readmsg
11817c60   _remove
11814640   _setvbuf
11813220   _sin
11808608   _spectrum
11815ce0   _sqrt
118178a0   _srand
1180c110   _startflag
11817ae0   _strcmp
11817b20   _time
11817680   _unlink
11804208   _w
1180e678   _wait
118173e0   _write
11817900   _writemsg
ffffffff   binit
11818120   cinit
1180c138   end
11817c80   etext
ffffffff   pinit


GLOBAL SYMBOLS: SORTED BY Symbol Address 

address    name
--------   ----
00000001   __TI_args_main
00000400   __STACK_SIZE
00000400   __SYSMEM_SIZE
11800200   _UARTout
11800208   _X
11804208   _w
11808208   _B
11808608   _spectrum
11808a08   _mfcc_result
1180b5c8   _gmm
1180ba88   __ftable
1180bc68   __tmpnams
1180bda8   __ft_end
1180bdac   _errno
1180c0d0   __cleanup_ptr
1180c0d4   __dtors_ptr
1180c0d8   ___TI_enable_exit_profile_output
1180c0dc   _CodecDataIn
1180c0e0   _CodecDataOut
1180c0e4   __lock
1180c0e8   __unlock
1180c108   $bss
1180c108   .bss
1180c108   _M
1180c108   ___bss__
1180c10c   _kk
1180c110   _startflag
1180c114   _begining
1180c118   _feature
1180c11c   _denominator
1180c120   _numerator
1180c124   _magnitude
1180c128   _avg
1180c12c   _coeff
1180c130   _llh
1180c138   ___end__
1180c138   end
1180c200   .text
1180c200   ___text__
1180c200   _gmm_new
1180c2d8   _gmm_set_max_iter
1180c2f0   _gmm_set_convergence_tol
1180c30c   _gmm_set_regularization_value
1180c328   _gmm_set_initialization_method
1180c394   _gmm_fit
1180c4f0   _gmm_score
1180c5ac   __gmm_init_params
1180c5f0   __gmm_init_params_random
1180ca90   __gmm_init_params_kmeans
1180d230   __gmm_em_step
1180d28c   __gmm_compute_membership_prob
1180d5d8   __gmm_update_params
1180dcac   __gmm_log_gaussian_pdf
1180def4   __gmm_vec_l2_dist
1180df80   __gmm_vec_add
1180e00c   __gmm_vec_divide_by_scalar
1180e06c   __gmm_vec_dot_prod
1180e0e4   __gmm_pow2
1180e104   _gmm_print_params
1180e340   _gmm_free
1180e3e0   _GetSampleFreq
1180e3e8   _DSP_Init
1180e408   _DSP_Init_EDMA
1180e428   _InitLEDs
1180e488   _WriteLEDs
1180e56c   _ReadSwitches
1180e584   _InitDigitalOutputs
1180e590   _WriteDigitalOutputs
1180e5a8   _Init_Interrupts
1180e5ec   _EnableInterrupts
1180e628   _Init_Interrupts_EDMA
1180e638   _EnableInterrupts_EDMA
1180e678   _wait
1180e6ac   _Init_I2C
1180e708   _Reset_I2C
1180e728   _Write_I2C
1180e80c   _ReadCodecData
1180e830   _WriteCodecData
1180e854   _CheckForOverrun
1180e884   _Init_AIC3106
1180eacc   _AIC3106_write_reg
1180eb08   _Reset_AIC3106
1180eb30   _SetSampleRate_AIC3106
1180ec78   _Init_McASP0
1180f008   _Init_UART2
1180f0c0   _Write_UART2
1180f0e8   _Puts_UART2
1180f128   _Read_UART2
1180f148   _IsDataReady_UART2
1180f16c   _IsTxReady_UART2
1180f1a0   _fft
1180f508   _main
1180faa0   _pow
118101c0   __divd
11810ce0   _GetCoefficient
11810ea4   _NormalizationFactor
11810f08   _GetFilterParameter
118110ac   _GetMagnitudeFactor
11811148   _GetCenterFrequency
11811740   __printfi
11811b80   _fputs
11812240   _cos
11812d20   __divf
11812fa0   _free
11813220   _sin
118134a0   __divull
11813960   _Codec_ISR
11814020   _fputc
11814020   _putc
11814440   _log
11814640   _setvbuf
11814840   _exp
11814be0   __divul
11814d80   _HOSTrename
11814f00   _malloc
11815080   __fltlid
11815204   _fircircfunc
11815280   _ldexp
11815660   __closefile
118158a0   _frexp
118159c0   _fseek
11815ae0   _HOSTlseek
11815be0   __wrt_ok
11815ce0   _sqrt
11815de0   _HOSTopen
11815ec0   _HOSTread
11815fa0   _atoi
11816080   _close
11816160   _memset
11816240   _printf
11816320   _HOSTunlink
118163e0   _HOSTwrite
118164a0   __auto_init
11816620   __c6xabi_divu
11816620   __divu
118166e0   __doflush
118167a0   __c6xabi_remi
118167a0   __remi
11816860   _exit
11816920   _ltoa
118169e0   _HOSTclose
11816a80   _HOSTtime
11816b20   __cleanup
11816bc0   __divli
11816da0   __fixdli
11816e40   __nround
11816f80   _copy_in
118170c0   _lseek
11817160   _memcpy
118172a0   _modf
118173e0   _write
11817480   __llshl
11817500   _c_int00
11817580   _rand
11817600   _readmsg
11817680   _unlink
11817700   _autoCorr
11817780   ___TI_cpp_init
118177e0   __subcull
11817840   _memccpy
118178a0   _srand
11817900   _writemsg
11817958   C$$IO$$
11817960   ___isinf
118179e0   __args_main
11817a20   __frcmpyd_div
11817a60   __llshru
11817aa0   __remli
11817ae0   _strcmp
11817b20   _time
11817b60   _flipfunc
11817ba0   __negll
11817bc0   __nop
11817c20   __trunc
11817c40   C$$EXIT
11817c40   _abort
11817c60   _remove
11817c80   ___etext__
11817c80   etext
11817df8   __ctypes_
11818120   ___cinit__
11818120   cinit
11818588   __stack
11818988   __STACK_END
11818988   __sys_memory
11818d88   __CIOBUF_
ffffffff   ___TI_pprof_out_hndl
ffffffff   ___TI_prof_data_size
ffffffff   ___TI_prof_data_start
ffffffff   ___binit__
ffffffff   ___c_args__
ffffffff   ___pinit__
ffffffff   binit
ffffffff   pinit

[194 symbols]
