******************************************************************************
               TMS320C6x Linker PC v7.4.14                     
******************************************************************************
>> Linked Mon Apr 09 17:41:12 2018

OUTPUT FILE NAME:   <myGMM5.out>
ENTRY POINT SYMBOL: "_c_int00"  address: 1180b480


MEMORY CONFIGURATION

         name            origin    length      used     unused   attr    fill
----------------------  --------  ---------  --------  --------  ----  --------
  VECTORS               11800000   00000200  00000200  00000000  RWIX
  DSPRAM                11800200   0003fe00  00011544  0002e8bc  RWIX
  SHAREDRAM             80000000   00020000  00000000  00020000  RWIX
  SDRAM                 c0000000   08000000  00000000  08000000  RWIX


SECTION ALLOCATION MAP

 output                                  attributes/
section   page    origin      length       input sections
--------  ----  ----------  ----------   ----------------
vectors    0    11800000    00000200     
                  11800000    00000200     vectors.obj (vectors)

.text      0    11800200    0000b9c0     
                  11800200    00002220     gmm.obj (.text)
                  11802420    00000dc0     LCDK_Support_DSP.obj (.text)
                  118031e0    00000820     main.obj (.text)
                  11803a00    00000720     rts6740.lib : pow.obj (.text:_pow)
                  11804120    000005a0                 : divd.obj (.text:__divd)
                  118046c0    00000580                 : _printfi.obj (.text:__getarg_diouxp)
                  11804c40    00000540     libmfcc.obj (.text)
                  11805180    00000520     rts6740.lib : _printfi.obj (.text:__setfield)
                  118056a0    00000440                 : _printfi.obj (.text:__printfi)
                  11805ae0    000003a0                 : fputs.obj (.text:_fputs)
                  11805e80    00000320                 : _printfi.obj (.text:__pproc_fge)
                  118061a0    000002e0                 : cos.obj (.text:_cos)
                  11806480    000002c0                 : _printfi.obj (.text:__pproc_fwp)
                  11806740    000002a0                 : _printfi.obj (.text:_ecvt)
                  118069e0    000002a0                 : _printfi.obj (.text:_fcvt)
                  11806c80    00000280                 : divf.obj (.text:__divf)
                  11806f00    00000280                 : memory.obj (.text:_free)
                  11807180    00000280                 : sin.obj (.text:_sin)
                  11807400    00000260                 : imath64.obj (.text:__divull)
                  11807660    00000260                 : _printfi.obj (.text:__pconv_e)
                  118078c0    00000240                 : _printfi.obj (.text:__pproc_diouxp)
                  11807b00    00000240     ISRs.obj (.text:retain)
                  11807d40    00000220     rts6740.lib : _printfi.obj (.text:__pproc_str)
                  11807f60    00000220                 : fputc.obj (.text:_fputc)
                  11808180    00000200                 : _printfi.obj (.text:__pconv_g)
                  11808380    00000200                 : log.obj (.text:_log)
                  11808580    00000200                 : setvbuf.obj (.text:_setvbuf)
                  11808780    000001e0                 : exp.obj (.text:_exp)
                  11808960    000001c0                 : _printfi.obj (.text:__mcpy)
                  11808b20    000001a0                 : imath40.obj (.text:__divul)
                  11808cc0    00000180                 : trgdrv.obj (.text:_HOSTrename)
                  11808e40    00000180                 : memory.obj (.text:_malloc)
                  11808fc0    00000040                 : isinf.obj (.text:___isinf)
                  11809000    00000180     assem.obj (.text)
                  11809180    00000160     rts6740.lib : ldexp.obj (.text:_ldexp)
                  118092e0    00000140                 : _printfi.obj (.text:__pproc_fflags)
                  11809420    00000140                 : lowlev.obj (.text:_getdevice)
                  11809560    00000120                 : fclose.obj (.text:__closefile)
                  11809680    00000120                 : _printfi.obj (.text:__ltostr)
                  118097a0    00000120                 : frexp.obj (.text:_frexp)
                  118098c0    00000120                 : fseek.obj (.text:_fseek)
                  118099e0    00000100                 : trgdrv.obj (.text:_HOSTlseek)
                  11809ae0    00000100                 : _io_perm.obj (.text:__wrt_ok)
                  11809be0    00000100                 : sqrt.obj (.text:_sqrt)
                  11809ce0    000000e0                 : trgdrv.obj (.text:_HOSTopen)
                  11809dc0    000000e0                 : trgdrv.obj (.text:_HOSTread)
                  11809ea0    000000e0                 : atoi.obj (.text:_atoi)
                  11809f80    000000e0                 : lowlev.obj (.text:_close)
                  1180a060    000000e0                 : memset.obj (.text:_memset)
                  1180a140    000000e0                 : printf.obj (.text:_printf)
                  1180a220    000000c0                 : trgdrv.obj (.text:_HOSTunlink)
                  1180a2e0    000000c0                 : trgdrv.obj (.text:_HOSTwrite)
                  1180a3a0    000000c0                 : autoinit.obj (.text:__auto_init)
                  1180a460    000000c0                 : _printfi.obj (.text:__div)
                  1180a520    000000c0                 : divu.obj (.text:__divu)
                  1180a5e0    000000c0                 : fflush.obj (.text:__doflush)
                  1180a6a0    000000c0                 : remi.obj (.text:__remi)
                  1180a760    000000c0                 : exit.obj (.text:_exit)
                  1180a820    000000c0                 : ltoa.obj (.text:_ltoa)
                  1180a8e0    000000a0                 : trgdrv.obj (.text:_HOSTclose)
                  1180a980    000000a0                 : trgdrv.obj (.text:_HOSTtime)
                  1180aa20    000000a0                 : fopen.obj (.text:__cleanup)
                  1180aac0    000000a0                 : imath40.obj (.text:__divli)
                  1180ab60    000000a0                 : _printfi.obj (.text:__ecpy)
                  1180ac00    000000a0                 : _printfi.obj (.text:__fcpy)
                  1180aca0    000000a0                 : fixdli.obj (.text:__fixdli)
                  1180ad40    000000a0                 : round.obj (.text:__nround)
                  1180ade0    000000a0                 : _printfi.obj (.text:__pconv_f)
                  1180ae80    000000a0                 : cpy_tbl.obj (.text:_copy_in)
                  1180af20    000000a0                 : lowlev.obj (.text:_finddevice)
                  1180afc0    000000a0                 : lowlev.obj (.text:_lseek)
                  1180b060    000000a0                 : memcpy64.obj (.text:_memcpy)
                  1180b100    000000a0                 : memory.obj (.text:_minsert)
                  1180b1a0    000000a0                 : modf.obj (.text:_modf)
                  1180b240    000000a0                 : memory.obj (.text:_mremove)
                  1180b2e0    000000a0                 : lowlev.obj (.text:_write)
                  1180b380    00000080                 : fltlid.obj (.text:__fltlid)
                  1180b400    00000080                 : llshift.obj (.text:__llshl)
                  1180b480    00000080                 : boot.obj (.text:_c_int00)
                  1180b500    00000080                 : rand.obj (.text:_rand)
                  1180b580    00000080                 : trgmsg.obj (.text:_readmsg)
                  1180b600    00000080                 : lowlev.obj (.text:_unlink)
                  1180b680    00000080     autocorr.obj (.text)
                  1180b700    00000060     rts6740.lib : cpp_init.obj (.text:___TI_cpp_init)
                  1180b760    00000060                 : imath64.obj (.text:__subcull)
                  1180b7c0    00000060                 : memccpy.obj (.text:_memccpy)
                  1180b820    00000060                 : rand.obj (.text:_srand)
                  1180b880    00000060                 : trgmsg.obj (.text:_writemsg)
                  1180b8e0    00000040                 : _printfi.obj (.text:___isnan)
                  1180b920    00000040                 : args_main.obj (.text:__args_main)
                  1180b960    00000040                 : frcmpyd_div.obj (.text:__frcmpyd_div)
                  1180b9a0    00000040                 : llshift.obj (.text:__llshru)
                  1180b9e0    00000040                 : imath40.obj (.text:__remli)
                  1180ba20    00000040                 : strcmp.obj (.text:_strcmp)
                  1180ba60    00000040                 : time.obj (.text:_time)
                  1180baa0    00000040     flip.obj (.text)
                  1180bae0    00000020     rts6740.lib : negll.obj (.text:__negll)
                  1180bb00    00000020                 : _lock.obj (.text:__nop)
                  1180bb20    00000020                 : printf.obj (.text:__outc)
                  1180bb40    00000020                 : printf.obj (.text:__outs)
                  1180bb60    00000020                 : trunc.obj (.text:__trunc)
                  1180bb80    00000020                 : exit.obj (.text:_abort)
                  1180bba0    00000020                 : remove.obj (.text:_remove)

.far       0    1180bbc0    000044a8     UNINITIALIZED
                  1180bbc0    00003e28     main.obj (.far)
                  1180f9e8    00000324     rts6740.lib : defs.obj (.far)
                  1180fd0c    00000004                 : errno.obj (.far)
                  1180fd10    00000120                 : pow.obj (.far)
                  1180fe30    0000011c                 : lowlev.obj (.far)
                  1180ff4c    00000004                 : fopen.obj (.far)
                  1180ff50    00000040                 : cos.obj (.far)
                  1180ff90    00000040                 : sin.obj (.far)
                  1180ffd0    00000030                 : exp.obj (.far)
                  11810000    00000030                 : log.obj (.far)
                  11810030    0000000c                 : exit.obj (.far)
                  1181003c    00000008     ISRs.obj (.far)
                  11810044    00000008     rts6740.lib : _lock.obj (.far)
                  1181004c    00000008                 : memory.obj (.far)
                  11810054    00000004     --HOLE--
                  11810058    00000008                 : rand.obj (.far)
                  11810060    00000008                 : trgdrv.obj (.far)

.const     0    11810068    00000900     
                  11810068    000005a0     gmm.obj (.const:_$P$T3$4)
                  11810608    0000016c     gmm.obj (.const:.string)
                  11810774    00000002     rts6740.lib : fputs.obj (.const:.string)
                  11810776    00000002     --HOLE-- [fill = 0]
                  11810778    00000101                 : ctype.obj (.const:.string:__ctypes_)
                  11810879    00000003     --HOLE-- [fill = 0]
                  1181087c    0000006c     main.obj (.const:.string)
                  118108e8    00000023     rts6740.lib : _printfi.obj (.const:.string)
                  1181090b    00000005     --HOLE-- [fill = 0]
                  11810910    00000020     gmm.obj (.const:_$P$T1$2)
                  11810930    00000020     gmm.obj (.const:_$P$T2$3)
                  11810950    00000018     gmm.obj (.const:_$P$T0$1)

.cinit     0    11810968    00000474     
                  11810968    00000140     rts6740.lib : pow.obj (.cinit)
                  11810aa8    000000a0     main.obj (.cinit)
                  11810b48    0000005c     rts6740.lib : defs.obj (.cinit)
                  11810ba4    00000004     --HOLE-- [fill = 0]
                  11810ba8    0000005c                 : lowlev.obj (.cinit)
                  11810c04    00000004     --HOLE-- [fill = 0]
                  11810c08    00000048                 : cos.obj (.cinit)
                  11810c50    00000048                 : sin.obj (.cinit)
                  11810c98    00000040                 : exp.obj (.cinit)
                  11810cd8    00000040                 : log.obj (.cinit)
                  11810d18    0000002c                 : exit.obj (.cinit)
                  11810d44    00000004     --HOLE-- [fill = 0]
                  11810d48    0000002c                 : memory.obj (.cinit)
                  11810d74    00000004     --HOLE-- [fill = 0]
                  11810d78    0000001c                 : _lock.obj (.cinit)
                  11810d94    00000004     --HOLE-- [fill = 0]
                  11810d98    00000010                 : rand.obj (.cinit)
                  11810da8    0000000c     LCDK_Support_DSP.obj (.cinit)
                  11810db4    00000004     --HOLE-- [fill = 0]
                  11810db8    0000000c     rts6740.lib : errno.obj (.cinit)
                  11810dc4    00000004     --HOLE-- [fill = 0]
                  11810dc8    0000000c                 : fopen.obj (.cinit)
                  11810dd4    00000004     --HOLE-- [fill = 0]
                  11810dd8    00000004     (.pad.cinit) [fill = 0]

.stack     0    11810de0    00000400     UNINITIALIZED
                  11810de0    00000008     rts6740.lib : boot.obj (.stack)
                  11810de8    000003f8     --HOLE--

.sysmem    0    118111e0    00000400     UNINITIALIZED
                  118111e0    00000008     rts6740.lib : memory.obj (.sysmem)
                  118111e8    000003f8     --HOLE--

.cio       0    118115e0    00000120     UNINITIALIZED
                  118115e0    00000120     rts6740.lib : trgmsg.obj (.cio)

.bss       0    11811700    00000030     UNINITIALIZED
                  11811700    0000002c     main.obj (.bss)
                  1181172c    00000004     LCDK_Support_DSP.obj (.bss)

.switch    0    11811730    00000018     
                  11811730    00000018     LCDK_Support_DSP.obj (.switch:_SetSampleRate_AIC3106)


GLOBAL SYMBOLS: SORTED ALPHABETICALLY BY Name 

address    name
--------   ----
11811700   $bss
11811700   .bss
11800200   .text
1180bb80   C$$EXIT
1180b8d8   C$$IO$$
11802b0c   _AIC3106_write_reg
1180e3c8   _B
11802894   _CheckForOverrun
1181003c   _CodecDataIn
11810040   _CodecDataOut
11807b00   _Codec_ISR
11802428   _DSP_Init
11802448   _DSP_Init_EDMA
1180262c   _EnableInterrupts
11802678   _EnableInterrupts_EDMA
118050a8   _GetCenterFrequency
11804c40   _GetCoefficient
11804e68   _GetFilterParameter
1180500c   _GetMagnitudeFactor
11802420   _GetSampleFreq
1180a8e0   _HOSTclose
118099e0   _HOSTlseek
11809ce0   _HOSTopen
11809dc0   _HOSTread
11808cc0   _HOSTrename
1180a980   _HOSTtime
1180a220   _HOSTunlink
1180a2e0   _HOSTwrite
118025c4   _InitDigitalOutputs
11802468   _InitLEDs
118028c4   _Init_AIC3106
118026ec   _Init_I2C
118025e8   _Init_Interrupts
11802668   _Init_Interrupts_EDMA
11802cb8   _Init_McASP0
11803048   _Init_UART2
11803188   _IsDataReady_UART2
118031ac   _IsTxReady_UART2
11811700   _M
11804e04   _NormalizationFactor
11803128   _Puts_UART2
1180284c   _ReadCodecData
118025ac   _ReadSwitches
11803168   _Read_UART2
11802b48   _Reset_AIC3106
11802748   _Reset_I2C
11802b70   _SetSampleRate_AIC3106
1180bbc0   _UARTout
11802870   _WriteCodecData
118025d0   _WriteDigitalOutputs
118024c8   _WriteLEDs
11802768   _Write_I2C
11803100   _Write_UART2
1180bbc8   _X
118115e0   __CIOBUF_
118111e0   __STACK_END
00000400   __STACK_SIZE
00000400   __SYSMEM_SIZE
00000001   __TI_args_main
1180b700   ___TI_cpp_init
11810038   ___TI_enable_exit_profile_output
ffffffff   ___TI_pprof_out_hndl
ffffffff   ___TI_prof_data_size
ffffffff   ___TI_prof_data_start
ffffffff   ___binit__
11811700   ___bss__
ffffffff   ___c_args__
11810968   ___cinit__
11811730   ___end__
1180bbc0   ___etext__
11808fc0   ___isinf
ffffffff   ___pinit__
11800200   ___text__
1180b920   __args_main
1180a3a0   __auto_init
1180a520   __c6xabi_divu
1180a6a0   __c6xabi_remi
1180aa20   __cleanup
11810030   __cleanup_ptr
11809560   __closefile
11810778   __ctypes_
11804120   __divd
11806c80   __divf
1180aac0   __divli
1180a520   __divu
11808b20   __divul
11807400   __divull
1180a5e0   __doflush
11810034   __dtors_ptr
1180aca0   __fixdli
1180b380   __fltlid
1180b960   __frcmpyd_div
1180fd08   __ft_end
1180f9e8   __ftable
11801308   __gmm_compute_membership_prob
118012a8   __gmm_em_step
11800674   __gmm_init_params
11800b2c   __gmm_init_params_kmeans
118006b4   __gmm_init_params_random
11801d08   __gmm_log_gaussian_pdf
1180212c   __gmm_pow2
11801658   __gmm_update_params
11801fc8   __gmm_vec_add
11802058   __gmm_vec_divide_by_scalar
118020b8   __gmm_vec_dot_prod
11801f44   __gmm_vec_l2_dist
1180b400   __llshl
1180b9a0   __llshru
11810044   __lock
1180bae0   __negll
1180bb00   __nop
1180ad40   __nround
118056a0   __printfi
1180a6a0   __remi
1180b9e0   __remli
11810de0   __stack
1180b760   __subcull
118111e0   __sys_memory
1180fbc8   __tmpnams
1180bb60   __trunc
11810048   __unlock
11809ae0   __wrt_ok
1180bb80   _abort
11809ea0   _atoi
1180b680   _autoCorr
11811720   _avg
1181170c   _begining
1180b480   _c_int00
11809f80   _close
11811724   _coeff
1180ae80   _copy_in
118061a0   _cos
11811714   _denominator
1180fd0c   _errno
1180a760   _exit
11808780   _exp
11811710   _feature
118031e0   _fft
11809104   _fircircfunc
1180baa0   _flipfunc
11807f60   _fputc
11805ae0   _fputs
11806f00   _free
118097a0   _frexp
118098c0   _fseek
1180f348   _gmm
11800394   _gmm_fit
11802384   _gmm_free
11800200   _gmm_new
1180214c   _gmm_print_params
118004f0   _gmm_score
118002f0   _gmm_set_convergence_tol
11800328   _gmm_set_initialization_method
118002d8   _gmm_set_max_iter
1180030c   _gmm_set_regularization_value
11811704   _kk
11809180   _ldexp
11811728   _llh
11808380   _log
1180afc0   _lseek
1180a820   _ltoa
1181171c   _magnitude
11803548   _main
11808e40   _malloc
1180b7c0   _memccpy
1180b060   _memcpy
1180a060   _memset
1180ebc8   _mfcc_result
1180b1a0   _modf
11811718   _numerator
11803a00   _pow
1180a140   _printf
11807f60   _putc
1180b500   _rand
1180b580   _readmsg
1180bba0   _remove
11808580   _setvbuf
11807180   _sin
1180e7c8   _spectrum
11809be0   _sqrt
1180b820   _srand
11811708   _startflag
1180ba20   _strcmp
1180ba60   _time
1180b600   _unlink
1180c3c8   _w
118026b8   _wait
1180b2e0   _write
1180b880   _writemsg
ffffffff   binit
11810968   cinit
11811730   end
1180bbc0   etext
ffffffff   pinit


GLOBAL SYMBOLS: SORTED BY Symbol Address 

address    name
--------   ----
00000001   __TI_args_main
00000400   __STACK_SIZE
00000400   __SYSMEM_SIZE
11800200   .text
11800200   ___text__
11800200   _gmm_new
118002d8   _gmm_set_max_iter
118002f0   _gmm_set_convergence_tol
1180030c   _gmm_set_regularization_value
11800328   _gmm_set_initialization_method
11800394   _gmm_fit
118004f0   _gmm_score
11800674   __gmm_init_params
118006b4   __gmm_init_params_random
11800b2c   __gmm_init_params_kmeans
118012a8   __gmm_em_step
11801308   __gmm_compute_membership_prob
11801658   __gmm_update_params
11801d08   __gmm_log_gaussian_pdf
11801f44   __gmm_vec_l2_dist
11801fc8   __gmm_vec_add
11802058   __gmm_vec_divide_by_scalar
118020b8   __gmm_vec_dot_prod
1180212c   __gmm_pow2
1180214c   _gmm_print_params
11802384   _gmm_free
11802420   _GetSampleFreq
11802428   _DSP_Init
11802448   _DSP_Init_EDMA
11802468   _InitLEDs
118024c8   _WriteLEDs
118025ac   _ReadSwitches
118025c4   _InitDigitalOutputs
118025d0   _WriteDigitalOutputs
118025e8   _Init_Interrupts
1180262c   _EnableInterrupts
11802668   _Init_Interrupts_EDMA
11802678   _EnableInterrupts_EDMA
118026b8   _wait
118026ec   _Init_I2C
11802748   _Reset_I2C
11802768   _Write_I2C
1180284c   _ReadCodecData
11802870   _WriteCodecData
11802894   _CheckForOverrun
118028c4   _Init_AIC3106
11802b0c   _AIC3106_write_reg
11802b48   _Reset_AIC3106
11802b70   _SetSampleRate_AIC3106
11802cb8   _Init_McASP0
11803048   _Init_UART2
11803100   _Write_UART2
11803128   _Puts_UART2
11803168   _Read_UART2
11803188   _IsDataReady_UART2
118031ac   _IsTxReady_UART2
118031e0   _fft
11803548   _main
11803a00   _pow
11804120   __divd
11804c40   _GetCoefficient
11804e04   _NormalizationFactor
11804e68   _GetFilterParameter
1180500c   _GetMagnitudeFactor
118050a8   _GetCenterFrequency
118056a0   __printfi
11805ae0   _fputs
118061a0   _cos
11806c80   __divf
11806f00   _free
11807180   _sin
11807400   __divull
11807b00   _Codec_ISR
11807f60   _fputc
11807f60   _putc
11808380   _log
11808580   _setvbuf
11808780   _exp
11808b20   __divul
11808cc0   _HOSTrename
11808e40   _malloc
11808fc0   ___isinf
11809104   _fircircfunc
11809180   _ldexp
11809560   __closefile
118097a0   _frexp
118098c0   _fseek
118099e0   _HOSTlseek
11809ae0   __wrt_ok
11809be0   _sqrt
11809ce0   _HOSTopen
11809dc0   _HOSTread
11809ea0   _atoi
11809f80   _close
1180a060   _memset
1180a140   _printf
1180a220   _HOSTunlink
1180a2e0   _HOSTwrite
1180a3a0   __auto_init
1180a520   __c6xabi_divu
1180a520   __divu
1180a5e0   __doflush
1180a6a0   __c6xabi_remi
1180a6a0   __remi
1180a760   _exit
1180a820   _ltoa
1180a8e0   _HOSTclose
1180a980   _HOSTtime
1180aa20   __cleanup
1180aac0   __divli
1180aca0   __fixdli
1180ad40   __nround
1180ae80   _copy_in
1180afc0   _lseek
1180b060   _memcpy
1180b1a0   _modf
1180b2e0   _write
1180b380   __fltlid
1180b400   __llshl
1180b480   _c_int00
1180b500   _rand
1180b580   _readmsg
1180b600   _unlink
1180b680   _autoCorr
1180b700   ___TI_cpp_init
1180b760   __subcull
1180b7c0   _memccpy
1180b820   _srand
1180b880   _writemsg
1180b8d8   C$$IO$$
1180b920   __args_main
1180b960   __frcmpyd_div
1180b9a0   __llshru
1180b9e0   __remli
1180ba20   _strcmp
1180ba60   _time
1180baa0   _flipfunc
1180bae0   __negll
1180bb00   __nop
1180bb60   __trunc
1180bb80   C$$EXIT
1180bb80   _abort
1180bba0   _remove
1180bbc0   _UARTout
1180bbc0   ___etext__
1180bbc0   etext
1180bbc8   _X
1180c3c8   _w
1180e3c8   _B
1180e7c8   _spectrum
1180ebc8   _mfcc_result
1180f348   _gmm
1180f9e8   __ftable
1180fbc8   __tmpnams
1180fd08   __ft_end
1180fd0c   _errno
11810030   __cleanup_ptr
11810034   __dtors_ptr
11810038   ___TI_enable_exit_profile_output
1181003c   _CodecDataIn
11810040   _CodecDataOut
11810044   __lock
11810048   __unlock
11810778   __ctypes_
11810968   ___cinit__
11810968   cinit
11810de0   __stack
118111e0   __STACK_END
118111e0   __sys_memory
118115e0   __CIOBUF_
11811700   $bss
11811700   .bss
11811700   _M
11811700   ___bss__
11811704   _kk
11811708   _startflag
1181170c   _begining
11811710   _feature
11811714   _denominator
11811718   _numerator
1181171c   _magnitude
11811720   _avg
11811724   _coeff
11811728   _llh
11811730   ___end__
11811730   end
ffffffff   ___TI_pprof_out_hndl
ffffffff   ___TI_prof_data_size
ffffffff   ___TI_prof_data_start
ffffffff   ___binit__
ffffffff   ___c_args__
ffffffff   ___pinit__
ffffffff   binit
ffffffff   pinit

[194 symbols]
