<?xml version="1.0"?>
<link_info>
   <banner>TMS320C6x Linker Unix v7.4.16</banner>
   <copyright>Copyright (c) 1996-2015 Texas Instruments Incorporated</copyright>
   <link_time>0x5ae504af</link_time>
   <output_file>lab3_problem5.out</output_file>
   <entry_point>
      <name>_c_int00</name>
      <address>0x1181a960</address>
   </entry_point>
   <input_file_list>
      <input_file id="fl-2">
         <path>./</path>
         <kind>object</kind>
         <file>ISRs.obj</file>
         <name>ISRs.obj</name>
      </input_file>
      <input_file id="fl-3">
         <path>./</path>
         <kind>object</kind>
         <file>LCDK_Support_DSP.obj</file>
         <name>LCDK_Support_DSP.obj</name>
      </input_file>
      <input_file id="fl-4">
         <path>./</path>
         <kind>object</kind>
         <file>StartUp.obj</file>
         <name>StartUp.obj</name>
      </input_file>
      <input_file id="fl-5">
         <path>./</path>
         <kind>object</kind>
         <file>assem.obj</file>
         <name>assem.obj</name>
      </input_file>
      <input_file id="fl-6">
         <path>./</path>
         <kind>object</kind>
         <file>autocorr.obj</file>
         <name>autocorr.obj</name>
      </input_file>
      <input_file id="fl-7">
         <path>./</path>
         <kind>object</kind>
         <file>flip.obj</file>
         <name>flip.obj</name>
      </input_file>
      <input_file id="fl-8">
         <path>./</path>
         <kind>object</kind>
         <file>gmm.obj</file>
         <name>gmm.obj</name>
      </input_file>
      <input_file id="fl-9">
         <path>./</path>
         <kind>object</kind>
         <file>libmfcc.obj</file>
         <name>libmfcc.obj</name>
      </input_file>
      <input_file id="fl-a">
         <path>./</path>
         <kind>object</kind>
         <file>main.obj</file>
         <name>main.obj</name>
      </input_file>
      <input_file id="fl-b">
         <path>./</path>
         <kind>object</kind>
         <file>svm.obj</file>
         <name>svm.obj</name>
      </input_file>
      <input_file id="fl-c">
         <path>./</path>
         <kind>object</kind>
         <file>vectors.obj</file>
         <name>vectors.obj</name>
      </input_file>
      <input_file id="fl-11">
         <path>/opt/ti/ccsv6/tools/compiler/c6000_7.4.16/lib/</path>
         <kind>archive</kind>
         <file>rts6740.lib</file>
         <name>array_del.obj</name>
      </input_file>
      <input_file id="fl-12">
         <path>/opt/ti/ccsv6/tools/compiler/c6000_7.4.16/lib/</path>
         <kind>archive</kind>
         <file>rts6740.lib</file>
         <name>array_new.obj</name>
      </input_file>
      <input_file id="fl-13">
         <path>/opt/ti/ccsv6/tools/compiler/c6000_7.4.16/lib/</path>
         <kind>archive</kind>
         <file>rts6740.lib</file>
         <name>boot.obj</name>
      </input_file>
      <input_file id="fl-14">
         <path>/opt/ti/ccsv6/tools/compiler/c6000_7.4.16/lib/</path>
         <kind>archive</kind>
         <file>rts6740.lib</file>
         <name>cos.obj</name>
      </input_file>
      <input_file id="fl-15">
         <path>/opt/ti/ccsv6/tools/compiler/c6000_7.4.16/lib/</path>
         <kind>archive</kind>
         <file>rts6740.lib</file>
         <name>defs.obj</name>
      </input_file>
      <input_file id="fl-16">
         <path>/opt/ti/ccsv6/tools/compiler/c6000_7.4.16/lib/</path>
         <kind>archive</kind>
         <file>rts6740.lib</file>
         <name>delete.obj</name>
      </input_file>
      <input_file id="fl-17">
         <path>/opt/ti/ccsv6/tools/compiler/c6000_7.4.16/lib/</path>
         <kind>archive</kind>
         <file>rts6740.lib</file>
         <name>divd.obj</name>
      </input_file>
      <input_file id="fl-18">
         <path>/opt/ti/ccsv6/tools/compiler/c6000_7.4.16/lib/</path>
         <kind>archive</kind>
         <file>rts6740.lib</file>
         <name>divf.obj</name>
      </input_file>
      <input_file id="fl-19">
         <path>/opt/ti/ccsv6/tools/compiler/c6000_7.4.16/lib/</path>
         <kind>archive</kind>
         <file>rts6740.lib</file>
         <name>divi.obj</name>
      </input_file>
      <input_file id="fl-1a">
         <path>/opt/ti/ccsv6/tools/compiler/c6000_7.4.16/lib/</path>
         <kind>archive</kind>
         <file>rts6740.lib</file>
         <name>divu.obj</name>
      </input_file>
      <input_file id="fl-1b">
         <path>/opt/ti/ccsv6/tools/compiler/c6000_7.4.16/lib/</path>
         <kind>archive</kind>
         <file>rts6740.lib</file>
         <name>exit.obj</name>
      </input_file>
      <input_file id="fl-1c">
         <path>/opt/ti/ccsv6/tools/compiler/c6000_7.4.16/lib/</path>
         <kind>archive</kind>
         <file>rts6740.lib</file>
         <name>exp.obj</name>
      </input_file>
      <input_file id="fl-1d">
         <path>/opt/ti/ccsv6/tools/compiler/c6000_7.4.16/lib/</path>
         <kind>archive</kind>
         <file>rts6740.lib</file>
         <name>fclose.obj</name>
      </input_file>
      <input_file id="fl-1e">
         <path>/opt/ti/ccsv6/tools/compiler/c6000_7.4.16/lib/</path>
         <kind>archive</kind>
         <file>rts6740.lib</file>
         <name>ferror.obj</name>
      </input_file>
      <input_file id="fl-1f">
         <path>/opt/ti/ccsv6/tools/compiler/c6000_7.4.16/lib/</path>
         <kind>archive</kind>
         <file>rts6740.lib</file>
         <name>fflush.obj</name>
      </input_file>
      <input_file id="fl-20">
         <path>/opt/ti/ccsv6/tools/compiler/c6000_7.4.16/lib/</path>
         <kind>archive</kind>
         <file>rts6740.lib</file>
         <name>fgetc.obj</name>
      </input_file>
      <input_file id="fl-21">
         <path>/opt/ti/ccsv6/tools/compiler/c6000_7.4.16/lib/</path>
         <kind>archive</kind>
         <file>rts6740.lib</file>
         <name>fgets.obj</name>
      </input_file>
      <input_file id="fl-22">
         <path>/opt/ti/ccsv6/tools/compiler/c6000_7.4.16/lib/</path>
         <kind>archive</kind>
         <file>rts6740.lib</file>
         <name>fixdli.obj</name>
      </input_file>
      <input_file id="fl-23">
         <path>/opt/ti/ccsv6/tools/compiler/c6000_7.4.16/lib/</path>
         <kind>archive</kind>
         <file>rts6740.lib</file>
         <name>fopen.obj</name>
      </input_file>
      <input_file id="fl-24">
         <path>/opt/ti/ccsv6/tools/compiler/c6000_7.4.16/lib/</path>
         <kind>archive</kind>
         <file>rts6740.lib</file>
         <name>fprintf.obj</name>
      </input_file>
      <input_file id="fl-25">
         <path>/opt/ti/ccsv6/tools/compiler/c6000_7.4.16/lib/</path>
         <kind>archive</kind>
         <file>rts6740.lib</file>
         <name>fputc.obj</name>
      </input_file>
      <input_file id="fl-26">
         <path>/opt/ti/ccsv6/tools/compiler/c6000_7.4.16/lib/</path>
         <kind>archive</kind>
         <file>rts6740.lib</file>
         <name>fputs.obj</name>
      </input_file>
      <input_file id="fl-27">
         <path>/opt/ti/ccsv6/tools/compiler/c6000_7.4.16/lib/</path>
         <kind>archive</kind>
         <file>rts6740.lib</file>
         <name>frcmpyd_div.obj</name>
      </input_file>
      <input_file id="fl-28">
         <path>/opt/ti/ccsv6/tools/compiler/c6000_7.4.16/lib/</path>
         <kind>archive</kind>
         <file>rts6740.lib</file>
         <name>fscanf.obj</name>
      </input_file>
      <input_file id="fl-29">
         <path>/opt/ti/ccsv6/tools/compiler/c6000_7.4.16/lib/</path>
         <kind>archive</kind>
         <file>rts6740.lib</file>
         <name>fseek.obj</name>
      </input_file>
      <input_file id="fl-2a">
         <path>/opt/ti/ccsv6/tools/compiler/c6000_7.4.16/lib/</path>
         <kind>archive</kind>
         <file>rts6740.lib</file>
         <name>ftell.obj</name>
      </input_file>
      <input_file id="fl-2b">
         <path>/opt/ti/ccsv6/tools/compiler/c6000_7.4.16/lib/</path>
         <kind>archive</kind>
         <file>rts6740.lib</file>
         <name>ldexp.obj</name>
      </input_file>
      <input_file id="fl-2c">
         <path>/opt/ti/ccsv6/tools/compiler/c6000_7.4.16/lib/</path>
         <kind>archive</kind>
         <file>rts6740.lib</file>
         <name>llshift.obj</name>
      </input_file>
      <input_file id="fl-2d">
         <path>/opt/ti/ccsv6/tools/compiler/c6000_7.4.16/lib/</path>
         <kind>archive</kind>
         <file>rts6740.lib</file>
         <name>log.obj</name>
      </input_file>
      <input_file id="fl-2e">
         <path>/opt/ti/ccsv6/tools/compiler/c6000_7.4.16/lib/</path>
         <kind>archive</kind>
         <file>rts6740.lib</file>
         <name>lowlev.obj</name>
      </input_file>
      <input_file id="fl-2f">
         <path>/opt/ti/ccsv6/tools/compiler/c6000_7.4.16/lib/</path>
         <kind>archive</kind>
         <file>rts6740.lib</file>
         <name>memcpy64.obj</name>
      </input_file>
      <input_file id="fl-30">
         <path>/opt/ti/ccsv6/tools/compiler/c6000_7.4.16/lib/</path>
         <kind>archive</kind>
         <file>rts6740.lib</file>
         <name>memory.obj</name>
      </input_file>
      <input_file id="fl-31">
         <path>/opt/ti/ccsv6/tools/compiler/c6000_7.4.16/lib/</path>
         <kind>archive</kind>
         <file>rts6740.lib</file>
         <name>memset.obj</name>
      </input_file>
      <input_file id="fl-32">
         <path>/opt/ti/ccsv6/tools/compiler/c6000_7.4.16/lib/</path>
         <kind>archive</kind>
         <file>rts6740.lib</file>
         <name>modf.obj</name>
      </input_file>
      <input_file id="fl-33">
         <path>/opt/ti/ccsv6/tools/compiler/c6000_7.4.16/lib/</path>
         <kind>archive</kind>
         <file>rts6740.lib</file>
         <name>new_.obj</name>
      </input_file>
      <input_file id="fl-34">
         <path>/opt/ti/ccsv6/tools/compiler/c6000_7.4.16/lib/</path>
         <kind>archive</kind>
         <file>rts6740.lib</file>
         <name>newhandler.obj</name>
      </input_file>
      <input_file id="fl-35">
         <path>/opt/ti/ccsv6/tools/compiler/c6000_7.4.16/lib/</path>
         <kind>archive</kind>
         <file>rts6740.lib</file>
         <name>pow.obj</name>
      </input_file>
      <input_file id="fl-36">
         <path>/opt/ti/ccsv6/tools/compiler/c6000_7.4.16/lib/</path>
         <kind>archive</kind>
         <file>rts6740.lib</file>
         <name>powi.obj</name>
      </input_file>
      <input_file id="fl-37">
         <path>/opt/ti/ccsv6/tools/compiler/c6000_7.4.16/lib/</path>
         <kind>archive</kind>
         <file>rts6740.lib</file>
         <name>printf.obj</name>
      </input_file>
      <input_file id="fl-38">
         <path>/opt/ti/ccsv6/tools/compiler/c6000_7.4.16/lib/</path>
         <kind>archive</kind>
         <file>rts6740.lib</file>
         <name>pure_virt.obj</name>
      </input_file>
      <input_file id="fl-39">
         <path>/opt/ti/ccsv6/tools/compiler/c6000_7.4.16/lib/</path>
         <kind>archive</kind>
         <file>rts6740.lib</file>
         <name>rand.obj</name>
      </input_file>
      <input_file id="fl-3a">
         <path>/opt/ti/ccsv6/tools/compiler/c6000_7.4.16/lib/</path>
         <kind>archive</kind>
         <file>rts6740.lib</file>
         <name>remi.obj</name>
      </input_file>
      <input_file id="fl-3b">
         <path>/opt/ti/ccsv6/tools/compiler/c6000_7.4.16/lib/</path>
         <kind>archive</kind>
         <file>rts6740.lib</file>
         <name>remove.obj</name>
      </input_file>
      <input_file id="fl-3c">
         <path>/opt/ti/ccsv6/tools/compiler/c6000_7.4.16/lib/</path>
         <kind>archive</kind>
         <file>rts6740.lib</file>
         <name>round.obj</name>
      </input_file>
      <input_file id="fl-3d">
         <path>/opt/ti/ccsv6/tools/compiler/c6000_7.4.16/lib/</path>
         <kind>archive</kind>
         <file>rts6740.lib</file>
         <name>setlocale.obj</name>
      </input_file>
      <input_file id="fl-3e">
         <path>/opt/ti/ccsv6/tools/compiler/c6000_7.4.16/lib/</path>
         <kind>archive</kind>
         <file>rts6740.lib</file>
         <name>sin.obj</name>
      </input_file>
      <input_file id="fl-3f">
         <path>/opt/ti/ccsv6/tools/compiler/c6000_7.4.16/lib/</path>
         <kind>archive</kind>
         <file>rts6740.lib</file>
         <name>sqrt.obj</name>
      </input_file>
      <input_file id="fl-40">
         <path>/opt/ti/ccsv6/tools/compiler/c6000_7.4.16/lib/</path>
         <kind>archive</kind>
         <file>rts6740.lib</file>
         <name>strcmp.obj</name>
      </input_file>
      <input_file id="fl-41">
         <path>/opt/ti/ccsv6/tools/compiler/c6000_7.4.16/lib/</path>
         <kind>archive</kind>
         <file>rts6740.lib</file>
         <name>strlen.obj</name>
      </input_file>
      <input_file id="fl-42">
         <path>/opt/ti/ccsv6/tools/compiler/c6000_7.4.16/lib/</path>
         <kind>archive</kind>
         <file>rts6740.lib</file>
         <name>strrchr.obj</name>
      </input_file>
      <input_file id="fl-43">
         <path>/opt/ti/ccsv6/tools/compiler/c6000_7.4.16/lib/</path>
         <kind>archive</kind>
         <file>rts6740.lib</file>
         <name>strtod.obj</name>
      </input_file>
      <input_file id="fl-44">
         <path>/opt/ti/ccsv6/tools/compiler/c6000_7.4.16/lib/</path>
         <kind>archive</kind>
         <file>rts6740.lib</file>
         <name>strtok.obj</name>
      </input_file>
      <input_file id="fl-45">
         <path>/opt/ti/ccsv6/tools/compiler/c6000_7.4.16/lib/</path>
         <kind>archive</kind>
         <file>rts6740.lib</file>
         <name>strtol.obj</name>
      </input_file>
      <input_file id="fl-46">
         <path>/opt/ti/ccsv6/tools/compiler/c6000_7.4.16/lib/</path>
         <kind>archive</kind>
         <file>rts6740.lib</file>
         <name>tanh.obj</name>
      </input_file>
      <input_file id="fl-47">
         <path>/opt/ti/ccsv6/tools/compiler/c6000_7.4.16/lib/</path>
         <kind>archive</kind>
         <file>rts6740.lib</file>
         <name>time.obj</name>
      </input_file>
      <input_file id="fl-48">
         <path>/opt/ti/ccsv6/tools/compiler/c6000_7.4.16/lib/</path>
         <kind>archive</kind>
         <file>rts6740.lib</file>
         <name>trgdrv.obj</name>
      </input_file>
      <input_file id="fl-49">
         <path>/opt/ti/ccsv6/tools/compiler/c6000_7.4.16/lib/</path>
         <kind>archive</kind>
         <file>rts6740.lib</file>
         <name>trgmsg.obj</name>
      </input_file>
      <input_file id="fl-4a">
         <path>/opt/ti/ccsv6/tools/compiler/c6000_7.4.16/lib/</path>
         <kind>archive</kind>
         <file>rts6740.lib</file>
         <name>trunc.obj</name>
      </input_file>
      <input_file id="fl-4b">
         <path>/opt/ti/ccsv6/tools/compiler/c6000_7.4.16/lib/</path>
         <kind>archive</kind>
         <file>rts6740.lib</file>
         <name>ungetc.obj</name>
      </input_file>
      <input_file id="fl-4c">
         <path>/opt/ti/ccsv6/tools/compiler/c6000_7.4.16/lib/</path>
         <kind>archive</kind>
         <file>rts6740.lib</file>
         <name>vars.obj</name>
      </input_file>
      <input_file id="fl-4d">
         <path>/opt/ti/ccsv6/tools/compiler/c6000_7.4.16/lib/</path>
         <kind>archive</kind>
         <file>rts6740.lib</file>
         <name>vsprintf.obj</name>
      </input_file>
      <input_file id="fl-4e">
         <path>/opt/ti/ccsv6/tools/compiler/c6000_7.4.16/lib/</path>
         <kind>archive</kind>
         <file>rts6740.lib</file>
         <name>_bufread.obj</name>
      </input_file>
      <input_file id="fl-4f">
         <path>/opt/ti/ccsv6/tools/compiler/c6000_7.4.16/lib/</path>
         <kind>archive</kind>
         <file>rts6740.lib</file>
         <name>_io_perm.obj</name>
      </input_file>
      <input_file id="fl-50">
         <path>/opt/ti/ccsv6/tools/compiler/c6000_7.4.16/lib/</path>
         <kind>archive</kind>
         <file>rts6740.lib</file>
         <name>_lock.obj</name>
      </input_file>
      <input_file id="fl-51">
         <path>/opt/ti/ccsv6/tools/compiler/c6000_7.4.16/lib/</path>
         <kind>archive</kind>
         <file>rts6740.lib</file>
         <name>_printfi.obj</name>
      </input_file>
      <input_file id="fl-52">
         <path>/opt/ti/ccsv6/tools/compiler/c6000_7.4.16/lib/</path>
         <kind>archive</kind>
         <file>rts6740.lib</file>
         <name>_scanfi.obj</name>
      </input_file>
      <input_file id="fl-53">
         <path>/opt/ti/ccsv6/tools/compiler/c6000_7.4.16/lib/</path>
         <kind>archive</kind>
         <file>rts6740.lib</file>
         <name>args_main.obj</name>
      </input_file>
      <input_file id="fl-54">
         <path>/opt/ti/ccsv6/tools/compiler/c6000_7.4.16/lib/</path>
         <kind>archive</kind>
         <file>rts6740.lib</file>
         <name>atoi.obj</name>
      </input_file>
      <input_file id="fl-55">
         <path>/opt/ti/ccsv6/tools/compiler/c6000_7.4.16/lib/</path>
         <kind>archive</kind>
         <file>rts6740.lib</file>
         <name>autoinit.obj</name>
      </input_file>
      <input_file id="fl-56">
         <path>/opt/ti/ccsv6/tools/compiler/c6000_7.4.16/lib/</path>
         <kind>archive</kind>
         <file>rts6740.lib</file>
         <name>cpp_init.obj</name>
      </input_file>
      <input_file id="fl-57">
         <path>/opt/ti/ccsv6/tools/compiler/c6000_7.4.16/lib/</path>
         <kind>archive</kind>
         <file>rts6740.lib</file>
         <name>cpy_tbl.obj</name>
      </input_file>
      <input_file id="fl-58">
         <path>/opt/ti/ccsv6/tools/compiler/c6000_7.4.16/lib/</path>
         <kind>archive</kind>
         <file>rts6740.lib</file>
         <name>ctype.obj</name>
      </input_file>
      <input_file id="fl-59">
         <path>/opt/ti/ccsv6/tools/compiler/c6000_7.4.16/lib/</path>
         <kind>archive</kind>
         <file>rts6740.lib</file>
         <name>errno.obj</name>
      </input_file>
      <input_file id="fl-5a">
         <path>/opt/ti/ccsv6/tools/compiler/c6000_7.4.16/lib/</path>
         <kind>archive</kind>
         <file>rts6740.lib</file>
         <name>error.obj</name>
      </input_file>
      <input_file id="fl-5b">
         <path>/opt/ti/ccsv6/tools/compiler/c6000_7.4.16/lib/</path>
         <kind>archive</kind>
         <file>rts6740.lib</file>
         <name>fltlid.obj</name>
      </input_file>
      <input_file id="fl-5c">
         <path>/opt/ti/ccsv6/tools/compiler/c6000_7.4.16/lib/</path>
         <kind>archive</kind>
         <file>rts6740.lib</file>
         <name>frexp.obj</name>
      </input_file>
      <input_file id="fl-5d">
         <path>/opt/ti/ccsv6/tools/compiler/c6000_7.4.16/lib/</path>
         <kind>archive</kind>
         <file>rts6740.lib</file>
         <name>imath40.obj</name>
      </input_file>
      <input_file id="fl-5e">
         <path>/opt/ti/ccsv6/tools/compiler/c6000_7.4.16/lib/</path>
         <kind>archive</kind>
         <file>rts6740.lib</file>
         <name>imath64.obj</name>
      </input_file>
      <input_file id="fl-5f">
         <path>/opt/ti/ccsv6/tools/compiler/c6000_7.4.16/lib/</path>
         <kind>archive</kind>
         <file>rts6740.lib</file>
         <name>isinf.obj</name>
      </input_file>
      <input_file id="fl-60">
         <path>/opt/ti/ccsv6/tools/compiler/c6000_7.4.16/lib/</path>
         <kind>archive</kind>
         <file>rts6740.lib</file>
         <name>ltoa.obj</name>
      </input_file>
      <input_file id="fl-61">
         <path>/opt/ti/ccsv6/tools/compiler/c6000_7.4.16/lib/</path>
         <kind>archive</kind>
         <file>rts6740.lib</file>
         <name>memccpy.obj</name>
      </input_file>
      <input_file id="fl-62">
         <path>/opt/ti/ccsv6/tools/compiler/c6000_7.4.16/lib/</path>
         <kind>archive</kind>
         <file>rts6740.lib</file>
         <name>negll.obj</name>
      </input_file>
      <input_file id="fl-63">
         <path>/opt/ti/ccsv6/tools/compiler/c6000_7.4.16/lib/</path>
         <kind>archive</kind>
         <file>rts6740.lib</file>
         <name>setvbuf.obj</name>
      </input_file>
      <input_file id="fl-64">
         <path>/opt/ti/ccsv6/tools/compiler/c6000_7.4.16/lib/</path>
         <kind>archive</kind>
         <file>rts6740.lib</file>
         <name>strcspn.obj</name>
      </input_file>
      <input_file id="fl-65">
         <path>/opt/ti/ccsv6/tools/compiler/c6000_7.4.16/lib/</path>
         <kind>archive</kind>
         <file>rts6740.lib</file>
         <name>strspn.obj</name>
      </input_file>
      <input_file id="fl-66">
         <path>/opt/ti/ccsv6/tools/compiler/c6000_7.4.16/lib/</path>
         <kind>archive</kind>
         <file>rts6740.lib</file>
         <name>strtold.obj</name>
      </input_file>
      <input_file id="fl-67">
         <path>/opt/ti/ccsv6/tools/compiler/c6000_7.4.16/lib/</path>
         <kind>archive</kind>
         <file>rts6740.lib</file>
         <name>strtoll.obj</name>
      </input_file>
      <input_file id="fl-68">
         <path>/opt/ti/ccsv6/tools/compiler/c6000_7.4.16/lib/</path>
         <kind>archive</kind>
         <file>rts6740.lib</file>
         <name>strtoul.obj</name>
      </input_file>
      <input_file id="fl-69">
         <path>/opt/ti/ccsv6/tools/compiler/c6000_7.4.16/lib/</path>
         <kind>archive</kind>
         <file>rts6740.lib</file>
         <name>strtoull.obj</name>
      </input_file>
      <input_file id="fl-6a">
         <path>/opt/ti/ccsv6/tools/compiler/c6000_7.4.16/lib/</path>
         <kind>archive</kind>
         <file>rts6740.lib</file>
         <name>abs.obj</name>
      </input_file>
   </input_file_list>
   <object_component_list>
      <object_component id="oc-46">
         <name>vectors</name>
         <load_address>0x11800000</load_address>
         <run_address>0x11800000</run_address>
         <size>0x200</size>
         <input_file_ref idref="fl-c"/>
      </object_component>
      <object_component id="oc-15">
         <name>.bss</name>
         <uninitialized>true</uninitialized>
         <run_address>0x11820e34</run_address>
         <size>0x4</size>
         <input_file_ref idref="fl-3"/>
      </object_component>
      <object_component id="oc-34">
         <name>.bss</name>
         <uninitialized>true</uninitialized>
         <run_address>0x11820ddc</run_address>
         <size>0x48</size>
         <input_file_ref idref="fl-a"/>
      </object_component>
      <object_component id="oc-3c">
         <name>.bss</name>
         <uninitialized>true</uninitialized>
         <run_address>0x11820e24</run_address>
         <size>0x10</size>
         <input_file_ref idref="fl-b"/>
      </object_component>
      <object_component id="oc-36">
         <name>.cinit</name>
         <load_address>0x1181e6e0</load_address>
         <run_address>0x1181e6e0</run_address>
         <size>0xc00</size>
         <input_file_ref idref="fl-a"/>
      </object_component>
      <object_component id="oc-c9">
         <name>.cinit</name>
         <load_address>0x1181f2e0</load_address>
         <run_address>0x1181f2e0</run_address>
         <size>0x140</size>
         <input_file_ref idref="fl-35"/>
      </object_component>
      <object_component id="oc-3f">
         <name>.cinit</name>
         <load_address>0x1181f420</load_address>
         <run_address>0x1181f420</run_address>
         <size>0x6c</size>
         <input_file_ref idref="fl-b"/>
      </object_component>
      <object_component id="oc-5a">
         <name>.cinit</name>
         <load_address>0x1181f490</load_address>
         <run_address>0x1181f490</run_address>
         <size>0x5c</size>
         <input_file_ref idref="fl-15"/>
      </object_component>
      <object_component id="oc-af">
         <name>.cinit</name>
         <load_address>0x1181f4f0</load_address>
         <run_address>0x1181f4f0</run_address>
         <size>0x5c</size>
         <input_file_ref idref="fl-2e"/>
      </object_component>
      <object_component id="oc-55">
         <name>.cinit</name>
         <load_address>0x1181f550</load_address>
         <run_address>0x1181f550</run_address>
         <size>0x48</size>
         <input_file_ref idref="fl-14"/>
      </object_component>
      <object_component id="oc-eb">
         <name>.cinit</name>
         <load_address>0x1181f598</load_address>
         <run_address>0x1181f598</run_address>
         <size>0x48</size>
         <input_file_ref idref="fl-3e"/>
      </object_component>
      <object_component id="oc-72">
         <name>.cinit</name>
         <load_address>0x1181f5e0</load_address>
         <run_address>0x1181f5e0</run_address>
         <size>0x40</size>
         <input_file_ref idref="fl-1c"/>
      </object_component>
      <object_component id="oc-aa">
         <name>.cinit</name>
         <load_address>0x1181f620</load_address>
         <run_address>0x1181f620</run_address>
         <size>0x40</size>
         <input_file_ref idref="fl-2d"/>
      </object_component>
      <object_component id="oc-107">
         <name>.cinit</name>
         <load_address>0x1181f660</load_address>
         <run_address>0x1181f660</run_address>
         <size>0x40</size>
         <input_file_ref idref="fl-46"/>
      </object_component>
      <object_component id="oc-e5">
         <name>.cinit</name>
         <load_address>0x1181f6a0</load_address>
         <run_address>0x1181f6a0</run_address>
         <size>0x39</size>
         <input_file_ref idref="fl-3d"/>
      </object_component>
      <object_component id="oc-6d">
         <name>.cinit</name>
         <load_address>0x1181f6e0</load_address>
         <run_address>0x1181f6e0</run_address>
         <size>0x2c</size>
         <input_file_ref idref="fl-1b"/>
      </object_component>
      <object_component id="oc-b7">
         <name>.cinit</name>
         <load_address>0x1181f710</load_address>
         <run_address>0x1181f710</run_address>
         <size>0x2c</size>
         <input_file_ref idref="fl-30"/>
      </object_component>
      <object_component id="oc-12a">
         <name>.cinit</name>
         <load_address>0x1181f740</load_address>
         <run_address>0x1181f740</run_address>
         <size>0x1c</size>
         <input_file_ref idref="fl-50"/>
      </object_component>
      <object_component id="oc-d7">
         <name>.cinit</name>
         <load_address>0x1181f760</load_address>
         <run_address>0x1181f760</run_address>
         <size>0x10</size>
         <input_file_ref idref="fl-39"/>
      </object_component>
      <object_component id="oc-17">
         <name>.cinit</name>
         <load_address>0x1181f770</load_address>
         <run_address>0x1181f770</run_address>
         <size>0xc</size>
         <input_file_ref idref="fl-3"/>
      </object_component>
      <object_component id="oc-147">
         <name>.cinit</name>
         <load_address>0x1181f780</load_address>
         <run_address>0x1181f780</run_address>
         <size>0xc</size>
         <input_file_ref idref="fl-59"/>
      </object_component>
      <object_component id="oc-89">
         <name>.cinit</name>
         <load_address>0x1181f790</load_address>
         <run_address>0x1181f790</run_address>
         <size>0xc</size>
         <input_file_ref idref="fl-23"/>
      </object_component>
      <object_component id="oc-ff">
         <name>.cinit</name>
         <load_address>0x1181f7a0</load_address>
         <run_address>0x1181f7a0</run_address>
         <size>0xc</size>
         <input_file_ref idref="fl-44"/>
      </object_component>
      <object_component id="oc-11d">
         <name>.cinit</name>
         <load_address>0x1181f7b0</load_address>
         <run_address>0x1181f7b0</run_address>
         <size>0xc</size>
         <input_file_ref idref="fl-4c"/>
      </object_component>
      <object_component id="oc-113">
         <name>.cio</name>
         <uninitialized>true</uninitialized>
         <run_address>0x11820c40</run_address>
         <size>0x120</size>
         <input_file_ref idref="fl-49"/>
      </object_component>
      <object_component id="oc-42">
         <name>.const:.string</name>
         <load_address>0x1181f7c8</load_address>
         <run_address>0x1181f7c8</run_address>
         <size>0x5d8</size>
         <input_file_ref idref="fl-b"/>
      </object_component>
      <object_component id="oc-38">
         <name>.const:.string</name>
         <load_address>0x1181fda0</load_address>
         <run_address>0x1181fda0</run_address>
         <size>0x180</size>
         <input_file_ref idref="fl-a"/>
      </object_component>
      <object_component id="oc-2c">
         <name>.const:.string</name>
         <load_address>0x1181ff20</load_address>
         <run_address>0x1181ff20</run_address>
         <size>0x16c</size>
         <input_file_ref idref="fl-8"/>
      </object_component>
      <object_component id="oc-94">
         <name>.const:.string</name>
         <load_address>0x1182008c</load_address>
         <run_address>0x1182008c</run_address>
         <size>0x2</size>
         <input_file_ref idref="fl-26"/>
      </object_component>
      <object_component id="oc-1ed">
         <name>.const:.string:__ctypes_</name>
         <load_address>0x11820090</load_address>
         <run_address>0x11820090</run_address>
         <size>0x101</size>
         <input_file_ref idref="fl-58"/>
      </object_component>
      <object_component id="oc-e7">
         <name>.const:.string</name>
         <load_address>0x11820191</load_address>
         <run_address>0x11820191</run_address>
         <size>0x5</size>
         <input_file_ref idref="fl-3d"/>
      </object_component>
      <object_component id="oc-1ee">
         <name>.const:_digits</name>
         <load_address>0x11820198</load_address>
         <run_address>0x11820198</run_address>
         <size>0x50</size>
         <input_file_ref idref="fl-43"/>
      </object_component>
      <object_component id="oc-222">
         <name>.const:_digits</name>
         <load_address>0x118201e8</load_address>
         <run_address>0x118201e8</run_address>
         <size>0x50</size>
         <input_file_ref idref="fl-66"/>
      </object_component>
      <object_component id="oc-1ef">
         <name>.const:_powerof10</name>
         <load_address>0x11820238</load_address>
         <run_address>0x11820238</run_address>
         <size>0x48</size>
         <input_file_ref idref="fl-43"/>
      </object_component>
      <object_component id="oc-223">
         <name>.const:_powerof10</name>
         <load_address>0x11820280</load_address>
         <run_address>0x11820280</run_address>
         <size>0x48</size>
         <input_file_ref idref="fl-66"/>
      </object_component>
      <object_component id="oc-1a1">
         <name>.const:___vtbl__11ONE_CLASS_Q</name>
         <load_address>0x118202c8</load_address>
         <run_address>0x118202c8</run_address>
         <size>0x28</size>
         <input_file_ref idref="fl-b"/>
      </object_component>
      <object_component id="oc-19e">
         <name>.const:___vtbl__5SVC_Q</name>
         <load_address>0x118202f0</load_address>
         <run_address>0x118202f0</run_address>
         <size>0x28</size>
         <input_file_ref idref="fl-b"/>
      </object_component>
      <object_component id="oc-1a2">
         <name>.const:___vtbl__5SVR_Q</name>
         <load_address>0x11820318</load_address>
         <run_address>0x11820318</run_address>
         <size>0x28</size>
         <input_file_ref idref="fl-b"/>
      </object_component>
      <object_component id="oc-1c1">
         <name>.const:___vtbl__6Kernel</name>
         <load_address>0x11820340</load_address>
         <run_address>0x11820340</run_address>
         <size>0x28</size>
         <input_file_ref idref="fl-b"/>
      </object_component>
      <object_component id="oc-19c">
         <name>.const:___vtbl__6Solver</name>
         <load_address>0x11820368</load_address>
         <run_address>0x11820368</run_address>
         <size>0x28</size>
         <input_file_ref idref="fl-b"/>
      </object_component>
      <object_component id="oc-198">
         <name>.const:___vtbl__7QMatrix</name>
         <load_address>0x11820390</load_address>
         <run_address>0x11820390</run_address>
         <size>0x28</size>
         <input_file_ref idref="fl-b"/>
      </object_component>
      <object_component id="oc-19d">
         <name>.const:___vtbl__9Solver_NU</name>
         <load_address>0x118203b8</load_address>
         <run_address>0x118203b8</run_address>
         <size>0x28</size>
         <input_file_ref idref="fl-b"/>
      </object_component>
      <object_component id="oc-41">
         <name>.const</name>
         <load_address>0x118203e0</load_address>
         <run_address>0x118203e0</run_address>
         <size>0x28</size>
         <input_file_ref idref="fl-b"/>
      </object_component>
      <object_component id="oc-12f">
         <name>.const:.string</name>
         <load_address>0x11820408</load_address>
         <run_address>0x11820408</run_address>
         <size>0x23</size>
         <input_file_ref idref="fl-51"/>
      </object_component>
      <object_component id="oc-213">
         <name>.const:.string:_flit$1</name>
         <load_address>0x11820430</load_address>
         <run_address>0x11820430</run_address>
         <size>0x7</size>
         <input_file_ref idref="fl-52"/>
      </object_component>
      <object_component id="oc-214">
         <name>.const:.string:_barr$2</name>
         <load_address>0x11820438</load_address>
         <run_address>0x11820438</run_address>
         <size>0x6</size>
         <input_file_ref idref="fl-52"/>
      </object_component>
      <object_component id="oc-51">
         <name>.stack</name>
         <uninitialized>true</uninitialized>
         <run_address>0x11820440</run_address>
         <size>0x8</size>
         <input_file_ref idref="fl-13"/>
      </object_component>
      <object_component id="oc-242">
         <name>.stack</name>
         <uninitialized>true</uninitialized>
         <run_address>0x11820440</run_address>
         <size>0x0</size>
      </object_component>
      <object_component id="oc-b9">
         <name>.sysmem</name>
         <uninitialized>true</uninitialized>
         <run_address>0x11820840</run_address>
         <size>0x8</size>
         <input_file_ref idref="fl-30"/>
      </object_component>
      <object_component id="oc-243">
         <name>.sysmem</name>
         <uninitialized>true</uninitialized>
         <run_address>0x11820840</run_address>
         <size>0x0</size>
      </object_component>
      <object_component id="oc-182">
         <name>.text</name>
         <load_address>0x11800200</load_address>
         <run_address>0x11800200</run_address>
         <size>0xb860</size>
         <input_file_ref idref="fl-b"/>
      </object_component>
      <object_component id="oc-18e">
         <name>.text</name>
         <load_address>0x1180ba60</load_address>
         <run_address>0x1180ba60</run_address>
         <size>0x12a0</size>
         <input_file_ref idref="fl-a"/>
      </object_component>
      <object_component id="oc-180">
         <name>.text</name>
         <load_address>0x1180cd00</load_address>
         <run_address>0x1180cd00</run_address>
         <size>0xdc0</size>
         <input_file_ref idref="fl-3"/>
      </object_component>
      <object_component id="oc-1e6">
         <name>.text:__scanfi</name>
         <load_address>0x1180dac0</load_address>
         <run_address>0x1180dac0</run_address>
         <size>0x900</size>
         <input_file_ref idref="fl-52"/>
      </object_component>
      <object_component id="oc-1f4">
         <name>.text:_pow</name>
         <load_address>0x1180e3c0</load_address>
         <run_address>0x1180e3c0</run_address>
         <size>0x720</size>
         <input_file_ref idref="fl-35"/>
      </object_component>
      <object_component id="oc-206">
         <name>.text:__sset_arg</name>
         <load_address>0x1180eae0</load_address>
         <run_address>0x1180eae0</run_address>
         <size>0x620</size>
         <input_file_ref idref="fl-52"/>
      </object_component>
      <object_component id="oc-1a6">
         <name>.text:__divd</name>
         <load_address>0x1180f100</load_address>
         <run_address>0x1180f100</run_address>
         <size>0x5a0</size>
         <input_file_ref idref="fl-17"/>
      </object_component>
      <object_component id="oc-20c">
         <name>.text:__getarg_diouxp</name>
         <load_address>0x1180f6a0</load_address>
         <run_address>0x1180f6a0</run_address>
         <size>0x580</size>
         <input_file_ref idref="fl-51"/>
      </object_component>
      <object_component id="oc-1c9">
         <name>.text</name>
         <load_address>0x1180fc20</load_address>
         <run_address>0x1180fc20</run_address>
         <size>0x540</size>
         <input_file_ref idref="fl-9"/>
      </object_component>
      <object_component id="oc-1cc">
         <name>.text:__setfield</name>
         <load_address>0x11810160</load_address>
         <run_address>0x11810160</run_address>
         <size>0x520</size>
         <input_file_ref idref="fl-51"/>
      </object_component>
      <object_component id="oc-203">
         <name>.text:__sproc_int</name>
         <load_address>0x11810680</load_address>
         <run_address>0x11810680</run_address>
         <size>0x4c0</size>
         <input_file_ref idref="fl-52"/>
      </object_component>
      <object_component id="oc-1be">
         <name>.text:_strtod</name>
         <load_address>0x11810b40</load_address>
         <run_address>0x11810b40</run_address>
         <size>0x460</size>
         <input_file_ref idref="fl-43"/>
      </object_component>
      <object_component id="oc-1bf">
         <name>.text:_strtol</name>
         <load_address>0x11810fa0</load_address>
         <run_address>0x11810fa0</run_address>
         <size>0x460</size>
         <input_file_ref idref="fl-45"/>
      </object_component>
      <object_component id="oc-218">
         <name>.text:_strtold</name>
         <load_address>0x11811400</load_address>
         <run_address>0x11811400</run_address>
         <size>0x460</size>
         <input_file_ref idref="fl-66"/>
      </object_component>
      <object_component id="oc-219">
         <name>.text:_strtoll</name>
         <load_address>0x11811860</load_address>
         <run_address>0x11811860</run_address>
         <size>0x460</size>
         <input_file_ref idref="fl-67"/>
      </object_component>
      <object_component id="oc-193">
         <name>.text:__printfi</name>
         <load_address>0x11811cc0</load_address>
         <run_address>0x11811cc0</run_address>
         <size>0x440</size>
         <input_file_ref idref="fl-51"/>
      </object_component>
      <object_component id="oc-1e2">
         <name>.text:__dofgets</name>
         <load_address>0x11812100</load_address>
         <run_address>0x11812100</run_address>
         <size>0x400</size>
         <input_file_ref idref="fl-21"/>
      </object_component>
      <object_component id="oc-216">
         <name>.text:_strtoul</name>
         <load_address>0x11812500</load_address>
         <run_address>0x11812500</run_address>
         <size>0x400</size>
         <input_file_ref idref="fl-68"/>
      </object_component>
      <object_component id="oc-217">
         <name>.text:_strtoull</name>
         <load_address>0x11812900</load_address>
         <run_address>0x11812900</run_address>
         <size>0x400</size>
         <input_file_ref idref="fl-69"/>
      </object_component>
      <object_component id="oc-1a3">
         <name>.text:_fputs</name>
         <load_address>0x11812d00</load_address>
         <run_address>0x11812d00</run_address>
         <size>0x3a0</size>
         <input_file_ref idref="fl-26"/>
      </object_component>
      <object_component id="oc-201">
         <name>.text:__sget_conv</name>
         <load_address>0x118130a0</load_address>
         <run_address>0x118130a0</run_address>
         <size>0x340</size>
         <input_file_ref idref="fl-52"/>
      </object_component>
      <object_component id="oc-1f7">
         <name>.text:__pproc_fge</name>
         <load_address>0x118133e0</load_address>
         <run_address>0x118133e0</run_address>
         <size>0x320</size>
         <input_file_ref idref="fl-51"/>
      </object_component>
      <object_component id="oc-202">
         <name>.text:__sproc_float</name>
         <load_address>0x11813700</load_address>
         <run_address>0x11813700</run_address>
         <size>0x2e0</size>
         <input_file_ref idref="fl-52"/>
      </object_component>
      <object_component id="oc-1c7">
         <name>.text:_cos</name>
         <load_address>0x118139e0</load_address>
         <run_address>0x118139e0</run_address>
         <size>0x2e0</size>
         <input_file_ref idref="fl-14"/>
      </object_component>
      <object_component id="oc-199">
         <name>.text:_powi</name>
         <load_address>0x11813cc0</load_address>
         <run_address>0x11813cc0</run_address>
         <size>0x2e0</size>
         <input_file_ref idref="fl-36"/>
      </object_component>
      <object_component id="oc-1cb">
         <name>.text:__pproc_fwp</name>
         <load_address>0x11813fa0</load_address>
         <run_address>0x11813fa0</run_address>
         <size>0x2c0</size>
         <input_file_ref idref="fl-51"/>
      </object_component>
      <object_component id="oc-1af">
         <name>.text:_realloc</name>
         <load_address>0x11814260</load_address>
         <run_address>0x11814260</run_address>
         <size>0x2c0</size>
         <input_file_ref idref="fl-30"/>
      </object_component>
      <object_component id="oc-21a">
         <name>.text:_ecvt</name>
         <load_address>0x11814520</load_address>
         <run_address>0x11814520</run_address>
         <size>0x2a0</size>
         <input_file_ref idref="fl-51"/>
      </object_component>
      <object_component id="oc-21d">
         <name>.text:_fcvt</name>
         <load_address>0x118147c0</load_address>
         <run_address>0x118147c0</run_address>
         <size>0x2a0</size>
         <input_file_ref idref="fl-51"/>
      </object_component>
      <object_component id="oc-1c6">
         <name>.text:__divf</name>
         <load_address>0x11814a60</load_address>
         <run_address>0x11814a60</run_address>
         <size>0x280</size>
         <input_file_ref idref="fl-18"/>
      </object_component>
      <object_component id="oc-1aa">
         <name>.text:_free</name>
         <load_address>0x11814ce0</load_address>
         <run_address>0x11814ce0</run_address>
         <size>0x280</size>
         <input_file_ref idref="fl-30"/>
      </object_component>
      <object_component id="oc-1c8">
         <name>.text:_sin</name>
         <load_address>0x11814f60</load_address>
         <run_address>0x11814f60</run_address>
         <size>0x280</size>
         <input_file_ref idref="fl-3e"/>
      </object_component>
      <object_component id="oc-221">
         <name>.text:__divull</name>
         <load_address>0x118151e0</load_address>
         <run_address>0x118151e0</run_address>
         <size>0x260</size>
         <input_file_ref idref="fl-5e"/>
      </object_component>
      <object_component id="oc-20b">
         <name>.text:__pconv_e</name>
         <load_address>0x11815440</load_address>
         <run_address>0x11815440</run_address>
         <size>0x260</size>
         <input_file_ref idref="fl-51"/>
      </object_component>
      <object_component id="oc-1f8">
         <name>.text:__pproc_diouxp</name>
         <load_address>0x118156a0</load_address>
         <run_address>0x118156a0</run_address>
         <size>0x240</size>
         <input_file_ref idref="fl-51"/>
      </object_component>
      <object_component id="oc-11">
         <name>.text:retain</name>
         <load_address>0x118158e0</load_address>
         <run_address>0x118158e0</run_address>
         <size>0x240</size>
         <input_file_ref idref="fl-2"/>
      </object_component>
      <object_component id="oc-1cd">
         <name>.text:__pproc_str</name>
         <load_address>0x11815b20</load_address>
         <run_address>0x11815b20</run_address>
         <size>0x220</size>
         <input_file_ref idref="fl-51"/>
      </object_component>
      <object_component id="oc-1ce">
         <name>.text:_fputc</name>
         <load_address>0x11815d40</load_address>
         <run_address>0x11815d40</run_address>
         <size>0x220</size>
         <input_file_ref idref="fl-25"/>
      </object_component>
      <object_component id="oc-209">
         <name>.text:__pconv_g</name>
         <load_address>0x11815f60</load_address>
         <run_address>0x11815f60</run_address>
         <size>0x200</size>
         <input_file_ref idref="fl-51"/>
      </object_component>
      <object_component id="oc-1a9">
         <name>.text:_log</name>
         <load_address>0x11816160</load_address>
         <run_address>0x11816160</run_address>
         <size>0x200</size>
         <input_file_ref idref="fl-2d"/>
      </object_component>
      <object_component id="oc-1fb">
         <name>.text:_setvbuf</name>
         <load_address>0x11816360</load_address>
         <run_address>0x11816360</run_address>
         <size>0x200</size>
         <input_file_ref idref="fl-63"/>
      </object_component>
      <object_component id="oc-19a">
         <name>.text:_exp</name>
         <load_address>0x11816560</load_address>
         <run_address>0x11816560</run_address>
         <size>0x1e0</size>
         <input_file_ref idref="fl-1c"/>
      </object_component>
      <object_component id="oc-21c">
         <name>.text:__mcpy</name>
         <load_address>0x11816740</load_address>
         <run_address>0x11816740</run_address>
         <size>0x1c0</size>
         <input_file_ref idref="fl-51"/>
      </object_component>
      <object_component id="oc-1e0">
         <name>.text:__openfile</name>
         <load_address>0x11816900</load_address>
         <run_address>0x11816900</run_address>
         <size>0x1c0</size>
         <input_file_ref idref="fl-23"/>
      </object_component>
      <object_component id="oc-1f0">
         <name>.text:__divul</name>
         <load_address>0x11816ac0</load_address>
         <run_address>0x11816ac0</run_address>
         <size>0x1a0</size>
         <input_file_ref idref="fl-5d"/>
      </object_component>
      <object_component id="oc-204">
         <name>.text:__sproc_str</name>
         <load_address>0x11816c60</load_address>
         <run_address>0x11816c60</run_address>
         <size>0x1a0</size>
         <input_file_ref idref="fl-52"/>
      </object_component>
      <object_component id="oc-19b">
         <name>.text:_tanh</name>
         <load_address>0x11816e00</load_address>
         <run_address>0x11816e00</run_address>
         <size>0x1a0</size>
         <input_file_ref idref="fl-46"/>
      </object_component>
      <object_component id="oc-189">
         <name>.text:_HOSTrename</name>
         <load_address>0x11816fa0</load_address>
         <run_address>0x11816fa0</run_address>
         <size>0x180</size>
         <input_file_ref idref="fl-48"/>
      </object_component>
      <object_component id="oc-1e5">
         <name>.text:__chkmbc</name>
         <load_address>0x11817120</load_address>
         <run_address>0x11817120</run_address>
         <size>0x180</size>
         <input_file_ref idref="fl-28"/>
      </object_component>
      <object_component id="oc-1a7">
         <name>.text:_malloc</name>
         <load_address>0x118172a0</load_address>
         <run_address>0x118172a0</run_address>
         <size>0x180</size>
         <input_file_ref idref="fl-30"/>
      </object_component>
      <object_component id="oc-1fd">
         <name>.text:_open</name>
         <load_address>0x11817420</load_address>
         <run_address>0x11817420</run_address>
         <size>0x180</size>
         <input_file_ref idref="fl-2e"/>
      </object_component>
      <object_component id="oc-18d">
         <name>.text:___TI_cpp_init</name>
         <load_address>0x118175a0</load_address>
         <run_address>0x118175a0</run_address>
         <size>0x60</size>
         <input_file_ref idref="fl-56"/>
      </object_component>
      <object_component id="oc-1f">
         <name>.text</name>
         <load_address>0x11817600</load_address>
         <run_address>0x11817600</run_address>
         <size>0x180</size>
         <input_file_ref idref="fl-5"/>
      </object_component>
      <object_component id="oc-205">
         <name>.text:__sproc_lb</name>
         <load_address>0x11817780</load_address>
         <run_address>0x11817780</run_address>
         <size>0x160</size>
         <input_file_ref idref="fl-52"/>
      </object_component>
      <object_component id="oc-1d2">
         <name>.text:_ldexp</name>
         <load_address>0x118178e0</load_address>
         <run_address>0x118178e0</run_address>
         <size>0x160</size>
         <input_file_ref idref="fl-2b"/>
      </object_component>
      <object_component id="oc-1ca">
         <name>.text:__pproc_fflags</name>
         <load_address>0x11817a40</load_address>
         <run_address>0x11817a40</run_address>
         <size>0x140</size>
         <input_file_ref idref="fl-51"/>
      </object_component>
      <object_component id="oc-1ba">
         <name>.text:_fgetc</name>
         <load_address>0x11817b80</load_address>
         <run_address>0x11817b80</run_address>
         <size>0x140</size>
         <input_file_ref idref="fl-20"/>
      </object_component>
      <object_component id="oc-1bb">
         <name>.text:_ftell</name>
         <load_address>0x11817cc0</load_address>
         <run_address>0x11817cc0</run_address>
         <size>0x140</size>
         <input_file_ref idref="fl-2a"/>
      </object_component>
      <object_component id="oc-210">
         <name>.text:_getdevice</name>
         <load_address>0x11817e00</load_address>
         <run_address>0x11817e00</run_address>
         <size>0x140</size>
         <input_file_ref idref="fl-2e"/>
      </object_component>
      <object_component id="oc-200">
         <name>.text:_ungetc</name>
         <load_address>0x11817f40</load_address>
         <run_address>0x11817f40</run_address>
         <size>0x140</size>
         <input_file_ref idref="fl-4b"/>
      </object_component>
      <object_component id="oc-1e8">
         <name>.text:__buff_read</name>
         <load_address>0x11818080</load_address>
         <run_address>0x11818080</run_address>
         <size>0x120</size>
         <input_file_ref idref="fl-4e"/>
      </object_component>
      <object_component id="oc-1e1">
         <name>.text:__closefile</name>
         <load_address>0x118181a0</load_address>
         <run_address>0x118181a0</run_address>
         <size>0x120</size>
         <input_file_ref idref="fl-1d"/>
      </object_component>
      <object_component id="oc-20e">
         <name>.text:__ltostr</name>
         <load_address>0x118182c0</load_address>
         <run_address>0x118182c0</run_address>
         <size>0x120</size>
         <input_file_ref idref="fl-51"/>
      </object_component>
      <object_component id="oc-1df">
         <name>.text:__search_fp</name>
         <load_address>0x118183e0</load_address>
         <run_address>0x118183e0</run_address>
         <size>0x120</size>
         <input_file_ref idref="fl-23"/>
      </object_component>
      <object_component id="oc-212">
         <name>.text:__sget_scanset</name>
         <load_address>0x11818500</load_address>
         <run_address>0x11818500</run_address>
         <size>0x120</size>
         <input_file_ref idref="fl-52"/>
      </object_component>
      <object_component id="oc-1d1">
         <name>.text:_frexp</name>
         <load_address>0x11818620</load_address>
         <run_address>0x11818620</run_address>
         <size>0x120</size>
         <input_file_ref idref="fl-5c"/>
      </object_component>
      <object_component id="oc-1bd">
         <name>.text:_fseek</name>
         <load_address>0x11818740</load_address>
         <run_address>0x11818740</run_address>
         <size>0x120</size>
         <input_file_ref idref="fl-29"/>
      </object_component>
      <object_component id="oc-187">
         <name>.text:_HOSTlseek</name>
         <load_address>0x11818860</load_address>
         <run_address>0x11818860</run_address>
         <size>0x100</size>
         <input_file_ref idref="fl-48"/>
      </object_component>
      <object_component id="oc-1d4">
         <name>.text:__wrt_ok</name>
         <load_address>0x11818960</load_address>
         <run_address>0x11818960</run_address>
         <size>0x100</size>
         <input_file_ref idref="fl-4f"/>
      </object_component>
      <object_component id="oc-1b0">
         <name>.text:_fprintf</name>
         <load_address>0x11818a60</load_address>
         <run_address>0x11818a60</run_address>
         <size>0x100</size>
         <input_file_ref idref="fl-24"/>
      </object_component>
      <object_component id="oc-1ae">
         <name>.text:_sqrt</name>
         <load_address>0x11818b60</load_address>
         <run_address>0x11818b60</run_address>
         <size>0x100</size>
         <input_file_ref idref="fl-3f"/>
      </object_component>
      <object_component id="oc-183">
         <name>.text:_HOSTopen</name>
         <load_address>0x11818c60</load_address>
         <run_address>0x11818c60</run_address>
         <size>0xe0</size>
         <input_file_ref idref="fl-48"/>
      </object_component>
      <object_component id="oc-185">
         <name>.text:_HOSTread</name>
         <load_address>0x11818d40</load_address>
         <run_address>0x11818d40</run_address>
         <size>0xe0</size>
         <input_file_ref idref="fl-48"/>
      </object_component>
      <object_component id="oc-1ad">
         <name>.text:__divi</name>
         <load_address>0x11818e20</load_address>
         <run_address>0x11818e20</run_address>
         <size>0xe0</size>
         <input_file_ref idref="fl-19"/>
      </object_component>
      <object_component id="oc-1f6">
         <name>.text:_atoi</name>
         <load_address>0x11818f00</load_address>
         <run_address>0x11818f00</run_address>
         <size>0xe0</size>
         <input_file_ref idref="fl-54"/>
      </object_component>
      <object_component id="oc-1fe">
         <name>.text:_close</name>
         <load_address>0x11818fe0</load_address>
         <run_address>0x11818fe0</run_address>
         <size>0xe0</size>
         <input_file_ref idref="fl-2e"/>
      </object_component>
      <object_component id="oc-1a4">
         <name>.text:_fflush</name>
         <load_address>0x118190c0</load_address>
         <run_address>0x118190c0</run_address>
         <size>0xe0</size>
         <input_file_ref idref="fl-1f"/>
      </object_component>
      <object_component id="oc-1b8">
         <name>.text:_fscanf</name>
         <load_address>0x118191a0</load_address>
         <run_address>0x118191a0</run_address>
         <size>0xe0</size>
         <input_file_ref idref="fl-28"/>
      </object_component>
      <object_component id="oc-1f5">
         <name>.text:_memset</name>
         <load_address>0x11819280</load_address>
         <run_address>0x11819280</run_address>
         <size>0xe0</size>
         <input_file_ref idref="fl-31"/>
      </object_component>
      <object_component id="oc-181">
         <name>.text:_printf</name>
         <load_address>0x11819360</load_address>
         <run_address>0x11819360</run_address>
         <size>0xe0</size>
         <input_file_ref idref="fl-37"/>
      </object_component>
      <object_component id="oc-188">
         <name>.text:_HOSTunlink</name>
         <load_address>0x11819440</load_address>
         <run_address>0x11819440</run_address>
         <size>0xc0</size>
         <input_file_ref idref="fl-48"/>
      </object_component>
      <object_component id="oc-186">
         <name>.text:_HOSTwrite</name>
         <load_address>0x11819500</load_address>
         <run_address>0x11819500</run_address>
         <size>0xc0</size>
         <input_file_ref idref="fl-48"/>
      </object_component>
      <object_component id="oc-17d">
         <name>.text:__auto_init</name>
         <load_address>0x118195c0</load_address>
         <run_address>0x118195c0</run_address>
         <size>0xc0</size>
         <input_file_ref idref="fl-55"/>
      </object_component>
      <object_component id="oc-21f">
         <name>.text:__div</name>
         <load_address>0x11819680</load_address>
         <run_address>0x11819680</run_address>
         <size>0xc0</size>
         <input_file_ref idref="fl-51"/>
      </object_component>
      <object_component id="oc-191">
         <name>.text:__divu</name>
         <load_address>0x11819740</load_address>
         <run_address>0x11819740</run_address>
         <size>0xc0</size>
         <input_file_ref idref="fl-1a"/>
      </object_component>
      <object_component id="oc-1d5">
         <name>.text:__doflush</name>
         <load_address>0x11819800</load_address>
         <run_address>0x11819800</run_address>
         <size>0xc0</size>
         <input_file_ref idref="fl-1f"/>
      </object_component>
      <object_component id="oc-1e7">
         <name>.text:__rd_ok</name>
         <load_address>0x118198c0</load_address>
         <run_address>0x118198c0</run_address>
         <size>0xc0</size>
         <input_file_ref idref="fl-4f"/>
      </object_component>
      <object_component id="oc-1ac">
         <name>.text:__remi</name>
         <load_address>0x11819980</load_address>
         <run_address>0x11819980</run_address>
         <size>0xc0</size>
         <input_file_ref idref="fl-3a"/>
      </object_component>
      <object_component id="oc-17f">
         <name>.text:_exit</name>
         <load_address>0x11819a40</load_address>
         <run_address>0x11819a40</run_address>
         <size>0xc0</size>
         <input_file_ref idref="fl-1b"/>
      </object_component>
      <object_component id="oc-225">
         <name>.text:_ltoa</name>
         <load_address>0x11819b00</load_address>
         <run_address>0x11819b00</run_address>
         <size>0xc0</size>
         <input_file_ref idref="fl-60"/>
      </object_component>
      <object_component id="oc-1bc">
         <name>.text:_strtok</name>
         <load_address>0x11819bc0</load_address>
         <run_address>0x11819bc0</run_address>
         <size>0xc0</size>
         <input_file_ref idref="fl-44"/>
      </object_component>
      <object_component id="oc-184">
         <name>.text:_HOSTclose</name>
         <load_address>0x11819c80</load_address>
         <run_address>0x11819c80</run_address>
         <size>0xa0</size>
         <input_file_ref idref="fl-48"/>
      </object_component>
      <object_component id="oc-197">
         <name>.text:___nw__FUi</name>
         <load_address>0x11819d20</load_address>
         <run_address>0x11819d20</run_address>
         <size>0xa0</size>
         <input_file_ref idref="fl-33"/>
      </object_component>
      <object_component id="oc-1fc">
         <name>.text:__cleanup</name>
         <load_address>0x11819dc0</load_address>
         <run_address>0x11819dc0</run_address>
         <size>0xa0</size>
         <input_file_ref idref="fl-23"/>
      </object_component>
      <object_component id="oc-22a">
         <name>.text:__divli</name>
         <load_address>0x11819e60</load_address>
         <run_address>0x11819e60</run_address>
         <size>0xa0</size>
         <input_file_ref idref="fl-5d"/>
      </object_component>
      <object_component id="oc-21b">
         <name>.text:__ecpy</name>
         <load_address>0x11819f00</load_address>
         <run_address>0x11819f00</run_address>
         <size>0xa0</size>
         <input_file_ref idref="fl-51"/>
      </object_component>
      <object_component id="oc-21e">
         <name>.text:__fcpy</name>
         <load_address>0x11819fa0</load_address>
         <run_address>0x11819fa0</run_address>
         <size>0xa0</size>
         <input_file_ref idref="fl-51"/>
      </object_component>
      <object_component id="oc-19f">
         <name>.text:__fixdli</name>
         <load_address>0x1181a040</load_address>
         <run_address>0x1181a040</run_address>
         <size>0xa0</size>
         <input_file_ref idref="fl-22"/>
      </object_component>
      <object_component id="oc-1f2">
         <name>.text:__nround</name>
         <load_address>0x1181a0e0</load_address>
         <run_address>0x1181a0e0</run_address>
         <size>0xa0</size>
         <input_file_ref idref="fl-3c"/>
      </object_component>
      <object_component id="oc-20a">
         <name>.text:__pconv_f</name>
         <load_address>0x1181a180</load_address>
         <run_address>0x1181a180</run_address>
         <size>0xa0</size>
         <input_file_ref idref="fl-51"/>
      </object_component>
      <object_component id="oc-18b">
         <name>.text:_copy_in</name>
         <load_address>0x1181a220</load_address>
         <run_address>0x1181a220</run_address>
         <size>0xa0</size>
         <input_file_ref idref="fl-57"/>
      </object_component>
      <object_component id="oc-220">
         <name>.text:_finddevice</name>
         <load_address>0x1181a2c0</load_address>
         <run_address>0x1181a2c0</run_address>
         <size>0xa0</size>
         <input_file_ref idref="fl-2e"/>
      </object_component>
      <object_component id="oc-1ea">
         <name>.text:_lseek</name>
         <load_address>0x1181a360</load_address>
         <run_address>0x1181a360</run_address>
         <size>0xa0</size>
         <input_file_ref idref="fl-2e"/>
      </object_component>
      <object_component id="oc-18c">
         <name>.text:_memcpy</name>
         <load_address>0x1181a400</load_address>
         <run_address>0x1181a400</run_address>
         <size>0xa0</size>
         <input_file_ref idref="fl-2f"/>
      </object_component>
      <object_component id="oc-1dc">
         <name>.text:_minsert</name>
         <load_address>0x1181a4a0</load_address>
         <run_address>0x1181a4a0</run_address>
         <size>0xa0</size>
         <input_file_ref idref="fl-30"/>
      </object_component>
      <object_component id="oc-1f3">
         <name>.text:_modf</name>
         <load_address>0x1181a540</load_address>
         <run_address>0x1181a540</run_address>
         <size>0xa0</size>
         <input_file_ref idref="fl-32"/>
      </object_component>
      <object_component id="oc-1db">
         <name>.text:_mremove</name>
         <load_address>0x1181a5e0</load_address>
         <run_address>0x1181a5e0</run_address>
         <size>0xa0</size>
         <input_file_ref idref="fl-30"/>
      </object_component>
      <object_component id="oc-1e9">
         <name>.text:_read</name>
         <load_address>0x1181a680</load_address>
         <run_address>0x1181a680</run_address>
         <size>0xa0</size>
         <input_file_ref idref="fl-2e"/>
      </object_component>
      <object_component id="oc-1eb">
         <name>.text:_strspn</name>
         <load_address>0x1181a720</load_address>
         <run_address>0x1181a720</run_address>
         <size>0xa0</size>
         <input_file_ref idref="fl-65"/>
      </object_component>
      <object_component id="oc-1d6">
         <name>.text:_write</name>
         <load_address>0x1181a7c0</load_address>
         <run_address>0x1181a7c0</run_address>
         <size>0xa0</size>
         <input_file_ref idref="fl-2e"/>
      </object_component>
      <object_component id="oc-226">
         <name>.text:__fltlid</name>
         <load_address>0x1181a860</load_address>
         <run_address>0x1181a860</run_address>
         <size>0x80</size>
         <input_file_ref idref="fl-5b"/>
      </object_component>
      <object_component id="oc-227">
         <name>.text:__llshl</name>
         <load_address>0x1181a8e0</load_address>
         <run_address>0x1181a8e0</run_address>
         <size>0x80</size>
         <input_file_ref idref="fl-2c"/>
      </object_component>
      <object_component id="oc-e">
         <name>.text:_c_int00</name>
         <load_address>0x1181a960</load_address>
         <run_address>0x1181a960</run_address>
         <size>0x80</size>
         <input_file_ref idref="fl-13"/>
      </object_component>
      <object_component id="oc-1c0">
         <name>.text:_calloc</name>
         <load_address>0x1181a9e0</load_address>
         <run_address>0x1181a9e0</run_address>
         <size>0x80</size>
         <input_file_ref idref="fl-30"/>
      </object_component>
      <object_component id="oc-1ab">
         <name>.text:_rand</name>
         <load_address>0x1181aa60</load_address>
         <run_address>0x1181aa60</run_address>
         <size>0x80</size>
         <input_file_ref idref="fl-39"/>
      </object_component>
      <object_component id="oc-1c5">
         <name>.text:_readmsg</name>
         <load_address>0x1181aae0</load_address>
         <run_address>0x1181aae0</run_address>
         <size>0x80</size>
         <input_file_ref idref="fl-49"/>
      </object_component>
      <object_component id="oc-211">
         <name>.text:_unlink</name>
         <load_address>0x1181ab60</load_address>
         <run_address>0x1181ab60</run_address>
         <size>0x80</size>
         <input_file_ref idref="fl-2e"/>
      </object_component>
      <object_component id="oc-23">
         <name>.text</name>
         <load_address>0x1181abe0</load_address>
         <run_address>0x1181abe0</run_address>
         <size>0x80</size>
         <input_file_ref idref="fl-6"/>
      </object_component>
      <object_component id="oc-224">
         <name>.text:__remull</name>
         <load_address>0x1181ac60</load_address>
         <run_address>0x1181ac60</run_address>
         <size>0x60</size>
         <input_file_ref idref="fl-5e"/>
      </object_component>
      <object_component id="oc-228">
         <name>.text:__subcull</name>
         <load_address>0x1181acc0</load_address>
         <run_address>0x1181acc0</run_address>
         <size>0x60</size>
         <input_file_ref idref="fl-5e"/>
      </object_component>
      <object_component id="oc-1b4">
         <name>.text:_fclose</name>
         <load_address>0x1181ad20</load_address>
         <run_address>0x1181ad20</run_address>
         <size>0x60</size>
         <input_file_ref idref="fl-1d"/>
      </object_component>
      <object_component id="oc-1b3">
         <name>.text:_ferror</name>
         <load_address>0x1181ad80</load_address>
         <run_address>0x1181ad80</run_address>
         <size>0x60</size>
         <input_file_ref idref="fl-1e"/>
      </object_component>
      <object_component id="oc-1b1">
         <name>.text:_fopen</name>
         <load_address>0x1181ade0</load_address>
         <run_address>0x1181ade0</run_address>
         <size>0x60</size>
         <input_file_ref idref="fl-23"/>
      </object_component>
      <object_component id="oc-1f9">
         <name>.text:_memccpy</name>
         <load_address>0x1181ae40</load_address>
         <run_address>0x1181ae40</run_address>
         <size>0x60</size>
         <input_file_ref idref="fl-61"/>
      </object_component>
      <object_component id="oc-1b2">
         <name>.text:_setlocale</name>
         <load_address>0x1181aea0</load_address>
         <run_address>0x1181aea0</run_address>
         <size>0x60</size>
         <input_file_ref idref="fl-3d"/>
      </object_component>
      <object_component id="oc-1ec">
         <name>.text:_strcspn</name>
         <load_address>0x1181af00</load_address>
         <run_address>0x1181af00</run_address>
         <size>0x60</size>
         <input_file_ref idref="fl-64"/>
      </object_component>
      <object_component id="oc-1b6">
         <name>.text:_strrchr</name>
         <load_address>0x1181af60</load_address>
         <run_address>0x1181af60</run_address>
         <size>0x60</size>
         <input_file_ref idref="fl-42"/>
      </object_component>
      <object_component id="oc-20f">
         <name>.text:_tabinit</name>
         <load_address>0x1181afc0</load_address>
         <run_address>0x1181afc0</run_address>
         <size>0x60</size>
         <input_file_ref idref="fl-2e"/>
      </object_component>
      <object_component id="oc-1a5">
         <name>.text:_vsprintf</name>
         <load_address>0x1181b020</load_address>
         <run_address>0x1181b020</run_address>
         <size>0x60</size>
         <input_file_ref idref="fl-4d"/>
      </object_component>
      <object_component id="oc-1c4">
         <name>.text:_writemsg</name>
         <load_address>0x1181b080</load_address>
         <run_address>0x1181b080</run_address>
         <size>0x60</size>
         <input_file_ref idref="fl-49"/>
      </object_component>
      <object_component id="oc-208">
         <name>.text:___isinf</name>
         <load_address>0x1181b0e0</load_address>
         <run_address>0x1181b0e0</run_address>
         <size>0x40</size>
         <input_file_ref idref="fl-5f"/>
      </object_component>
      <object_component id="oc-207">
         <name>.text:___isnan</name>
         <load_address>0x1181b120</load_address>
         <run_address>0x1181b120</run_address>
         <size>0x40</size>
         <input_file_ref idref="fl-51"/>
      </object_component>
      <object_component id="oc-17e">
         <name>.text:__args_main</name>
         <load_address>0x1181b160</load_address>
         <run_address>0x1181b160</run_address>
         <size>0x40</size>
         <input_file_ref idref="fl-53"/>
      </object_component>
      <object_component id="oc-1da">
         <name>.text:__frcmpyd_div</name>
         <load_address>0x1181b1a0</load_address>
         <run_address>0x1181b1a0</run_address>
         <size>0x40</size>
         <input_file_ref idref="fl-27"/>
      </object_component>
      <object_component id="oc-1d9">
         <name>.text:__llshru</name>
         <load_address>0x1181b1e0</load_address>
         <run_address>0x1181b1e0</run_address>
         <size>0x40</size>
         <input_file_ref idref="fl-2c"/>
      </object_component>
      <object_component id="oc-1d8">
         <name>.text:__outs</name>
         <load_address>0x1181b220</load_address>
         <run_address>0x1181b220</run_address>
         <size>0x40</size>
         <input_file_ref idref="fl-4d"/>
      </object_component>
      <object_component id="oc-229">
         <name>.text:__remli</name>
         <load_address>0x1181b260</load_address>
         <run_address>0x1181b260</run_address>
         <size>0x40</size>
         <input_file_ref idref="fl-5d"/>
      </object_component>
      <object_component id="oc-1f1">
         <name>.text:__remul</name>
         <load_address>0x1181b2a0</load_address>
         <run_address>0x1181b2a0</run_address>
         <size>0x40</size>
         <input_file_ref idref="fl-5d"/>
      </object_component>
      <object_component id="oc-1b9">
         <name>.text:_strcmp</name>
         <load_address>0x1181b2e0</load_address>
         <run_address>0x1181b2e0</run_address>
         <size>0x40</size>
         <input_file_ref idref="fl-40"/>
      </object_component>
      <object_component id="oc-1b7">
         <name>.text:_strlen</name>
         <load_address>0x1181b320</load_address>
         <run_address>0x1181b320</run_address>
         <size>0x40</size>
         <input_file_ref idref="fl-41"/>
      </object_component>
      <object_component id="oc-27">
         <name>.text</name>
         <load_address>0x1181b360</load_address>
         <run_address>0x1181b360</run_address>
         <size>0x40</size>
         <input_file_ref idref="fl-7"/>
      </object_component>
      <object_component id="oc-1fa">
         <name>.text:___abort_execution</name>
         <load_address>0x1181b3a0</load_address>
         <run_address>0x1181b3a0</run_address>
         <size>0x20</size>
         <input_file_ref idref="fl-5a"/>
      </object_component>
      <object_component id="oc-1cf">
         <name>.text:___default_new_handler__Fv</name>
         <load_address>0x1181b3c0</load_address>
         <run_address>0x1181b3c0</run_address>
         <size>0x20</size>
         <input_file_ref idref="fl-34"/>
      </object_component>
      <object_component id="oc-196">
         <name>.text:___dl__FPv</name>
         <load_address>0x1181b3e0</load_address>
         <run_address>0x1181b3e0</run_address>
         <size>0x20</size>
         <input_file_ref idref="fl-16"/>
      </object_component>
      <object_component id="oc-1a0">
         <name>.text:___dla__FPv</name>
         <load_address>0x1181b400</load_address>
         <run_address>0x1181b400</run_address>
         <size>0x20</size>
         <input_file_ref idref="fl-11"/>
      </object_component>
      <object_component id="oc-195">
         <name>.text:___nwa__FUi</name>
         <load_address>0x1181b420</load_address>
         <run_address>0x1181b420</run_address>
         <size>0x20</size>
         <input_file_ref idref="fl-12"/>
      </object_component>
      <object_component id="oc-1d0">
         <name>.text:___pure_virtual_called</name>
         <load_address>0x1181b440</load_address>
         <run_address>0x1181b440</run_address>
         <size>0x20</size>
         <input_file_ref idref="fl-38"/>
      </object_component>
      <object_component id="oc-1e3">
         <name>.text:__inpchar</name>
         <load_address>0x1181b460</load_address>
         <run_address>0x1181b460</run_address>
         <size>0x20</size>
         <input_file_ref idref="fl-28"/>
      </object_component>
      <object_component id="oc-20d">
         <name>.text:__negll</name>
         <load_address>0x1181b480</load_address>
         <run_address>0x1181b480</run_address>
         <size>0x20</size>
         <input_file_ref idref="fl-62"/>
      </object_component>
      <object_component id="oc-18a">
         <name>.text:__nop</name>
         <load_address>0x1181b4a0</load_address>
         <run_address>0x1181b4a0</run_address>
         <size>0x20</size>
         <input_file_ref idref="fl-50"/>
      </object_component>
      <object_component id="oc-1de">
         <name>.text:__outc</name>
         <load_address>0x1181b4c0</load_address>
         <run_address>0x1181b4c0</run_address>
         <size>0x20</size>
         <input_file_ref idref="fl-24"/>
      </object_component>
      <object_component id="oc-194">
         <name>.text:__outc</name>
         <load_address>0x1181b4e0</load_address>
         <run_address>0x1181b4e0</run_address>
         <size>0x20</size>
         <input_file_ref idref="fl-37"/>
      </object_component>
      <object_component id="oc-1d7">
         <name>.text:__outc</name>
         <load_address>0x1181b500</load_address>
         <run_address>0x1181b500</run_address>
         <size>0x20</size>
         <input_file_ref idref="fl-4d"/>
      </object_component>
      <object_component id="oc-1dd">
         <name>.text:__outs</name>
         <load_address>0x1181b520</load_address>
         <run_address>0x1181b520</run_address>
         <size>0x20</size>
         <input_file_ref idref="fl-24"/>
      </object_component>
      <object_component id="oc-192">
         <name>.text:__outs</name>
         <load_address>0x1181b540</load_address>
         <run_address>0x1181b540</run_address>
         <size>0x20</size>
         <input_file_ref idref="fl-37"/>
      </object_component>
      <object_component id="oc-1d3">
         <name>.text:__trunc</name>
         <load_address>0x1181b560</load_address>
         <run_address>0x1181b560</run_address>
         <size>0x20</size>
         <input_file_ref idref="fl-4a"/>
      </object_component>
      <object_component id="oc-1e4">
         <name>.text:__uninpchar</name>
         <load_address>0x1181b580</load_address>
         <run_address>0x1181b580</run_address>
         <size>0x20</size>
         <input_file_ref idref="fl-28"/>
      </object_component>
      <object_component id="oc-18f">
         <name>.text:_abort</name>
         <load_address>0x1181b5a0</load_address>
         <run_address>0x1181b5a0</run_address>
         <size>0x20</size>
         <input_file_ref idref="fl-1b"/>
      </object_component>
      <object_component id="oc-1b5">
         <name>.text:_fgets</name>
         <load_address>0x1181b5c0</load_address>
         <run_address>0x1181b5c0</run_address>
         <size>0x20</size>
         <input_file_ref idref="fl-21"/>
      </object_component>
      <object_component id="oc-1ff">
         <name>.text:_remove</name>
         <load_address>0x1181b5e0</load_address>
         <run_address>0x1181b5e0</run_address>
         <size>0x20</size>
         <input_file_ref idref="fl-3b"/>
      </object_component>
      <object_component id="oc-215">
         <name>.switch:__sset_arg</name>
         <load_address>0x11820d60</load_address>
         <run_address>0x11820d60</run_address>
         <size>0x28</size>
         <input_file_ref idref="fl-52"/>
      </object_component>
      <object_component id="oc-190">
         <name>.switch:_SetSampleRate_AIC3106</name>
         <load_address>0x11820d88</load_address>
         <run_address>0x11820d88</run_address>
         <size>0x18</size>
         <input_file_ref idref="fl-3"/>
      </object_component>
      <object_component id="oc-1c2">
         <name>.switch:___ct__6KernelFiPCP8svm_nodeRC13svm_parameter</name>
         <load_address>0x11820da0</load_address>
         <run_address>0x11820da0</run_address>
         <size>0x14</size>
         <input_file_ref idref="fl-b"/>
      </object_component>
      <object_component id="oc-1c3">
         <name>.switch:_k_function__6KernelSFPC8svm_nodeT1RC13svm_parameter</name>
         <load_address>0x11820db4</load_address>
[...]
         <name>__divf</name>
         <value>0x11814a60</value>
         <object_component_ref idref="oc-1c6"/>
      </symbol>
      <symbol id="sm-e55">
         <name>__c6xabi_divi</name>
         <value>0x11818e20</value>
         <object_component_ref idref="oc-1ad"/>
      </symbol>
      <symbol id="sm-e56">
         <name>__divi</name>
         <value>0x11818e20</value>
         <object_component_ref idref="oc-1ad"/>
      </symbol>
      <symbol id="sm-e5f">
         <name>__c6xabi_divu</name>
         <value>0x11819740</value>
         <object_component_ref idref="oc-191"/>
      </symbol>
      <symbol id="sm-e60">
         <name>__divu</name>
         <value>0x11819740</value>
         <object_component_ref idref="oc-191"/>
      </symbol>
      <symbol id="sm-e77">
         <name>C$$EXIT</name>
         <value>0x1181b5a0</value>
         <object_component_ref idref="oc-18f"/>
      </symbol>
      <symbol id="sm-e78">
         <name>_exit</name>
         <value>0x11819a40</value>
         <object_component_ref idref="oc-17f"/>
      </symbol>
      <symbol id="sm-e79">
         <name>___TI_enable_exit_profile_output</name>
         <value>0x1181e6b0</value>
         <object_component_ref idref="oc-6e"/>
      </symbol>
      <symbol id="sm-e7a">
         <name>_abort</name>
         <value>0x1181b5a0</value>
         <object_component_ref idref="oc-18f"/>
      </symbol>
      <symbol id="sm-e7b">
         <name>__cleanup_ptr</name>
         <value>0x1181e6a8</value>
         <object_component_ref idref="oc-6e"/>
      </symbol>
      <symbol id="sm-e7c">
         <name>__dtors_ptr</name>
         <value>0x1181e6ac</value>
         <object_component_ref idref="oc-6e"/>
      </symbol>
      <symbol id="sm-e8f">
         <name>_exp</name>
         <value>0x11816560</value>
         <object_component_ref idref="oc-19a"/>
      </symbol>
      <symbol id="sm-ea5">
         <name>__closefile</name>
         <value>0x118181a0</value>
         <object_component_ref idref="oc-1e1"/>
      </symbol>
      <symbol id="sm-ea6">
         <name>_fclose</name>
         <value>0x1181ad20</value>
         <object_component_ref idref="oc-1b4"/>
      </symbol>
      <symbol id="sm-eb2">
         <name>_ferror</name>
         <value>0x1181ad80</value>
         <object_component_ref idref="oc-1b3"/>
      </symbol>
      <symbol id="sm-eca">
         <name>__doflush</name>
         <value>0x11819800</value>
         <object_component_ref idref="oc-1d5"/>
      </symbol>
      <symbol id="sm-ecb">
         <name>_fflush</name>
         <value>0x118190c0</value>
         <object_component_ref idref="oc-1a4"/>
      </symbol>
      <symbol id="sm-edf">
         <name>_getc</name>
         <value>0x11817b80</value>
         <object_component_ref idref="oc-1ba"/>
      </symbol>
      <symbol id="sm-ee0">
         <name>_fgetc</name>
         <value>0x11817b80</value>
         <object_component_ref idref="oc-1ba"/>
      </symbol>
      <symbol id="sm-f06">
         <name>_fgets</name>
         <value>0x1181b5c0</value>
         <object_component_ref idref="oc-1b5"/>
      </symbol>
      <symbol id="sm-f13">
         <name>__fixdli</name>
         <value>0x1181a040</value>
         <object_component_ref idref="oc-19f"/>
      </symbol>
      <symbol id="sm-f3c">
         <name>__cleanup</name>
         <value>0x11819dc0</value>
         <object_component_ref idref="oc-1fc"/>
      </symbol>
      <symbol id="sm-f3d">
         <name>_fopen</name>
         <value>0x1181ade0</value>
         <object_component_ref idref="oc-1b1"/>
      </symbol>
      <symbol id="sm-f52">
         <name>_fprintf</name>
         <value>0x11818a60</value>
         <object_component_ref idref="oc-1b0"/>
      </symbol>
      <symbol id="sm-f6d">
         <name>_putc</name>
         <value>0x11815d40</value>
         <object_component_ref idref="oc-1ce"/>
      </symbol>
      <symbol id="sm-f6e">
         <name>_fputc</name>
         <value>0x11815d40</value>
         <object_component_ref idref="oc-1ce"/>
      </symbol>
      <symbol id="sm-f90">
         <name>_fputs</name>
         <value>0x11812d00</value>
         <object_component_ref idref="oc-1a3"/>
      </symbol>
      <symbol id="sm-f9a">
         <name>__frcmpyd_div</name>
         <value>0x1181b1a0</value>
         <object_component_ref idref="oc-1da"/>
      </symbol>
      <symbol id="sm-fbd">
         <name>_fscanf</name>
         <value>0x118191a0</value>
         <object_component_ref idref="oc-1b8"/>
      </symbol>
      <symbol id="sm-fce">
         <name>_fseek</name>
         <value>0x11818740</value>
         <object_component_ref idref="oc-1bd"/>
      </symbol>
      <symbol id="sm-fdf">
         <name>_ftell</name>
         <value>0x11817cc0</value>
         <object_component_ref idref="oc-1bb"/>
      </symbol>
      <symbol id="sm-fef">
         <name>_ldexp</name>
         <value>0x118178e0</value>
         <object_component_ref idref="oc-1d2"/>
      </symbol>
      <symbol id="sm-ffd">
         <name>__llshl</name>
         <value>0x1181a8e0</value>
         <object_component_ref idref="oc-227"/>
      </symbol>
      <symbol id="sm-ffe">
         <name>__llshru</name>
         <value>0x1181b1e0</value>
         <object_component_ref idref="oc-1d9"/>
      </symbol>
      <symbol id="sm-1010">
         <name>_log</name>
         <value>0x11816160</value>
         <object_component_ref idref="oc-1a9"/>
      </symbol>
      <symbol id="sm-1065">
         <name>_read</name>
         <value>0x1181a680</value>
         <object_component_ref idref="oc-1e9"/>
      </symbol>
      <symbol id="sm-1066">
         <name>_unlink</name>
         <value>0x1181ab60</value>
         <object_component_ref idref="oc-211"/>
      </symbol>
      <symbol id="sm-1067">
         <name>_open</name>
         <value>0x11817420</value>
         <object_component_ref idref="oc-1fd"/>
      </symbol>
      <symbol id="sm-1068">
         <name>_lseek</name>
         <value>0x1181a360</value>
         <object_component_ref idref="oc-1ea"/>
      </symbol>
      <symbol id="sm-1069">
         <name>_close</name>
         <value>0x11818fe0</value>
         <object_component_ref idref="oc-1fe"/>
      </symbol>
      <symbol id="sm-106a">
         <name>_write</name>
         <value>0x1181a7c0</value>
         <object_component_ref idref="oc-1d6"/>
      </symbol>
      <symbol id="sm-1072">
         <name>_memcpy</name>
         <value>0x1181a400</value>
         <object_component_ref idref="oc-18c"/>
      </symbol>
      <symbol id="sm-10c7">
         <name>__sys_memory</name>
         <value>0x11820840</value>
         <object_component_ref idref="oc-b9"/>
      </symbol>
      <symbol id="sm-10c8">
         <name>_realloc</name>
         <value>0x11814260</value>
         <object_component_ref idref="oc-1af"/>
      </symbol>
      <symbol id="sm-10c9">
         <name>_free</name>
         <value>0x11814ce0</value>
         <object_component_ref idref="oc-1aa"/>
      </symbol>
      <symbol id="sm-10ca">
         <name>_calloc</name>
         <value>0x1181a9e0</value>
         <object_component_ref idref="oc-1c0"/>
      </symbol>
      <symbol id="sm-10cb">
         <name>_malloc</name>
         <value>0x118172a0</value>
         <object_component_ref idref="oc-1a7"/>
      </symbol>
      <symbol id="sm-10d6">
         <name>_memset</name>
         <value>0x11819280</value>
         <object_component_ref idref="oc-1f5"/>
      </symbol>
      <symbol id="sm-10e2">
         <name>_modf</name>
         <value>0x1181a540</value>
         <object_component_ref idref="oc-1f3"/>
      </symbol>
      <symbol id="sm-10f1">
         <name>___nw__FUi</name>
         <value>0x11819d20</value>
         <object_component_ref idref="oc-197"/>
      </symbol>
      <symbol id="sm-10f9">
         <name>___default_new_handler__Fv</name>
         <value>0x1181b3c0</value>
         <object_component_ref idref="oc-1cf"/>
      </symbol>
      <symbol id="sm-1126">
         <name>_pow</name>
         <value>0x1180e3c0</value>
         <object_component_ref idref="oc-1f4"/>
      </symbol>
      <symbol id="sm-113c">
         <name>_powi</name>
         <value>0x11813cc0</value>
         <object_component_ref idref="oc-199"/>
      </symbol>
      <symbol id="sm-1151">
         <name>_printf</name>
         <value>0x11819360</value>
         <object_component_ref idref="oc-181"/>
      </symbol>
      <symbol id="sm-115b">
         <name>___pure_virtual_called</name>
         <value>0x1181b440</value>
         <object_component_ref idref="oc-1d0"/>
      </symbol>
      <symbol id="sm-116c">
         <name>_rand</name>
         <value>0x1181aa60</value>
         <object_component_ref idref="oc-1ab"/>
      </symbol>
      <symbol id="sm-1175">
         <name>__remi</name>
         <value>0x11819980</value>
         <object_component_ref idref="oc-1ac"/>
      </symbol>
      <symbol id="sm-1176">
         <name>__c6xabi_remi</name>
         <value>0x11819980</value>
         <object_component_ref idref="oc-1ac"/>
      </symbol>
      <symbol id="sm-1180">
         <name>_remove</name>
         <value>0x1181b5e0</value>
         <object_component_ref idref="oc-1ff"/>
      </symbol>
      <symbol id="sm-118a">
         <name>__nround</name>
         <value>0x1181a0e0</value>
         <object_component_ref idref="oc-1f2"/>
      </symbol>
      <symbol id="sm-11a0">
         <name>_C_locale</name>
         <value>0x1181e5b0</value>
         <object_component_ref idref="oc-e6"/>
      </symbol>
      <symbol id="sm-11a1">
         <name>_setlocale</name>
         <value>0x1181aea0</value>
         <object_component_ref idref="oc-1b2"/>
      </symbol>
      <symbol id="sm-11b6">
         <name>_sin</name>
         <value>0x11814f60</value>
         <object_component_ref idref="oc-1c8"/>
      </symbol>
      <symbol id="sm-11c2">
         <name>_sqrt</name>
         <value>0x11818b60</value>
         <object_component_ref idref="oc-1ae"/>
      </symbol>
      <symbol id="sm-11cd">
         <name>_strcmp</name>
         <value>0x1181b2e0</value>
         <object_component_ref idref="oc-1b9"/>
      </symbol>
      <symbol id="sm-11d7">
         <name>_strlen</name>
         <value>0x1181b320</value>
         <object_component_ref idref="oc-1b7"/>
      </symbol>
      <symbol id="sm-11e4">
         <name>_strrchr</name>
         <value>0x1181af60</value>
         <object_component_ref idref="oc-1b6"/>
      </symbol>
      <symbol id="sm-1209">
         <name>_strtod</name>
         <value>0x11810b40</value>
         <object_component_ref idref="oc-1be"/>
      </symbol>
      <symbol id="sm-121a">
         <name>_strtok</name>
         <value>0x11819bc0</value>
         <object_component_ref idref="oc-1bc"/>
      </symbol>
      <symbol id="sm-1232">
         <name>_strtol</name>
         <value>0x11810fa0</value>
         <object_component_ref idref="oc-1bf"/>
      </symbol>
      <symbol id="sm-1246">
         <name>_tanh</name>
         <value>0x11816e00</value>
         <object_component_ref idref="oc-19b"/>
      </symbol>
      <symbol id="sm-1276">
         <name>_HOSTopen</name>
         <value>0x11818c60</value>
         <object_component_ref idref="oc-183"/>
      </symbol>
      <symbol id="sm-1277">
         <name>_HOSTread</name>
         <value>0x11818d40</value>
         <object_component_ref idref="oc-185"/>
      </symbol>
      <symbol id="sm-1278">
         <name>_HOSTrename</name>
         <value>0x11816fa0</value>
         <object_component_ref idref="oc-189"/>
      </symbol>
      <symbol id="sm-1279">
         <name>_HOSTwrite</name>
         <value>0x11819500</value>
         <object_component_ref idref="oc-186"/>
      </symbol>
      <symbol id="sm-127a">
         <name>_HOSTlseek</name>
         <value>0x11818860</value>
         <object_component_ref idref="oc-187"/>
      </symbol>
      <symbol id="sm-127b">
         <name>_HOSTunlink</name>
         <value>0x11819440</value>
         <object_component_ref idref="oc-188"/>
      </symbol>
      <symbol id="sm-127c">
         <name>_HOSTclose</name>
         <value>0x11819c80</value>
         <object_component_ref idref="oc-184"/>
      </symbol>
      <symbol id="sm-128c">
         <name>C$$IO$$</name>
         <value>0x1181b0d8</value>
         <object_component_ref idref="oc-1c4"/>
      </symbol>
      <symbol id="sm-128d">
         <name>__CIOBUF_</name>
         <value>0x11820c40</value>
         <object_component_ref idref="oc-113"/>
      </symbol>
      <symbol id="sm-128e">
         <name>_readmsg</name>
         <value>0x1181aae0</value>
         <object_component_ref idref="oc-1c5"/>
      </symbol>
      <symbol id="sm-128f">
         <name>_writemsg</name>
         <value>0x1181b080</value>
         <object_component_ref idref="oc-1c4"/>
      </symbol>
      <symbol id="sm-1299">
         <name>__trunc</name>
         <value>0x1181b560</value>
         <object_component_ref idref="oc-1d3"/>
      </symbol>
      <symbol id="sm-12aa">
         <name>_ungetc</name>
         <value>0x11817f40</value>
         <object_component_ref idref="oc-200"/>
      </symbol>
      <symbol id="sm-12b4">
         <name>__new_handler</name>
         <value>0x1181e6cc</value>
         <object_component_ref idref="oc-11e"/>
      </symbol>
      <symbol id="sm-12c4">
         <name>_vsprintf</name>
         <value>0x1181b020</value>
         <object_component_ref idref="oc-1a5"/>
      </symbol>
      <symbol id="sm-12d2">
         <name>__buff_read</name>
         <value>0x11818080</value>
         <object_component_ref idref="oc-1e8"/>
      </symbol>
      <symbol id="sm-12e6">
         <name>__rd_ok</name>
         <value>0x118198c0</value>
         <object_component_ref idref="oc-1e7"/>
      </symbol>
      <symbol id="sm-12e7">
         <name>__wrt_ok</name>
         <value>0x11818960</value>
         <object_component_ref idref="oc-1d4"/>
      </symbol>
      <symbol id="sm-12f5">
         <name>__unlock</name>
         <value>0x1181e6c0</value>
         <object_component_ref idref="oc-12b"/>
      </symbol>
      <symbol id="sm-12f6">
         <name>__lock</name>
         <value>0x1181e6bc</value>
         <object_component_ref idref="oc-12b"/>
      </symbol>
      <symbol id="sm-12f7">
         <name>__nop</name>
         <value>0x1181b4a0</value>
         <object_component_ref idref="oc-18a"/>
      </symbol>
      <symbol id="sm-1400">
         <name>__printfi</name>
         <value>0x11811cc0</value>
         <object_component_ref idref="oc-193"/>
      </symbol>
      <symbol id="sm-14d8">
         <name>__scanfi</name>
         <value>0x1180dac0</value>
         <object_component_ref idref="oc-1e6"/>
      </symbol>
      <symbol id="sm-14e2">
         <name>__args_main</name>
         <value>0x1181b160</value>
         <object_component_ref idref="oc-17e"/>
      </symbol>
      <symbol id="sm-14e3">
         <name>__TI_args_main</name>
         <value>0x1</value>
      </symbol>
      <symbol id="sm-14f1">
         <name>_atoi</name>
         <value>0x11818f00</value>
         <object_component_ref idref="oc-1f6"/>
      </symbol>
      <symbol id="sm-1500">
         <name>__auto_init</name>
         <value>0x118195c0</value>
         <object_component_ref idref="oc-17d"/>
      </symbol>
      <symbol id="sm-150d">
         <name>___TI_cpp_init</name>
         <value>0x118175a0</value>
         <object_component_ref idref="oc-18d"/>
      </symbol>
      <symbol id="sm-151b">
         <name>_copy_in</name>
         <value>0x1181a220</value>
         <object_component_ref idref="oc-18b"/>
      </symbol>
      <symbol id="sm-1523">
         <name>__ctypes_</name>
         <value>0x11820090</value>
         <object_component_ref idref="oc-1ed"/>
      </symbol>
      <symbol id="sm-152d">
         <name>_errno</name>
         <value>0x1181e2ec</value>
         <object_component_ref idref="oc-148"/>
      </symbol>
      <symbol id="sm-1537">
         <name>___abort_execution</name>
         <value>0x1181b3a0</value>
         <object_component_ref idref="oc-1fa"/>
      </symbol>
      <symbol id="sm-1542">
         <name>__fltlid</name>
         <value>0x1181a860</value>
         <object_component_ref idref="oc-226"/>
      </symbol>
      <symbol id="sm-1551">
         <name>_frexp</name>
         <value>0x11818620</value>
         <object_component_ref idref="oc-1d1"/>
      </symbol>
      <symbol id="sm-1563">
         <name>__divul</name>
         <value>0x11816ac0</value>
         <object_component_ref idref="oc-1f0"/>
      </symbol>
      <symbol id="sm-1564">
         <name>__remli</name>
         <value>0x1181b260</value>
         <object_component_ref idref="oc-229"/>
      </symbol>
      <symbol id="sm-1565">
         <name>__remul</name>
         <value>0x1181b2a0</value>
         <object_component_ref idref="oc-1f1"/>
      </symbol>
      <symbol id="sm-1566">
         <name>__divli</name>
         <value>0x11819e60</value>
         <object_component_ref idref="oc-22a"/>
      </symbol>
      <symbol id="sm-157c">
         <name>__subcull</name>
         <value>0x1181acc0</value>
         <object_component_ref idref="oc-228"/>
      </symbol>
      <symbol id="sm-157d">
         <name>__divull</name>
         <value>0x118151e0</value>
         <object_component_ref idref="oc-221"/>
      </symbol>
      <symbol id="sm-157e">
         <name>__remull</name>
         <value>0x1181ac60</value>
         <object_component_ref idref="oc-224"/>
      </symbol>
      <symbol id="sm-1588">
         <name>___isinf</name>
         <value>0x1181b0e0</value>
         <object_component_ref idref="oc-208"/>
      </symbol>
      <symbol id="sm-1595">
         <name>_ltoa</name>
         <value>0x11819b00</value>
         <object_component_ref idref="oc-225"/>
      </symbol>
      <symbol id="sm-15a2">
         <name>_memccpy</name>
         <value>0x1181ae40</value>
         <object_component_ref idref="oc-1f9"/>
      </symbol>
      <symbol id="sm-15ac">
         <name>__negll</name>
         <value>0x1181b480</value>
         <object_component_ref idref="oc-20d"/>
      </symbol>
      <symbol id="sm-15c3">
         <name>_setvbuf</name>
         <value>0x11816360</value>
         <object_component_ref idref="oc-1fb"/>
      </symbol>
      <symbol id="sm-15d1">
         <name>_strcspn</name>
         <value>0x1181af00</value>
         <object_component_ref idref="oc-1ec"/>
      </symbol>
      <symbol id="sm-15dd">
         <name>_strspn</name>
         <value>0x1181a720</value>
         <object_component_ref idref="oc-1eb"/>
      </symbol>
      <symbol id="sm-1602">
         <name>_strtold</name>
         <value>0x11811400</value>
         <object_component_ref idref="oc-218"/>
      </symbol>
      <symbol id="sm-161d">
         <name>_strtoll</name>
         <value>0x11811860</value>
         <object_component_ref idref="oc-219"/>
      </symbol>
      <symbol id="sm-1635">
         <name>_strtoul</name>
         <value>0x11812500</value>
         <object_component_ref idref="oc-216"/>
      </symbol>
      <symbol id="sm-1651">
         <name>_strtoull</name>
         <value>0x11812900</value>
         <object_component_ref idref="oc-217"/>
      </symbol>
   </symbol_table>
</link_info>
