******************************************************************************
               TMS320C6x Linker PC v7.4.14                     
******************************************************************************
>> Linked Mon Apr 23 10:51:27 2018

OUTPUT FILE NAME:   <lab3_problem5.out>
ENTRY POINT SYMBOL: "_c_int00"  address: 11801c00


MEMORY CONFIGURATION

         name            origin    length      used     unused   attr    fill
----------------------  --------  ---------  --------  --------  ----  --------
  VECTORS               11800000   00000200  00000200  00000000  RWIX
  DSPRAM                11800200   0003fe00  00003119  0003cce7  RWIX
  SHAREDRAM             80000000   00020000  00000000  00020000  RWIX
  SDRAM                 c0000000   08000000  00000000  08000000  RWIX


SECTION ALLOCATION MAP

 output                                  attributes/
section   page    origin      length       input sections
--------  ----  ----------  ----------   ----------------
vectors    0    11800000    00000200     
                  11800000    00000200     vectors.obj (vectors)

.text      0    11800200    00001c80     
                  11800200    00000dc0     LCDK_Support_DSP.obj (.text)
                  11800fc0    00000260     ISRs.obj (.text:retain)
                  11801220    00000180     rts6740.lib : trgdrv.obj (.text:_HOSTrename)
                  118013a0    00000100                 : trgdrv.obj (.text:_HOSTlseek)
                  118014a0    000000e0                 : trgdrv.obj (.text:_HOSTopen)
                  11801580    000000e0                 : trgdrv.obj (.text:_HOSTread)
                  11801660    000000c0                 : trgdrv.obj (.text:_HOSTunlink)
                  11801720    000000c0                 : trgdrv.obj (.text:_HOSTwrite)
                  118017e0    000000c0                 : autoinit.obj (.text:__auto_init)
                  118018a0    000000c0                 : divu.obj (.text:__divu)
                  11801960    000000c0                 : exit.obj (.text:_exit)
                  11801a20    000000a0                 : trgdrv.obj (.text:_HOSTclose)
                  11801ac0    000000a0                 : cpy_tbl.obj (.text:_copy_in)
                  11801b60    000000a0                 : memcpy64.obj (.text:_memcpy)
                  11801c00    00000080                 : boot.obj (.text:_c_int00)
                  11801c80    00000080                 : trgmsg.obj (.text:_readmsg)
                  11801d00    00000060                 : cpp_init.obj (.text:___TI_cpp_init)
                  11801d60    00000060                 : trgmsg.obj (.text:_writemsg)
                  11801dc0    00000040                 : args_main.obj (.text:__args_main)
                  11801e00    00000020     StartUp.obj (.text)
                  11801e20    00000020     rts6740.lib : _lock.obj (.text:__nop)
                  11801e40    00000020                 : exit.obj (.text:_abort)
                  11801e60    00000020     main.obj (.text)

.far       0    11801e80    00000640     UNINITIALIZED
                  11801e80    00000324     rts6740.lib : defs.obj (.far)
                  118021a4    00000004                 : errno.obj (.far)
                  118021a8    00000120                 : pow.obj (.far)
                  118022c8    0000011c                 : lowlev.obj (.far)
                  118023e4    00000004                 : fopen.obj (.far)
                  118023e8    00000040                 : cos.obj (.far)
                  11802428    00000030                 : exp.obj (.far)
                  11802458    00000030                 : log.obj (.far)
                  11802488    0000000c                 : exit.obj (.far)
                  11802494    00000008     ISRs.obj (.far)
                  1180249c    00000008     rts6740.lib : _lock.obj (.far)
                  118024a4    00000008                 : memory.obj (.far)
                  118024ac    00000004     --HOLE--
                  118024b0    00000008                 : rand.obj (.far)
                  118024b8    00000008                 : trgdrv.obj (.far)

.stack     0    118024c0    00000400     UNINITIALIZED
                  118024c0    00000008     rts6740.lib : boot.obj (.stack)
                  118024c8    000003f8     --HOLE--

.sysmem    0    118028c0    00000400     UNINITIALIZED
                  118028c0    00000008     rts6740.lib : memory.obj (.sysmem)
                  118028c8    000003f8     --HOLE--

.cinit     0    11802cc0    0000038c     
                  11802cc0    00000140     rts6740.lib : pow.obj (.cinit)
                  11802e00    0000005c                 : defs.obj (.cinit)
                  11802e5c    00000004     --HOLE-- [fill = 0]
                  11802e60    0000005c                 : lowlev.obj (.cinit)
                  11802ebc    00000004     --HOLE-- [fill = 0]
                  11802ec0    00000048                 : cos.obj (.cinit)
                  11802f08    00000040                 : exp.obj (.cinit)
                  11802f48    00000040                 : log.obj (.cinit)
                  11802f88    0000002c                 : exit.obj (.cinit)
                  11802fb4    00000004     --HOLE-- [fill = 0]
                  11802fb8    0000002c                 : memory.obj (.cinit)
                  11802fe4    00000004     --HOLE-- [fill = 0]
                  11802fe8    0000001c                 : _lock.obj (.cinit)
                  11803004    00000004     --HOLE-- [fill = 0]
                  11803008    00000010                 : rand.obj (.cinit)
                  11803018    0000000c     LCDK_Support_DSP.obj (.cinit)
                  11803024    00000004     --HOLE-- [fill = 0]
                  11803028    0000000c     rts6740.lib : errno.obj (.cinit)
                  11803034    00000004     --HOLE-- [fill = 0]
                  11803038    0000000c                 : fopen.obj (.cinit)
                  11803044    00000004     --HOLE-- [fill = 0]
                  11803048    00000004     (.pad.cinit) [fill = 0]

.const     0    1180304c    00000191     
                  1180304c    0000016c     gmm.obj (.const:.string)
                  118031b8    00000023     rts6740.lib : _printfi.obj (.const:.string)
                  118031db    00000002                 : fputs.obj (.const:.string)

.cio       0    118031e0    00000120     UNINITIALIZED
                  118031e0    00000120     rts6740.lib : trgmsg.obj (.cio)

.switch    0    11803300    00000018     
                  11803300    00000018     LCDK_Support_DSP.obj (.switch:_SetSampleRate_AIC3106)

.bss       0    11803318    00000004     UNINITIALIZED
                  11803318    00000004     LCDK_Support_DSP.obj (.bss)


GLOBAL SYMBOLS: SORTED ALPHABETICALLY BY Name 

address    name
--------   ----
11803318   $bss
11803318   .bss
11800200   .text
11801e40   C$$EXIT
11801db8   C$$IO$$
118008ec   _AIC3106_write_reg
11800674   _CheckForOverrun
11802494   _CodecDataIn
11802498   _CodecDataOut
11800fc0   _Codec_ISR
11800208   _DSP_Init
11800228   _DSP_Init_EDMA
1180040c   _EnableInterrupts
11800458   _EnableInterrupts_EDMA
11800200   _GetSampleFreq
11801a20   _HOSTclose
118013a0   _HOSTlseek
118014a0   _HOSTopen
11801580   _HOSTread
11801220   _HOSTrename
11801660   _HOSTunlink
11801720   _HOSTwrite
118003a4   _InitDigitalOutputs
11800248   _InitLEDs
118006a4   _Init_AIC3106
118004cc   _Init_I2C
118003c8   _Init_Interrupts
11800448   _Init_Interrupts_EDMA
11800a98   _Init_McASP0
11800e28   _Init_UART2
11800f68   _IsDataReady_UART2
11800f8c   _IsTxReady_UART2
11800f08   _Puts_UART2
1180062c   _ReadCodecData
1180038c   _ReadSwitches
11800f48   _Read_UART2
11800928   _Reset_AIC3106
11800528   _Reset_I2C
11800950   _SetSampleRate_AIC3106
11801e00   _StartUp
11800650   _WriteCodecData
118003b0   _WriteDigitalOutputs
118002a8   _WriteLEDs
11800548   _Write_I2C
11800ee0   _Write_UART2
118031e0   __CIOBUF_
118028c0   __STACK_END
00000400   __STACK_SIZE
00000400   __SYSMEM_SIZE
00000001   __TI_args_main
11801d00   ___TI_cpp_init
11802490   ___TI_enable_exit_profile_output
ffffffff   ___TI_pprof_out_hndl
ffffffff   ___TI_prof_data_size
ffffffff   ___TI_prof_data_start
ffffffff   ___binit__
11803318   ___bss__
ffffffff   ___c_args__
11802cc0   ___cinit__
1180331c   ___end__
11801e80   ___etext__
ffffffff   ___pinit__
11800200   ___text__
11801dc0   __args_main
118017e0   __auto_init
118018a0   __c6xabi_divu
11802488   __cleanup_ptr
118018a0   __divu
1180248c   __dtors_ptr
118021a0   __ft_end
11801e80   __ftable
1180249c   __lock
11801e20   __nop
118024c0   __stack
118028c0   __sys_memory
11802060   __tmpnams
118024a0   __unlock
11801e40   _abort
11801c00   _c_int00
11801ac0   _copy_in
118021a4   _errno
11801960   _exit
11801e60   _main
11801b60   _memcpy
11801c80   _readmsg
11800498   _wait
11801d60   _writemsg
ffffffff   binit
11802cc0   cinit
1180331c   end
11801e80   etext
ffffffff   pinit


GLOBAL SYMBOLS: SORTED BY Symbol Address 

address    name
--------   ----
00000001   __TI_args_main
00000400   __STACK_SIZE
00000400   __SYSMEM_SIZE
11800200   .text
11800200   _GetSampleFreq
11800200   ___text__
11800208   _DSP_Init
11800228   _DSP_Init_EDMA
11800248   _InitLEDs
118002a8   _WriteLEDs
1180038c   _ReadSwitches
118003a4   _InitDigitalOutputs
118003b0   _WriteDigitalOutputs
118003c8   _Init_Interrupts
1180040c   _EnableInterrupts
11800448   _Init_Interrupts_EDMA
11800458   _EnableInterrupts_EDMA
11800498   _wait
118004cc   _Init_I2C
11800528   _Reset_I2C
11800548   _Write_I2C
1180062c   _ReadCodecData
11800650   _WriteCodecData
11800674   _CheckForOverrun
118006a4   _Init_AIC3106
118008ec   _AIC3106_write_reg
11800928   _Reset_AIC3106
11800950   _SetSampleRate_AIC3106
11800a98   _Init_McASP0
11800e28   _Init_UART2
11800ee0   _Write_UART2
11800f08   _Puts_UART2
11800f48   _Read_UART2
11800f68   _IsDataReady_UART2
11800f8c   _IsTxReady_UART2
11800fc0   _Codec_ISR
11801220   _HOSTrename
118013a0   _HOSTlseek
118014a0   _HOSTopen
11801580   _HOSTread
11801660   _HOSTunlink
11801720   _HOSTwrite
118017e0   __auto_init
118018a0   __c6xabi_divu
118018a0   __divu
11801960   _exit
11801a20   _HOSTclose
11801ac0   _copy_in
11801b60   _memcpy
11801c00   _c_int00
11801c80   _readmsg
11801d00   ___TI_cpp_init
11801d60   _writemsg
11801db8   C$$IO$$
11801dc0   __args_main
11801e00   _StartUp
11801e20   __nop
11801e40   C$$EXIT
11801e40   _abort
11801e60   _main
11801e80   ___etext__
11801e80   __ftable
11801e80   etext
11802060   __tmpnams
118021a0   __ft_end
118021a4   _errno
11802488   __cleanup_ptr
1180248c   __dtors_ptr
11802490   ___TI_enable_exit_profile_output
11802494   _CodecDataIn
11802498   _CodecDataOut
1180249c   __lock
118024a0   __unlock
118024c0   __stack
118028c0   __STACK_END
118028c0   __sys_memory
11802cc0   ___cinit__
11802cc0   cinit
118031e0   __CIOBUF_
11803318   $bss
11803318   .bss
11803318   ___bss__
1180331c   ___end__
1180331c   end
ffffffff   ___TI_pprof_out_hndl
ffffffff   ___TI_prof_data_size
ffffffff   ___TI_prof_data_start
ffffffff   ___binit__
ffffffff   ___c_args__
ffffffff   ___pinit__
ffffffff   binit
ffffffff   pinit

[92 symbols]
