******************************************************************************
               TMS320C6x Linker Unix v7.4.16                   
******************************************************************************
>> Linked Sun Apr 29 13:49:43 2018

OUTPUT FILE NAME:   <lab3_problem5.out>
ENTRY POINT SYMBOL: "_c_int00"  address: 1181a960


MEMORY CONFIGURATION

         name            origin    length      used     unused   attr    fill
----------------------  --------  ---------  --------  --------  ----  --------
  VECTORS               11800000   00000200  00000200  00000000  RWIX
  DSPRAM                11800200   0003fe00  00020864  0001f59c  RWIX
  SHAREDRAM             80000000   00020000  00000000  00020000  RWIX
  SDRAM                 c0000000   08000000  00000000  08000000  RWIX


SECTION ALLOCATION MAP

 output                                  attributes/
section   page    origin      length       input sections
--------  ----  ----------  ----------   ----------------
vectors    0    11800000    00000200     
                  11800000    00000200     vectors.obj (vectors)

.text      0    11800200    0001b440     
                  11800200    0000b860     svm.obj (.text)
                  1180ba60    000012a0     main.obj (.text)
                  1180cd00    00000dc0     LCDK_Support_DSP.obj (.text)
                  1180dac0    00000900     rts6740.lib : _scanfi.obj (.text:__scanfi)
                  1180e3c0    00000720                 : pow.obj (.text:_pow)
                  1180eae0    00000620                 : _scanfi.obj (.text:__sset_arg)
                  1180f100    000005a0                 : divd.obj (.text:__divd)
                  1180f6a0    00000580                 : _printfi.obj (.text:__getarg_diouxp)
                  1180fc20    00000540     libmfcc.obj (.text)
                  11810160    00000520     rts6740.lib : _printfi.obj (.text:__setfield)
                  11810680    000004c0                 : _scanfi.obj (.text:__sproc_int)
                  11810b40    00000460                 : strtod.obj (.text:_strtod)
                  11810fa0    00000460                 : strtol.obj (.text:_strtol)
                  11811400    00000460                 : strtold.obj (.text:_strtold)
                  11811860    00000460                 : strtoll.obj (.text:_strtoll)
                  11811cc0    00000440                 : _printfi.obj (.text:__printfi)
                  11812100    00000400                 : fgets.obj (.text:__dofgets)
                  11812500    00000400                 : strtoul.obj (.text:_strtoul)
                  11812900    00000400                 : strtoull.obj (.text:_strtoull)
                  11812d00    000003a0                 : fputs.obj (.text:_fputs)
                  118130a0    00000340                 : _scanfi.obj (.text:__sget_conv)
                  118133e0    00000320                 : _printfi.obj (.text:__pproc_fge)
                  11813700    000002e0                 : _scanfi.obj (.text:__sproc_float)
                  118139e0    000002e0                 : cos.obj (.text:_cos)
                  11813cc0    000002e0                 : powi.obj (.text:_powi)
                  11813fa0    000002c0                 : _printfi.obj (.text:__pproc_fwp)
                  11814260    000002c0                 : memory.obj (.text:_realloc)
                  11814520    000002a0                 : _printfi.obj (.text:_ecvt)
                  118147c0    000002a0                 : _printfi.obj (.text:_fcvt)
                  11814a60    00000280                 : divf.obj (.text:__divf)
                  11814ce0    00000280                 : memory.obj (.text:_free)
                  11814f60    00000280                 : sin.obj (.text:_sin)
                  118151e0    00000280     ISRs.obj (.text:retain)
                  11815460    00000260     rts6740.lib : imath64.obj (.text:__divull)
                  118156c0    00000260                 : _printfi.obj (.text:__pconv_e)
                  11815920    00000240                 : _printfi.obj (.text:__pproc_diouxp)
                  11815b60    00000220                 : _printfi.obj (.text:__pproc_str)
                  11815d80    00000220                 : fputc.obj (.text:_fputc)
                  11815fa0    00000200                 : _printfi.obj (.text:__pconv_g)
                  118161a0    00000200                 : log.obj (.text:_log)
                  118163a0    00000200                 : setvbuf.obj (.text:_setvbuf)
                  118165a0    000001e0                 : exp.obj (.text:_exp)
                  11816780    000001c0                 : _printfi.obj (.text:__mcpy)
                  11816940    000001c0                 : fopen.obj (.text:__openfile)
                  11816b00    000001a0                 : imath40.obj (.text:__divul)
                  11816ca0    000001a0                 : _scanfi.obj (.text:__sproc_str)
                  11816e40    000001a0                 : tanh.obj (.text:_tanh)
                  11816fe0    00000180                 : trgdrv.obj (.text:_HOSTrename)
                  11817160    00000180                 : fscanf.obj (.text:__chkmbc)
                  118172e0    00000180                 : memory.obj (.text:_malloc)
                  11817460    00000180                 : lowlev.obj (.text:_open)
                  118175e0    00000020                 : error.obj (.text:___abort_execution)
                  11817600    00000180     assem.obj (.text)
                  11817780    00000160     rts6740.lib : _scanfi.obj (.text:__sproc_lb)
                  118178e0    00000160                 : ldexp.obj (.text:_ldexp)
                  11817a40    00000140                 : _printfi.obj (.text:__pproc_fflags)
                  11817b80    00000140                 : fgetc.obj (.text:_fgetc)
                  11817cc0    00000140                 : ftell.obj (.text:_ftell)
                  11817e00    00000140                 : lowlev.obj (.text:_getdevice)
                  11817f40    00000140                 : ungetc.obj (.text:_ungetc)
                  11818080    00000120                 : _bufread.obj (.text:__buff_read)
                  118181a0    00000120                 : fclose.obj (.text:__closefile)
                  118182c0    00000120                 : _printfi.obj (.text:__ltostr)
                  118183e0    00000120                 : fopen.obj (.text:__search_fp)
                  11818500    00000120                 : _scanfi.obj (.text:__sget_scanset)
                  11818620    00000120                 : frexp.obj (.text:_frexp)
                  11818740    00000120                 : fseek.obj (.text:_fseek)
                  11818860    00000100                 : trgdrv.obj (.text:_HOSTlseek)
                  11818960    00000100                 : _io_perm.obj (.text:__wrt_ok)
                  11818a60    00000100                 : fprintf.obj (.text:_fprintf)
                  11818b60    00000100                 : sqrt.obj (.text:_sqrt)
                  11818c60    000000e0                 : trgdrv.obj (.text:_HOSTopen)
                  11818d40    000000e0                 : trgdrv.obj (.text:_HOSTread)
                  11818e20    000000e0                 : divi.obj (.text:__divi)
                  11818f00    000000e0                 : atoi.obj (.text:_atoi)
                  11818fe0    000000e0                 : lowlev.obj (.text:_close)
                  118190c0    000000e0                 : fflush.obj (.text:_fflush)
                  118191a0    000000e0                 : fscanf.obj (.text:_fscanf)
                  11819280    000000e0                 : memset.obj (.text:_memset)
                  11819360    000000e0                 : printf.obj (.text:_printf)
                  11819440    000000c0                 : trgdrv.obj (.text:_HOSTunlink)
                  11819500    000000c0                 : trgdrv.obj (.text:_HOSTwrite)
                  118195c0    000000c0                 : autoinit.obj (.text:__auto_init)
                  11819680    000000c0                 : _printfi.obj (.text:__div)
                  11819740    000000c0                 : divu.obj (.text:__divu)
                  11819800    000000c0                 : fflush.obj (.text:__doflush)
                  118198c0    000000c0                 : _io_perm.obj (.text:__rd_ok)
                  11819980    000000c0                 : remi.obj (.text:__remi)
                  11819a40    000000c0                 : exit.obj (.text:_exit)
                  11819b00    000000c0                 : ltoa.obj (.text:_ltoa)
                  11819bc0    000000c0                 : strtok.obj (.text:_strtok)
                  11819c80    000000a0                 : trgdrv.obj (.text:_HOSTclose)
                  11819d20    000000a0                 : new_.obj (.text:___nw__FUi)
                  11819dc0    000000a0                 : fopen.obj (.text:__cleanup)
                  11819e60    000000a0                 : imath40.obj (.text:__divli)
                  11819f00    000000a0                 : _printfi.obj (.text:__ecpy)
                  11819fa0    000000a0                 : _printfi.obj (.text:__fcpy)
                  1181a040    000000a0                 : fixdli.obj (.text:__fixdli)
                  1181a0e0    000000a0                 : round.obj (.text:__nround)
                  1181a180    000000a0                 : _printfi.obj (.text:__pconv_f)
                  1181a220    000000a0                 : cpy_tbl.obj (.text:_copy_in)
                  1181a2c0    000000a0                 : lowlev.obj (.text:_finddevice)
                  1181a360    000000a0                 : lowlev.obj (.text:_lseek)
                  1181a400    000000a0                 : memcpy64.obj (.text:_memcpy)
                  1181a4a0    000000a0                 : memory.obj (.text:_minsert)
                  1181a540    000000a0                 : modf.obj (.text:_modf)
                  1181a5e0    000000a0                 : memory.obj (.text:_mremove)
                  1181a680    000000a0                 : lowlev.obj (.text:_read)
                  1181a720    000000a0                 : strspn.obj (.text:_strspn)
                  1181a7c0    000000a0                 : lowlev.obj (.text:_write)
                  1181a860    00000080                 : fltlid.obj (.text:__fltlid)
                  1181a8e0    00000080                 : llshift.obj (.text:__llshl)
                  1181a960    00000080                 : boot.obj (.text:_c_int00)
                  1181a9e0    00000080                 : memory.obj (.text:_calloc)
                  1181aa60    00000080                 : rand.obj (.text:_rand)
                  1181aae0    00000080                 : trgmsg.obj (.text:_readmsg)
                  1181ab60    00000080                 : lowlev.obj (.text:_unlink)
                  1181abe0    00000080     autocorr.obj (.text)
                  1181ac60    00000060     rts6740.lib : cpp_init.obj (.text:___TI_cpp_init)
                  1181acc0    00000060                 : imath64.obj (.text:__remull)
                  1181ad20    00000060                 : imath64.obj (.text:__subcull)
                  1181ad80    00000060                 : fclose.obj (.text:_fclose)
                  1181ade0    00000060                 : ferror.obj (.text:_ferror)
                  1181ae40    00000060                 : fopen.obj (.text:_fopen)
                  1181aea0    00000060                 : memccpy.obj (.text:_memccpy)
                  1181af00    00000060                 : setlocale.obj (.text:_setlocale)
                  1181af60    00000060                 : strcspn.obj (.text:_strcspn)
                  1181afc0    00000060                 : strrchr.obj (.text:_strrchr)
                  1181b020    00000060                 : lowlev.obj (.text:_tabinit)
                  1181b080    00000060                 : vsprintf.obj (.text:_vsprintf)
                  1181b0e0    00000060                 : trgmsg.obj (.text:_writemsg)
                  1181b140    00000040                 : isinf.obj (.text:___isinf)
                  1181b180    00000040                 : _printfi.obj (.text:___isnan)
                  1181b1c0    00000040                 : args_main.obj (.text:__args_main)
                  1181b200    00000040                 : frcmpyd_div.obj (.text:__frcmpyd_div)
                  1181b240    00000040                 : llshift.obj (.text:__llshru)
                  1181b280    00000040                 : vsprintf.obj (.text:__outs)
                  1181b2c0    00000040                 : imath40.obj (.text:__remli)
                  1181b300    00000040                 : imath40.obj (.text:__remul)
                  1181b340    00000040                 : strcmp.obj (.text:_strcmp)
                  1181b380    00000040                 : strlen.obj (.text:_strlen)
                  1181b3c0    00000040     flip.obj (.text)
                  1181b400    00000020     rts6740.lib : newhandler.obj (.text:___default_new_handler__Fv)
                  1181b420    00000020                 : delete.obj (.text:___dl__FPv)
                  1181b440    00000020                 : array_del.obj (.text:___dla__FPv)
                  1181b460    00000020                 : array_new.obj (.text:___nwa__FUi)
                  1181b480    00000020                 : pure_virt.obj (.text:___pure_virtual_called)
                  1181b4a0    00000020                 : fscanf.obj (.text:__inpchar)
                  1181b4c0    00000020                 : negll.obj (.text:__negll)
                  1181b4e0    00000020                 : _lock.obj (.text:__nop)
                  1181b500    00000020                 : fprintf.obj (.text:__outc)
                  1181b520    00000020                 : printf.obj (.text:__outc)
                  1181b540    00000020                 : vsprintf.obj (.text:__outc)
                  1181b560    00000020                 : fprintf.obj (.text:__outs)
                  1181b580    00000020                 : printf.obj (.text:__outs)
                  1181b5a0    00000020                 : trunc.obj (.text:__trunc)
                  1181b5c0    00000020                 : fscanf.obj (.text:__uninpchar)
                  1181b5e0    00000020                 : exit.obj (.text:_abort)
                  1181b600    00000020                 : fgets.obj (.text:_fgets)
                  1181b620    00000020                 : remove.obj (.text:_remove)

.far       0    1181b640    00002f90     UNINITIALIZED
                  1181b640    00002878     main.obj (.far)
                  1181deb8    00000324     rts6740.lib : defs.obj (.far)
                  1181e1dc    00000004                 : errno.obj (.far)
                  1181e1e0    00000120                 : pow.obj (.far)
                  1181e300    0000011c                 : lowlev.obj (.far)
                  1181e41c    00000004                 : fopen.obj (.far)
                  1181e420    00000040                 : cos.obj (.far)
                  1181e460    00000040                 : sin.obj (.far)
                  1181e4a0    00000034                 : setlocale.obj (.far)
                  1181e4d4    00000004                 : strtok.obj (.far)
                  1181e4d8    00000030                 : exp.obj (.far)
                  1181e508    00000030                 : log.obj (.far)
                  1181e538    00000030                 : tanh.obj (.far)
                  1181e568    00000030     svm.obj (.far)
                  1181e598    0000000c     rts6740.lib : exit.obj (.far)
                  1181e5a4    00000008     ISRs.obj (.far)
                  1181e5ac    00000008     rts6740.lib : _lock.obj (.far)
                  1181e5b4    00000008                 : memory.obj (.far)
                  1181e5bc    00000004                 : vars.obj (.far)
                  1181e5c0    00000008                 : rand.obj (.far)
                  1181e5c8    00000008                 : trgdrv.obj (.far)

.cinit     0    1181e5d0    00000f94     
                  1181e5d0    00000ab0     main.obj (.cinit)
                  1181f080    00000140     rts6740.lib : pow.obj (.cinit)
                  1181f1c0    0000006c     svm.obj (.cinit)
                  1181f22c    00000004     --HOLE-- [fill = 0]
                  1181f230    0000005c     rts6740.lib : defs.obj (.cinit)
                  1181f28c    00000004     --HOLE-- [fill = 0]
                  1181f290    0000005c                 : lowlev.obj (.cinit)
                  1181f2ec    00000004     --HOLE-- [fill = 0]
                  1181f2f0    00000048                 : cos.obj (.cinit)
                  1181f338    00000048                 : sin.obj (.cinit)
                  1181f380    00000040                 : exp.obj (.cinit)
                  1181f3c0    00000040                 : log.obj (.cinit)
                  1181f400    00000040                 : tanh.obj (.cinit)
                  1181f440    00000039                 : setlocale.obj (.cinit)
                  1181f479    00000007     --HOLE-- [fill = 0]
                  1181f480    0000002c                 : exit.obj (.cinit)
                  1181f4ac    00000004     --HOLE-- [fill = 0]
                  1181f4b0    0000002c                 : memory.obj (.cinit)
                  1181f4dc    00000004     --HOLE-- [fill = 0]
                  1181f4e0    0000001c                 : _lock.obj (.cinit)
                  1181f4fc    00000004     --HOLE-- [fill = 0]
                  1181f500    00000010                 : rand.obj (.cinit)
                  1181f510    0000000c     LCDK_Support_DSP.obj (.cinit)
                  1181f51c    00000004     --HOLE-- [fill = 0]
                  1181f520    0000000c     rts6740.lib : errno.obj (.cinit)
                  1181f52c    00000004     --HOLE-- [fill = 0]
                  1181f530    0000000c                 : fopen.obj (.cinit)
                  1181f53c    00000004     --HOLE-- [fill = 0]
                  1181f540    0000000c                 : strtok.obj (.cinit)
                  1181f54c    00000004     --HOLE-- [fill = 0]
                  1181f550    0000000c                 : vars.obj (.cinit)
                  1181f55c    00000004     --HOLE-- [fill = 0]
                  1181f560    00000004     (.pad.cinit) [fill = 0]

.const     0    1181f568    00000b06     
                  1181f568    000005d8     svm.obj (.const:.string)
                  1181fb40    00000180     main.obj (.const:.string)
                  1181fcc0    00000101     rts6740.lib : ctype.obj (.const:.string:__ctypes_)
                  1181fdc1    00000005                 : setlocale.obj (.const:.string)
                  1181fdc6    00000002                 : fputs.obj (.const:.string)
                  1181fdc8    00000050                 : strtod.obj (.const:_digits)
                  1181fe18    00000050                 : strtold.obj (.const:_digits)
                  1181fe68    00000048                 : strtod.obj (.const:_powerof10)
                  1181feb0    00000048                 : strtold.obj (.const:_powerof10)
                  1181fef8    00000028     svm.obj (.const:___vtbl__11ONE_CLASS_Q)
                  1181ff20    00000028     svm.obj (.const:___vtbl__5SVC_Q)
                  1181ff48    00000028     svm.obj (.const:___vtbl__5SVR_Q)
                  1181ff70    00000028     svm.obj (.const:___vtbl__6Kernel)
                  1181ff98    00000028     svm.obj (.const:___vtbl__6Solver)
                  1181ffc0    00000028     svm.obj (.const:___vtbl__7QMatrix)
                  1181ffe8    00000028     svm.obj (.const:___vtbl__9Solver_NU)
                  11820010    00000028     svm.obj (.const)
                  11820038    00000023     rts6740.lib : _printfi.obj (.const:.string)
                  1182005b    00000005     --HOLE-- [fill = 0]
                  11820060    00000007                 : _scanfi.obj (.const:.string:_flit$1)
                  11820067    00000001     --HOLE-- [fill = 0]
                  11820068    00000006                 : _scanfi.obj (.const:.string:_barr$2)

.stack     0    11820070    00000400     UNINITIALIZED
                  11820070    00000008     rts6740.lib : boot.obj (.stack)
                  11820078    000003f8     --HOLE--

.sysmem    0    11820470    00000400     UNINITIALIZED
                  11820470    00000008     rts6740.lib : memory.obj (.sysmem)
                  11820478    000003f8     --HOLE--

.cio       0    11820870    00000120     UNINITIALIZED
                  11820870    00000120     rts6740.lib : trgmsg.obj (.cio)

.switch    0    11820990    0000007c     
                  11820990    00000028     rts6740.lib : _scanfi.obj (.switch:__sset_arg)
                  118209b8    00000018     LCDK_Support_DSP.obj (.switch:_SetSampleRate_AIC3106)
                  118209d0    00000014     svm.obj (.switch:___ct__6KernelFiPCP8svm_nodeRC13svm_parameter)
                  118209e4    00000014     svm.obj (.switch:_k_function__6KernelSFPC8svm_nodeT1RC13svm_parameter)
                  118209f8    00000014     svm.obj (.switch:_svm_train_one__FPC11svm_problemPC13svm_parameterdT3)

.bss       0    11820a0c    0000005e     UNINITIALIZED
                  11820a0c    00000048     main.obj (.bss)
                  11820a54    00000010     svm.obj (.bss)
                  11820a64    00000004     LCDK_Support_DSP.obj (.bss)
                  11820a68    00000002     ISRs.obj (.bss)


GLOBAL SYMBOLS: SORTED ALPHABETICALLY BY Name 

address    name
--------   ----
11820a0c   $bss
11820a0c   .bss
11800200   .text
1181b5e0   C$$EXIT
1181b138   C$$IO$$
1180d3ec   _AIC3106_write_reg
1181c040   _B
1181e4a0   _C_locale
1180d174   _CheckForOverrun
1181e5a4   _CodecDataIn
1181e5a8   _CodecDataOut
118151e0   _Codec_ISR
1180cd08   _DSP_Init
1180cd28   _DSP_Init_EDMA
1180cf0c   _EnableInterrupts
1180cf58   _EnableInterrupts_EDMA
11810088   _GetCenterFrequency
1180fc20   _GetCoefficient
1180fe48   _GetFilterParameter
1180ffec   _GetMagnitudeFactor
1180cd00   _GetSampleFreq
11819c80   _HOSTclose
11818860   _HOSTlseek
11818c60   _HOSTopen
11818d40   _HOSTread
11816fe0   _HOSTrename
11819440   _HOSTunlink
11819500   _HOSTwrite
1180cea4   _InitDigitalOutputs
1180cd48   _InitLEDs
1180d1a4   _Init_AIC3106
1180cfcc   _Init_I2C
1180cec8   _Init_Interrupts
1180cf48   _Init_Interrupts_EDMA
1180d598   _Init_McASP0
1180d928   _Init_UART2
1180da68   _IsDataReady_UART2
1180da8c   _IsTxReady_UART2
11820a0c   _M
1180fde4   _NormalizationFactor
1180da08   _Puts_UART2
1180d12c   _ReadCodecData
1180ce8c   _ReadSwitches
1180da48   _Read_UART2
1180d428   _Reset_AIC3106
1180d028   _Reset_I2C
1180d450   _SetSampleRate_AIC3106
11808c94   _Solve__6SolverFiRC7QMatrixPCdPCScPddN26PQ2_6Solver12SolutionInfoT1
1181d4d8   _UARTdouble
1180d150   _WriteCodecData
1180ceb0   _WriteDigitalOutputs
1180cda8   _WriteLEDs
1180d048   _Write_I2C
1180d9e0   _Write_UART2
1181b640   _X
11820870   __CIOBUF_
11820470   __STACK_END
00000400   __STACK_SIZE
00000400   __SYSMEM_SIZE
00000001   __TI_args_main
1181ac60   ___TI_cpp_init
1181e5a0   ___TI_enable_exit_profile_output
ffffffff   ___TI_pprof_out_hndl
ffffffff   ___TI_prof_data_size
ffffffff   ___TI_prof_data_start
118175e0   ___abort_execution
ffffffff   ___binit__
11820a0c   ___bss__
ffffffff   ___c_args__
1181e5d0   ___cinit__
118082a0   ___ct__5CacheFil
118087cc   ___ct__6KernelFiPCP8svm_nodeRC13svm_parameter
1181b400   ___default_new_handler__Fv
1181b420   ___dl__FPv
1181b440   ___dla__FPv
11808394   ___dt__5CacheFv
118089a0   ___dt__6KernelFv
11820a6a   ___end__
1181b640   ___etext__
1181b140   ___isinf
11819d20   ___nw__FUi
1181b460   ___nwa__FUi
ffffffff   ___pinit__
1181b480   ___pure_virtual_called
11800200   ___text__
1181ff70   ___vtbl__6Kernel
1181ff98   ___vtbl__6Solver
1181ffe8   ___vtbl__9Solver_NU
1181b1c0   __args_main
118195c0   __auto_init
11818080   __buff_read
11818e20   __c6xabi_divi
11819740   __c6xabi_divu
11819980   __c6xabi_remi
11819dc0   __cleanup
1181e598   __cleanup_ptr
118181a0   __closefile
1181fcc0   __ctypes_
1180f100   __divd
11814a60   __divf
11818e20   __divi
11819e60   __divli
11819740   __divu
11816b00   __divul
11815460   __divull
11819800   __doflush
1181e59c   __dtors_ptr
1181a040   __fixdli
1181a860   __fltlid
1181b200   __frcmpyd_div
1181e1d8   __ft_end
1181deb8   __ftable
1181a8e0   __llshl
1181b240   __llshru
1181e5ac   __lock
1181b4c0   __negll
1181e5bc   __new_handler
1181b4e0   __nop
1181a0e0   __nround
11811cc0   __printfi
118198c0   __rd_ok
11819980   __remi
1181b2c0   __remli
1181b300   __remul
1181acc0   __remull
1180dac0   __scanfi
11820070   __stack
1181ad20   __subcull
11820470   __sys_memory
1181e098   __tmpnams
1181b5a0   __trunc
1181e5b0   __unlock
11818960   __wrt_ok
1181b5e0   _abort
11818f00   _atoi
1181abe0   _autoCorr
11820a2c   _avg
1180ac6c   _be_shrunk__6SolverFidT2
1180b634   _be_shrunk__9Solver_NUFidN32
1181a960   _c_int00
1180a7b0   _calculate_rho__6SolverFv
1180b36c   _calculate_rho__9Solver_NUFv
1181a9e0   _calloc
11818fe0   _close
11820a30   _coeff
1181a220   _copy_in
118139e0   _cos
11820a3c   _cross_validation
11820a20   _denominator
1180c248   _do_cross_validation
1180a970   _do_shrinking__6SolverFv
1180b72c   _do_shrinking__9Solver_NUFv
11808be0   _dot__6KernelSFPC8svm_nodeT1
1181e1dc   _errno
11819a40   _exit
118165a0   _exp
1181ad80   _fclose
11820a1c   _feature
1181ade0   _ferror
118190c0   _fflush
1180ba60   _fft
11817b80   _fgetc
1181b600   _fgets
11817704   _fircircfunc
1181b3c0   _flipfunc
1181ae40   _fopen
11818a60   _fprintf
11815d80   _fputc
11812d00   _fputs
11814ce0   _free
11818620   _frexp
118191a0   _fscanf
11818740   _fseek
11817cc0   _ftell
11808418   _get_data__5CacheFiPPfT1
11817b80   _getc
1180c5d8   _initialization
118089f0   _k_function__6KernelSFPC8svm_nodeT1RC13svm_parameter
11820a10   _kk
1181d118   _label
118178e0   _ldexp
11820a54   _libsvm_version
118161a0   _log
11808748   _lru_delete__5CacheFPQ2_5Cache6head_t
11808778   _lru_insert__5CacheFPQ2_5Cache6head_t
1181a360   _lseek
11819b00   _ltoa
11820a28   _magnitude
1180bdc8   _main
118172e0   _malloc
11820a44   _max_nr_attr
1181aea0   _memccpy
1181a400   _memcpy
11819280   _memset
1181d040   _mfcc_result
11820a34   _model
1180c6b4   _modelSVM
1181a540   _modf
11820a68   _monoIn
11820a40   _nr_fold
11820a24   _numerator
11817460   _open
1181d0a8   _param
1181d4e0   _params
1180e3c0   _pow
11813cc0   _powi
1180c864   _predict
11820a48   _predict_probability
11819360   _printf
1181d108   _prob
11815d80   _putc
1181aa60   _rand
1181a680   _read
11806be0   _read_model_header__FPQ2_3std4FILEP9svm_model
1180c6e4   _read_problem
1181aae0   _readmsg
11814260   _realloc
11809ee4   _reconstruct_gradient__6SolverFv
1181b620   _remove
1180a22c   _select_working_set__6SolverFRiT1
1180ad54   _select_working_set__9Solver_NUFRiT1
1181af00   _setlocale
118163a0   _setvbuf
11814f60   _sin
1181c840   _spectrum
11818b60   _sqrt
11820a14   _startflag
1181b340   _strcmp
1181af60   _strcspn
1181b380   _strlen
1181afc0   _strrchr
1181a720   _strspn
11810b40   _strtod
11819bc0   _strtok
11810fa0   _strtol
11811400   _strtold
11811860   _strtoll
11812500   _strtoul
11812900   _strtoull
11807d40   _svm_check_parameter
11808200   _svm_check_probability_model
11805210   _svm_cross_validation
11807d18   _svm_destroy_param
11807cd4   _svm_free_and_destroy_model
11807b34   _svm_free_model_content
118059e0   _svm_get_labels
118059c8   _svm_get_nr_class
11805ab0   _svm_get_nr_sv
11805a4c   _svm_get_sv_indices
118059b0   _svm_get_svm_type
11805ac8   _svm_get_svr_probability
11807710   _svm_load_model
118060ec   _svm_predict
11806184   _svm_predict_probability
11805b28   _svm_predict_values
118072d0   _svm_read_model
11806464   _svm_save_model
11808270   _svm_set_print_string_function__FPFPCc_v
1180424c   _svm_train
11808544   _swap_index__5CacheFiT1
11809da4   _swap_index__6SolverFiT1
11816e40   _tanh
11820a18   _training
11817f40   _ungetc
1181ab60   _unlink
1181b080   _vsprintf
1181b840   _w
1180cf98   _wait
1181a7c0   _write
1181b0e0   _writemsg
11820a4c   _x
11820a38   _x_space
ffffffff   binit
1181e5d0   cinit
11820a6a   end
1181b640   etext
ffffffff   pinit


GLOBAL SYMBOLS: SORTED BY Symbol Address 

address    name
--------   ----
00000001   __TI_args_main
00000400   __STACK_SIZE
00000400   __SYSMEM_SIZE
11800200   .text
11800200   ___text__
1180424c   _svm_train
11805210   _svm_cross_validation
118059b0   _svm_get_svm_type
118059c8   _svm_get_nr_class
118059e0   _svm_get_labels
11805a4c   _svm_get_sv_indices
11805ab0   _svm_get_nr_sv
11805ac8   _svm_get_svr_probability
11805b28   _svm_predict_values
118060ec   _svm_predict
11806184   _svm_predict_probability
11806464   _svm_save_model
11806be0   _read_model_header__FPQ2_3std4FILEP9svm_model
118072d0   _svm_read_model
11807710   _svm_load_model
11807b34   _svm_free_model_content
11807cd4   _svm_free_and_destroy_model
11807d18   _svm_destroy_param
11807d40   _svm_check_parameter
11808200   _svm_check_probability_model
11808270   _svm_set_print_string_function__FPFPCc_v
118082a0   ___ct__5CacheFil
11808394   ___dt__5CacheFv
11808418   _get_data__5CacheFiPPfT1
11808544   _swap_index__5CacheFiT1
11808748   _lru_delete__5CacheFPQ2_5Cache6head_t
11808778   _lru_insert__5CacheFPQ2_5Cache6head_t
118087cc   ___ct__6KernelFiPCP8svm_nodeRC13svm_parameter
118089a0   ___dt__6KernelFv
118089f0   _k_function__6KernelSFPC8svm_nodeT1RC13svm_parameter
11808be0   _dot__6KernelSFPC8svm_nodeT1
11808c94   _Solve__6SolverFiRC7QMatrixPCdPCScPddN26PQ2_6Solver12SolutionInfoT1
11809da4   _swap_index__6SolverFiT1
11809ee4   _reconstruct_gradient__6SolverFv
1180a22c   _select_working_set__6SolverFRiT1
1180a7b0   _calculate_rho__6SolverFv
1180a970   _do_shrinking__6SolverFv
1180ac6c   _be_shrunk__6SolverFidT2
1180ad54   _select_working_set__9Solver_NUFRiT1
1180b36c   _calculate_rho__9Solver_NUFv
1180b634   _be_shrunk__9Solver_NUFidN32
1180b72c   _do_shrinking__9Solver_NUFv
1180ba60   _fft
1180bdc8   _main
1180c248   _do_cross_validation
1180c5d8   _initialization
1180c6b4   _modelSVM
1180c6e4   _read_problem
1180c864   _predict
1180cd00   _GetSampleFreq
1180cd08   _DSP_Init
1180cd28   _DSP_Init_EDMA
1180cd48   _InitLEDs
1180cda8   _WriteLEDs
1180ce8c   _ReadSwitches
1180cea4   _InitDigitalOutputs
1180ceb0   _WriteDigitalOutputs
1180cec8   _Init_Interrupts
1180cf0c   _EnableInterrupts
1180cf48   _Init_Interrupts_EDMA
1180cf58   _EnableInterrupts_EDMA
1180cf98   _wait
1180cfcc   _Init_I2C
1180d028   _Reset_I2C
1180d048   _Write_I2C
1180d12c   _ReadCodecData
1180d150   _WriteCodecData
1180d174   _CheckForOverrun
1180d1a4   _Init_AIC3106
1180d3ec   _AIC3106_write_reg
1180d428   _Reset_AIC3106
1180d450   _SetSampleRate_AIC3106
1180d598   _Init_McASP0
1180d928   _Init_UART2
1180d9e0   _Write_UART2
1180da08   _Puts_UART2
1180da48   _Read_UART2
1180da68   _IsDataReady_UART2
1180da8c   _IsTxReady_UART2
1180dac0   __scanfi
1180e3c0   _pow
1180f100   __divd
1180fc20   _GetCoefficient
1180fde4   _NormalizationFactor
1180fe48   _GetFilterParameter
1180ffec   _GetMagnitudeFactor
11810088   _GetCenterFrequency
11810b40   _strtod
11810fa0   _strtol
11811400   _strtold
11811860   _strtoll
11811cc0   __printfi
11812500   _strtoul
11812900   _strtoull
11812d00   _fputs
118139e0   _cos
11813cc0   _powi
11814260   _realloc
11814a60   __divf
11814ce0   _free
11814f60   _sin
118151e0   _Codec_ISR
11815460   __divull
11815d80   _fputc
11815d80   _putc
118161a0   _log
118163a0   _setvbuf
118165a0   _exp
11816b00   __divul
11816e40   _tanh
11816fe0   _HOSTrename
118172e0   _malloc
11817460   _open
118175e0   ___abort_execution
11817704   _fircircfunc
118178e0   _ldexp
11817b80   _fgetc
11817b80   _getc
11817cc0   _ftell
11817f40   _ungetc
11818080   __buff_read
118181a0   __closefile
11818620   _frexp
11818740   _fseek
11818860   _HOSTlseek
11818960   __wrt_ok
11818a60   _fprintf
11818b60   _sqrt
11818c60   _HOSTopen
11818d40   _HOSTread
11818e20   __c6xabi_divi
11818e20   __divi
11818f00   _atoi
11818fe0   _close
118190c0   _fflush
118191a0   _fscanf
11819280   _memset
11819360   _printf
11819440   _HOSTunlink
11819500   _HOSTwrite
118195c0   __auto_init
11819740   __c6xabi_divu
11819740   __divu
11819800   __doflush
118198c0   __rd_ok
11819980   __c6xabi_remi
11819980   __remi
11819a40   _exit
11819b00   _ltoa
11819bc0   _strtok
11819c80   _HOSTclose
11819d20   ___nw__FUi
11819dc0   __cleanup
11819e60   __divli
1181a040   __fixdli
1181a0e0   __nround
1181a220   _copy_in
1181a360   _lseek
1181a400   _memcpy
1181a540   _modf
1181a680   _read
1181a720   _strspn
1181a7c0   _write
1181a860   __fltlid
1181a8e0   __llshl
1181a960   _c_int00
1181a9e0   _calloc
1181aa60   _rand
1181aae0   _readmsg
1181ab60   _unlink
1181abe0   _autoCorr
1181ac60   ___TI_cpp_init
1181acc0   __remull
1181ad20   __subcull
1181ad80   _fclose
1181ade0   _ferror
1181ae40   _fopen
1181aea0   _memccpy
1181af00   _setlocale
1181af60   _strcspn
1181afc0   _strrchr
1181b080   _vsprintf
1181b0e0   _writemsg
1181b138   C$$IO$$
1181b140   ___isinf
1181b1c0   __args_main
1181b200   __frcmpyd_div
1181b240   __llshru
1181b2c0   __remli
1181b300   __remul
1181b340   _strcmp
1181b380   _strlen
1181b3c0   _flipfunc
1181b400   ___default_new_handler__Fv
1181b420   ___dl__FPv
1181b440   ___dla__FPv
1181b460   ___nwa__FUi
1181b480   ___pure_virtual_called
1181b4c0   __negll
1181b4e0   __nop
1181b5a0   __trunc
1181b5e0   C$$EXIT
1181b5e0   _abort
1181b600   _fgets
1181b620   _remove
1181b640   _X
1181b640   ___etext__
1181b640   etext
1181b840   _w
1181c040   _B
1181c840   _spectrum
1181d040   _mfcc_result
1181d0a8   _param
1181d108   _prob
1181d118   _label
1181d4d8   _UARTdouble
1181d4e0   _params
1181deb8   __ftable
1181e098   __tmpnams
1181e1d8   __ft_end
1181e1dc   _errno
1181e4a0   _C_locale
1181e598   __cleanup_ptr
1181e59c   __dtors_ptr
1181e5a0   ___TI_enable_exit_profile_output
1181e5a4   _CodecDataIn
1181e5a8   _CodecDataOut
1181e5ac   __lock
1181e5b0   __unlock
1181e5bc   __new_handler
1181e5d0   ___cinit__
1181e5d0   cinit
1181fcc0   __ctypes_
1181ff70   ___vtbl__6Kernel
1181ff98   ___vtbl__6Solver
1181ffe8   ___vtbl__9Solver_NU
11820070   __stack
11820470   __STACK_END
11820470   __sys_memory
11820870   __CIOBUF_
11820a0c   $bss
11820a0c   .bss
11820a0c   _M
11820a0c   ___bss__
11820a10   _kk
11820a14   _startflag
11820a18   _training
11820a1c   _feature
11820a20   _denominator
11820a24   _numerator
11820a28   _magnitude
11820a2c   _avg
11820a30   _coeff
11820a34   _model
11820a38   _x_space
11820a3c   _cross_validation
11820a40   _nr_fold
11820a44   _max_nr_attr
11820a48   _predict_probability
11820a4c   _x
11820a54   _libsvm_version
11820a68   _monoIn
11820a6a   ___end__
11820a6a   end
ffffffff   ___TI_pprof_out_hndl
ffffffff   ___TI_prof_data_size
ffffffff   ___TI_prof_data_start
ffffffff   ___binit__
ffffffff   ___c_args__
ffffffff   ___pinit__
ffffffff   binit
ffffffff   pinit

[277 symbols]
