<?xml version="1.0"?>
<link_info>
   <banner>TMS320C6x Linker PC v7.4.14</banner>
   <copyright>Copyright (c) 1996-2015 Texas Instruments Incorporated</copyright>
   <link_time>0x5ae7ed5a</link_time>
   <output_file>lab3_problem5.out</output_file>
   <entry_point>
      <name>_c_int00</name>
      <address>0x1181a8a0</address>
   </entry_point>
   <input_file_list>
      <input_file id="fl-2">
         <path>.\</path>
         <kind>object</kind>
         <file>ISRs.obj</file>
         <name>ISRs.obj</name>
      </input_file>
      <input_file id="fl-3">
         <path>.\</path>
         <kind>object</kind>
         <file>LCDK_Support_DSP.obj</file>
         <name>LCDK_Support_DSP.obj</name>
      </input_file>
      <input_file id="fl-4">
         <path>.\</path>
         <kind>object</kind>
         <file>StartUp.obj</file>
         <name>StartUp.obj</name>
      </input_file>
      <input_file id="fl-5">
         <path>.\</path>
         <kind>object</kind>
         <file>assem.obj</file>
         <name>assem.obj</name>
      </input_file>
      <input_file id="fl-6">
         <path>.\</path>
         <kind>object</kind>
         <file>autocorr.obj</file>
         <name>autocorr.obj</name>
      </input_file>
      <input_file id="fl-7">
         <path>.\</path>
         <kind>object</kind>
         <file>flip.obj</file>
         <name>flip.obj</name>
      </input_file>
      <input_file id="fl-8">
         <path>.\</path>
         <kind>object</kind>
         <file>libmfcc.obj</file>
         <name>libmfcc.obj</name>
      </input_file>
      <input_file id="fl-9">
         <path>.\</path>
         <kind>object</kind>
         <file>main.obj</file>
         <name>main.obj</name>
      </input_file>
      <input_file id="fl-a">
         <path>.\</path>
         <kind>object</kind>
         <file>svm.obj</file>
         <name>svm.obj</name>
      </input_file>
      <input_file id="fl-b">
         <path>.\</path>
         <kind>object</kind>
         <file>vectors.obj</file>
         <name>vectors.obj</name>
      </input_file>
      <input_file id="fl-10">
         <path>C:\ti\ccsv6\tools\compiler\c6000_7.4.14\lib\</path>
         <kind>archive</kind>
         <file>rts6740.lib</file>
         <name>array_del.obj</name>
      </input_file>
      <input_file id="fl-11">
         <path>C:\ti\ccsv6\tools\compiler\c6000_7.4.14\lib\</path>
         <kind>archive</kind>
         <file>rts6740.lib</file>
         <name>array_new.obj</name>
      </input_file>
      <input_file id="fl-12">
         <path>C:\ti\ccsv6\tools\compiler\c6000_7.4.14\lib\</path>
         <kind>archive</kind>
         <file>rts6740.lib</file>
         <name>boot.obj</name>
      </input_file>
      <input_file id="fl-13">
         <path>C:\ti\ccsv6\tools\compiler\c6000_7.4.14\lib\</path>
         <kind>archive</kind>
         <file>rts6740.lib</file>
         <name>cos.obj</name>
      </input_file>
      <input_file id="fl-14">
         <path>C:\ti\ccsv6\tools\compiler\c6000_7.4.14\lib\</path>
         <kind>archive</kind>
         <file>rts6740.lib</file>
         <name>defs.obj</name>
      </input_file>
      <input_file id="fl-15">
         <path>C:\ti\ccsv6\tools\compiler\c6000_7.4.14\lib\</path>
         <kind>archive</kind>
         <file>rts6740.lib</file>
         <name>delete.obj</name>
      </input_file>
      <input_file id="fl-16">
         <path>C:\ti\ccsv6\tools\compiler\c6000_7.4.14\lib\</path>
         <kind>archive</kind>
         <file>rts6740.lib</file>
         <name>divd.obj</name>
      </input_file>
      <input_file id="fl-17">
         <path>C:\ti\ccsv6\tools\compiler\c6000_7.4.14\lib\</path>
         <kind>archive</kind>
         <file>rts6740.lib</file>
         <name>divf.obj</name>
      </input_file>
      <input_file id="fl-18">
         <path>C:\ti\ccsv6\tools\compiler\c6000_7.4.14\lib\</path>
         <kind>archive</kind>
         <file>rts6740.lib</file>
         <name>divi.obj</name>
      </input_file>
      <input_file id="fl-19">
         <path>C:\ti\ccsv6\tools\compiler\c6000_7.4.14\lib\</path>
         <kind>archive</kind>
         <file>rts6740.lib</file>
         <name>divu.obj</name>
      </input_file>
      <input_file id="fl-1a">
         <path>C:\ti\ccsv6\tools\compiler\c6000_7.4.14\lib\</path>
         <kind>archive</kind>
         <file>rts6740.lib</file>
         <name>exit.obj</name>
      </input_file>
      <input_file id="fl-1b">
         <path>C:\ti\ccsv6\tools\compiler\c6000_7.4.14\lib\</path>
         <kind>archive</kind>
         <file>rts6740.lib</file>
         <name>exp.obj</name>
      </input_file>
      <input_file id="fl-1c">
         <path>C:\ti\ccsv6\tools\compiler\c6000_7.4.14\lib\</path>
         <kind>archive</kind>
         <file>rts6740.lib</file>
         <name>fclose.obj</name>
      </input_file>
      <input_file id="fl-1d">
         <path>C:\ti\ccsv6\tools\compiler\c6000_7.4.14\lib\</path>
         <kind>archive</kind>
         <file>rts6740.lib</file>
         <name>ferror.obj</name>
      </input_file>
      <input_file id="fl-1e">
         <path>C:\ti\ccsv6\tools\compiler\c6000_7.4.14\lib\</path>
         <kind>archive</kind>
         <file>rts6740.lib</file>
         <name>fflush.obj</name>
      </input_file>
      <input_file id="fl-1f">
         <path>C:\ti\ccsv6\tools\compiler\c6000_7.4.14\lib\</path>
         <kind>archive</kind>
         <file>rts6740.lib</file>
         <name>fgetc.obj</name>
      </input_file>
      <input_file id="fl-20">
         <path>C:\ti\ccsv6\tools\compiler\c6000_7.4.14\lib\</path>
         <kind>archive</kind>
         <file>rts6740.lib</file>
         <name>fgets.obj</name>
      </input_file>
      <input_file id="fl-21">
         <path>C:\ti\ccsv6\tools\compiler\c6000_7.4.14\lib\</path>
         <kind>archive</kind>
         <file>rts6740.lib</file>
         <name>fixdli.obj</name>
      </input_file>
      <input_file id="fl-22">
         <path>C:\ti\ccsv6\tools\compiler\c6000_7.4.14\lib\</path>
         <kind>archive</kind>
         <file>rts6740.lib</file>
         <name>fopen.obj</name>
      </input_file>
      <input_file id="fl-23">
         <path>C:\ti\ccsv6\tools\compiler\c6000_7.4.14\lib\</path>
         <kind>archive</kind>
         <file>rts6740.lib</file>
         <name>fprintf.obj</name>
      </input_file>
      <input_file id="fl-24">
         <path>C:\ti\ccsv6\tools\compiler\c6000_7.4.14\lib\</path>
         <kind>archive</kind>
         <file>rts6740.lib</file>
         <name>fputc.obj</name>
      </input_file>
      <input_file id="fl-25">
         <path>C:\ti\ccsv6\tools\compiler\c6000_7.4.14\lib\</path>
         <kind>archive</kind>
         <file>rts6740.lib</file>
         <name>fputs.obj</name>
      </input_file>
      <input_file id="fl-26">
         <path>C:\ti\ccsv6\tools\compiler\c6000_7.4.14\lib\</path>
         <kind>archive</kind>
         <file>rts6740.lib</file>
         <name>frcmpyd_div.obj</name>
      </input_file>
      <input_file id="fl-27">
         <path>C:\ti\ccsv6\tools\compiler\c6000_7.4.14\lib\</path>
         <kind>archive</kind>
         <file>rts6740.lib</file>
         <name>fscanf.obj</name>
      </input_file>
      <input_file id="fl-28">
         <path>C:\ti\ccsv6\tools\compiler\c6000_7.4.14\lib\</path>
         <kind>archive</kind>
         <file>rts6740.lib</file>
         <name>fseek.obj</name>
      </input_file>
      <input_file id="fl-29">
         <path>C:\ti\ccsv6\tools\compiler\c6000_7.4.14\lib\</path>
         <kind>archive</kind>
         <file>rts6740.lib</file>
         <name>ftell.obj</name>
      </input_file>
      <input_file id="fl-2a">
         <path>C:\ti\ccsv6\tools\compiler\c6000_7.4.14\lib\</path>
         <kind>archive</kind>
         <file>rts6740.lib</file>
         <name>ldexp.obj</name>
      </input_file>
      <input_file id="fl-2b">
         <path>C:\ti\ccsv6\tools\compiler\c6000_7.4.14\lib\</path>
         <kind>archive</kind>
         <file>rts6740.lib</file>
         <name>llshift.obj</name>
      </input_file>
      <input_file id="fl-2c">
         <path>C:\ti\ccsv6\tools\compiler\c6000_7.4.14\lib\</path>
         <kind>archive</kind>
         <file>rts6740.lib</file>
         <name>log.obj</name>
      </input_file>
      <input_file id="fl-2d">
         <path>C:\ti\ccsv6\tools\compiler\c6000_7.4.14\lib\</path>
         <kind>archive</kind>
         <file>rts6740.lib</file>
         <name>lowlev.obj</name>
      </input_file>
      <input_file id="fl-2e">
         <path>C:\ti\ccsv6\tools\compiler\c6000_7.4.14\lib\</path>
         <kind>archive</kind>
         <file>rts6740.lib</file>
         <name>memcpy64.obj</name>
      </input_file>
      <input_file id="fl-2f">
         <path>C:\ti\ccsv6\tools\compiler\c6000_7.4.14\lib\</path>
         <kind>archive</kind>
         <file>rts6740.lib</file>
         <name>memory.obj</name>
      </input_file>
      <input_file id="fl-30">
         <path>C:\ti\ccsv6\tools\compiler\c6000_7.4.14\lib\</path>
         <kind>archive</kind>
         <file>rts6740.lib</file>
         <name>memset.obj</name>
      </input_file>
      <input_file id="fl-31">
         <path>C:\ti\ccsv6\tools\compiler\c6000_7.4.14\lib\</path>
         <kind>archive</kind>
         <file>rts6740.lib</file>
         <name>modf.obj</name>
      </input_file>
      <input_file id="fl-32">
         <path>C:\ti\ccsv6\tools\compiler\c6000_7.4.14\lib\</path>
         <kind>archive</kind>
         <file>rts6740.lib</file>
         <name>new_.obj</name>
      </input_file>
      <input_file id="fl-33">
         <path>C:\ti\ccsv6\tools\compiler\c6000_7.4.14\lib\</path>
         <kind>archive</kind>
         <file>rts6740.lib</file>
         <name>newhandler.obj</name>
      </input_file>
      <input_file id="fl-34">
         <path>C:\ti\ccsv6\tools\compiler\c6000_7.4.14\lib\</path>
         <kind>archive</kind>
         <file>rts6740.lib</file>
         <name>pow.obj</name>
      </input_file>
      <input_file id="fl-35">
         <path>C:\ti\ccsv6\tools\compiler\c6000_7.4.14\lib\</path>
         <kind>archive</kind>
         <file>rts6740.lib</file>
         <name>powi.obj</name>
      </input_file>
      <input_file id="fl-36">
         <path>C:\ti\ccsv6\tools\compiler\c6000_7.4.14\lib\</path>
         <kind>archive</kind>
         <file>rts6740.lib</file>
         <name>printf.obj</name>
      </input_file>
      <input_file id="fl-37">
         <path>C:\ti\ccsv6\tools\compiler\c6000_7.4.14\lib\</path>
         <kind>archive</kind>
         <file>rts6740.lib</file>
         <name>pure_virt.obj</name>
      </input_file>
      <input_file id="fl-38">
         <path>C:\ti\ccsv6\tools\compiler\c6000_7.4.14\lib\</path>
         <kind>archive</kind>
         <file>rts6740.lib</file>
         <name>rand.obj</name>
      </input_file>
      <input_file id="fl-39">
         <path>C:\ti\ccsv6\tools\compiler\c6000_7.4.14\lib\</path>
         <kind>archive</kind>
         <file>rts6740.lib</file>
         <name>remi.obj</name>
      </input_file>
      <input_file id="fl-3a">
         <path>C:\ti\ccsv6\tools\compiler\c6000_7.4.14\lib\</path>
         <kind>archive</kind>
         <file>rts6740.lib</file>
         <name>remove.obj</name>
      </input_file>
      <input_file id="fl-3b">
         <path>C:\ti\ccsv6\tools\compiler\c6000_7.4.14\lib\</path>
         <kind>archive</kind>
         <file>rts6740.lib</file>
         <name>round.obj</name>
      </input_file>
      <input_file id="fl-3c">
         <path>C:\ti\ccsv6\tools\compiler\c6000_7.4.14\lib\</path>
         <kind>archive</kind>
         <file>rts6740.lib</file>
         <name>setlocale.obj</name>
      </input_file>
      <input_file id="fl-3d">
         <path>C:\ti\ccsv6\tools\compiler\c6000_7.4.14\lib\</path>
         <kind>archive</kind>
         <file>rts6740.lib</file>
         <name>sin.obj</name>
      </input_file>
      <input_file id="fl-3e">
         <path>C:\ti\ccsv6\tools\compiler\c6000_7.4.14\lib\</path>
         <kind>archive</kind>
         <file>rts6740.lib</file>
         <name>sqrt.obj</name>
      </input_file>
      <input_file id="fl-3f">
         <path>C:\ti\ccsv6\tools\compiler\c6000_7.4.14\lib\</path>
         <kind>archive</kind>
         <file>rts6740.lib</file>
         <name>strcmp.obj</name>
      </input_file>
      <input_file id="fl-40">
         <path>C:\ti\ccsv6\tools\compiler\c6000_7.4.14\lib\</path>
         <kind>archive</kind>
         <file>rts6740.lib</file>
         <name>strlen.obj</name>
      </input_file>
      <input_file id="fl-41">
         <path>C:\ti\ccsv6\tools\compiler\c6000_7.4.14\lib\</path>
         <kind>archive</kind>
         <file>rts6740.lib</file>
         <name>strrchr.obj</name>
      </input_file>
      <input_file id="fl-42">
         <path>C:\ti\ccsv6\tools\compiler\c6000_7.4.14\lib\</path>
         <kind>archive</kind>
         <file>rts6740.lib</file>
         <name>strtod.obj</name>
      </input_file>
      <input_file id="fl-43">
         <path>C:\ti\ccsv6\tools\compiler\c6000_7.4.14\lib\</path>
         <kind>archive</kind>
         <file>rts6740.lib</file>
         <name>strtok.obj</name>
      </input_file>
      <input_file id="fl-44">
         <path>C:\ti\ccsv6\tools\compiler\c6000_7.4.14\lib\</path>
         <kind>archive</kind>
         <file>rts6740.lib</file>
         <name>strtol.obj</name>
      </input_file>
      <input_file id="fl-45">
         <path>C:\ti\ccsv6\tools\compiler\c6000_7.4.14\lib\</path>
         <kind>archive</kind>
         <file>rts6740.lib</file>
         <name>tanh.obj</name>
      </input_file>
      <input_file id="fl-46">
         <path>C:\ti\ccsv6\tools\compiler\c6000_7.4.14\lib\</path>
         <kind>archive</kind>
         <file>rts6740.lib</file>
         <name>trgdrv.obj</name>
      </input_file>
      <input_file id="fl-47">
         <path>C:\ti\ccsv6\tools\compiler\c6000_7.4.14\lib\</path>
         <kind>archive</kind>
         <file>rts6740.lib</file>
         <name>trgmsg.obj</name>
      </input_file>
      <input_file id="fl-48">
         <path>C:\ti\ccsv6\tools\compiler\c6000_7.4.14\lib\</path>
         <kind>archive</kind>
         <file>rts6740.lib</file>
         <name>trunc.obj</name>
      </input_file>
      <input_file id="fl-49">
         <path>C:\ti\ccsv6\tools\compiler\c6000_7.4.14\lib\</path>
         <kind>archive</kind>
         <file>rts6740.lib</file>
         <name>ungetc.obj</name>
      </input_file>
      <input_file id="fl-4a">
         <path>C:\ti\ccsv6\tools\compiler\c6000_7.4.14\lib\</path>
         <kind>archive</kind>
         <file>rts6740.lib</file>
         <name>vars.obj</name>
      </input_file>
      <input_file id="fl-4b">
         <path>C:\ti\ccsv6\tools\compiler\c6000_7.4.14\lib\</path>
         <kind>archive</kind>
         <file>rts6740.lib</file>
         <name>vsprintf.obj</name>
      </input_file>
      <input_file id="fl-4c">
         <path>C:\ti\ccsv6\tools\compiler\c6000_7.4.14\lib\</path>
         <kind>archive</kind>
         <file>rts6740.lib</file>
         <name>_bufread.obj</name>
      </input_file>
      <input_file id="fl-4d">
         <path>C:\ti\ccsv6\tools\compiler\c6000_7.4.14\lib\</path>
         <kind>archive</kind>
         <file>rts6740.lib</file>
         <name>_io_perm.obj</name>
      </input_file>
      <input_file id="fl-4e">
         <path>C:\ti\ccsv6\tools\compiler\c6000_7.4.14\lib\</path>
         <kind>archive</kind>
         <file>rts6740.lib</file>
         <name>_lock.obj</name>
      </input_file>
      <input_file id="fl-4f">
         <path>C:\ti\ccsv6\tools\compiler\c6000_7.4.14\lib\</path>
         <kind>archive</kind>
         <file>rts6740.lib</file>
         <name>_printfi.obj</name>
      </input_file>
      <input_file id="fl-50">
         <path>C:\ti\ccsv6\tools\compiler\c6000_7.4.14\lib\</path>
         <kind>archive</kind>
         <file>rts6740.lib</file>
         <name>_scanfi.obj</name>
      </input_file>
      <input_file id="fl-51">
         <path>C:\ti\ccsv6\tools\compiler\c6000_7.4.14\lib\</path>
         <kind>archive</kind>
         <file>rts6740.lib</file>
         <name>args_main.obj</name>
      </input_file>
      <input_file id="fl-52">
         <path>C:\ti\ccsv6\tools\compiler\c6000_7.4.14\lib\</path>
         <kind>archive</kind>
         <file>rts6740.lib</file>
         <name>atoi.obj</name>
      </input_file>
      <input_file id="fl-53">
         <path>C:\ti\ccsv6\tools\compiler\c6000_7.4.14\lib\</path>
         <kind>archive</kind>
         <file>rts6740.lib</file>
         <name>autoinit.obj</name>
      </input_file>
      <input_file id="fl-54">
         <path>C:\ti\ccsv6\tools\compiler\c6000_7.4.14\lib\</path>
         <kind>archive</kind>
         <file>rts6740.lib</file>
         <name>cpp_init.obj</name>
      </input_file>
      <input_file id="fl-55">
         <path>C:\ti\ccsv6\tools\compiler\c6000_7.4.14\lib\</path>
         <kind>archive</kind>
         <file>rts6740.lib</file>
         <name>cpy_tbl.obj</name>
      </input_file>
      <input_file id="fl-56">
         <path>C:\ti\ccsv6\tools\compiler\c6000_7.4.14\lib\</path>
         <kind>archive</kind>
         <file>rts6740.lib</file>
         <name>ctype.obj</name>
      </input_file>
      <input_file id="fl-57">
         <path>C:\ti\ccsv6\tools\compiler\c6000_7.4.14\lib\</path>
         <kind>archive</kind>
         <file>rts6740.lib</file>
         <name>errno.obj</name>
      </input_file>
      <input_file id="fl-58">
         <path>C:\ti\ccsv6\tools\compiler\c6000_7.4.14\lib\</path>
         <kind>archive</kind>
         <file>rts6740.lib</file>
         <name>error.obj</name>
      </input_file>
      <input_file id="fl-59">
         <path>C:\ti\ccsv6\tools\compiler\c6000_7.4.14\lib\</path>
         <kind>archive</kind>
         <file>rts6740.lib</file>
         <name>fltlid.obj</name>
      </input_file>
      <input_file id="fl-5a">
         <path>C:\ti\ccsv6\tools\compiler\c6000_7.4.14\lib\</path>
         <kind>archive</kind>
         <file>rts6740.lib</file>
         <name>frexp.obj</name>
      </input_file>
      <input_file id="fl-5b">
         <path>C:\ti\ccsv6\tools\compiler\c6000_7.4.14\lib\</path>
         <kind>archive</kind>
         <file>rts6740.lib</file>
         <name>imath40.obj</name>
      </input_file>
      <input_file id="fl-5c">
         <path>C:\ti\ccsv6\tools\compiler\c6000_7.4.14\lib\</path>
         <kind>archive</kind>
         <file>rts6740.lib</file>
         <name>imath64.obj</name>
      </input_file>
      <input_file id="fl-5d">
         <path>C:\ti\ccsv6\tools\compiler\c6000_7.4.14\lib\</path>
         <kind>archive</kind>
         <file>rts6740.lib</file>
         <name>isinf.obj</name>
      </input_file>
      <input_file id="fl-5e">
         <path>C:\ti\ccsv6\tools\compiler\c6000_7.4.14\lib\</path>
         <kind>archive</kind>
         <file>rts6740.lib</file>
         <name>ltoa.obj</name>
      </input_file>
      <input_file id="fl-5f">
         <path>C:\ti\ccsv6\tools\compiler\c6000_7.4.14\lib\</path>
         <kind>archive</kind>
         <file>rts6740.lib</file>
         <name>memccpy.obj</name>
      </input_file>
      <input_file id="fl-60">
         <path>C:\ti\ccsv6\tools\compiler\c6000_7.4.14\lib\</path>
         <kind>archive</kind>
         <file>rts6740.lib</file>
         <name>negll.obj</name>
      </input_file>
      <input_file id="fl-61">
         <path>C:\ti\ccsv6\tools\compiler\c6000_7.4.14\lib\</path>
         <kind>archive</kind>
         <file>rts6740.lib</file>
         <name>setvbuf.obj</name>
      </input_file>
      <input_file id="fl-62">
         <path>C:\ti\ccsv6\tools\compiler\c6000_7.4.14\lib\</path>
         <kind>archive</kind>
         <file>rts6740.lib</file>
         <name>strcspn.obj</name>
      </input_file>
      <input_file id="fl-63">
         <path>C:\ti\ccsv6\tools\compiler\c6000_7.4.14\lib\</path>
         <kind>archive</kind>
         <file>rts6740.lib</file>
         <name>strspn.obj</name>
      </input_file>
      <input_file id="fl-64">
         <path>C:\ti\ccsv6\tools\compiler\c6000_7.4.14\lib\</path>
         <kind>archive</kind>
         <file>rts6740.lib</file>
         <name>strtold.obj</name>
      </input_file>
      <input_file id="fl-65">
         <path>C:\ti\ccsv6\tools\compiler\c6000_7.4.14\lib\</path>
         <kind>archive</kind>
         <file>rts6740.lib</file>
         <name>strtoll.obj</name>
      </input_file>
      <input_file id="fl-66">
         <path>C:\ti\ccsv6\tools\compiler\c6000_7.4.14\lib\</path>
         <kind>archive</kind>
         <file>rts6740.lib</file>
         <name>strtoul.obj</name>
      </input_file>
      <input_file id="fl-67">
         <path>C:\ti\ccsv6\tools\compiler\c6000_7.4.14\lib\</path>
         <kind>archive</kind>
         <file>rts6740.lib</file>
         <name>strtoull.obj</name>
      </input_file>
      <input_file id="fl-68">
         <path>C:\ti\ccsv6\tools\compiler\c6000_7.4.14\lib\</path>
         <kind>archive</kind>
         <file>rts6740.lib</file>
         <name>abs.obj</name>
      </input_file>
   </input_file_list>
   <object_component_list>
      <object_component id="oc-41">
         <name>vectors</name>
         <load_address>0x11800000</load_address>
         <run_address>0x11800000</run_address>
         <size>0x200</size>
         <input_file_ref idref="fl-b"/>
      </object_component>
      <object_component id="oc-15">
         <name>.bss</name>
         <uninitialized>true</uninitialized>
         <run_address>0x118206e4</run_address>
         <size>0x4</size>
         <input_file_ref idref="fl-3"/>
      </object_component>
      <object_component id="oc-2f">
         <name>.bss</name>
         <uninitialized>true</uninitialized>
         <run_address>0x1182068c</run_address>
         <size>0x48</size>
         <input_file_ref idref="fl-9"/>
      </object_component>
      <object_component id="oc-37">
         <name>.bss</name>
         <uninitialized>true</uninitialized>
         <run_address>0x118206d4</run_address>
         <size>0x10</size>
         <input_file_ref idref="fl-a"/>
      </object_component>
      <object_component id="oc-31">
         <name>.cinit</name>
         <load_address>0x1181e238</load_address>
         <run_address>0x1181e238</run_address>
         <size>0xad0</size>
         <input_file_ref idref="fl-9"/>
      </object_component>
      <object_component id="oc-c4">
         <name>.cinit</name>
         <load_address>0x1181ed08</load_address>
         <run_address>0x1181ed08</run_address>
         <size>0x140</size>
         <input_file_ref idref="fl-34"/>
      </object_component>
      <object_component id="oc-3a">
         <name>.cinit</name>
         <load_address>0x1181ee48</load_address>
         <run_address>0x1181ee48</run_address>
         <size>0x6c</size>
         <input_file_ref idref="fl-a"/>
      </object_component>
      <object_component id="oc-55">
         <name>.cinit</name>
         <load_address>0x1181eeb8</load_address>
         <run_address>0x1181eeb8</run_address>
         <size>0x5c</size>
         <input_file_ref idref="fl-14"/>
      </object_component>
      <object_component id="oc-aa">
         <name>.cinit</name>
         <load_address>0x1181ef18</load_address>
         <run_address>0x1181ef18</run_address>
         <size>0x5c</size>
         <input_file_ref idref="fl-2d"/>
      </object_component>
      <object_component id="oc-50">
         <name>.cinit</name>
         <load_address>0x1181ef78</load_address>
         <run_address>0x1181ef78</run_address>
         <size>0x48</size>
         <input_file_ref idref="fl-13"/>
      </object_component>
      <object_component id="oc-e6">
         <name>.cinit</name>
         <load_address>0x1181efc0</load_address>
         <run_address>0x1181efc0</run_address>
         <size>0x48</size>
         <input_file_ref idref="fl-3d"/>
      </object_component>
      <object_component id="oc-6d">
         <name>.cinit</name>
         <load_address>0x1181f008</load_address>
         <run_address>0x1181f008</run_address>
         <size>0x40</size>
         <input_file_ref idref="fl-1b"/>
      </object_component>
      <object_component id="oc-a5">
         <name>.cinit</name>
         <load_address>0x1181f048</load_address>
         <run_address>0x1181f048</run_address>
         <size>0x40</size>
         <input_file_ref idref="fl-2c"/>
      </object_component>
      <object_component id="oc-102">
         <name>.cinit</name>
         <load_address>0x1181f088</load_address>
         <run_address>0x1181f088</run_address>
         <size>0x40</size>
         <input_file_ref idref="fl-45"/>
      </object_component>
      <object_component id="oc-e0">
         <name>.cinit</name>
         <load_address>0x1181f0c8</load_address>
         <run_address>0x1181f0c8</run_address>
         <size>0x39</size>
         <input_file_ref idref="fl-3c"/>
      </object_component>
      <object_component id="oc-68">
         <name>.cinit</name>
         <load_address>0x1181f108</load_address>
         <run_address>0x1181f108</run_address>
         <size>0x2c</size>
         <input_file_ref idref="fl-1a"/>
      </object_component>
      <object_component id="oc-b2">
         <name>.cinit</name>
         <load_address>0x1181f138</load_address>
         <run_address>0x1181f138</run_address>
         <size>0x2c</size>
         <input_file_ref idref="fl-2f"/>
      </object_component>
      <object_component id="oc-122">
         <name>.cinit</name>
         <load_address>0x1181f168</load_address>
         <run_address>0x1181f168</run_address>
         <size>0x1c</size>
         <input_file_ref idref="fl-4e"/>
      </object_component>
      <object_component id="oc-d2">
         <name>.cinit</name>
         <load_address>0x1181f188</load_address>
         <run_address>0x1181f188</run_address>
         <size>0x10</size>
         <input_file_ref idref="fl-38"/>
      </object_component>
      <object_component id="oc-17">
         <name>.cinit</name>
         <load_address>0x1181f198</load_address>
         <run_address>0x1181f198</run_address>
         <size>0xc</size>
         <input_file_ref idref="fl-3"/>
      </object_component>
      <object_component id="oc-13f">
         <name>.cinit</name>
         <load_address>0x1181f1a8</load_address>
         <run_address>0x1181f1a8</run_address>
         <size>0xc</size>
         <input_file_ref idref="fl-57"/>
      </object_component>
      <object_component id="oc-84">
         <name>.cinit</name>
         <load_address>0x1181f1b8</load_address>
         <run_address>0x1181f1b8</run_address>
         <size>0xc</size>
         <input_file_ref idref="fl-22"/>
      </object_component>
      <object_component id="oc-fa">
         <name>.cinit</name>
         <load_address>0x1181f1c8</load_address>
         <run_address>0x1181f1c8</run_address>
         <size>0xc</size>
         <input_file_ref idref="fl-43"/>
      </object_component>
      <object_component id="oc-115">
         <name>.cinit</name>
         <load_address>0x1181f1d8</load_address>
         <run_address>0x1181f1d8</run_address>
         <size>0xc</size>
         <input_file_ref idref="fl-4a"/>
      </object_component>
      <object_component id="oc-10b">
         <name>.cio</name>
         <uninitialized>true</uninitialized>
         <run_address>0x118204f0</run_address>
         <size>0x120</size>
         <input_file_ref idref="fl-47"/>
      </object_component>
      <object_component id="oc-3d">
         <name>.const:.string</name>
         <load_address>0x1181f1f0</load_address>
         <run_address>0x1181f1f0</run_address>
         <size>0x5f0</size>
         <input_file_ref idref="fl-a"/>
      </object_component>
      <object_component id="oc-33">
         <name>.const:.string</name>
         <load_address>0x1181f7e0</load_address>
         <run_address>0x1181f7e0</run_address>
         <size>0x15c</size>
         <input_file_ref idref="fl-9"/>
      </object_component>
      <object_component id="oc-8f">
         <name>.const:.string</name>
         <load_address>0x1181f93c</load_address>
         <run_address>0x1181f93c</run_address>
         <size>0x2</size>
         <input_file_ref idref="fl-25"/>
      </object_component>
      <object_component id="oc-1e0">
         <name>.const:.string:__ctypes_</name>
         <load_address>0x1181f940</load_address>
         <run_address>0x1181f940</run_address>
         <size>0x101</size>
         <input_file_ref idref="fl-56"/>
      </object_component>
      <object_component id="oc-e2">
         <name>.const:.string</name>
         <load_address>0x1181fa41</load_address>
         <run_address>0x1181fa41</run_address>
         <size>0x5</size>
         <input_file_ref idref="fl-3c"/>
      </object_component>
      <object_component id="oc-1e1">
         <name>.const:_digits</name>
         <load_address>0x1181fa48</load_address>
         <run_address>0x1181fa48</run_address>
         <size>0x50</size>
         <input_file_ref idref="fl-42"/>
      </object_component>
      <object_component id="oc-214">
         <name>.const:_digits</name>
         <load_address>0x1181fa98</load_address>
         <run_address>0x1181fa98</run_address>
         <size>0x50</size>
         <input_file_ref idref="fl-64"/>
      </object_component>
      <object_component id="oc-1e2">
         <name>.const:_powerof10</name>
         <load_address>0x1181fae8</load_address>
         <run_address>0x1181fae8</run_address>
         <size>0x48</size>
         <input_file_ref idref="fl-42"/>
      </object_component>
      <object_component id="oc-215">
         <name>.const:_powerof10</name>
         <load_address>0x1181fb30</load_address>
         <run_address>0x1181fb30</run_address>
         <size>0x48</size>
         <input_file_ref idref="fl-64"/>
      </object_component>
      <object_component id="oc-195">
         <name>.const:___vtbl__11ONE_CLASS_Q</name>
         <load_address>0x1181fb78</load_address>
         <run_address>0x1181fb78</run_address>
         <size>0x28</size>
         <input_file_ref idref="fl-a"/>
      </object_component>
      <object_component id="oc-192">
         <name>.const:___vtbl__5SVC_Q</name>
         <load_address>0x1181fba0</load_address>
         <run_address>0x1181fba0</run_address>
         <size>0x28</size>
         <input_file_ref idref="fl-a"/>
      </object_component>
      <object_component id="oc-196">
         <name>.const:___vtbl__5SVR_Q</name>
         <load_address>0x1181fbc8</load_address>
         <run_address>0x1181fbc8</run_address>
         <size>0x28</size>
         <input_file_ref idref="fl-a"/>
      </object_component>
      <object_component id="oc-1b6">
         <name>.const:___vtbl__6Kernel</name>
         <load_address>0x1181fbf0</load_address>
         <run_address>0x1181fbf0</run_address>
         <size>0x28</size>
         <input_file_ref idref="fl-a"/>
      </object_component>
      <object_component id="oc-190">
         <name>.const:___vtbl__6Solver</name>
         <load_address>0x1181fc18</load_address>
         <run_address>0x1181fc18</run_address>
         <size>0x28</size>
         <input_file_ref idref="fl-a"/>
      </object_component>
      <object_component id="oc-18c">
         <name>.const:___vtbl__7QMatrix</name>
         <load_address>0x1181fc40</load_address>
         <run_address>0x1181fc40</run_address>
         <size>0x28</size>
         <input_file_ref idref="fl-a"/>
      </object_component>
      <object_component id="oc-191">
         <name>.const:___vtbl__9Solver_NU</name>
         <load_address>0x1181fc68</load_address>
         <run_address>0x1181fc68</run_address>
         <size>0x28</size>
         <input_file_ref idref="fl-a"/>
      </object_component>
      <object_component id="oc-3c">
         <name>.const</name>
         <load_address>0x1181fc90</load_address>
         <run_address>0x1181fc90</run_address>
         <size>0x28</size>
         <input_file_ref idref="fl-a"/>
      </object_component>
      <object_component id="oc-127">
         <name>.const:.string</name>
         <load_address>0x1181fcb8</load_address>
         <run_address>0x1181fcb8</run_address>
         <size>0x23</size>
         <input_file_ref idref="fl-4f"/>
      </object_component>
      <object_component id="oc-203">
         <name>.const:.string:_flit$1</name>
         <load_address>0x1181fce0</load_address>
         <run_address>0x1181fce0</run_address>
         <size>0x7</size>
         <input_file_ref idref="fl-50"/>
      </object_component>
      <object_component id="oc-204">
         <name>.const:.string:_barr$2</name>
         <load_address>0x1181fce8</load_address>
         <run_address>0x1181fce8</run_address>
         <size>0x6</size>
         <input_file_ref idref="fl-50"/>
      </object_component>
      <object_component id="oc-4c">
         <name>.stack</name>
         <uninitialized>true</uninitialized>
         <run_address>0x1181fcf0</run_address>
         <size>0x8</size>
         <input_file_ref idref="fl-12"/>
      </object_component>
      <object_component id="oc-23a">
         <name>.stack</name>
         <uninitialized>true</uninitialized>
         <run_address>0x1181fcf0</run_address>
         <size>0x0</size>
      </object_component>
      <object_component id="oc-b4">
         <name>.sysmem</name>
         <uninitialized>true</uninitialized>
         <run_address>0x118200f0</run_address>
         <size>0x8</size>
         <input_file_ref idref="fl-2f"/>
      </object_component>
      <object_component id="oc-23b">
         <name>.sysmem</name>
         <uninitialized>true</uninitialized>
         <run_address>0x118200f0</run_address>
         <size>0x0</size>
      </object_component>
      <object_component id="oc-179">
         <name>.text</name>
         <load_address>0x11800200</load_address>
         <run_address>0x11800200</run_address>
         <size>0xb920</size>
         <input_file_ref idref="fl-a"/>
      </object_component>
      <object_component id="oc-185">
         <name>.text</name>
         <load_address>0x1180bb20</load_address>
         <run_address>0x1180bb20</run_address>
         <size>0x1180</size>
         <input_file_ref idref="fl-9"/>
      </object_component>
      <object_component id="oc-178">
         <name>.text</name>
         <load_address>0x1180cca0</load_address>
         <run_address>0x1180cca0</run_address>
         <size>0xdc0</size>
         <input_file_ref idref="fl-3"/>
      </object_component>
      <object_component id="oc-1d9">
         <name>.text:__scanfi</name>
         <load_address>0x1180da60</load_address>
         <run_address>0x1180da60</run_address>
         <size>0x900</size>
         <input_file_ref idref="fl-50"/>
      </object_component>
      <object_component id="oc-1e5">
         <name>.text:_pow</name>
         <load_address>0x1180e360</load_address>
         <run_address>0x1180e360</run_address>
         <size>0x720</size>
         <input_file_ref idref="fl-34"/>
      </object_component>
      <object_component id="oc-1fa">
         <name>.text:__sset_arg</name>
         <load_address>0x1180ea80</load_address>
         <run_address>0x1180ea80</run_address>
         <size>0x620</size>
         <input_file_ref idref="fl-50"/>
      </object_component>
      <object_component id="oc-19a">
         <name>.text:__divd</name>
         <load_address>0x1180f0a0</load_address>
         <run_address>0x1180f0a0</run_address>
         <size>0x5a0</size>
         <input_file_ref idref="fl-16"/>
      </object_component>
      <object_component id="oc-20f">
         <name>.text:__getarg_diouxp</name>
         <load_address>0x1180f640</load_address>
         <run_address>0x1180f640</run_address>
         <size>0x580</size>
         <input_file_ref idref="fl-4f"/>
      </object_component>
      <object_component id="oc-1bc">
         <name>.text</name>
         <load_address>0x1180fbc0</load_address>
         <run_address>0x1180fbc0</run_address>
         <size>0x540</size>
         <input_file_ref idref="fl-8"/>
      </object_component>
      <object_component id="oc-1ec">
         <name>.text:__setfield</name>
         <load_address>0x11810100</load_address>
         <run_address>0x11810100</run_address>
         <size>0x520</size>
         <input_file_ref idref="fl-4f"/>
      </object_component>
      <object_component id="oc-1f7">
         <name>.text:__sproc_int</name>
         <load_address>0x11810620</load_address>
         <run_address>0x11810620</run_address>
         <size>0x4c0</size>
         <input_file_ref idref="fl-50"/>
      </object_component>
      <object_component id="oc-1b3">
         <name>.text:_strtod</name>
         <load_address>0x11810ae0</load_address>
         <run_address>0x11810ae0</run_address>
         <size>0x460</size>
         <input_file_ref idref="fl-42"/>
      </object_component>
      <object_component id="oc-1b4">
         <name>.text:_strtol</name>
         <load_address>0x11810f40</load_address>
         <run_address>0x11810f40</run_address>
         <size>0x460</size>
         <input_file_ref idref="fl-44"/>
      </object_component>
      <object_component id="oc-208">
         <name>.text:_strtold</name>
         <load_address>0x118113a0</load_address>
         <run_address>0x118113a0</run_address>
         <size>0x460</size>
         <input_file_ref idref="fl-64"/>
      </object_component>
      <object_component id="oc-209">
         <name>.text:_strtoll</name>
         <load_address>0x11811800</load_address>
         <run_address>0x11811800</run_address>
         <size>0x460</size>
         <input_file_ref idref="fl-65"/>
      </object_component>
      <object_component id="oc-1c9">
         <name>.text:__printfi</name>
         <load_address>0x11811c60</load_address>
         <run_address>0x11811c60</run_address>
         <size>0x440</size>
         <input_file_ref idref="fl-4f"/>
      </object_component>
      <object_component id="oc-1d5">
         <name>.text:__dofgets</name>
         <load_address>0x118120a0</load_address>
         <run_address>0x118120a0</run_address>
         <size>0x400</size>
         <input_file_ref idref="fl-20"/>
      </object_component>
      <object_component id="oc-206">
         <name>.text:_strtoul</name>
         <load_address>0x118124a0</load_address>
         <run_address>0x118124a0</run_address>
         <size>0x400</size>
         <input_file_ref idref="fl-66"/>
      </object_component>
      <object_component id="oc-207">
         <name>.text:_strtoull</name>
         <load_address>0x118128a0</load_address>
         <run_address>0x118128a0</run_address>
         <size>0x400</size>
         <input_file_ref idref="fl-67"/>
      </object_component>
      <object_component id="oc-197">
         <name>.text:_fputs</name>
         <load_address>0x11812ca0</load_address>
         <run_address>0x11812ca0</run_address>
         <size>0x3a0</size>
         <input_file_ref idref="fl-25"/>
      </object_component>
      <object_component id="oc-1f5">
         <name>.text:__sget_conv</name>
         <load_address>0x11813040</load_address>
         <run_address>0x11813040</run_address>
         <size>0x340</size>
         <input_file_ref idref="fl-50"/>
      </object_component>
      <object_component id="oc-1fc">
         <name>.text:__pproc_fge</name>
         <load_address>0x11813380</load_address>
         <run_address>0x11813380</run_address>
         <size>0x320</size>
         <input_file_ref idref="fl-4f"/>
      </object_component>
      <object_component id="oc-1f6">
         <name>.text:__sproc_float</name>
         <load_address>0x118136a0</load_address>
         <run_address>0x118136a0</run_address>
         <size>0x2e0</size>
         <input_file_ref idref="fl-50"/>
      </object_component>
      <object_component id="oc-1bd">
         <name>.text:_cos</name>
         <load_address>0x11813980</load_address>
         <run_address>0x11813980</run_address>
         <size>0x2e0</size>
         <input_file_ref idref="fl-13"/>
      </object_component>
      <object_component id="oc-18d">
         <name>.text:_powi</name>
         <load_address>0x11813c60</load_address>
         <run_address>0x11813c60</run_address>
         <size>0x2e0</size>
         <input_file_ref idref="fl-35"/>
      </object_component>
      <object_component id="oc-1eb">
         <name>.text:__pproc_fwp</name>
         <load_address>0x11813f40</load_address>
         <run_address>0x11813f40</run_address>
         <size>0x2c0</size>
         <input_file_ref idref="fl-4f"/>
      </object_component>
      <object_component id="oc-1a3">
         <name>.text:_realloc</name>
         <load_address>0x11814200</load_address>
         <run_address>0x11814200</run_address>
         <size>0x2c0</size>
         <input_file_ref idref="fl-2f"/>
      </object_component>
      <object_component id="oc-217">
         <name>.text:_ecvt</name>
         <load_address>0x118144c0</load_address>
         <run_address>0x118144c0</run_address>
         <size>0x2a0</size>
         <input_file_ref idref="fl-4f"/>
      </object_component>
      <object_component id="oc-21a">
         <name>.text:_fcvt</name>
         <load_address>0x11814760</load_address>
         <run_address>0x11814760</run_address>
         <size>0x2a0</size>
         <input_file_ref idref="fl-4f"/>
      </object_component>
      <object_component id="oc-1bb">
         <name>.text:__divf</name>
         <load_address>0x11814a00</load_address>
         <run_address>0x11814a00</run_address>
         <size>0x280</size>
         <input_file_ref idref="fl-17"/>
      </object_component>
      <object_component id="oc-19e">
         <name>.text:_free</name>
         <load_address>0x11814c80</load_address>
         <run_address>0x11814c80</run_address>
         <size>0x280</size>
         <input_file_ref idref="fl-2f"/>
      </object_component>
      <object_component id="oc-1be">
         <name>.text:_sin</name>
         <load_address>0x11814f00</load_address>
         <run_address>0x11814f00</run_address>
         <size>0x280</size>
         <input_file_ref idref="fl-3d"/>
      </object_component>
      <object_component id="oc-213">
         <name>.text:__divull</name>
         <load_address>0x11815180</load_address>
         <run_address>0x11815180</run_address>
         <size>0x260</size>
         <input_file_ref idref="fl-5c"/>
      </object_component>
      <object_component id="oc-20e">
         <name>.text:__pconv_e</name>
         <load_address>0x118153e0</load_address>
         <run_address>0x118153e0</run_address>
         <size>0x260</size>
         <input_file_ref idref="fl-4f"/>
      </object_component>
      <object_component id="oc-1fd">
         <name>.text:__pproc_diouxp</name>
         <load_address>0x11815640</load_address>
         <run_address>0x11815640</run_address>
         <size>0x240</size>
         <input_file_ref idref="fl-4f"/>
      </object_component>
      <object_component id="oc-11">
         <name>.text:retain</name>
         <load_address>0x11815880</load_address>
         <run_address>0x11815880</run_address>
         <size>0x240</size>
         <input_file_ref idref="fl-2"/>
      </object_component>
      <object_component id="oc-1ed">
         <name>.text:__pproc_str</name>
         <load_address>0x11815ac0</load_address>
         <run_address>0x11815ac0</run_address>
         <size>0x220</size>
         <input_file_ref idref="fl-4f"/>
      </object_component>
      <object_component id="oc-1ee">
         <name>.text:_fputc</name>
         <load_address>0x11815ce0</load_address>
         <run_address>0x11815ce0</run_address>
         <size>0x220</size>
         <input_file_ref idref="fl-24"/>
      </object_component>
      <object_component id="oc-20c">
         <name>.text:__pconv_g</name>
         <load_address>0x11815f00</load_address>
         <run_address>0x11815f00</run_address>
         <size>0x200</size>
         <input_file_ref idref="fl-4f"/>
      </object_component>
      <object_component id="oc-19d">
         <name>.text:_log</name>
         <load_address>0x11816100</load_address>
         <run_address>0x11816100</run_address>
         <size>0x200</size>
         <input_file_ref idref="fl-2c"/>
      </object_component>
      <object_component id="oc-1e9">
         <name>.text:_setvbuf</name>
         <load_address>0x11816300</load_address>
         <run_address>0x11816300</run_address>
         <size>0x200</size>
         <input_file_ref idref="fl-61"/>
      </object_component>
      <object_component id="oc-18e">
         <name>.text:_exp</name>
         <load_address>0x11816500</load_address>
         <run_address>0x11816500</run_address>
         <size>0x1e0</size>
         <input_file_ref idref="fl-1b"/>
      </object_component>
      <object_component id="oc-219">
         <name>.text:__mcpy</name>
         <load_address>0x118166e0</load_address>
         <run_address>0x118166e0</run_address>
         <size>0x1c0</size>
         <input_file_ref idref="fl-4f"/>
      </object_component>
      <object_component id="oc-1d3">
         <name>.text:__openfile</name>
         <load_address>0x118168a0</load_address>
         <run_address>0x118168a0</run_address>
         <size>0x1c0</size>
         <input_file_ref idref="fl-22"/>
      </object_component>
      <object_component id="oc-1e3">
         <name>.text:__divul</name>
         <load_address>0x11816a60</load_address>
         <run_address>0x11816a60</run_address>
         <size>0x1a0</size>
         <input_file_ref idref="fl-5b"/>
      </object_component>
      <object_component id="oc-1f8">
         <name>.text:__sproc_str</name>
         <load_address>0x11816c00</load_address>
         <run_address>0x11816c00</run_address>
         <size>0x1a0</size>
         <input_file_ref idref="fl-50"/>
      </object_component>
      <object_component id="oc-18f">
         <name>.text:_tanh</name>
         <load_address>0x11816da0</load_address>
         <run_address>0x11816da0</run_address>
         <size>0x1a0</size>
         <input_file_ref idref="fl-45"/>
      </object_component>
      <object_component id="oc-180">
         <name>.text:_HOSTrename</name>
         <load_address>0x11816f40</load_address>
         <run_address>0x11816f40</run_address>
         <size>0x180</size>
         <input_file_ref idref="fl-46"/>
      </object_component>
      <object_component id="oc-1d8">
         <name>.text:__chkmbc</name>
         <load_address>0x118170c0</load_address>
         <run_address>0x118170c0</run_address>
         <size>0x180</size>
         <input_file_ref idref="fl-27"/>
      </object_component>
      <object_component id="oc-19b">
         <name>.text:_malloc</name>
         <load_address>0x11817240</load_address>
         <run_address>0x11817240</run_address>
         <size>0x180</size>
         <input_file_ref idref="fl-2f"/>
      </object_component>
      <object_component id="oc-1f1">
         <name>.text:_open</name>
         <load_address>0x118173c0</load_address>
         <run_address>0x118173c0</run_address>
         <size>0x180</size>
         <input_file_ref idref="fl-2d"/>
      </object_component>
      <object_component id="oc-17f">
         <name>.text:_HOSTunlink</name>
         <load_address>0x11817540</load_address>
         <run_address>0x11817540</run_address>
         <size>0xc0</size>
         <input_file_ref idref="fl-46"/>
      </object_component>
      <object_component id="oc-1f">
         <name>.text</name>
         <load_address>0x11817600</load_address>
         <run_address>0x11817600</run_address>
         <size>0x180</size>
         <input_file_ref idref="fl-5"/>
      </object_component>
      <object_component id="oc-1f9">
         <name>.text:__sproc_lb</name>
         <load_address>0x11817780</load_address>
         <run_address>0x11817780</run_address>
         <size>0x160</size>
         <input_file_ref idref="fl-50"/>
      </object_component>
      <object_component id="oc-1c2">
         <name>.text:_ldexp</name>
         <load_address>0x118178e0</load_address>
         <run_address>0x118178e0</run_address>
         <size>0x160</size>
         <input_file_ref idref="fl-2a"/>
      </object_component>
      <object_component id="oc-1ea">
         <name>.text:__pproc_fflags</name>
         <load_address>0x11817a40</load_address>
         <run_address>0x11817a40</run_address>
         <size>0x140</size>
         <input_file_ref idref="fl-4f"/>
      </object_component>
      <object_component id="oc-1af">
         <name>.text:_fgetc</name>
         <load_address>0x11817b80</load_address>
         <run_address>0x11817b80</run_address>
         <size>0x140</size>
         <input_file_ref idref="fl-1f"/>
      </object_component>
      <object_component id="oc-1b0">
         <name>.text:_ftell</name>
         <load_address>0x11817cc0</load_address>
         <run_address>0x11817cc0</run_address>
         <size>0x140</size>
         <input_file_ref idref="fl-29"/>
      </object_component>
      <object_component id="oc-200">
         <name>.text:_getdevice</name>
         <load_address>0x11817e00</load_address>
         <run_address>0x11817e00</run_address>
         <size>0x140</size>
         <input_file_ref idref="fl-2d"/>
      </object_component>
      <object_component id="oc-1f4">
         <name>.text:_ungetc</name>
         <load_address>0x11817f40</load_address>
         <run_address>0x11817f40</run_address>
         <size>0x140</size>
         <input_file_ref idref="fl-49"/>
      </object_component>
      <object_component id="oc-1db">
         <name>.text:__buff_read</name>
         <load_address>0x11818080</load_address>
         <run_address>0x11818080</run_address>
         <size>0x120</size>
         <input_file_ref idref="fl-4c"/>
      </object_component>
      <object_component id="oc-1d4">
         <name>.text:__closefile</name>
         <load_address>0x118181a0</load_address>
         <run_address>0x118181a0</run_address>
         <size>0x120</size>
         <input_file_ref idref="fl-1c"/>
      </object_component>
      <object_component id="oc-211">
         <name>.text:__ltostr</name>
         <load_address>0x118182c0</load_address>
         <run_address>0x118182c0</run_address>
         <size>0x120</size>
         <input_file_ref idref="fl-4f"/>
      </object_component>
      <object_component id="oc-1d2">
         <name>.text:__search_fp</name>
         <load_address>0x118183e0</load_address>
         <run_address>0x118183e0</run_address>
         <size>0x120</size>
         <input_file_ref idref="fl-22"/>
      </object_component>
      <object_component id="oc-202">
         <name>.text:__sget_scanset</name>
         <load_address>0x11818500</load_address>
         <run_address>0x11818500</run_address>
         <size>0x120</size>
         <input_file_ref idref="fl-50"/>
      </object_component>
      <object_component id="oc-1c1">
         <name>.text:_frexp</name>
         <load_address>0x11818620</load_address>
         <run_address>0x11818620</run_address>
         <size>0x120</size>
         <input_file_ref idref="fl-5a"/>
      </object_component>
      <object_component id="oc-1b2">
         <name>.text:_fseek</name>
         <load_address>0x11818740</load_address>
         <run_address>0x11818740</run_address>
         <size>0x120</size>
         <input_file_ref idref="fl-28"/>
      </object_component>
      <object_component id="oc-17e">
         <name>.text:_HOSTlseek</name>
         <load_address>0x11818860</load_address>
         <run_address>0x11818860</run_address>
         <size>0x100</size>
         <input_file_ref idref="fl-46"/>
      </object_component>
      <object_component id="oc-1c4">
         <name>.text:__wrt_ok</name>
         <load_address>0x11818960</load_address>
         <run_address>0x11818960</run_address>
         <size>0x100</size>
         <input_file_ref idref="fl-4d"/>
      </object_component>
      <object_component id="oc-1a4">
         <name>.text:_fprintf</name>
         <load_address>0x11818a60</load_address>
         <run_address>0x11818a60</run_address>
         <size>0x100</size>
         <input_file_ref idref="fl-23"/>
      </object_component>
      <object_component id="oc-1a2">
         <name>.text:_sqrt</name>
         <load_address>0x11818b60</load_address>
         <run_address>0x11818b60</run_address>
         <size>0x100</size>
         <input_file_ref idref="fl-3e"/>
      </object_component>
      <object_component id="oc-17a">
         <name>.text:_HOSTopen</name>
         <load_address>0x11818c60</load_address>
         <run_address>0x11818c60</run_address>
         <size>0xe0</size>
         <input_file_ref idref="fl-46"/>
      </object_component>
      <object_component id="oc-17c">
         <name>.text:_HOSTread</name>
         <load_address>0x11818d40</load_address>
         <run_address>0x11818d40</run_address>
         <size>0xe0</size>
         <input_file_ref idref="fl-46"/>
      </object_component>
      <object_component id="oc-1a1">
         <name>.text:__divi</name>
         <load_address>0x11818e20</load_address>
         <run_address>0x11818e20</run_address>
         <size>0xe0</size>
         <input_file_ref idref="fl-18"/>
      </object_component>
      <object_component id="oc-1fb">
         <name>.text:_atoi</name>
         <load_address>0x11818f00</load_address>
         <run_address>0x11818f00</run_address>
         <size>0xe0</size>
         <input_file_ref idref="fl-52"/>
      </object_component>
      <object_component id="oc-1f2">
         <name>.text:_close</name>
         <load_address>0x11818fe0</load_address>
         <run_address>0x11818fe0</run_address>
         <size>0xe0</size>
         <input_file_ref idref="fl-2d"/>
      </object_component>
      <object_component id="oc-198">
         <name>.text:_fflush</name>
         <load_address>0x118190c0</load_address>
         <run_address>0x118190c0</run_address>
         <size>0xe0</size>
         <input_file_ref idref="fl-1e"/>
      </object_component>
      <object_component id="oc-1ad">
         <name>.text:_fscanf</name>
         <load_address>0x118191a0</load_address>
         <run_address>0x118191a0</run_address>
         <size>0xe0</size>
         <input_file_ref idref="fl-27"/>
      </object_component>
      <object_component id="oc-1ef">
         <name>.text:_memset</name>
         <load_address>0x11819280</load_address>
         <run_address>0x11819280</run_address>
         <size>0xe0</size>
         <input_file_ref idref="fl-30"/>
      </object_component>
      <object_component id="oc-1a5">
         <name>.text:_printf</name>
         <load_address>0x11819360</load_address>
         <run_address>0x11819360</run_address>
         <size>0xe0</size>
         <input_file_ref idref="fl-36"/>
      </object_component>
      <object_component id="oc-17d">
         <name>.text:_HOSTwrite</name>
         <load_address>0x11819440</load_address>
         <run_address>0x11819440</run_address>
         <size>0xc0</size>
         <input_file_ref idref="fl-46"/>
      </object_component>
      <object_component id="oc-175">
         <name>.text:__auto_init</name>
         <load_address>0x11819500</load_address>
         <run_address>0x11819500</run_address>
         <size>0xc0</size>
         <input_file_ref idref="fl-53"/>
      </object_component>
      <object_component id="oc-21c">
         <name>.text:__div</name>
         <load_address>0x118195c0</load_address>
         <run_address>0x118195c0</run_address>
         <size>0xc0</size>
         <input_file_ref idref="fl-4f"/>
      </object_component>
      <object_component id="oc-188">
         <name>.text:__divu</name>
         <load_address>0x11819680</load_address>
         <run_address>0x11819680</run_address>
         <size>0xc0</size>
         <input_file_ref idref="fl-19"/>
      </object_component>
      <object_component id="oc-1c5">
         <name>.text:__doflush</name>
         <load_address>0x11819740</load_address>
         <run_address>0x11819740</run_address>
         <size>0xc0</size>
         <input_file_ref idref="fl-1e"/>
      </object_component>
      <object_component id="oc-1da">
         <name>.text:__rd_ok</name>
         <load_address>0x11819800</load_address>
         <run_address>0x11819800</run_address>
         <size>0xc0</size>
         <input_file_ref idref="fl-4d"/>
      </object_component>
      <object_component id="oc-1a0">
         <name>.text:__remi</name>
         <load_address>0x118198c0</load_address>
         <run_address>0x118198c0</run_address>
         <size>0xc0</size>
         <input_file_ref idref="fl-39"/>
      </object_component>
      <object_component id="oc-177">
         <name>.text:_exit</name>
         <load_address>0x11819980</load_address>
         <run_address>0x11819980</run_address>
         <size>0xc0</size>
         <input_file_ref idref="fl-1a"/>
      </object_component>
      <object_component id="oc-21f">
         <name>.text:_ltoa</name>
         <load_address>0x11819a40</load_address>
         <run_address>0x11819a40</run_address>
         <size>0xc0</size>
         <input_file_ref idref="fl-5e"/>
      </object_component>
      <object_component id="oc-1b1">
         <name>.text:_strtok</name>
         <load_address>0x11819b00</load_address>
         <run_address>0x11819b00</run_address>
         <size>0xc0</size>
         <input_file_ref idref="fl-43"/>
      </object_component>
      <object_component id="oc-17b">
         <name>.text:_HOSTclose</name>
         <load_address>0x11819bc0</load_address>
         <run_address>0x11819bc0</run_address>
         <size>0xa0</size>
         <input_file_ref idref="fl-46"/>
      </object_component>
      <object_component id="oc-18b">
         <name>.text:___nw__FUi</name>
         <load_address>0x11819c60</load_address>
         <run_address>0x11819c60</run_address>
         <size>0xa0</size>
         <input_file_ref idref="fl-32"/>
      </object_component>
      <object_component id="oc-1f0">
         <name>.text:__cleanup</name>
         <load_address>0x11819d00</load_address>
         <run_address>0x11819d00</run_address>
         <size>0xa0</size>
         <input_file_ref idref="fl-22"/>
      </object_component>
      <object_component id="oc-222">
         <name>.text:__divli</name>
         <load_address>0x11819da0</load_address>
         <run_address>0x11819da0</run_address>
         <size>0xa0</size>
         <input_file_ref idref="fl-5b"/>
      </object_component>
      <object_component id="oc-218">
         <name>.text:__ecpy</name>
         <load_address>0x11819e40</load_address>
         <run_address>0x11819e40</run_address>
         <size>0xa0</size>
         <input_file_ref idref="fl-4f"/>
      </object_component>
      <object_component id="oc-21b">
         <name>.text:__fcpy</name>
         <load_address>0x11819ee0</load_address>
         <run_address>0x11819ee0</run_address>
         <size>0xa0</size>
         <input_file_ref idref="fl-4f"/>
      </object_component>
      <object_component id="oc-193">
         <name>.text:__fixdli</name>
         <load_address>0x11819f80</load_address>
         <run_address>0x11819f80</run_address>
         <size>0xa0</size>
         <input_file_ref idref="fl-21"/>
      </object_component>
      <object_component id="oc-1e6">
         <name>.text:__nround</name>
         <load_address>0x1181a020</load_address>
         <run_address>0x1181a020</run_address>
         <size>0xa0</size>
         <input_file_ref idref="fl-3b"/>
      </object_component>
      <object_component id="oc-20d">
         <name>.text:__pconv_f</name>
         <load_address>0x1181a0c0</load_address>
         <run_address>0x1181a0c0</run_address>
         <size>0xa0</size>
         <input_file_ref idref="fl-4f"/>
      </object_component>
      <object_component id="oc-182">
         <name>.text:_copy_in</name>
         <load_address>0x1181a160</load_address>
         <run_address>0x1181a160</run_address>
         <size>0xa0</size>
         <input_file_ref idref="fl-55"/>
      </object_component>
      <object_component id="oc-212">
         <name>.text:_finddevice</name>
         <load_address>0x1181a200</load_address>
         <run_address>0x1181a200</run_address>
         <size>0xa0</size>
         <input_file_ref idref="fl-2d"/>
      </object_component>
      <object_component id="oc-1dd">
         <name>.text:_lseek</name>
         <load_address>0x1181a2a0</load_address>
         <run_address>0x1181a2a0</run_address>
         <size>0xa0</size>
         <input_file_ref idref="fl-2d"/>
      </object_component>
      <object_component id="oc-183">
         <name>.text:_memcpy</name>
         <load_address>0x1181a340</load_address>
         <run_address>0x1181a340</run_address>
         <size>0xa0</size>
         <input_file_ref idref="fl-2e"/>
      </object_component>
      <object_component id="oc-1cd">
         <name>.text:_minsert</name>
         <load_address>0x1181a3e0</load_address>
         <run_address>0x1181a3e0</run_address>
         <size>0xa0</size>
         <input_file_ref idref="fl-2f"/>
      </object_component>
      <object_component id="oc-1e7">
         <name>.text:_modf</name>
         <load_address>0x1181a480</load_address>
         <run_address>0x1181a480</run_address>
         <size>0xa0</size>
         <input_file_ref idref="fl-31"/>
      </object_component>
      <object_component id="oc-1cc">
         <name>.text:_mremove</name>
         <load_address>0x1181a520</load_address>
         <run_address>0x1181a520</run_address>
         <size>0xa0</size>
         <input_file_ref idref="fl-2f"/>
      </object_component>
      <object_component id="oc-1dc">
         <name>.text:_read</name>
         <load_address>0x1181a5c0</load_address>
         <run_address>0x1181a5c0</run_address>
         <size>0xa0</size>
         <input_file_ref idref="fl-2d"/>
      </object_component>
      <object_component id="oc-1de">
         <name>.text:_strspn</name>
         <load_address>0x1181a660</load_address>
         <run_address>0x1181a660</run_address>
         <size>0xa0</size>
         <input_file_ref idref="fl-63"/>
      </object_component>
      <object_component id="oc-1c6">
         <name>.text:_write</name>
         <load_address>0x1181a700</load_address>
         <run_address>0x1181a700</run_address>
         <size>0xa0</size>
         <input_file_ref idref="fl-2d"/>
      </object_component>
      <object_component id="oc-220">
         <name>.text:__fltlid</name>
         <load_address>0x1181a7a0</load_address>
         <run_address>0x1181a7a0</run_address>
         <size>0x80</size>
         <input_file_ref idref="fl-59"/>
      </object_component>
      <object_component id="oc-21d">
         <name>.text:__llshl</name>
         <load_address>0x1181a820</load_address>
         <run_address>0x1181a820</run_address>
         <size>0x80</size>
         <input_file_ref idref="fl-2b"/>
      </object_component>
      <object_component id="oc-e">
         <name>.text:_c_int00</name>
         <load_address>0x1181a8a0</load_address>
         <run_address>0x1181a8a0</run_address>
         <size>0x80</size>
         <input_file_ref idref="fl-12"/>
      </object_component>
      <object_component id="oc-1b5">
         <name>.text:_calloc</name>
         <load_address>0x1181a920</load_address>
         <run_address>0x1181a920</run_address>
         <size>0x80</size>
         <input_file_ref idref="fl-2f"/>
      </object_component>
      <object_component id="oc-19f">
         <name>.text:_rand</name>
         <load_address>0x1181a9a0</load_address>
         <run_address>0x1181a9a0</run_address>
         <size>0x80</size>
         <input_file_ref idref="fl-38"/>
      </object_component>
      <object_component id="oc-1ba">
         <name>.text:_readmsg</name>
         <load_address>0x1181aa20</load_address>
         <run_address>0x1181aa20</run_address>
         <size>0x80</size>
         <input_file_ref idref="fl-47"/>
      </object_component>
      <object_component id="oc-201">
         <name>.text:_unlink</name>
         <load_address>0x1181aaa0</load_address>
         <run_address>0x1181aaa0</run_address>
         <size>0x80</size>
         <input_file_ref idref="fl-2d"/>
      </object_component>
      <object_component id="oc-23">
         <name>.text</name>
         <load_address>0x1181ab20</load_address>
         <run_address>0x1181ab20</run_address>
         <size>0x80</size>
         <input_file_ref idref="fl-6"/>
      </object_component>
      <object_component id="oc-184">
         <name>.text:___TI_cpp_init</name>
         <load_address>0x1181aba0</load_address>
         <run_address>0x1181aba0</run_address>
         <size>0x60</size>
         <input_file_ref idref="fl-54"/>
      </object_component>
      <object_component id="oc-216">
         <name>.text:__remull</name>
         <load_address>0x1181ac00</load_address>
         <run_address>0x1181ac00</run_address>
         <size>0x60</size>
         <input_file_ref idref="fl-5c"/>
      </object_component>
      <object_component id="oc-21e">
         <name>.text:__subcull</name>
         <load_address>0x1181ac60</load_address>
         <run_address>0x1181ac60</run_address>
         <size>0x60</size>
         <input_file_ref idref="fl-5c"/>
      </object_component>
      <object_component id="oc-1a9">
         <name>.text:_fclose</name>
         <load_address>0x1181acc0</load_address>
         <run_address>0x1181acc0</run_address>
         <size>0x60</size>
         <input_file_ref idref="fl-1c"/>
      </object_component>
      <object_component id="oc-1a8">
         <name>.text:_ferror</name>
         <load_address>0x1181ad20</load_address>
         <run_address>0x1181ad20</run_address>
         <size>0x60</size>
         <input_file_ref idref="fl-1d"/>
      </object_component>
      <object_component id="oc-1a6">
         <name>.text:_fopen</name>
         <load_address>0x1181ad80</load_address>
         <run_address>0x1181ad80</run_address>
         <size>0x60</size>
         <input_file_ref idref="fl-22"/>
      </object_component>
      <object_component id="oc-1fe">
         <name>.text:_memccpy</name>
         <load_address>0x1181ade0</load_address>
         <run_address>0x1181ade0</run_address>
         <size>0x60</size>
         <input_file_ref idref="fl-5f"/>
      </object_component>
      <object_component id="oc-1a7">
         <name>.text:_setlocale</name>
         <load_address>0x1181ae40</load_address>
         <run_address>0x1181ae40</run_address>
         <size>0x60</size>
         <input_file_ref idref="fl-3c"/>
      </object_component>
      <object_component id="oc-1df">
         <name>.text:_strcspn</name>
         <load_address>0x1181aea0</load_address>
         <run_address>0x1181aea0</run_address>
         <size>0x60</size>
         <input_file_ref idref="fl-62"/>
      </object_component>
      <object_component id="oc-1ab">
         <name>.text:_strrchr</name>
         <load_address>0x1181af00</load_address>
         <run_address>0x1181af00</run_address>
         <size>0x60</size>
         <input_file_ref idref="fl-41"/>
      </object_component>
      <object_component id="oc-1ff">
         <name>.text:_tabinit</name>
         <load_address>0x1181af60</load_address>
         <run_address>0x1181af60</run_address>
         <size>0x60</size>
         <input_file_ref idref="fl-2d"/>
      </object_component>
      <object_component id="oc-199">
         <name>.text:_vsprintf</name>
         <load_address>0x1181afc0</load_address>
         <run_address>0x1181afc0</run_address>
         <size>0x60</size>
         <input_file_ref idref="fl-4b"/>
      </object_component>
      <object_component id="oc-1b9">
         <name>.text:_writemsg</name>
         <load_address>0x1181b020</load_address>
         <run_address>0x1181b020</run_address>
         <size>0x60</size>
         <input_file_ref idref="fl-47"/>
      </object_component>
      <object_component id="oc-20b">
         <name>.text:___isinf</name>
         <load_address>0x1181b080</load_address>
         <run_address>0x1181b080</run_address>
         <size>0x40</size>
         <input_file_ref idref="fl-5d"/>
      </object_component>
      <object_component id="oc-20a">
         <name>.text:___isnan</name>
         <load_address>0x1181b0c0</load_address>
         <run_address>0x1181b0c0</run_address>
         <size>0x40</size>
         <input_file_ref idref="fl-4f"/>
      </object_component>
      <object_component id="oc-176">
         <name>.text:__args_main</name>
         <load_address>0x1181b100</load_address>
         <run_address>0x1181b100</run_address>
         <size>0x40</size>
         <input_file_ref idref="fl-51"/>
      </object_component>
      <object_component id="oc-1cb">
         <name>.text:__frcmpyd_div</name>
         <load_address>0x1181b140</load_address>
         <run_address>0x1181b140</run_address>
         <size>0x40</size>
         <input_file_ref idref="fl-26"/>
      </object_component>
      <object_component id="oc-1ca">
         <name>.text:__llshru</name>
         <load_address>0x1181b180</load_address>
         <run_address>0x1181b180</run_address>
         <size>0x40</size>
         <input_file_ref idref="fl-2b"/>
      </object_component>
      <object_component id="oc-1c8">
         <name>.text:__outs</name>
         <load_address>0x1181b1c0</load_address>
         <run_address>0x1181b1c0</run_address>
         <size>0x40</size>
         <input_file_ref idref="fl-4b"/>
      </object_component>
      <object_component id="oc-221">
         <name>.text:__remli</name>
         <load_address>0x1181b200</load_address>
         <run_address>0x1181b200</run_address>
         <size>0x40</size>
         <input_file_ref idref="fl-5b"/>
      </object_component>
      <object_component id="oc-1e4">
         <name>.text:__remul</name>
         <load_address>0x1181b240</load_address>
         <run_address>0x1181b240</run_address>
         <size>0x40</size>
         <input_file_ref idref="fl-5b"/>
      </object_component>
      <object_component id="oc-1ae">
         <name>.text:_strcmp</name>
         <load_address>0x1181b280</load_address>
         <run_address>0x1181b280</run_address>
         <size>0x40</size>
         <input_file_ref idref="fl-3f"/>
      </object_component>
      <object_component id="oc-1ac">
         <name>.text:_strlen</name>
         <load_address>0x1181b2c0</load_address>
         <run_address>0x1181b2c0</run_address>
         <size>0x40</size>
         <input_file_ref idref="fl-40"/>
      </object_component>
      <object_component id="oc-27">
         <name>.text</name>
         <load_address>0x1181b300</load_address>
         <run_address>0x1181b300</run_address>
         <size>0x40</size>
         <input_file_ref idref="fl-7"/>
      </object_component>
      <object_component id="oc-1e8">
         <name>.text:___abort_execution</name>
         <load_address>0x1181b340</load_address>
         <run_address>0x1181b340</run_address>
         <size>0x20</size>
         <input_file_ref idref="fl-58"/>
      </object_component>
      <object_component id="oc-1bf">
         <name>.text:___default_new_handler__Fv</name>
         <load_address>0x1181b360</load_address>
         <run_address>0x1181b360</run_address>
         <size>0x20</size>
         <input_file_ref idref="fl-33"/>
      </object_component>
      <object_component id="oc-18a">
         <name>.text:___dl__FPv</name>
         <load_address>0x1181b380</load_address>
         <run_address>0x1181b380</run_address>
         <size>0x20</size>
         <input_file_ref idref="fl-15"/>
      </object_component>
      <object_component id="oc-194">
         <name>.text:___dla__FPv</name>
         <load_address>0x1181b3a0</load_address>
         <run_address>0x1181b3a0</run_address>
         <size>0x20</size>
         <input_file_ref idref="fl-10"/>
      </object_component>
      <object_component id="oc-189">
         <name>.text:___nwa__FUi</name>
         <load_address>0x1181b3c0</load_address>
         <run_address>0x1181b3c0</run_address>
         <size>0x20</size>
         <input_file_ref idref="fl-11"/>
      </object_component>
      <object_component id="oc-1c0">
         <name>.text:___pure_virtual_called</name>
         <load_address>0x1181b3e0</load_address>
         <run_address>0x1181b3e0</run_address>
         <size>0x20</size>
         <input_file_ref idref="fl-37"/>
      </object_component>
      <object_component id="oc-1d6">
         <name>.text:__inpchar</name>
         <load_address>0x1181b400</load_address>
         <run_address>0x1181b400</run_address>
         <size>0x20</size>
         <input_file_ref idref="fl-27"/>
      </object_component>
      <object_component id="oc-210">
         <name>.text:__negll</name>
         <load_address>0x1181b420</load_address>
         <run_address>0x1181b420</run_address>
         <size>0x20</size>
         <input_file_ref idref="fl-60"/>
      </object_component>
      <object_component id="oc-181">
         <name>.text:__nop</name>
         <load_address>0x1181b440</load_address>
         <run_address>0x1181b440</run_address>
         <size>0x20</size>
         <input_file_ref idref="fl-4e"/>
      </object_component>
      <object_component id="oc-1cf">
         <name>.text:__outc</name>
         <load_address>0x1181b460</load_address>
         <run_address>0x1181b460</run_address>
         <size>0x20</size>
         <input_file_ref idref="fl-23"/>
      </object_component>
      <object_component id="oc-1d1">
         <name>.text:__outc</name>
         <load_address>0x1181b480</load_address>
         <run_address>0x1181b480</run_address>
         <size>0x20</size>
         <input_file_ref idref="fl-36"/>
      </object_component>
      <object_component id="oc-1c7">
         <name>.text:__outc</name>
         <load_address>0x1181b4a0</load_address>
         <run_address>0x1181b4a0</run_address>
         <size>0x20</size>
         <input_file_ref idref="fl-4b"/>
      </object_component>
      <object_component id="oc-1ce">
         <name>.text:__outs</name>
         <load_address>0x1181b4c0</load_address>
         <run_address>0x1181b4c0</run_address>
         <size>0x20</size>
         <input_file_ref idref="fl-23"/>
      </object_component>
      <object_component id="oc-1d0">
         <name>.text:__outs</name>
         <load_address>0x1181b4e0</load_address>
         <run_address>0x1181b4e0</run_address>
         <size>0x20</size>
         <input_file_ref idref="fl-36"/>
      </object_component>
      <object_component id="oc-1c3">
         <name>.text:__trunc</name>
         <load_address>0x1181b500</load_address>
         <run_address>0x1181b500</run_address>
         <size>0x20</size>
         <input_file_ref idref="fl-48"/>
      </object_component>
      <object_component id="oc-1d7">
         <name>.text:__uninpchar</name>
         <load_address>0x1181b520</load_address>
         <run_address>0x1181b520</run_address>
         <size>0x20</size>
         <input_file_ref idref="fl-27"/>
      </object_component>
      <object_component id="oc-186">
         <name>.text:_abort</name>
         <load_address>0x1181b540</load_address>
         <run_address>0x1181b540</run_address>
         <size>0x20</size>
         <input_file_ref idref="fl-1a"/>
      </object_component>
      <object_component id="oc-1aa">
         <name>.text:_fgets</name>
         <load_address>0x1181b560</load_address>
         <run_address>0x1181b560</run_address>
         <size>0x20</size>
         <input_file_ref idref="fl-20"/>
      </object_component>
      <object_component id="oc-1f3">
         <name>.text:_remove</name>
         <load_address>0x1181b580</load_address>
         <run_address>0x1181b580</run_address>
         <size>0x20</size>
         <input_file_ref idref="fl-3a"/>
      </object_component>
      <object_component id="oc-205">
         <name>.switch:__sset_arg</name>
         <load_address>0x11820610</load_address>
         <run_address>0x11820610</run_address>
         <size>0x28</size>
         <input_file_ref idref="fl-50"/>
      </object_component>
      <object_component id="oc-187">
         <name>.switch:_SetSampleRate_AIC3106</name>
         <load_address>0x11820638</load_address>
         <run_address>0x11820638</run_address>
         <size>0x18</size>
         <input_file_ref idref="fl-3"/>
      </object_component>
      <object_component id="oc-1b7">
         <name>.switch:___ct__6KernelFiPCP8svm_nodeRC13svm_parameter</name>
         <load_address>0x11820650</load_address>
         <run_address>0x11820650</run_address>
         <size>0x14</size>
         <input_file_ref idref="fl-a"/>
      </object_component>
      <object_component id="oc-1b8">
         <name>.switch:_k_function__6KernelSFPC8svm_nodeT1RC13svm_parameter</name>
         <load_address>0x11820664</load_address>
         <run_address>0x11820664</run_address>
         <size>0x14</size>
         <input_file_ref idref="fl-a"/>
      </object_component>
      <object_component id="oc-19c">
         <name>.switch:_svm_train_one__FPC11svm_problemPC13svm_parameterdT3</name>
         <load_address>0x11820678</load_address>
         <run_address>0x11820678</run_address>
         <size>0x14</size>
         <input_file_ref idref="fl-a"/>
      </object_component>
      <object_component id="oc-10">
         <name>.far</name>
         <uninitialized>true</uninitialized>
         <run_address>0x1181e20c</run_address>
         <size>0x8</size>
         <input_file_ref idref="fl-2"/>
      </object_component>
      <object_component id="oc-32">
         <name>.far</name>
         <uninitialized>true</uninitialized>
         <run_address>0x1181b5a0</run_address>
         <size>0x2580</size>
         <input_file_ref idref="fl-9"/>
      </object_component>
      <object_component id="oc-3b">
         <name>.far</name>
         <uninitialized>true</uninitialized>
         <run_address>0x1181e1d0</run_address>
         <size>0x30</size>
         <input_file_ref idref="fl-a"/>
      </object_component>
      <object_component id="oc-51">
         <name>.far</name>
         <uninitialized>true</uninitialized>
         <run_address>0x1181e088</run_address>
         <size>0x40</size>
         <input_file_ref idref="fl-13"/>
      </object_component>
      <object_component id="oc-56">
         <name>.far</name>
         <uninitialized>true</uninitialized>
         <run_address>0x1181db20</run_address>
         <size>0x324</size>
         <input_file_ref idref="fl-14"/>
      </object_component>
      <object_component id="oc-69">
         <name>.far</name>
         <uninitialized>true</uninitialized>
         <run_address>0x1181e200</run_address>
         <size>0xc</size>
         <input_file_ref idref="fl-1a"/>
      </object_component>
      <object_component id="oc-6e">
         <name>.far</name>
         <uninitialized>true</uninitialized>
         <run_address>0x1181e140</run_address>
         <size>0x30</size>
         <input_file_ref idref="fl-1b"/>
      </object_component>
      <object_component id="oc-85">
         <name>.far</name>
         <uninitialized>true</uninitialized>
         <run_address>0x1181e084</run_address>
         <size>0x4</size>
         <input_file_ref idref="fl-22"/>
      </object_component>
      <object_component id="oc-a6">
         <name>.far</name>
         <uninitialized>true</uninitialized>
         <run_address>0x1181e170</run_address>
         <size>0x30</size>
         <input_file_ref idref="fl-2c"/>
      </object_component>
      <object_component id="oc-ab">
         <name>.far</name>
         <uninitialized>true</uninitialized>
         <run_address>0x1181df68</run_address>
         <size>0x11c</size>
         <input_file_ref idref="fl-2d"/>
      </object_component>
[...]
         <value>0x1181de40</value>
         <object_component_ref idref="oc-56"/>
      </symbol>
      <symbol id="sm-e21">
         <name>__ftable</name>
         <value>0x1181db20</value>
         <object_component_ref idref="oc-56"/>
      </symbol>
      <symbol id="sm-e2c">
         <name>___dl__FPv</name>
         <value>0x1181b380</value>
         <object_component_ref idref="oc-18a"/>
      </symbol>
      <symbol id="sm-e3e">
         <name>__divd</name>
         <value>0x1180f0a0</value>
         <object_component_ref idref="oc-19a"/>
      </symbol>
      <symbol id="sm-e4e">
         <name>__divf</name>
         <value>0x11814a00</value>
         <object_component_ref idref="oc-1bb"/>
      </symbol>
      <symbol id="sm-e57">
         <name>__c6xabi_divi</name>
         <value>0x11818e20</value>
         <object_component_ref idref="oc-1a1"/>
      </symbol>
      <symbol id="sm-e58">
         <name>__divi</name>
         <value>0x11818e20</value>
         <object_component_ref idref="oc-1a1"/>
      </symbol>
      <symbol id="sm-e61">
         <name>__c6xabi_divu</name>
         <value>0x11819680</value>
         <object_component_ref idref="oc-188"/>
      </symbol>
      <symbol id="sm-e62">
         <name>__divu</name>
         <value>0x11819680</value>
         <object_component_ref idref="oc-188"/>
      </symbol>
      <symbol id="sm-e79">
         <name>C$$EXIT</name>
         <value>0x1181b540</value>
         <object_component_ref idref="oc-186"/>
      </symbol>
      <symbol id="sm-e7a">
         <name>_exit</name>
         <value>0x11819980</value>
         <object_component_ref idref="oc-177"/>
      </symbol>
      <symbol id="sm-e7b">
         <name>___TI_enable_exit_profile_output</name>
         <value>0x1181e208</value>
         <object_component_ref idref="oc-69"/>
      </symbol>
      <symbol id="sm-e7c">
         <name>_abort</name>
         <value>0x1181b540</value>
         <object_component_ref idref="oc-186"/>
      </symbol>
      <symbol id="sm-e7d">
         <name>__cleanup_ptr</name>
         <value>0x1181e200</value>
         <object_component_ref idref="oc-69"/>
      </symbol>
      <symbol id="sm-e7e">
         <name>__dtors_ptr</name>
         <value>0x1181e204</value>
         <object_component_ref idref="oc-69"/>
      </symbol>
      <symbol id="sm-e91">
         <name>_exp</name>
         <value>0x11816500</value>
         <object_component_ref idref="oc-18e"/>
      </symbol>
      <symbol id="sm-ea7">
         <name>__closefile</name>
         <value>0x118181a0</value>
         <object_component_ref idref="oc-1d4"/>
      </symbol>
      <symbol id="sm-ea8">
         <name>_fclose</name>
         <value>0x1181acc0</value>
         <object_component_ref idref="oc-1a9"/>
      </symbol>
      <symbol id="sm-eb4">
         <name>_ferror</name>
         <value>0x1181ad20</value>
         <object_component_ref idref="oc-1a8"/>
      </symbol>
      <symbol id="sm-ecc">
         <name>__doflush</name>
         <value>0x11819740</value>
         <object_component_ref idref="oc-1c5"/>
      </symbol>
      <symbol id="sm-ecd">
         <name>_fflush</name>
         <value>0x118190c0</value>
         <object_component_ref idref="oc-198"/>
      </symbol>
      <symbol id="sm-ee1">
         <name>_getc</name>
         <value>0x11817b80</value>
         <object_component_ref idref="oc-1af"/>
      </symbol>
      <symbol id="sm-ee2">
         <name>_fgetc</name>
         <value>0x11817b80</value>
         <object_component_ref idref="oc-1af"/>
      </symbol>
      <symbol id="sm-f08">
         <name>_fgets</name>
         <value>0x1181b560</value>
         <object_component_ref idref="oc-1aa"/>
      </symbol>
      <symbol id="sm-f15">
         <name>__fixdli</name>
         <value>0x11819f80</value>
         <object_component_ref idref="oc-193"/>
      </symbol>
      <symbol id="sm-f3e">
         <name>__cleanup</name>
         <value>0x11819d00</value>
         <object_component_ref idref="oc-1f0"/>
      </symbol>
      <symbol id="sm-f3f">
         <name>_fopen</name>
         <value>0x1181ad80</value>
         <object_component_ref idref="oc-1a6"/>
      </symbol>
      <symbol id="sm-f54">
         <name>_fprintf</name>
         <value>0x11818a60</value>
         <object_component_ref idref="oc-1a4"/>
      </symbol>
      <symbol id="sm-f6f">
         <name>_putc</name>
         <value>0x11815ce0</value>
         <object_component_ref idref="oc-1ee"/>
      </symbol>
      <symbol id="sm-f70">
         <name>_fputc</name>
         <value>0x11815ce0</value>
         <object_component_ref idref="oc-1ee"/>
      </symbol>
      <symbol id="sm-f92">
         <name>_fputs</name>
         <value>0x11812ca0</value>
         <object_component_ref idref="oc-197"/>
      </symbol>
      <symbol id="sm-f9c">
         <name>__frcmpyd_div</name>
         <value>0x1181b140</value>
         <object_component_ref idref="oc-1cb"/>
      </symbol>
      <symbol id="sm-fbf">
         <name>_fscanf</name>
         <value>0x118191a0</value>
         <object_component_ref idref="oc-1ad"/>
      </symbol>
      <symbol id="sm-fd0">
         <name>_fseek</name>
         <value>0x11818740</value>
         <object_component_ref idref="oc-1b2"/>
      </symbol>
      <symbol id="sm-fe1">
         <name>_ftell</name>
         <value>0x11817cc0</value>
         <object_component_ref idref="oc-1b0"/>
      </symbol>
      <symbol id="sm-ff1">
         <name>_ldexp</name>
         <value>0x118178e0</value>
         <object_component_ref idref="oc-1c2"/>
      </symbol>
      <symbol id="sm-fff">
         <name>__llshl</name>
         <value>0x1181a820</value>
         <object_component_ref idref="oc-21d"/>
      </symbol>
      <symbol id="sm-1000">
         <name>__llshru</name>
         <value>0x1181b180</value>
         <object_component_ref idref="oc-1ca"/>
      </symbol>
      <symbol id="sm-1012">
         <name>_log</name>
         <value>0x11816100</value>
         <object_component_ref idref="oc-19d"/>
      </symbol>
      <symbol id="sm-1067">
         <name>_read</name>
         <value>0x1181a5c0</value>
         <object_component_ref idref="oc-1dc"/>
      </symbol>
      <symbol id="sm-1068">
         <name>_unlink</name>
         <value>0x1181aaa0</value>
         <object_component_ref idref="oc-201"/>
      </symbol>
      <symbol id="sm-1069">
         <name>_open</name>
         <value>0x118173c0</value>
         <object_component_ref idref="oc-1f1"/>
      </symbol>
      <symbol id="sm-106a">
         <name>_lseek</name>
         <value>0x1181a2a0</value>
         <object_component_ref idref="oc-1dd"/>
      </symbol>
      <symbol id="sm-106b">
         <name>_close</name>
         <value>0x11818fe0</value>
         <object_component_ref idref="oc-1f2"/>
      </symbol>
      <symbol id="sm-106c">
         <name>_write</name>
         <value>0x1181a700</value>
         <object_component_ref idref="oc-1c6"/>
      </symbol>
      <symbol id="sm-1074">
         <name>_memcpy</name>
         <value>0x1181a340</value>
         <object_component_ref idref="oc-183"/>
      </symbol>
      <symbol id="sm-10c9">
         <name>__sys_memory</name>
         <value>0x118200f0</value>
         <object_component_ref idref="oc-b4"/>
      </symbol>
      <symbol id="sm-10ca">
         <name>_realloc</name>
         <value>0x11814200</value>
         <object_component_ref idref="oc-1a3"/>
      </symbol>
      <symbol id="sm-10cb">
         <name>_free</name>
         <value>0x11814c80</value>
         <object_component_ref idref="oc-19e"/>
      </symbol>
      <symbol id="sm-10cc">
         <name>_calloc</name>
         <value>0x1181a920</value>
         <object_component_ref idref="oc-1b5"/>
      </symbol>
      <symbol id="sm-10cd">
         <name>_malloc</name>
         <value>0x11817240</value>
         <object_component_ref idref="oc-19b"/>
      </symbol>
      <symbol id="sm-10d8">
         <name>_memset</name>
         <value>0x11819280</value>
         <object_component_ref idref="oc-1ef"/>
      </symbol>
      <symbol id="sm-10e4">
         <name>_modf</name>
         <value>0x1181a480</value>
         <object_component_ref idref="oc-1e7"/>
      </symbol>
      <symbol id="sm-10f3">
         <name>___nw__FUi</name>
         <value>0x11819c60</value>
         <object_component_ref idref="oc-18b"/>
      </symbol>
      <symbol id="sm-10fb">
         <name>___default_new_handler__Fv</name>
         <value>0x1181b360</value>
         <object_component_ref idref="oc-1bf"/>
      </symbol>
      <symbol id="sm-1128">
         <name>_pow</name>
         <value>0x1180e360</value>
         <object_component_ref idref="oc-1e5"/>
      </symbol>
      <symbol id="sm-113e">
         <name>_powi</name>
         <value>0x11813c60</value>
         <object_component_ref idref="oc-18d"/>
      </symbol>
      <symbol id="sm-1153">
         <name>_printf</name>
         <value>0x11819360</value>
         <object_component_ref idref="oc-1a5"/>
      </symbol>
      <symbol id="sm-115d">
         <name>___pure_virtual_called</name>
         <value>0x1181b3e0</value>
         <object_component_ref idref="oc-1c0"/>
      </symbol>
      <symbol id="sm-116e">
         <name>_rand</name>
         <value>0x1181a9a0</value>
         <object_component_ref idref="oc-19f"/>
      </symbol>
      <symbol id="sm-1177">
         <name>__remi</name>
         <value>0x118198c0</value>
         <object_component_ref idref="oc-1a0"/>
      </symbol>
      <symbol id="sm-1178">
         <name>__c6xabi_remi</name>
         <value>0x118198c0</value>
         <object_component_ref idref="oc-1a0"/>
      </symbol>
      <symbol id="sm-1182">
         <name>_remove</name>
         <value>0x1181b580</value>
         <object_component_ref idref="oc-1f3"/>
      </symbol>
      <symbol id="sm-118c">
         <name>__nround</name>
         <value>0x1181a020</value>
         <object_component_ref idref="oc-1e6"/>
      </symbol>
      <symbol id="sm-11a2">
         <name>_C_locale</name>
         <value>0x1181e108</value>
         <object_component_ref idref="oc-e1"/>
      </symbol>
      <symbol id="sm-11a3">
         <name>_setlocale</name>
         <value>0x1181ae40</value>
         <object_component_ref idref="oc-1a7"/>
      </symbol>
      <symbol id="sm-11b8">
         <name>_sin</name>
         <value>0x11814f00</value>
         <object_component_ref idref="oc-1be"/>
      </symbol>
      <symbol id="sm-11c4">
         <name>_sqrt</name>
         <value>0x11818b60</value>
         <object_component_ref idref="oc-1a2"/>
      </symbol>
      <symbol id="sm-11cf">
         <name>_strcmp</name>
         <value>0x1181b280</value>
         <object_component_ref idref="oc-1ae"/>
      </symbol>
      <symbol id="sm-11d9">
         <name>_strlen</name>
         <value>0x1181b2c0</value>
         <object_component_ref idref="oc-1ac"/>
      </symbol>
      <symbol id="sm-11e6">
         <name>_strrchr</name>
         <value>0x1181af00</value>
         <object_component_ref idref="oc-1ab"/>
      </symbol>
      <symbol id="sm-120b">
         <name>_strtod</name>
         <value>0x11810ae0</value>
         <object_component_ref idref="oc-1b3"/>
      </symbol>
      <symbol id="sm-121c">
         <name>_strtok</name>
         <value>0x11819b00</value>
         <object_component_ref idref="oc-1b1"/>
      </symbol>
      <symbol id="sm-1234">
         <name>_strtol</name>
         <value>0x11810f40</value>
         <object_component_ref idref="oc-1b4"/>
      </symbol>
      <symbol id="sm-1248">
         <name>_tanh</name>
         <value>0x11816da0</value>
         <object_component_ref idref="oc-18f"/>
      </symbol>
      <symbol id="sm-1271">
         <name>_HOSTopen</name>
         <value>0x11818c60</value>
         <object_component_ref idref="oc-17a"/>
      </symbol>
      <symbol id="sm-1272">
         <name>_HOSTread</name>
         <value>0x11818d40</value>
         <object_component_ref idref="oc-17c"/>
      </symbol>
      <symbol id="sm-1273">
         <name>_HOSTrename</name>
         <value>0x11816f40</value>
         <object_component_ref idref="oc-180"/>
      </symbol>
      <symbol id="sm-1274">
         <name>_HOSTwrite</name>
         <value>0x11819440</value>
         <object_component_ref idref="oc-17d"/>
      </symbol>
      <symbol id="sm-1275">
         <name>_HOSTlseek</name>
         <value>0x11818860</value>
         <object_component_ref idref="oc-17e"/>
      </symbol>
      <symbol id="sm-1276">
         <name>_HOSTunlink</name>
         <value>0x11817540</value>
         <object_component_ref idref="oc-17f"/>
      </symbol>
      <symbol id="sm-1277">
         <name>_HOSTclose</name>
         <value>0x11819bc0</value>
         <object_component_ref idref="oc-17b"/>
      </symbol>
      <symbol id="sm-1287">
         <name>C$$IO$$</name>
         <value>0x1181b078</value>
         <object_component_ref idref="oc-1b9"/>
      </symbol>
      <symbol id="sm-1288">
         <name>__CIOBUF_</name>
         <value>0x118204f0</value>
         <object_component_ref idref="oc-10b"/>
      </symbol>
      <symbol id="sm-1289">
         <name>_readmsg</name>
         <value>0x1181aa20</value>
         <object_component_ref idref="oc-1ba"/>
      </symbol>
      <symbol id="sm-128a">
         <name>_writemsg</name>
         <value>0x1181b020</value>
         <object_component_ref idref="oc-1b9"/>
      </symbol>
      <symbol id="sm-1294">
         <name>__trunc</name>
         <value>0x1181b500</value>
         <object_component_ref idref="oc-1c3"/>
      </symbol>
      <symbol id="sm-12a5">
         <name>_ungetc</name>
         <value>0x11817f40</value>
         <object_component_ref idref="oc-1f4"/>
      </symbol>
      <symbol id="sm-12af">
         <name>__new_handler</name>
         <value>0x1181e224</value>
         <object_component_ref idref="oc-116"/>
      </symbol>
      <symbol id="sm-12bf">
         <name>_vsprintf</name>
         <value>0x1181afc0</value>
         <object_component_ref idref="oc-199"/>
      </symbol>
      <symbol id="sm-12cd">
         <name>__buff_read</name>
         <value>0x11818080</value>
         <object_component_ref idref="oc-1db"/>
      </symbol>
      <symbol id="sm-12e1">
         <name>__rd_ok</name>
         <value>0x11819800</value>
         <object_component_ref idref="oc-1da"/>
      </symbol>
      <symbol id="sm-12e2">
         <name>__wrt_ok</name>
         <value>0x11818960</value>
         <object_component_ref idref="oc-1c4"/>
      </symbol>
      <symbol id="sm-12f0">
         <name>__unlock</name>
         <value>0x1181e218</value>
         <object_component_ref idref="oc-123"/>
      </symbol>
      <symbol id="sm-12f1">
         <name>__lock</name>
         <value>0x1181e214</value>
         <object_component_ref idref="oc-123"/>
      </symbol>
      <symbol id="sm-12f2">
         <name>__nop</name>
         <value>0x1181b440</value>
         <object_component_ref idref="oc-181"/>
      </symbol>
      <symbol id="sm-13fb">
         <name>__printfi</name>
         <value>0x11811c60</value>
         <object_component_ref idref="oc-1c9"/>
      </symbol>
      <symbol id="sm-14d3">
         <name>__scanfi</name>
         <value>0x1180da60</value>
         <object_component_ref idref="oc-1d9"/>
      </symbol>
      <symbol id="sm-14dd">
         <name>__args_main</name>
         <value>0x1181b100</value>
         <object_component_ref idref="oc-176"/>
      </symbol>
      <symbol id="sm-14de">
         <name>__TI_args_main</name>
         <value>0x1</value>
      </symbol>
      <symbol id="sm-14ec">
         <name>_atoi</name>
         <value>0x11818f00</value>
         <object_component_ref idref="oc-1fb"/>
      </symbol>
      <symbol id="sm-14fb">
         <name>__auto_init</name>
         <value>0x11819500</value>
         <object_component_ref idref="oc-175"/>
      </symbol>
      <symbol id="sm-1508">
         <name>___TI_cpp_init</name>
         <value>0x1181aba0</value>
         <object_component_ref idref="oc-184"/>
      </symbol>
      <symbol id="sm-1516">
         <name>_copy_in</name>
         <value>0x1181a160</value>
         <object_component_ref idref="oc-182"/>
      </symbol>
      <symbol id="sm-151e">
         <name>__ctypes_</name>
         <value>0x1181f940</value>
         <object_component_ref idref="oc-1e0"/>
      </symbol>
      <symbol id="sm-1528">
         <name>_errno</name>
         <value>0x1181de44</value>
         <object_component_ref idref="oc-140"/>
      </symbol>
      <symbol id="sm-1532">
         <name>___abort_execution</name>
         <value>0x1181b340</value>
         <object_component_ref idref="oc-1e8"/>
      </symbol>
      <symbol id="sm-153d">
         <name>__fltlid</name>
         <value>0x1181a7a0</value>
         <object_component_ref idref="oc-220"/>
      </symbol>
      <symbol id="sm-154c">
         <name>_frexp</name>
         <value>0x11818620</value>
         <object_component_ref idref="oc-1c1"/>
      </symbol>
      <symbol id="sm-155e">
         <name>__divul</name>
         <value>0x11816a60</value>
         <object_component_ref idref="oc-1e3"/>
      </symbol>
      <symbol id="sm-155f">
         <name>__remli</name>
         <value>0x1181b200</value>
         <object_component_ref idref="oc-221"/>
      </symbol>
      <symbol id="sm-1560">
         <name>__remul</name>
         <value>0x1181b240</value>
         <object_component_ref idref="oc-1e4"/>
      </symbol>
      <symbol id="sm-1561">
         <name>__divli</name>
         <value>0x11819da0</value>
         <object_component_ref idref="oc-222"/>
      </symbol>
      <symbol id="sm-1577">
         <name>__subcull</name>
         <value>0x1181ac60</value>
         <object_component_ref idref="oc-21e"/>
      </symbol>
      <symbol id="sm-1578">
         <name>__divull</name>
         <value>0x11815180</value>
         <object_component_ref idref="oc-213"/>
      </symbol>
      <symbol id="sm-1579">
         <name>__remull</name>
         <value>0x1181ac00</value>
         <object_component_ref idref="oc-216"/>
      </symbol>
      <symbol id="sm-1583">
         <name>___isinf</name>
         <value>0x1181b080</value>
         <object_component_ref idref="oc-20b"/>
      </symbol>
      <symbol id="sm-1590">
         <name>_ltoa</name>
         <value>0x11819a40</value>
         <object_component_ref idref="oc-21f"/>
      </symbol>
      <symbol id="sm-159d">
         <name>_memccpy</name>
         <value>0x1181ade0</value>
         <object_component_ref idref="oc-1fe"/>
      </symbol>
      <symbol id="sm-15a7">
         <name>__negll</name>
         <value>0x1181b420</value>
         <object_component_ref idref="oc-210"/>
      </symbol>
      <symbol id="sm-15be">
         <name>_setvbuf</name>
         <value>0x11816300</value>
         <object_component_ref idref="oc-1e9"/>
      </symbol>
      <symbol id="sm-15cc">
         <name>_strcspn</name>
         <value>0x1181aea0</value>
         <object_component_ref idref="oc-1df"/>
      </symbol>
      <symbol id="sm-15d8">
         <name>_strspn</name>
         <value>0x1181a660</value>
         <object_component_ref idref="oc-1de"/>
      </symbol>
      <symbol id="sm-15fd">
         <name>_strtold</name>
         <value>0x118113a0</value>
         <object_component_ref idref="oc-208"/>
      </symbol>
      <symbol id="sm-1618">
         <name>_strtoll</name>
         <value>0x11811800</value>
         <object_component_ref idref="oc-209"/>
      </symbol>
      <symbol id="sm-1630">
         <name>_strtoul</name>
         <value>0x118124a0</value>
         <object_component_ref idref="oc-206"/>
      </symbol>
      <symbol id="sm-164c">
         <name>_strtoull</name>
         <value>0x118128a0</value>
         <object_component_ref idref="oc-207"/>
      </symbol>
   </symbol_table>
</link_info>
