******************************************************************************
               TMS320C6x Linker PC v7.4.14                     
******************************************************************************
>> Linked Mon Apr 30 21:30:18 2018

OUTPUT FILE NAME:   <lab3_problem5.out>
ENTRY POINT SYMBOL: "_c_int00"  address: 1181a8a0


MEMORY CONFIGURATION

         name            origin    length      used     unused   attr    fill
----------------------  --------  ---------  --------  --------  ----  --------
  VECTORS               11800000   00000200  00000200  00000000  RWIX
  DSPRAM                11800200   0003fe00  000204e2  0001f91e  RWIX
  SHAREDRAM             80000000   00020000  00000000  00020000  RWIX
  SDRAM                 c0000000   08000000  00000000  08000000  RWIX


SECTION ALLOCATION MAP

 output                                  attributes/
section   page    origin      length       input sections
--------  ----  ----------  ----------   ----------------
vectors    0    11800000    00000200     
                  11800000    00000200     vectors.obj (vectors)

.text      0    11800200    0001b3a0     
                  11800200    0000b920     svm.obj (.text)
                  1180bb20    00001180     main.obj (.text)
                  1180cca0    00000dc0     LCDK_Support_DSP.obj (.text)
                  1180da60    00000900     rts6740.lib : _scanfi.obj (.text:__scanfi)
                  1180e360    00000720                 : pow.obj (.text:_pow)
                  1180ea80    00000620                 : _scanfi.obj (.text:__sset_arg)
                  1180f0a0    000005a0                 : divd.obj (.text:__divd)
                  1180f640    00000580                 : _printfi.obj (.text:__getarg_diouxp)
                  1180fbc0    00000540     libmfcc.obj (.text)
                  11810100    00000520     rts6740.lib : _printfi.obj (.text:__setfield)
                  11810620    000004c0                 : _scanfi.obj (.text:__sproc_int)
                  11810ae0    00000460                 : strtod.obj (.text:_strtod)
                  11810f40    00000460                 : strtol.obj (.text:_strtol)
                  118113a0    00000460                 : strtold.obj (.text:_strtold)
                  11811800    00000460                 : strtoll.obj (.text:_strtoll)
                  11811c60    00000440                 : _printfi.obj (.text:__printfi)
                  118120a0    00000400                 : fgets.obj (.text:__dofgets)
                  118124a0    00000400                 : strtoul.obj (.text:_strtoul)
                  118128a0    00000400                 : strtoull.obj (.text:_strtoull)
                  11812ca0    000003a0                 : fputs.obj (.text:_fputs)
                  11813040    00000340                 : _scanfi.obj (.text:__sget_conv)
                  11813380    00000320                 : _printfi.obj (.text:__pproc_fge)
                  118136a0    000002e0                 : _scanfi.obj (.text:__sproc_float)
                  11813980    000002e0                 : cos.obj (.text:_cos)
                  11813c60    000002e0                 : powi.obj (.text:_powi)
                  11813f40    000002c0                 : _printfi.obj (.text:__pproc_fwp)
                  11814200    000002c0                 : memory.obj (.text:_realloc)
                  118144c0    000002a0                 : _printfi.obj (.text:_ecvt)
                  11814760    000002a0                 : _printfi.obj (.text:_fcvt)
                  11814a00    00000280                 : divf.obj (.text:__divf)
                  11814c80    00000280                 : memory.obj (.text:_free)
                  11814f00    00000280                 : sin.obj (.text:_sin)
                  11815180    00000260                 : imath64.obj (.text:__divull)
                  118153e0    00000260                 : _printfi.obj (.text:__pconv_e)
                  11815640    00000240                 : _printfi.obj (.text:__pproc_diouxp)
                  11815880    00000240     ISRs.obj (.text:retain)
                  11815ac0    00000220     rts6740.lib : _printfi.obj (.text:__pproc_str)
                  11815ce0    00000220                 : fputc.obj (.text:_fputc)
                  11815f00    00000200                 : _printfi.obj (.text:__pconv_g)
                  11816100    00000200                 : log.obj (.text:_log)
                  11816300    00000200                 : setvbuf.obj (.text:_setvbuf)
                  11816500    000001e0                 : exp.obj (.text:_exp)
                  118166e0    000001c0                 : _printfi.obj (.text:__mcpy)
                  118168a0    000001c0                 : fopen.obj (.text:__openfile)
                  11816a60    000001a0                 : imath40.obj (.text:__divul)
                  11816c00    000001a0                 : _scanfi.obj (.text:__sproc_str)
                  11816da0    000001a0                 : tanh.obj (.text:_tanh)
                  11816f40    00000180                 : trgdrv.obj (.text:_HOSTrename)
                  118170c0    00000180                 : fscanf.obj (.text:__chkmbc)
                  11817240    00000180                 : memory.obj (.text:_malloc)
                  118173c0    00000180                 : lowlev.obj (.text:_open)
                  11817540    000000c0                 : trgdrv.obj (.text:_HOSTunlink)
                  11817600    00000180     assem.obj (.text)
                  11817780    00000160     rts6740.lib : _scanfi.obj (.text:__sproc_lb)
                  118178e0    00000160                 : ldexp.obj (.text:_ldexp)
                  11817a40    00000140                 : _printfi.obj (.text:__pproc_fflags)
                  11817b80    00000140                 : fgetc.obj (.text:_fgetc)
                  11817cc0    00000140                 : ftell.obj (.text:_ftell)
                  11817e00    00000140                 : lowlev.obj (.text:_getdevice)
                  11817f40    00000140                 : ungetc.obj (.text:_ungetc)
                  11818080    00000120                 : _bufread.obj (.text:__buff_read)
                  118181a0    00000120                 : fclose.obj (.text:__closefile)
                  118182c0    00000120                 : _printfi.obj (.text:__ltostr)
                  118183e0    00000120                 : fopen.obj (.text:__search_fp)
                  11818500    00000120                 : _scanfi.obj (.text:__sget_scanset)
                  11818620    00000120                 : frexp.obj (.text:_frexp)
                  11818740    00000120                 : fseek.obj (.text:_fseek)
                  11818860    00000100                 : trgdrv.obj (.text:_HOSTlseek)
                  11818960    00000100                 : _io_perm.obj (.text:__wrt_ok)
                  11818a60    00000100                 : fprintf.obj (.text:_fprintf)
                  11818b60    00000100                 : sqrt.obj (.text:_sqrt)
                  11818c60    000000e0                 : trgdrv.obj (.text:_HOSTopen)
                  11818d40    000000e0                 : trgdrv.obj (.text:_HOSTread)
                  11818e20    000000e0                 : divi.obj (.text:__divi)
                  11818f00    000000e0                 : atoi.obj (.text:_atoi)
                  11818fe0    000000e0                 : lowlev.obj (.text:_close)
                  118190c0    000000e0                 : fflush.obj (.text:_fflush)
                  118191a0    000000e0                 : fscanf.obj (.text:_fscanf)
                  11819280    000000e0                 : memset.obj (.text:_memset)
                  11819360    000000e0                 : printf.obj (.text:_printf)
                  11819440    000000c0                 : trgdrv.obj (.text:_HOSTwrite)
                  11819500    000000c0                 : autoinit.obj (.text:__auto_init)
                  118195c0    000000c0                 : _printfi.obj (.text:__div)
                  11819680    000000c0                 : divu.obj (.text:__divu)
                  11819740    000000c0                 : fflush.obj (.text:__doflush)
                  11819800    000000c0                 : _io_perm.obj (.text:__rd_ok)
                  118198c0    000000c0                 : remi.obj (.text:__remi)
                  11819980    000000c0                 : exit.obj (.text:_exit)
                  11819a40    000000c0                 : ltoa.obj (.text:_ltoa)
                  11819b00    000000c0                 : strtok.obj (.text:_strtok)
                  11819bc0    000000a0                 : trgdrv.obj (.text:_HOSTclose)
                  11819c60    000000a0                 : new_.obj (.text:___nw__FUi)
                  11819d00    000000a0                 : fopen.obj (.text:__cleanup)
                  11819da0    000000a0                 : imath40.obj (.text:__divli)
                  11819e40    000000a0                 : _printfi.obj (.text:__ecpy)
                  11819ee0    000000a0                 : _printfi.obj (.text:__fcpy)
                  11819f80    000000a0                 : fixdli.obj (.text:__fixdli)
                  1181a020    000000a0                 : round.obj (.text:__nround)
                  1181a0c0    000000a0                 : _printfi.obj (.text:__pconv_f)
                  1181a160    000000a0                 : cpy_tbl.obj (.text:_copy_in)
                  1181a200    000000a0                 : lowlev.obj (.text:_finddevice)
                  1181a2a0    000000a0                 : lowlev.obj (.text:_lseek)
                  1181a340    000000a0                 : memcpy64.obj (.text:_memcpy)
                  1181a3e0    000000a0                 : memory.obj (.text:_minsert)
                  1181a480    000000a0                 : modf.obj (.text:_modf)
                  1181a520    000000a0                 : memory.obj (.text:_mremove)
                  1181a5c0    000000a0                 : lowlev.obj (.text:_read)
                  1181a660    000000a0                 : strspn.obj (.text:_strspn)
                  1181a700    000000a0                 : lowlev.obj (.text:_write)
                  1181a7a0    00000080                 : fltlid.obj (.text:__fltlid)
                  1181a820    00000080                 : llshift.obj (.text:__llshl)
                  1181a8a0    00000080                 : boot.obj (.text:_c_int00)
                  1181a920    00000080                 : memory.obj (.text:_calloc)
                  1181a9a0    00000080                 : rand.obj (.text:_rand)
                  1181aa20    00000080                 : trgmsg.obj (.text:_readmsg)
                  1181aaa0    00000080                 : lowlev.obj (.text:_unlink)
                  1181ab20    00000080     autocorr.obj (.text)
                  1181aba0    00000060     rts6740.lib : cpp_init.obj (.text:___TI_cpp_init)
                  1181ac00    00000060                 : imath64.obj (.text:__remull)
                  1181ac60    00000060                 : imath64.obj (.text:__subcull)
                  1181acc0    00000060                 : fclose.obj (.text:_fclose)
                  1181ad20    00000060                 : ferror.obj (.text:_ferror)
                  1181ad80    00000060                 : fopen.obj (.text:_fopen)
                  1181ade0    00000060                 : memccpy.obj (.text:_memccpy)
                  1181ae40    00000060                 : setlocale.obj (.text:_setlocale)
                  1181aea0    00000060                 : strcspn.obj (.text:_strcspn)
                  1181af00    00000060                 : strrchr.obj (.text:_strrchr)
                  1181af60    00000060                 : lowlev.obj (.text:_tabinit)
                  1181afc0    00000060                 : vsprintf.obj (.text:_vsprintf)
                  1181b020    00000060                 : trgmsg.obj (.text:_writemsg)
                  1181b080    00000040                 : isinf.obj (.text:___isinf)
                  1181b0c0    00000040                 : _printfi.obj (.text:___isnan)
                  1181b100    00000040                 : args_main.obj (.text:__args_main)
                  1181b140    00000040                 : frcmpyd_div.obj (.text:__frcmpyd_div)
                  1181b180    00000040                 : llshift.obj (.text:__llshru)
                  1181b1c0    00000040                 : vsprintf.obj (.text:__outs)
                  1181b200    00000040                 : imath40.obj (.text:__remli)
                  1181b240    00000040                 : imath40.obj (.text:__remul)
                  1181b280    00000040                 : strcmp.obj (.text:_strcmp)
                  1181b2c0    00000040                 : strlen.obj (.text:_strlen)
                  1181b300    00000040     flip.obj (.text)
                  1181b340    00000020     rts6740.lib : error.obj (.text:___abort_execution)
                  1181b360    00000020                 : newhandler.obj (.text:___default_new_handler__Fv)
                  1181b380    00000020                 : delete.obj (.text:___dl__FPv)
                  1181b3a0    00000020                 : array_del.obj (.text:___dla__FPv)
                  1181b3c0    00000020                 : array_new.obj (.text:___nwa__FUi)
                  1181b3e0    00000020                 : pure_virt.obj (.text:___pure_virtual_called)
                  1181b400    00000020                 : fscanf.obj (.text:__inpchar)
                  1181b420    00000020                 : negll.obj (.text:__negll)
                  1181b440    00000020                 : _lock.obj (.text:__nop)
                  1181b460    00000020                 : fprintf.obj (.text:__outc)
                  1181b480    00000020                 : printf.obj (.text:__outc)
                  1181b4a0    00000020                 : vsprintf.obj (.text:__outc)
                  1181b4c0    00000020                 : fprintf.obj (.text:__outs)
                  1181b4e0    00000020                 : printf.obj (.text:__outs)
                  1181b500    00000020                 : trunc.obj (.text:__trunc)
                  1181b520    00000020                 : fscanf.obj (.text:__uninpchar)
                  1181b540    00000020                 : exit.obj (.text:_abort)
                  1181b560    00000020                 : fgets.obj (.text:_fgets)
                  1181b580    00000020                 : remove.obj (.text:_remove)

.far       0    1181b5a0    00002c98     UNINITIALIZED
                  1181b5a0    00002580     main.obj (.far)
                  1181db20    00000324     rts6740.lib : defs.obj (.far)
                  1181de44    00000004                 : errno.obj (.far)
                  1181de48    00000120                 : pow.obj (.far)
                  1181df68    0000011c                 : lowlev.obj (.far)
                  1181e084    00000004                 : fopen.obj (.far)
                  1181e088    00000040                 : cos.obj (.far)
                  1181e0c8    00000040                 : sin.obj (.far)
                  1181e108    00000034                 : setlocale.obj (.far)
                  1181e13c    00000004                 : strtok.obj (.far)
                  1181e140    00000030                 : exp.obj (.far)
                  1181e170    00000030                 : log.obj (.far)
                  1181e1a0    00000030                 : tanh.obj (.far)
                  1181e1d0    00000030     svm.obj (.far)
                  1181e200    0000000c     rts6740.lib : exit.obj (.far)
                  1181e20c    00000008     ISRs.obj (.far)
                  1181e214    00000008     rts6740.lib : _lock.obj (.far)
                  1181e21c    00000008                 : memory.obj (.far)
                  1181e224    00000004                 : vars.obj (.far)
                  1181e228    00000008                 : rand.obj (.far)
                  1181e230    00000008                 : trgdrv.obj (.far)

.cinit     0    1181e238    00000fb4     
                  1181e238    00000ad0     main.obj (.cinit)
                  1181ed08    00000140     rts6740.lib : pow.obj (.cinit)
                  1181ee48    0000006c     svm.obj (.cinit)
                  1181eeb4    00000004     --HOLE-- [fill = 0]
                  1181eeb8    0000005c     rts6740.lib : defs.obj (.cinit)
                  1181ef14    00000004     --HOLE-- [fill = 0]
                  1181ef18    0000005c                 : lowlev.obj (.cinit)
                  1181ef74    00000004     --HOLE-- [fill = 0]
                  1181ef78    00000048                 : cos.obj (.cinit)
                  1181efc0    00000048                 : sin.obj (.cinit)
                  1181f008    00000040                 : exp.obj (.cinit)
                  1181f048    00000040                 : log.obj (.cinit)
                  1181f088    00000040                 : tanh.obj (.cinit)
                  1181f0c8    00000039                 : setlocale.obj (.cinit)
                  1181f101    00000007     --HOLE-- [fill = 0]
                  1181f108    0000002c                 : exit.obj (.cinit)
                  1181f134    00000004     --HOLE-- [fill = 0]
                  1181f138    0000002c                 : memory.obj (.cinit)
                  1181f164    00000004     --HOLE-- [fill = 0]
                  1181f168    0000001c                 : _lock.obj (.cinit)
                  1181f184    00000004     --HOLE-- [fill = 0]
                  1181f188    00000010                 : rand.obj (.cinit)
                  1181f198    0000000c     LCDK_Support_DSP.obj (.cinit)
                  1181f1a4    00000004     --HOLE-- [fill = 0]
                  1181f1a8    0000000c     rts6740.lib : errno.obj (.cinit)
                  1181f1b4    00000004     --HOLE-- [fill = 0]
                  1181f1b8    0000000c                 : fopen.obj (.cinit)
                  1181f1c4    00000004     --HOLE-- [fill = 0]
                  1181f1c8    0000000c                 : strtok.obj (.cinit)
                  1181f1d4    00000004     --HOLE-- [fill = 0]
                  1181f1d8    0000000c                 : vars.obj (.cinit)
                  1181f1e4    00000004     --HOLE-- [fill = 0]
                  1181f1e8    00000004     (.pad.cinit) [fill = 0]

.const     0    1181f1f0    00000afe     
                  1181f1f0    000005f0     svm.obj (.const:.string)
                  1181f7e0    0000015c     main.obj (.const:.string)
                  1181f93c    00000002     rts6740.lib : fputs.obj (.const:.string)
                  1181f93e    00000002     --HOLE-- [fill = 0]
                  1181f940    00000101                 : ctype.obj (.const:.string:__ctypes_)
                  1181fa41    00000005                 : setlocale.obj (.const:.string)
                  1181fa46    00000002     --HOLE-- [fill = 0]
                  1181fa48    00000050                 : strtod.obj (.const:_digits)
                  1181fa98    00000050                 : strtold.obj (.const:_digits)
                  1181fae8    00000048                 : strtod.obj (.const:_powerof10)
                  1181fb30    00000048                 : strtold.obj (.const:_powerof10)
                  1181fb78    00000028     svm.obj (.const:___vtbl__11ONE_CLASS_Q)
                  1181fba0    00000028     svm.obj (.const:___vtbl__5SVC_Q)
                  1181fbc8    00000028     svm.obj (.const:___vtbl__5SVR_Q)
                  1181fbf0    00000028     svm.obj (.const:___vtbl__6Kernel)
                  1181fc18    00000028     svm.obj (.const:___vtbl__6Solver)
                  1181fc40    00000028     svm.obj (.const:___vtbl__7QMatrix)
                  1181fc68    00000028     svm.obj (.const:___vtbl__9Solver_NU)
                  1181fc90    00000028     svm.obj (.const)
                  1181fcb8    00000023     rts6740.lib : _printfi.obj (.const:.string)
                  1181fcdb    00000005     --HOLE-- [fill = 0]
                  1181fce0    00000007                 : _scanfi.obj (.const:.string:_flit$1)
                  1181fce7    00000001     --HOLE-- [fill = 0]
                  1181fce8    00000006                 : _scanfi.obj (.const:.string:_barr$2)

.stack     0    1181fcf0    00000400     UNINITIALIZED
                  1181fcf0    00000008     rts6740.lib : boot.obj (.stack)
                  1181fcf8    000003f8     --HOLE--

.sysmem    0    118200f0    00000400     UNINITIALIZED
                  118200f0    00000008     rts6740.lib : memory.obj (.sysmem)
                  118200f8    000003f8     --HOLE--

.cio       0    118204f0    00000120     UNINITIALIZED
                  118204f0    00000120     rts6740.lib : trgmsg.obj (.cio)

.switch    0    11820610    0000007c     
                  11820610    00000028     rts6740.lib : _scanfi.obj (.switch:__sset_arg)
                  11820638    00000018     LCDK_Support_DSP.obj (.switch:_SetSampleRate_AIC3106)
                  11820650    00000014     svm.obj (.switch:___ct__6KernelFiPCP8svm_nodeRC13svm_parameter)
                  11820664    00000014     svm.obj (.switch:_k_function__6KernelSFPC8svm_nodeT1RC13svm_parameter)
                  11820678    00000014     svm.obj (.switch:_svm_train_one__FPC11svm_problemPC13svm_parameterdT3)

.bss       0    1182068c    0000005c     UNINITIALIZED
                  1182068c    00000048     main.obj (.bss)
                  118206d4    00000010     svm.obj (.bss)
                  118206e4    00000004     LCDK_Support_DSP.obj (.bss)


GLOBAL SYMBOLS: SORTED ALPHABETICALLY BY Name 

address    name
--------   ----
1182068c   $bss
1182068c   .bss
11800200   .text
1181b540   C$$EXIT
1181b078   C$$IO$$
1180d38c   _AIC3106_write_reg
1181bfa0   _B
1181e108   _C_locale
1180d114   _CheckForOverrun
1181e20c   _CodecDataIn
1181e210   _CodecDataOut
11815880   _Codec_ISR
11820698   _D
1180cca8   _DSP_Init
1180ccc8   _DSP_Init_EDMA
1180ceac   _EnableInterrupts
1180cef8   _EnableInterrupts_EDMA
11810028   _GetCenterFrequency
1180fbc0   _GetCoefficient
1180fde8   _GetFilterParameter
1180ff8c   _GetMagnitudeFactor
1180cca0   _GetSampleFreq
11819bc0   _HOSTclose
11818860   _HOSTlseek
11818c60   _HOSTopen
11818d40   _HOSTread
11816f40   _HOSTrename
11817540   _HOSTunlink
11819440   _HOSTwrite
1180ce44   _InitDigitalOutputs
1180cce8   _InitLEDs
1180d144   _Init_AIC3106
1180cf6c   _Init_I2C
1180ce68   _Init_Interrupts
1180cee8   _Init_Interrupts_EDMA
1180d538   _Init_McASP0
1180d8c8   _Init_UART2
1180da08   _IsDataReady_UART2
1180da2c   _IsTxReady_UART2
11820690   _K
1182068c   _M
11820694   _N
1180fd84   _NormalizationFactor
1180d9a8   _Puts_UART2
1180d0cc   _ReadCodecData
1180ce2c   _ReadSwitches
1180d9e8   _Read_UART2
1180d3c8   _Reset_AIC3106
1180cfc8   _Reset_I2C
1180d3f0   _SetSampleRate_AIC3106
11808d54   _Solve__6SolverFiRC7QMatrixPCdPCScPddN26PQ2_6Solver12SolutionInfoT1
1180d0f0   _WriteCodecData
1180ce50   _WriteDigitalOutputs
1180cd48   _WriteLEDs
1180cfe8   _Write_I2C
1180d980   _Write_UART2
1181b5a0   _X
118204f0   __CIOBUF_
118200f0   __STACK_END
00000400   __STACK_SIZE
00000400   __SYSMEM_SIZE
00000001   __TI_args_main
1181aba0   ___TI_cpp_init
1181e208   ___TI_enable_exit_profile_output
ffffffff   ___TI_pprof_out_hndl
ffffffff   ___TI_prof_data_size
ffffffff   ___TI_prof_data_start
1181b340   ___abort_execution
ffffffff   ___binit__
1182068c   ___bss__
ffffffff   ___c_args__
1181e238   ___cinit__
11808360   ___ct__5CacheFil
1180888c   ___ct__6KernelFiPCP8svm_nodeRC13svm_parameter
1181b360   ___default_new_handler__Fv
1181b380   ___dl__FPv
1181b3a0   ___dla__FPv
11808454   ___dt__5CacheFv
11808a60   ___dt__6KernelFv
118206e8   ___end__
1181b5a0   ___etext__
1181b080   ___isinf
11819c60   ___nw__FUi
1181b3c0   ___nwa__FUi
ffffffff   ___pinit__
1181b3e0   ___pure_virtual_called
11800200   ___text__
1181fbf0   ___vtbl__6Kernel
1181fc18   ___vtbl__6Solver
1181fc68   ___vtbl__9Solver_NU
1181b100   __args_main
11819500   __auto_init
11818080   __buff_read
11818e20   __c6xabi_divi
11819680   __c6xabi_divu
118198c0   __c6xabi_remi
11819d00   __cleanup
1181e200   __cleanup_ptr
118181a0   __closefile
1181f940   __ctypes_
1180f0a0   __divd
11814a00   __divf
11818e20   __divi
11819da0   __divli
11819680   __divu
11816a60   __divul
11815180   __divull
11819740   __doflush
1181e204   __dtors_ptr
11819f80   __fixdli
1181a7a0   __fltlid
1181b140   __frcmpyd_div
1181de40   __ft_end
1181db20   __ftable
1181a820   __llshl
1181b180   __llshru
1181e214   __lock
1181b420   __negll
1181e224   __new_handler
1181b440   __nop
1181a020   __nround
11811c60   __printfi
11819800   __rd_ok
118198c0   __remi
1181b200   __remli
1181b240   __remul
1181ac00   __remull
1180da60   __scanfi
1181fcf0   __stack
1181ac60   __subcull
118200f0   __sys_memory
1181dd00   __tmpnams
1181b500   __trunc
1181e218   __unlock
11818960   __wrt_ok
1181b540   _abort
11818f00   _atoi
1181ab20   _autoCorr
118206b8   _avg
1180ad2c   _be_shrunk__6SolverFidT2
1180b6f4   _be_shrunk__9Solver_NUFidN32
1181a8a0   _c_int00
1180a870   _calculate_rho__6SolverFv
1180b42c   _calculate_rho__9Solver_NUFv
1181a920   _calloc
11818fe0   _close
118206bc   _coeff
1181a160   _copy_in
11813980   _cos
118206c8   _cross_validation
118206ac   _denominator
1180c3a4   _do_cross_validation
1180aa30   _do_shrinking__6SolverFv
1180b7ec   _do_shrinking__9Solver_NUFv
11808ca0   _dot__6KernelSFPC8svm_nodeT1
1181de44   _errno
11819980   _exit
11816500   _exp
1181acc0   _fclose
118206a8   _feature
1181ad20   _ferror
118190c0   _fflush
1180bb20   _fft
11817b80   _fgetc
1181b560   _fgets
11817704   _fircircfunc
1181b300   _flipfunc
1181ad80   _fopen
11818a60   _fprintf
11815ce0   _fputc
11812ca0   _fputs
11814c80   _free
11818620   _frexp
118191a0   _fscanf
11818740   _fseek
11817cc0   _ftell
118084d8   _get_data__5CacheFiPPfT1
11817b80   _getc
1180c724   _initialization
11808ab0   _k_function__6KernelSFPC8svm_nodeT1RC13svm_parameter
1182069c   _kk
118178e0   _ldexp
118206d4   _libsvm_version
11816100   _log
11808808   _lru_delete__5CacheFPQ2_5Cache6head_t
11808838   _lru_insert__5CacheFPQ2_5Cache6head_t
1181a2a0   _lseek
11819a40   _ltoa
118206b4   _magnitude
1180be88   _main
11817240   _malloc
1181ade0   _memccpy
1181a340   _memcpy
11819280   _memset
1181cfa0   _mfcc_result
118206c0   _model
1181a480   _modf
118206cc   _nr_fold
118206b0   _numerator
118173c0   _open
1181d008   _param
1181d148   _params
1180e360   _pow
11813c60   _powi
1180c978   _predict
118206d0   _predict_probability
11819360   _printf
1181d068   _prob
11815ce0   _putc
1181a9a0   _rand
1181a5c0   _read
11806d00   _read_model_header__FPQ2_3std4FILEP9svm_model
1180c800   _read_problem
1181aa20   _readmsg
11814200   _realloc
11809fa4   _reconstruct_gradient__6SolverFv
1181b580   _remove
1180a2ec   _select_working_set__6SolverFRiT1
1180ae14   _select_working_set__9Solver_NUFRiT1
1181ae40   _setlocale
11816300   _setvbuf
11814f00   _sin
1181c7a0   _spectrum
11818b60   _sqrt
118206a0   _startflag
1181b280   _strcmp
1181aea0   _strcspn
1181b2c0   _strlen
1181af00   _strrchr
1181a660   _strspn
11810ae0   _strtod
11819b00   _strtok
11810f40   _strtol
118113a0   _strtold
11811800   _strtoll
118124a0   _strtoul
118128a0   _strtoull
11807e00   _svm_check_parameter
118082c0   _svm_check_probability_model
11805210   _svm_cross_validation
11807dd8   _svm_destroy_param
11807d94   _svm_free_and_destroy_model
11807bf4   _svm_free_model_content
118059e0   _svm_get_labels
118059c8   _svm_get_nr_class
11805ab0   _svm_get_nr_sv
11805a4c   _svm_get_sv_indices
118059b0   _svm_get_svm_type
11805ac8   _svm_get_svr_probability
118077e0   _svm_load_model
11806028   _svm_predict
11806280   _svm_predict_probability
11805b28   _svm_predict_values
118073f0   _svm_read_model
11806574   _svm_save_model
11808330   _svm_set_print_string_function__FPFPCc_v
1180424c   _svm_train
11808604   _swap_index__5CacheFiT1
11809e64   _swap_index__6SolverFiT1
11816da0   _tanh
118206a4   _training
1180c2b8   _twiddleFactors
11817f40   _ungetc
1181aaa0   _unlink
1181afc0   _vsprintf
1181b7a0   _w
1180cf38   _wait
1181a700   _write
1181b020   _writemsg
1181d078   _x
118206c4   _x_space
ffffffff   binit
1181e238   cinit
118206e8   end
1181b5a0   etext
ffffffff   pinit


GLOBAL SYMBOLS: SORTED BY Symbol Address 

address    name
--------   ----
00000001   __TI_args_main
00000400   __STACK_SIZE
00000400   __SYSMEM_SIZE
11800200   .text
11800200   ___text__
1180424c   _svm_train
11805210   _svm_cross_validation
118059b0   _svm_get_svm_type
118059c8   _svm_get_nr_class
118059e0   _svm_get_labels
11805a4c   _svm_get_sv_indices
11805ab0   _svm_get_nr_sv
11805ac8   _svm_get_svr_probability
11805b28   _svm_predict_values
11806028   _svm_predict
11806280   _svm_predict_probability
11806574   _svm_save_model
11806d00   _read_model_header__FPQ2_3std4FILEP9svm_model
118073f0   _svm_read_model
118077e0   _svm_load_model
11807bf4   _svm_free_model_content
11807d94   _svm_free_and_destroy_model
11807dd8   _svm_destroy_param
11807e00   _svm_check_parameter
118082c0   _svm_check_probability_model
11808330   _svm_set_print_string_function__FPFPCc_v
11808360   ___ct__5CacheFil
11808454   ___dt__5CacheFv
118084d8   _get_data__5CacheFiPPfT1
11808604   _swap_index__5CacheFiT1
11808808   _lru_delete__5CacheFPQ2_5Cache6head_t
11808838   _lru_insert__5CacheFPQ2_5Cache6head_t
1180888c   ___ct__6KernelFiPCP8svm_nodeRC13svm_parameter
11808a60   ___dt__6KernelFv
11808ab0   _k_function__6KernelSFPC8svm_nodeT1RC13svm_parameter
11808ca0   _dot__6KernelSFPC8svm_nodeT1
11808d54   _Solve__6SolverFiRC7QMatrixPCdPCScPddN26PQ2_6Solver12SolutionInfoT1
11809e64   _swap_index__6SolverFiT1
11809fa4   _reconstruct_gradient__6SolverFv
1180a2ec   _select_working_set__6SolverFRiT1
1180a870   _calculate_rho__6SolverFv
1180aa30   _do_shrinking__6SolverFv
1180ad2c   _be_shrunk__6SolverFidT2
1180ae14   _select_working_set__9Solver_NUFRiT1
1180b42c   _calculate_rho__9Solver_NUFv
1180b6f4   _be_shrunk__9Solver_NUFidN32
1180b7ec   _do_shrinking__9Solver_NUFv
1180bb20   _fft
1180be88   _main
1180c2b8   _twiddleFactors
1180c3a4   _do_cross_validation
1180c724   _initialization
1180c800   _read_problem
1180c978   _predict
1180cca0   _GetSampleFreq
1180cca8   _DSP_Init
1180ccc8   _DSP_Init_EDMA
1180cce8   _InitLEDs
1180cd48   _WriteLEDs
1180ce2c   _ReadSwitches
1180ce44   _InitDigitalOutputs
1180ce50   _WriteDigitalOutputs
1180ce68   _Init_Interrupts
1180ceac   _EnableInterrupts
1180cee8   _Init_Interrupts_EDMA
1180cef8   _EnableInterrupts_EDMA
1180cf38   _wait
1180cf6c   _Init_I2C
1180cfc8   _Reset_I2C
1180cfe8   _Write_I2C
1180d0cc   _ReadCodecData
1180d0f0   _WriteCodecData
1180d114   _CheckForOverrun
1180d144   _Init_AIC3106
1180d38c   _AIC3106_write_reg
1180d3c8   _Reset_AIC3106
1180d3f0   _SetSampleRate_AIC3106
1180d538   _Init_McASP0
1180d8c8   _Init_UART2
1180d980   _Write_UART2
1180d9a8   _Puts_UART2
1180d9e8   _Read_UART2
1180da08   _IsDataReady_UART2
1180da2c   _IsTxReady_UART2
1180da60   __scanfi
1180e360   _pow
1180f0a0   __divd
1180fbc0   _GetCoefficient
1180fd84   _NormalizationFactor
1180fde8   _GetFilterParameter
1180ff8c   _GetMagnitudeFactor
11810028   _GetCenterFrequency
11810ae0   _strtod
11810f40   _strtol
118113a0   _strtold
11811800   _strtoll
11811c60   __printfi
118124a0   _strtoul
118128a0   _strtoull
11812ca0   _fputs
11813980   _cos
11813c60   _powi
11814200   _realloc
11814a00   __divf
11814c80   _free
11814f00   _sin
11815180   __divull
11815880   _Codec_ISR
11815ce0   _fputc
11815ce0   _putc
11816100   _log
11816300   _setvbuf
11816500   _exp
11816a60   __divul
11816da0   _tanh
11816f40   _HOSTrename
11817240   _malloc
118173c0   _open
11817540   _HOSTunlink
11817704   _fircircfunc
118178e0   _ldexp
11817b80   _fgetc
11817b80   _getc
11817cc0   _ftell
11817f40   _ungetc
11818080   __buff_read
118181a0   __closefile
11818620   _frexp
11818740   _fseek
11818860   _HOSTlseek
11818960   __wrt_ok
11818a60   _fprintf
11818b60   _sqrt
11818c60   _HOSTopen
11818d40   _HOSTread
11818e20   __c6xabi_divi
11818e20   __divi
11818f00   _atoi
11818fe0   _close
118190c0   _fflush
118191a0   _fscanf
11819280   _memset
11819360   _printf
11819440   _HOSTwrite
11819500   __auto_init
11819680   __c6xabi_divu
11819680   __divu
11819740   __doflush
11819800   __rd_ok
118198c0   __c6xabi_remi
118198c0   __remi
11819980   _exit
11819a40   _ltoa
11819b00   _strtok
11819bc0   _HOSTclose
11819c60   ___nw__FUi
11819d00   __cleanup
11819da0   __divli
11819f80   __fixdli
1181a020   __nround
1181a160   _copy_in
1181a2a0   _lseek
1181a340   _memcpy
1181a480   _modf
1181a5c0   _read
1181a660   _strspn
1181a700   _write
1181a7a0   __fltlid
1181a820   __llshl
1181a8a0   _c_int00
1181a920   _calloc
1181a9a0   _rand
1181aa20   _readmsg
1181aaa0   _unlink
1181ab20   _autoCorr
1181aba0   ___TI_cpp_init
1181ac00   __remull
1181ac60   __subcull
1181acc0   _fclose
1181ad20   _ferror
1181ad80   _fopen
1181ade0   _memccpy
1181ae40   _setlocale
1181aea0   _strcspn
1181af00   _strrchr
1181afc0   _vsprintf
1181b020   _writemsg
1181b078   C$$IO$$
1181b080   ___isinf
1181b100   __args_main
1181b140   __frcmpyd_div
1181b180   __llshru
1181b200   __remli
1181b240   __remul
1181b280   _strcmp
1181b2c0   _strlen
1181b300   _flipfunc
1181b340   ___abort_execution
1181b360   ___default_new_handler__Fv
1181b380   ___dl__FPv
1181b3a0   ___dla__FPv
1181b3c0   ___nwa__FUi
1181b3e0   ___pure_virtual_called
1181b420   __negll
1181b440   __nop
1181b500   __trunc
1181b540   C$$EXIT
1181b540   _abort
1181b560   _fgets
1181b580   _remove
1181b5a0   _X
1181b5a0   ___etext__
1181b5a0   etext
1181b7a0   _w
1181bfa0   _B
1181c7a0   _spectrum
1181cfa0   _mfcc_result
1181d008   _param
1181d068   _prob
1181d078   _x
1181d148   _params
1181db20   __ftable
1181dd00   __tmpnams
1181de40   __ft_end
1181de44   _errno
1181e108   _C_locale
1181e200   __cleanup_ptr
1181e204   __dtors_ptr
1181e208   ___TI_enable_exit_profile_output
1181e20c   _CodecDataIn
1181e210   _CodecDataOut
1181e214   __lock
1181e218   __unlock
1181e224   __new_handler
1181e238   ___cinit__
1181e238   cinit
1181f940   __ctypes_
1181fbf0   ___vtbl__6Kernel
1181fc18   ___vtbl__6Solver
1181fc68   ___vtbl__9Solver_NU
1181fcf0   __stack
118200f0   __STACK_END
118200f0   __sys_memory
118204f0   __CIOBUF_
1182068c   $bss
1182068c   .bss
1182068c   _M
1182068c   ___bss__
11820690   _K
11820694   _N
11820698   _D
1182069c   _kk
118206a0   _startflag
118206a4   _training
118206a8   _feature
118206ac   _denominator
118206b0   _numerator
118206b4   _magnitude
118206b8   _avg
118206bc   _coeff
118206c0   _model
118206c4   _x_space
118206c8   _cross_validation
118206cc   _nr_fold
118206d0   _predict_probability
118206d4   _libsvm_version
118206e8   ___end__
118206e8   end
ffffffff   ___TI_pprof_out_hndl
ffffffff   ___TI_prof_data_size
ffffffff   ___TI_prof_data_start
ffffffff   ___binit__
ffffffff   ___c_args__
ffffffff   ___pinit__
ffffffff   binit
ffffffff   pinit

[276 symbols]
