******************************************************************************
               TMS320C6x Linker PC v7.4.14                     
******************************************************************************
>> Linked Mon Apr 30 10:21:54 2018

OUTPUT FILE NAME:   <lab3_problem5.out>
ENTRY POINT SYMBOL: "_c_int00"  address: 1181a780


MEMORY CONFIGURATION

         name            origin    length      used     unused   attr    fill
----------------------  --------  ---------  --------  --------  ----  --------
  VECTORS               11800000   00000200  00000200  00000000  RWIX
  DSPRAM                11800200   0003fe00  000203b2  0001fa4e  RWIX
  SHAREDRAM             80000000   00020000  00000000  00020000  RWIX
  SDRAM                 c0000000   08000000  00000000  08000000  RWIX


SECTION ALLOCATION MAP

 output                                  attributes/
section   page    origin      length       input sections
--------  ----  ----------  ----------   ----------------
vectors    0    11800000    00000200     
                  11800000    00000200     vectors.obj (vectors)

.text      0    11800200    0001b280     
                  11800200    0000b760     svm.obj (.text)
                  1180b960    00001220     main.obj (.text)
                  1180cb80    00000dc0     LCDK_Support_DSP.obj (.text)
                  1180d940    00000900     rts6740.lib : _scanfi.obj (.text:__scanfi)
                  1180e240    00000720                 : pow.obj (.text:_pow)
                  1180e960    00000620                 : _scanfi.obj (.text:__sset_arg)
                  1180ef80    000005a0                 : divd.obj (.text:__divd)
                  1180f520    00000580                 : _printfi.obj (.text:__getarg_diouxp)
                  1180faa0    00000540     libmfcc.obj (.text)
                  1180ffe0    00000520     rts6740.lib : _printfi.obj (.text:__setfield)
                  11810500    000004c0                 : _scanfi.obj (.text:__sproc_int)
                  118109c0    00000460                 : strtod.obj (.text:_strtod)
                  11810e20    00000460                 : strtol.obj (.text:_strtol)
                  11811280    00000460                 : strtold.obj (.text:_strtold)
                  118116e0    00000460                 : strtoll.obj (.text:_strtoll)
                  11811b40    00000440                 : _printfi.obj (.text:__printfi)
                  11811f80    00000400                 : fgets.obj (.text:__dofgets)
                  11812380    00000400                 : strtoul.obj (.text:_strtoul)
                  11812780    00000400                 : strtoull.obj (.text:_strtoull)
                  11812b80    000003a0                 : fputs.obj (.text:_fputs)
                  11812f20    00000340                 : _scanfi.obj (.text:__sget_conv)
                  11813260    00000320                 : _printfi.obj (.text:__pproc_fge)
                  11813580    000002e0                 : _scanfi.obj (.text:__sproc_float)
                  11813860    000002e0                 : cos.obj (.text:_cos)
                  11813b40    000002e0                 : powi.obj (.text:_powi)
                  11813e20    000002c0                 : _printfi.obj (.text:__pproc_fwp)
                  118140e0    000002c0                 : memory.obj (.text:_realloc)
                  118143a0    000002a0                 : _printfi.obj (.text:_ecvt)
                  11814640    000002a0                 : _printfi.obj (.text:_fcvt)
                  118148e0    00000280                 : divf.obj (.text:__divf)
                  11814b60    00000280                 : memory.obj (.text:_free)
                  11814de0    00000280                 : sin.obj (.text:_sin)
                  11815060    00000260                 : imath64.obj (.text:__divull)
                  118152c0    00000260                 : _printfi.obj (.text:__pconv_e)
                  11815520    00000240                 : _printfi.obj (.text:__pproc_diouxp)
                  11815760    00000240     ISRs.obj (.text:retain)
                  118159a0    00000220     rts6740.lib : _printfi.obj (.text:__pproc_str)
                  11815bc0    00000220                 : fputc.obj (.text:_fputc)
                  11815de0    00000200                 : _printfi.obj (.text:__pconv_g)
                  11815fe0    00000200                 : log.obj (.text:_log)
                  118161e0    00000200                 : setvbuf.obj (.text:_setvbuf)
                  118163e0    000001e0                 : exp.obj (.text:_exp)
                  118165c0    000001c0                 : _printfi.obj (.text:__mcpy)
                  11816780    000001c0                 : fopen.obj (.text:__openfile)
                  11816940    000001a0                 : imath40.obj (.text:__divul)
                  11816ae0    000001a0                 : _scanfi.obj (.text:__sproc_str)
                  11816c80    000001a0                 : tanh.obj (.text:_tanh)
                  11816e20    00000180                 : trgdrv.obj (.text:_HOSTrename)
                  11816fa0    00000180                 : fscanf.obj (.text:__chkmbc)
                  11817120    00000180                 : memory.obj (.text:_malloc)
                  118172a0    00000180                 : lowlev.obj (.text:_open)
                  11817420    000000e0                 : trgdrv.obj (.text:_HOSTopen)
                  11817500    00000180     assem.obj (.text)
                  11817680    00000160     rts6740.lib : _scanfi.obj (.text:__sproc_lb)
                  118177e0    00000160                 : ldexp.obj (.text:_ldexp)
                  11817940    00000140                 : _printfi.obj (.text:__pproc_fflags)
                  11817a80    00000140                 : fgetc.obj (.text:_fgetc)
                  11817bc0    00000140                 : ftell.obj (.text:_ftell)
                  11817d00    00000140                 : lowlev.obj (.text:_getdevice)
                  11817e40    00000140                 : ungetc.obj (.text:_ungetc)
                  11817f80    00000120                 : _bufread.obj (.text:__buff_read)
                  118180a0    00000120                 : fclose.obj (.text:__closefile)
                  118181c0    00000120                 : _printfi.obj (.text:__ltostr)
                  118182e0    00000120                 : fopen.obj (.text:__search_fp)
                  11818400    00000120                 : _scanfi.obj (.text:__sget_scanset)
                  11818520    00000120                 : frexp.obj (.text:_frexp)
                  11818640    00000120                 : fseek.obj (.text:_fseek)
                  11818760    00000100                 : trgdrv.obj (.text:_HOSTlseek)
                  11818860    00000100                 : _io_perm.obj (.text:__wrt_ok)
                  11818960    00000100                 : fprintf.obj (.text:_fprintf)
                  11818a60    00000100                 : sqrt.obj (.text:_sqrt)
                  11818b60    000000e0                 : trgdrv.obj (.text:_HOSTread)
                  11818c40    000000e0                 : divi.obj (.text:__divi)
                  11818d20    000000e0                 : atoi.obj (.text:_atoi)
                  11818e00    000000e0                 : lowlev.obj (.text:_close)
                  11818ee0    000000e0                 : fflush.obj (.text:_fflush)
                  11818fc0    000000e0                 : fscanf.obj (.text:_fscanf)
                  118190a0    000000e0                 : memset.obj (.text:_memset)
                  11819180    000000e0                 : printf.obj (.text:_printf)
                  11819260    000000c0                 : trgdrv.obj (.text:_HOSTunlink)
                  11819320    000000c0                 : trgdrv.obj (.text:_HOSTwrite)
                  118193e0    000000c0                 : autoinit.obj (.text:__auto_init)
                  118194a0    000000c0                 : _printfi.obj (.text:__div)
                  11819560    000000c0                 : divu.obj (.text:__divu)
                  11819620    000000c0                 : fflush.obj (.text:__doflush)
                  118196e0    000000c0                 : _io_perm.obj (.text:__rd_ok)
                  118197a0    000000c0                 : remi.obj (.text:__remi)
                  11819860    000000c0                 : exit.obj (.text:_exit)
                  11819920    000000c0                 : ltoa.obj (.text:_ltoa)
                  118199e0    000000c0                 : strtok.obj (.text:_strtok)
                  11819aa0    000000a0                 : trgdrv.obj (.text:_HOSTclose)
                  11819b40    000000a0                 : new_.obj (.text:___nw__FUi)
                  11819be0    000000a0                 : fopen.obj (.text:__cleanup)
                  11819c80    000000a0                 : imath40.obj (.text:__divli)
                  11819d20    000000a0                 : _printfi.obj (.text:__ecpy)
                  11819dc0    000000a0                 : _printfi.obj (.text:__fcpy)
                  11819e60    000000a0                 : fixdli.obj (.text:__fixdli)
                  11819f00    000000a0                 : round.obj (.text:__nround)
                  11819fa0    000000a0                 : _printfi.obj (.text:__pconv_f)
                  1181a040    000000a0                 : cpy_tbl.obj (.text:_copy_in)
                  1181a0e0    000000a0                 : lowlev.obj (.text:_finddevice)
                  1181a180    000000a0                 : lowlev.obj (.text:_lseek)
                  1181a220    000000a0                 : memcpy64.obj (.text:_memcpy)
                  1181a2c0    000000a0                 : memory.obj (.text:_minsert)
                  1181a360    000000a0                 : modf.obj (.text:_modf)
                  1181a400    000000a0                 : memory.obj (.text:_mremove)
                  1181a4a0    000000a0                 : lowlev.obj (.text:_read)
                  1181a540    000000a0                 : strspn.obj (.text:_strspn)
                  1181a5e0    000000a0                 : lowlev.obj (.text:_write)
                  1181a680    00000080                 : fltlid.obj (.text:__fltlid)
                  1181a700    00000080                 : llshift.obj (.text:__llshl)
                  1181a780    00000080                 : boot.obj (.text:_c_int00)
                  1181a800    00000080                 : memory.obj (.text:_calloc)
                  1181a880    00000080                 : rand.obj (.text:_rand)
                  1181a900    00000080                 : trgmsg.obj (.text:_readmsg)
                  1181a980    00000080                 : lowlev.obj (.text:_unlink)
                  1181aa00    00000080     autocorr.obj (.text)
                  1181aa80    00000060     rts6740.lib : cpp_init.obj (.text:___TI_cpp_init)
                  1181aae0    00000060                 : imath64.obj (.text:__remull)
                  1181ab40    00000060                 : imath64.obj (.text:__subcull)
                  1181aba0    00000060                 : fclose.obj (.text:_fclose)
                  1181ac00    00000060                 : ferror.obj (.text:_ferror)
                  1181ac60    00000060                 : fopen.obj (.text:_fopen)
                  1181acc0    00000060                 : memccpy.obj (.text:_memccpy)
                  1181ad20    00000060                 : setlocale.obj (.text:_setlocale)
                  1181ad80    00000060                 : strcspn.obj (.text:_strcspn)
                  1181ade0    00000060                 : strrchr.obj (.text:_strrchr)
                  1181ae40    00000060                 : lowlev.obj (.text:_tabinit)
                  1181aea0    00000060                 : vsprintf.obj (.text:_vsprintf)
                  1181af00    00000060                 : trgmsg.obj (.text:_writemsg)
                  1181af60    00000040                 : isinf.obj (.text:___isinf)
                  1181afa0    00000040                 : _printfi.obj (.text:___isnan)
                  1181afe0    00000040                 : args_main.obj (.text:__args_main)
                  1181b020    00000040                 : frcmpyd_div.obj (.text:__frcmpyd_div)
                  1181b060    00000040                 : llshift.obj (.text:__llshru)
                  1181b0a0    00000040                 : vsprintf.obj (.text:__outs)
                  1181b0e0    00000040                 : imath40.obj (.text:__remli)
                  1181b120    00000040                 : imath40.obj (.text:__remul)
                  1181b160    00000040                 : strcmp.obj (.text:_strcmp)
                  1181b1a0    00000040                 : strlen.obj (.text:_strlen)
                  1181b1e0    00000040     flip.obj (.text)
                  1181b220    00000020     rts6740.lib : error.obj (.text:___abort_execution)
                  1181b240    00000020                 : newhandler.obj (.text:___default_new_handler__Fv)
                  1181b260    00000020                 : delete.obj (.text:___dl__FPv)
                  1181b280    00000020                 : array_del.obj (.text:___dla__FPv)
                  1181b2a0    00000020                 : array_new.obj (.text:___nwa__FUi)
                  1181b2c0    00000020                 : pure_virt.obj (.text:___pure_virtual_called)
                  1181b2e0    00000020                 : fscanf.obj (.text:__inpchar)
                  1181b300    00000020                 : negll.obj (.text:__negll)
                  1181b320    00000020                 : _lock.obj (.text:__nop)
                  1181b340    00000020                 : fprintf.obj (.text:__outc)
                  1181b360    00000020                 : printf.obj (.text:__outc)
                  1181b380    00000020                 : vsprintf.obj (.text:__outc)
                  1181b3a0    00000020                 : fprintf.obj (.text:__outs)
                  1181b3c0    00000020                 : printf.obj (.text:__outs)
                  1181b3e0    00000020                 : trunc.obj (.text:__trunc)
                  1181b400    00000020                 : fscanf.obj (.text:__uninpchar)
                  1181b420    00000020                 : exit.obj (.text:_abort)
                  1181b440    00000020                 : fgets.obj (.text:_fgets)
                  1181b460    00000020                 : remove.obj (.text:_remove)

.far       0    1181b480    00002c98     UNINITIALIZED
                  1181b480    00002580     main.obj (.far)
                  1181da00    00000324     rts6740.lib : defs.obj (.far)
                  1181dd24    00000004                 : errno.obj (.far)
                  1181dd28    00000120                 : pow.obj (.far)
                  1181de48    0000011c                 : lowlev.obj (.far)
                  1181df64    00000004                 : fopen.obj (.far)
                  1181df68    00000040                 : cos.obj (.far)
                  1181dfa8    00000040                 : sin.obj (.far)
                  1181dfe8    00000034                 : setlocale.obj (.far)
                  1181e01c    00000004                 : strtok.obj (.far)
                  1181e020    00000030                 : exp.obj (.far)
                  1181e050    00000030                 : log.obj (.far)
                  1181e080    00000030                 : tanh.obj (.far)
                  1181e0b0    00000030     svm.obj (.far)
                  1181e0e0    0000000c     rts6740.lib : exit.obj (.far)
                  1181e0ec    00000008     ISRs.obj (.far)
                  1181e0f4    00000008     rts6740.lib : _lock.obj (.far)
                  1181e0fc    00000008                 : memory.obj (.far)
                  1181e104    00000004                 : vars.obj (.far)
                  1181e108    00000008                 : rand.obj (.far)
                  1181e110    00000008                 : trgdrv.obj (.far)

.cinit     0    1181e118    00000fb4     
                  1181e118    00000ad0     main.obj (.cinit)
                  1181ebe8    00000140     rts6740.lib : pow.obj (.cinit)
                  1181ed28    0000006c     svm.obj (.cinit)
                  1181ed94    00000004     --HOLE-- [fill = 0]
                  1181ed98    0000005c     rts6740.lib : defs.obj (.cinit)
                  1181edf4    00000004     --HOLE-- [fill = 0]
                  1181edf8    0000005c                 : lowlev.obj (.cinit)
                  1181ee54    00000004     --HOLE-- [fill = 0]
                  1181ee58    00000048                 : cos.obj (.cinit)
                  1181eea0    00000048                 : sin.obj (.cinit)
                  1181eee8    00000040                 : exp.obj (.cinit)
                  1181ef28    00000040                 : log.obj (.cinit)
                  1181ef68    00000040                 : tanh.obj (.cinit)
                  1181efa8    00000039                 : setlocale.obj (.cinit)
                  1181efe1    00000007     --HOLE-- [fill = 0]
                  1181efe8    0000002c                 : exit.obj (.cinit)
                  1181f014    00000004     --HOLE-- [fill = 0]
                  1181f018    0000002c                 : memory.obj (.cinit)
                  1181f044    00000004     --HOLE-- [fill = 0]
                  1181f048    0000001c                 : _lock.obj (.cinit)
                  1181f064    00000004     --HOLE-- [fill = 0]
                  1181f068    00000010                 : rand.obj (.cinit)
                  1181f078    0000000c     LCDK_Support_DSP.obj (.cinit)
                  1181f084    00000004     --HOLE-- [fill = 0]
                  1181f088    0000000c     rts6740.lib : errno.obj (.cinit)
                  1181f094    00000004     --HOLE-- [fill = 0]
                  1181f098    0000000c                 : fopen.obj (.cinit)
                  1181f0a4    00000004     --HOLE-- [fill = 0]
                  1181f0a8    0000000c                 : strtok.obj (.cinit)
                  1181f0b4    00000004     --HOLE-- [fill = 0]
                  1181f0b8    0000000c                 : vars.obj (.cinit)
                  1181f0c4    00000004     --HOLE-- [fill = 0]
                  1181f0c8    00000004     (.pad.cinit) [fill = 0]

.const     0    1181f0d0    00000aee     
                  1181f0d0    000005d8     svm.obj (.const:.string)
                  1181f6a8    00000168     main.obj (.const:.string)
                  1181f810    00000101     rts6740.lib : ctype.obj (.const:.string:__ctypes_)
                  1181f911    00000005                 : setlocale.obj (.const:.string)
                  1181f916    00000002                 : fputs.obj (.const:.string)
                  1181f918    00000050                 : strtod.obj (.const:_digits)
                  1181f968    00000050                 : strtold.obj (.const:_digits)
                  1181f9b8    00000048                 : strtod.obj (.const:_powerof10)
                  1181fa00    00000048                 : strtold.obj (.const:_powerof10)
                  1181fa48    00000028     svm.obj (.const:___vtbl__11ONE_CLASS_Q)
                  1181fa70    00000028     svm.obj (.const:___vtbl__5SVC_Q)
                  1181fa98    00000028     svm.obj (.const:___vtbl__5SVR_Q)
                  1181fac0    00000028     svm.obj (.const:___vtbl__6Kernel)
                  1181fae8    00000028     svm.obj (.const:___vtbl__6Solver)
                  1181fb10    00000028     svm.obj (.const:___vtbl__7QMatrix)
                  1181fb38    00000028     svm.obj (.const:___vtbl__9Solver_NU)
                  1181fb60    00000028     svm.obj (.const)
                  1181fb88    00000023     rts6740.lib : _printfi.obj (.const:.string)
                  1181fbab    00000005     --HOLE-- [fill = 0]
                  1181fbb0    00000007                 : _scanfi.obj (.const:.string:_flit$1)
                  1181fbb7    00000001     --HOLE-- [fill = 0]
                  1181fbb8    00000006                 : _scanfi.obj (.const:.string:_barr$2)

.stack     0    1181fbc0    00000400     UNINITIALIZED
                  1181fbc0    00000008     rts6740.lib : boot.obj (.stack)
                  1181fbc8    000003f8     --HOLE--

.sysmem    0    1181ffc0    00000400     UNINITIALIZED
                  1181ffc0    00000008     rts6740.lib : memory.obj (.sysmem)
                  1181ffc8    000003f8     --HOLE--

.cio       0    118203c0    00000120     UNINITIALIZED
                  118203c0    00000120     rts6740.lib : trgmsg.obj (.cio)

.switch    0    118204e0    0000007c     
                  118204e0    00000028     rts6740.lib : _scanfi.obj (.switch:__sset_arg)
                  11820508    00000018     LCDK_Support_DSP.obj (.switch:_SetSampleRate_AIC3106)
                  11820520    00000014     svm.obj (.switch:___ct__6KernelFiPCP8svm_nodeRC13svm_parameter)
                  11820534    00000014     svm.obj (.switch:_k_function__6KernelSFPC8svm_nodeT1RC13svm_parameter)
                  11820548    00000014     svm.obj (.switch:_svm_train_one__FPC11svm_problemPC13svm_parameterdT3)

.bss       0    1182055c    0000005c     UNINITIALIZED
                  1182055c    00000048     main.obj (.bss)
                  118205a4    00000010     svm.obj (.bss)
                  118205b4    00000004     LCDK_Support_DSP.obj (.bss)


GLOBAL SYMBOLS: SORTED ALPHABETICALLY BY Name 

address    name
--------   ----
1182055c   $bss
1182055c   .bss
11800200   .text
1181b420   C$$EXIT
1181af58   C$$IO$$
1180d26c   _AIC3106_write_reg
1181be80   _B
1181dfe8   _C_locale
1180cff4   _CheckForOverrun
1181e0ec   _CodecDataIn
1181e0f0   _CodecDataOut
11815760   _Codec_ISR
11820568   _D
1180cb88   _DSP_Init
1180cba8   _DSP_Init_EDMA
1180cd8c   _EnableInterrupts
1180cdd8   _EnableInterrupts_EDMA
1180ff08   _GetCenterFrequency
1180faa0   _GetCoefficient
1180fcc8   _GetFilterParameter
1180fe6c   _GetMagnitudeFactor
1180cb80   _GetSampleFreq
11819aa0   _HOSTclose
11818760   _HOSTlseek
11817420   _HOSTopen
11818b60   _HOSTread
11816e20   _HOSTrename
11819260   _HOSTunlink
11819320   _HOSTwrite
1180cd24   _InitDigitalOutputs
1180cbc8   _InitLEDs
1180d024   _Init_AIC3106
1180ce4c   _Init_I2C
1180cd48   _Init_Interrupts
1180cdc8   _Init_Interrupts_EDMA
1180d418   _Init_McASP0
1180d7a8   _Init_UART2
1180d8e8   _IsDataReady_UART2
1180d90c   _IsTxReady_UART2
11820560   _K
1182055c   _M
11820564   _N
1180fc64   _NormalizationFactor
1180d888   _Puts_UART2
1180cfac   _ReadCodecData
1180cd0c   _ReadSwitches
1180d8c8   _Read_UART2
1180d2a8   _Reset_AIC3106
1180cea8   _Reset_I2C
1180d2d0   _SetSampleRate_AIC3106
11808b94   _Solve__6SolverFiRC7QMatrixPCdPCScPddN26PQ2_6Solver12SolutionInfoT1
1180cfd0   _WriteCodecData
1180cd30   _WriteDigitalOutputs
1180cc28   _WriteLEDs
1180cec8   _Write_I2C
1180d860   _Write_UART2
1181b480   _X
118203c0   __CIOBUF_
1181ffc0   __STACK_END
00000400   __STACK_SIZE
00000400   __SYSMEM_SIZE
00000001   __TI_args_main
1181aa80   ___TI_cpp_init
1181e0e8   ___TI_enable_exit_profile_output
ffffffff   ___TI_pprof_out_hndl
ffffffff   ___TI_prof_data_size
ffffffff   ___TI_prof_data_start
1181b220   ___abort_execution
ffffffff   ___binit__
1182055c   ___bss__
ffffffff   ___c_args__
1181e118   ___cinit__
118081a0   ___ct__5CacheFil
118086cc   ___ct__6KernelFiPCP8svm_nodeRC13svm_parameter
1181b240   ___default_new_handler__Fv
1181b260   ___dl__FPv
1181b280   ___dla__FPv
11808294   ___dt__5CacheFv
118088a0   ___dt__6KernelFv
118205b8   ___end__
1181b480   ___etext__
1181af60   ___isinf
11819b40   ___nw__FUi
1181b2a0   ___nwa__FUi
ffffffff   ___pinit__
1181b2c0   ___pure_virtual_called
11800200   ___text__
1181fac0   ___vtbl__6Kernel
1181fae8   ___vtbl__6Solver
1181fb38   ___vtbl__9Solver_NU
1181afe0   __args_main
118193e0   __auto_init
11817f80   __buff_read
11818c40   __c6xabi_divi
11819560   __c6xabi_divu
118197a0   __c6xabi_remi
11819be0   __cleanup
1181e0e0   __cleanup_ptr
118180a0   __closefile
1181f810   __ctypes_
1180ef80   __divd
118148e0   __divf
11818c40   __divi
11819c80   __divli
11819560   __divu
11816940   __divul
11815060   __divull
11819620   __doflush
1181e0e4   __dtors_ptr
11819e60   __fixdli
1181a680   __fltlid
1181b020   __frcmpyd_div
1181dd20   __ft_end
1181da00   __ftable
1181a700   __llshl
1181b060   __llshru
1181e0f4   __lock
1181b300   __negll
1181e104   __new_handler
1181b320   __nop
11819f00   __nround
11811b40   __printfi
118196e0   __rd_ok
118197a0   __remi
1181b0e0   __remli
1181b120   __remul
1181aae0   __remull
1180d940   __scanfi
1181fbc0   __stack
1181ab40   __subcull
1181ffc0   __sys_memory
1181dbe0   __tmpnams
1181b3e0   __trunc
1181e0f8   __unlock
11818860   __wrt_ok
1181b420   _abort
11818d20   _atoi
1181aa00   _autoCorr
11820588   _avg
1180ab6c   _be_shrunk__6SolverFidT2
1180b534   _be_shrunk__9Solver_NUFidN32
1181a780   _c_int00
1180a6b0   _calculate_rho__6SolverFv
1180b26c   _calculate_rho__9Solver_NUFv
1181a800   _calloc
11818e00   _close
1182058c   _coeff
1181a040   _copy_in
11813860   _cos
11820598   _cross_validation
1182057c   _denominator
1180c188   _do_cross_validation
1180a870   _do_shrinking__6SolverFv
1180b62c   _do_shrinking__9Solver_NUFv
11808ae0   _dot__6KernelSFPC8svm_nodeT1
1181dd24   _errno
11819860   _exit
118163e0   _exp
1181aba0   _fclose
11820578   _feature
1181ac00   _ferror
11818ee0   _fflush
1180b960   _fft
11817a80   _fgetc
1181b440   _fgets
11817604   _fircircfunc
1181b1e0   _flipfunc
1181ac60   _fopen
11818960   _fprintf
11815bc0   _fputc
11812b80   _fputs
11814b60   _free
11818520   _frexp
11818fc0   _fscanf
11818640   _fseek
11817bc0   _ftell
11808318   _get_data__5CacheFiPPfT1
11817a80   _getc
1180c504   _initialization
118088f0   _k_function__6KernelSFPC8svm_nodeT1RC13svm_parameter
1182056c   _kk
118177e0   _ldexp
118205a4   _libsvm_version
11815fe0   _log
11808648   _lru_delete__5CacheFPQ2_5Cache6head_t
11808678   _lru_insert__5CacheFPQ2_5Cache6head_t
1181a180   _lseek
11819920   _ltoa
11820584   _magnitude
1180bdac   _main
11817120   _malloc
1181acc0   _memccpy
1181a220   _memcpy
118190a0   _memset
1181ce80   _mfcc_result
11820590   _model
1181a360   _modf
1182059c   _nr_fold
11820580   _numerator
118172a0   _open
1181cee8   _param
1181d028   _params
1180e240   _pow
11813b40   _powi
1180c758   _predict
118205a0   _predict_probability
11819180   _printf
1181cf48   _prob
11815bc0   _putc
1181a880   _rand
1181a4a0   _read
11806b40   _read_model_header__FPQ2_3std4FILEP9svm_model
1180c5e0   _read_problem
1181a900   _readmsg
118140e0   _realloc
11809de4   _reconstruct_gradient__6SolverFv
1181b460   _remove
1180a12c   _select_working_set__6SolverFRiT1
1180ac54   _select_working_set__9Solver_NUFRiT1
1181ad20   _setlocale
118161e0   _setvbuf
11814de0   _sin
1181c680   _spectrum
11818a60   _sqrt
11820570   _startflag
1181b160   _strcmp
1181ad80   _strcspn
1181b1a0   _strlen
1181ade0   _strrchr
1181a540   _strspn
118109c0   _strtod
118199e0   _strtok
11810e20   _strtol
11811280   _strtold
118116e0   _strtoll
11812380   _strtoul
11812780   _strtoull
11807c40   _svm_check_parameter
11808100   _svm_check_probability_model
11805210   _svm_cross_validation
11807c18   _svm_destroy_param
11807bd4   _svm_free_and_destroy_model
11807a34   _svm_free_model_content
118059e0   _svm_get_labels
118059c8   _svm_get_nr_class
11805ab0   _svm_get_nr_sv
11805a4c   _svm_get_sv_indices
118059b0   _svm_get_svm_type
11805ac8   _svm_get_svr_probability
1180760c   _svm_load_model
11806028   _svm_predict
118060c0   _svm_predict_probability
11805b28   _svm_predict_values
11807230   _svm_read_model
118063b4   _svm_save_model
11808170   _svm_set_print_string_function__FPFPCc_v
1180424c   _svm_train
11808444   _swap_index__5CacheFiT1
11809ca4   _swap_index__6SolverFiT1
11816c80   _tanh
11820574   _training
1180bcc8   _twiddleFactors
11817e40   _ungetc
1181a980   _unlink
1181aea0   _vsprintf
1181b680   _w
1180ce18   _wait
1181a5e0   _write
1181af00   _writemsg
1181cf58   _x
11820594   _x_space
ffffffff   binit
1181e118   cinit
118205b8   end
1181b480   etext
ffffffff   pinit


GLOBAL SYMBOLS: SORTED BY Symbol Address 

address    name
--------   ----
00000001   __TI_args_main
00000400   __STACK_SIZE
00000400   __SYSMEM_SIZE
11800200   .text
11800200   ___text__
1180424c   _svm_train
11805210   _svm_cross_validation
118059b0   _svm_get_svm_type
118059c8   _svm_get_nr_class
118059e0   _svm_get_labels
11805a4c   _svm_get_sv_indices
11805ab0   _svm_get_nr_sv
11805ac8   _svm_get_svr_probability
11805b28   _svm_predict_values
11806028   _svm_predict
118060c0   _svm_predict_probability
118063b4   _svm_save_model
11806b40   _read_model_header__FPQ2_3std4FILEP9svm_model
11807230   _svm_read_model
1180760c   _svm_load_model
11807a34   _svm_free_model_content
11807bd4   _svm_free_and_destroy_model
11807c18   _svm_destroy_param
11807c40   _svm_check_parameter
11808100   _svm_check_probability_model
11808170   _svm_set_print_string_function__FPFPCc_v
118081a0   ___ct__5CacheFil
11808294   ___dt__5CacheFv
11808318   _get_data__5CacheFiPPfT1
11808444   _swap_index__5CacheFiT1
11808648   _lru_delete__5CacheFPQ2_5Cache6head_t
11808678   _lru_insert__5CacheFPQ2_5Cache6head_t
118086cc   ___ct__6KernelFiPCP8svm_nodeRC13svm_parameter
118088a0   ___dt__6KernelFv
118088f0   _k_function__6KernelSFPC8svm_nodeT1RC13svm_parameter
11808ae0   _dot__6KernelSFPC8svm_nodeT1
11808b94   _Solve__6SolverFiRC7QMatrixPCdPCScPddN26PQ2_6Solver12SolutionInfoT1
11809ca4   _swap_index__6SolverFiT1
11809de4   _reconstruct_gradient__6SolverFv
1180a12c   _select_working_set__6SolverFRiT1
1180a6b0   _calculate_rho__6SolverFv
1180a870   _do_shrinking__6SolverFv
1180ab6c   _be_shrunk__6SolverFidT2
1180ac54   _select_working_set__9Solver_NUFRiT1
1180b26c   _calculate_rho__9Solver_NUFv
1180b534   _be_shrunk__9Solver_NUFidN32
1180b62c   _do_shrinking__9Solver_NUFv
1180b960   _fft
1180bcc8   _twiddleFactors
1180bdac   _main
1180c188   _do_cross_validation
1180c504   _initialization
1180c5e0   _read_problem
1180c758   _predict
1180cb80   _GetSampleFreq
1180cb88   _DSP_Init
1180cba8   _DSP_Init_EDMA
1180cbc8   _InitLEDs
1180cc28   _WriteLEDs
1180cd0c   _ReadSwitches
1180cd24   _InitDigitalOutputs
1180cd30   _WriteDigitalOutputs
1180cd48   _Init_Interrupts
1180cd8c   _EnableInterrupts
1180cdc8   _Init_Interrupts_EDMA
1180cdd8   _EnableInterrupts_EDMA
1180ce18   _wait
1180ce4c   _Init_I2C
1180cea8   _Reset_I2C
1180cec8   _Write_I2C
1180cfac   _ReadCodecData
1180cfd0   _WriteCodecData
1180cff4   _CheckForOverrun
1180d024   _Init_AIC3106
1180d26c   _AIC3106_write_reg
1180d2a8   _Reset_AIC3106
1180d2d0   _SetSampleRate_AIC3106
1180d418   _Init_McASP0
1180d7a8   _Init_UART2
1180d860   _Write_UART2
1180d888   _Puts_UART2
1180d8c8   _Read_UART2
1180d8e8   _IsDataReady_UART2
1180d90c   _IsTxReady_UART2
1180d940   __scanfi
1180e240   _pow
1180ef80   __divd
1180faa0   _GetCoefficient
1180fc64   _NormalizationFactor
1180fcc8   _GetFilterParameter
1180fe6c   _GetMagnitudeFactor
1180ff08   _GetCenterFrequency
118109c0   _strtod
11810e20   _strtol
11811280   _strtold
118116e0   _strtoll
11811b40   __printfi
11812380   _strtoul
11812780   _strtoull
11812b80   _fputs
11813860   _cos
11813b40   _powi
118140e0   _realloc
118148e0   __divf
11814b60   _free
11814de0   _sin
11815060   __divull
11815760   _Codec_ISR
11815bc0   _fputc
11815bc0   _putc
11815fe0   _log
118161e0   _setvbuf
118163e0   _exp
11816940   __divul
11816c80   _tanh
11816e20   _HOSTrename
11817120   _malloc
118172a0   _open
11817420   _HOSTopen
11817604   _fircircfunc
118177e0   _ldexp
11817a80   _fgetc
11817a80   _getc
11817bc0   _ftell
11817e40   _ungetc
11817f80   __buff_read
118180a0   __closefile
11818520   _frexp
11818640   _fseek
11818760   _HOSTlseek
11818860   __wrt_ok
11818960   _fprintf
11818a60   _sqrt
11818b60   _HOSTread
11818c40   __c6xabi_divi
11818c40   __divi
11818d20   _atoi
11818e00   _close
11818ee0   _fflush
11818fc0   _fscanf
118190a0   _memset
11819180   _printf
11819260   _HOSTunlink
11819320   _HOSTwrite
118193e0   __auto_init
11819560   __c6xabi_divu
11819560   __divu
11819620   __doflush
118196e0   __rd_ok
118197a0   __c6xabi_remi
118197a0   __remi
11819860   _exit
11819920   _ltoa
118199e0   _strtok
11819aa0   _HOSTclose
11819b40   ___nw__FUi
11819be0   __cleanup
11819c80   __divli
11819e60   __fixdli
11819f00   __nround
1181a040   _copy_in
1181a180   _lseek
1181a220   _memcpy
1181a360   _modf
1181a4a0   _read
1181a540   _strspn
1181a5e0   _write
1181a680   __fltlid
1181a700   __llshl
1181a780   _c_int00
1181a800   _calloc
1181a880   _rand
1181a900   _readmsg
1181a980   _unlink
1181aa00   _autoCorr
1181aa80   ___TI_cpp_init
1181aae0   __remull
1181ab40   __subcull
1181aba0   _fclose
1181ac00   _ferror
1181ac60   _fopen
1181acc0   _memccpy
1181ad20   _setlocale
1181ad80   _strcspn
1181ade0   _strrchr
1181aea0   _vsprintf
1181af00   _writemsg
1181af58   C$$IO$$
1181af60   ___isinf
1181afe0   __args_main
1181b020   __frcmpyd_div
1181b060   __llshru
1181b0e0   __remli
1181b120   __remul
1181b160   _strcmp
1181b1a0   _strlen
1181b1e0   _flipfunc
1181b220   ___abort_execution
1181b240   ___default_new_handler__Fv
1181b260   ___dl__FPv
1181b280   ___dla__FPv
1181b2a0   ___nwa__FUi
1181b2c0   ___pure_virtual_called
1181b300   __negll
1181b320   __nop
1181b3e0   __trunc
1181b420   C$$EXIT
1181b420   _abort
1181b440   _fgets
1181b460   _remove
1181b480   _X
1181b480   ___etext__
1181b480   etext
1181b680   _w
1181be80   _B
1181c680   _spectrum
1181ce80   _mfcc_result
1181cee8   _param
1181cf48   _prob
1181cf58   _x
1181d028   _params
1181da00   __ftable
1181dbe0   __tmpnams
1181dd20   __ft_end
1181dd24   _errno
1181dfe8   _C_locale
1181e0e0   __cleanup_ptr
1181e0e4   __dtors_ptr
1181e0e8   ___TI_enable_exit_profile_output
1181e0ec   _CodecDataIn
1181e0f0   _CodecDataOut
1181e0f4   __lock
1181e0f8   __unlock
1181e104   __new_handler
1181e118   ___cinit__
1181e118   cinit
1181f810   __ctypes_
1181fac0   ___vtbl__6Kernel
1181fae8   ___vtbl__6Solver
1181fb38   ___vtbl__9Solver_NU
1181fbc0   __stack
1181ffc0   __STACK_END
1181ffc0   __sys_memory
118203c0   __CIOBUF_
1182055c   $bss
1182055c   .bss
1182055c   _M
1182055c   ___bss__
11820560   _K
11820564   _N
11820568   _D
1182056c   _kk
11820570   _startflag
11820574   _training
11820578   _feature
1182057c   _denominator
11820580   _numerator
11820584   _magnitude
11820588   _avg
1182058c   _coeff
11820590   _model
11820594   _x_space
11820598   _cross_validation
1182059c   _nr_fold
118205a0   _predict_probability
118205a4   _libsvm_version
118205b8   ___end__
118205b8   end
ffffffff   ___TI_pprof_out_hndl
ffffffff   ___TI_prof_data_size
ffffffff   ___TI_prof_data_start
ffffffff   ___binit__
ffffffff   ___c_args__
ffffffff   ___pinit__
ffffffff   binit
ffffffff   pinit

[276 symbols]
