******************************************************************************
               TMS320C6x Linker Unix v7.4.16                   
******************************************************************************
>> Linked Wed Apr 25 18:40:17 2018

OUTPUT FILE NAME:   <lab3_problem5.out>
ENTRY POINT SYMBOL: "_c_int00"  address: 1181a860


MEMORY CONFIGURATION

         name            origin    length      used     unused   attr    fill
----------------------  --------  ---------  --------  --------  ----  --------
  VECTORS               11800000   00000200  00000200  00000000  RWIX
  DSPRAM                11800200   0003fe00  0001f51a  000208e6  RWIX
  SHAREDRAM             80000000   00020000  00000000  00020000  RWIX
  SDRAM                 c0000000   08000000  00000000  08000000  RWIX


SECTION ALLOCATION MAP

 output                                  attributes/
section   page    origin      length       input sections
--------  ----  ----------  ----------   ----------------
vectors    0    11800000    00000200     
                  11800000    00000200     vectors.obj (vectors)

.text      0    11800200    0001b340     
                  11800200    0000b440     svm.obj (.text)
                  1180b640    00001600     main.obj (.text)
                  1180cc40    00000dc0     LCDK_Support_DSP.obj (.text)
                  1180da00    00000900     rts6740.lib : _scanfi.obj (.text:__scanfi)
                  1180e300    00000720                 : pow.obj (.text:_pow)
                  1180ea20    00000620                 : _scanfi.obj (.text:__sset_arg)
                  1180f040    000005a0                 : divd.obj (.text:__divd)
                  1180f5e0    00000580                 : _printfi.obj (.text:__getarg_diouxp)
                  1180fb60    00000540     libmfcc.obj (.text)
                  118100a0    00000520     rts6740.lib : _printfi.obj (.text:__setfield)
                  118105c0    000004c0                 : _scanfi.obj (.text:__sproc_int)
                  11810a80    00000460                 : strtod.obj (.text:_strtod)
                  11810ee0    00000460                 : strtol.obj (.text:_strtol)
                  11811340    00000460                 : strtold.obj (.text:_strtold)
                  118117a0    00000460                 : strtoll.obj (.text:_strtoll)
                  11811c00    00000440                 : _printfi.obj (.text:__printfi)
                  11812040    00000400                 : fgets.obj (.text:__dofgets)
                  11812440    00000400                 : strtoul.obj (.text:_strtoul)
                  11812840    00000400                 : strtoull.obj (.text:_strtoull)
                  11812c40    000003a0                 : fputs.obj (.text:_fputs)
                  11812fe0    00000340                 : _scanfi.obj (.text:__sget_conv)
                  11813320    00000320                 : _printfi.obj (.text:__pproc_fge)
                  11813640    000002e0                 : _scanfi.obj (.text:__sproc_float)
                  11813920    000002e0                 : cos.obj (.text:_cos)
                  11813c00    000002e0                 : powi.obj (.text:_powi)
                  11813ee0    000002c0                 : _printfi.obj (.text:__pproc_fwp)
                  118141a0    000002c0                 : memory.obj (.text:_realloc)
                  11814460    000002a0                 : _printfi.obj (.text:_ecvt)
                  11814700    000002a0                 : _printfi.obj (.text:_fcvt)
                  118149a0    00000280                 : divf.obj (.text:__divf)
                  11814c20    00000280                 : memory.obj (.text:_free)
                  11814ea0    00000280                 : sin.obj (.text:_sin)
                  11815120    00000260                 : imath64.obj (.text:__divull)
                  11815380    00000260                 : _printfi.obj (.text:__pconv_e)
                  118155e0    00000240                 : _printfi.obj (.text:__pproc_diouxp)
                  11815820    00000240     ISRs.obj (.text:retain)
                  11815a60    00000220     rts6740.lib : _printfi.obj (.text:__pproc_str)
                  11815c80    00000220                 : fputc.obj (.text:_fputc)
                  11815ea0    00000200                 : _printfi.obj (.text:__pconv_g)
                  118160a0    00000200                 : log.obj (.text:_log)
                  118162a0    00000200                 : setvbuf.obj (.text:_setvbuf)
                  118164a0    000001e0                 : exp.obj (.text:_exp)
                  11816680    000001c0                 : _printfi.obj (.text:__mcpy)
                  11816840    000001c0                 : fopen.obj (.text:__openfile)
                  11816a00    000001a0                 : imath40.obj (.text:__divul)
                  11816ba0    000001a0                 : _scanfi.obj (.text:__sproc_str)
                  11816d40    000001a0                 : tanh.obj (.text:_tanh)
                  11816ee0    00000180                 : trgdrv.obj (.text:_HOSTrename)
                  11817060    00000180                 : fscanf.obj (.text:__chkmbc)
                  118171e0    00000180                 : memory.obj (.text:_malloc)
                  11817360    00000180                 : lowlev.obj (.text:_open)
                  118174e0    00000020                 : error.obj (.text:___abort_execution)
                  11817500    00000180     assem.obj (.text)
                  11817680    00000160     rts6740.lib : _scanfi.obj (.text:__sproc_lb)
                  118177e0    00000160                 : ldexp.obj (.text:_ldexp)
                  11817940    00000140                 : _printfi.obj (.text:__pproc_fflags)
                  11817a80    00000140                 : fgetc.obj (.text:_fgetc)
                  11817bc0    00000140                 : ftell.obj (.text:_ftell)
                  11817d00    00000140                 : lowlev.obj (.text:_getdevice)
                  11817e40    00000140                 : ungetc.obj (.text:_ungetc)
                  11817f80    00000120                 : _bufread.obj (.text:__buff_read)
                  118180a0    00000120                 : fclose.obj (.text:__closefile)
                  118181c0    00000120                 : _printfi.obj (.text:__ltostr)
                  118182e0    00000120                 : fopen.obj (.text:__search_fp)
                  11818400    00000120                 : _scanfi.obj (.text:__sget_scanset)
                  11818520    00000120                 : frexp.obj (.text:_frexp)
                  11818640    00000120                 : fseek.obj (.text:_fseek)
                  11818760    00000100                 : trgdrv.obj (.text:_HOSTlseek)
                  11818860    00000100                 : _io_perm.obj (.text:__wrt_ok)
                  11818960    00000100                 : fprintf.obj (.text:_fprintf)
                  11818a60    00000100                 : sqrt.obj (.text:_sqrt)
                  11818b60    000000e0                 : trgdrv.obj (.text:_HOSTopen)
                  11818c40    000000e0                 : trgdrv.obj (.text:_HOSTread)
                  11818d20    000000e0                 : divi.obj (.text:__divi)
                  11818e00    000000e0                 : atoi.obj (.text:_atoi)
                  11818ee0    000000e0                 : lowlev.obj (.text:_close)
                  11818fc0    000000e0                 : fflush.obj (.text:_fflush)
                  118190a0    000000e0                 : fscanf.obj (.text:_fscanf)
                  11819180    000000e0                 : memset.obj (.text:_memset)
                  11819260    000000e0                 : printf.obj (.text:_printf)
                  11819340    000000c0                 : trgdrv.obj (.text:_HOSTunlink)
                  11819400    000000c0                 : trgdrv.obj (.text:_HOSTwrite)
                  118194c0    000000c0                 : autoinit.obj (.text:__auto_init)
                  11819580    000000c0                 : _printfi.obj (.text:__div)
                  11819640    000000c0                 : divu.obj (.text:__divu)
                  11819700    000000c0                 : fflush.obj (.text:__doflush)
                  118197c0    000000c0                 : _io_perm.obj (.text:__rd_ok)
                  11819880    000000c0                 : remi.obj (.text:__remi)
                  11819940    000000c0                 : exit.obj (.text:_exit)
                  11819a00    000000c0                 : ltoa.obj (.text:_ltoa)
                  11819ac0    000000c0                 : strtok.obj (.text:_strtok)
                  11819b80    000000a0                 : trgdrv.obj (.text:_HOSTclose)
                  11819c20    000000a0                 : new_.obj (.text:___nw__FUi)
                  11819cc0    000000a0                 : fopen.obj (.text:__cleanup)
                  11819d60    000000a0                 : imath40.obj (.text:__divli)
                  11819e00    000000a0                 : _printfi.obj (.text:__ecpy)
                  11819ea0    000000a0                 : _printfi.obj (.text:__fcpy)
                  11819f40    000000a0                 : fixdli.obj (.text:__fixdli)
                  11819fe0    000000a0                 : round.obj (.text:__nround)
                  1181a080    000000a0                 : _printfi.obj (.text:__pconv_f)
                  1181a120    000000a0                 : cpy_tbl.obj (.text:_copy_in)
                  1181a1c0    000000a0                 : lowlev.obj (.text:_finddevice)
                  1181a260    000000a0                 : lowlev.obj (.text:_lseek)
                  1181a300    000000a0                 : memcpy64.obj (.text:_memcpy)
                  1181a3a0    000000a0                 : memory.obj (.text:_minsert)
                  1181a440    000000a0                 : modf.obj (.text:_modf)
                  1181a4e0    000000a0                 : memory.obj (.text:_mremove)
                  1181a580    000000a0                 : lowlev.obj (.text:_read)
                  1181a620    000000a0                 : strspn.obj (.text:_strspn)
                  1181a6c0    000000a0                 : lowlev.obj (.text:_write)
                  1181a760    00000080                 : fltlid.obj (.text:__fltlid)
                  1181a7e0    00000080                 : llshift.obj (.text:__llshl)
                  1181a860    00000080                 : boot.obj (.text:_c_int00)
                  1181a8e0    00000080                 : memory.obj (.text:_calloc)
                  1181a960    00000080                 : rand.obj (.text:_rand)
                  1181a9e0    00000080                 : trgmsg.obj (.text:_readmsg)
                  1181aa60    00000080                 : lowlev.obj (.text:_unlink)
                  1181aae0    00000080     autocorr.obj (.text)
                  1181ab60    00000060     rts6740.lib : cpp_init.obj (.text:___TI_cpp_init)
                  1181abc0    00000060                 : imath64.obj (.text:__remull)
                  1181ac20    00000060                 : imath64.obj (.text:__subcull)
                  1181ac80    00000060                 : fclose.obj (.text:_fclose)
                  1181ace0    00000060                 : ferror.obj (.text:_ferror)
                  1181ad40    00000060                 : fopen.obj (.text:_fopen)
                  1181ada0    00000060                 : memccpy.obj (.text:_memccpy)
                  1181ae00    00000060                 : setlocale.obj (.text:_setlocale)
                  1181ae60    00000060                 : strcspn.obj (.text:_strcspn)
                  1181aec0    00000060                 : strrchr.obj (.text:_strrchr)
                  1181af20    00000060                 : lowlev.obj (.text:_tabinit)
                  1181af80    00000060                 : vsprintf.obj (.text:_vsprintf)
                  1181afe0    00000060                 : trgmsg.obj (.text:_writemsg)
                  1181b040    00000040                 : isinf.obj (.text:___isinf)
                  1181b080    00000040                 : _printfi.obj (.text:___isnan)
                  1181b0c0    00000040                 : args_main.obj (.text:__args_main)
                  1181b100    00000040                 : frcmpyd_div.obj (.text:__frcmpyd_div)
                  1181b140    00000040                 : llshift.obj (.text:__llshru)
                  1181b180    00000040                 : vsprintf.obj (.text:__outs)
                  1181b1c0    00000040                 : imath40.obj (.text:__remli)
                  1181b200    00000040                 : imath40.obj (.text:__remul)
                  1181b240    00000040                 : strcmp.obj (.text:_strcmp)
                  1181b280    00000040                 : strlen.obj (.text:_strlen)
                  1181b2c0    00000040     flip.obj (.text)
                  1181b300    00000020     rts6740.lib : newhandler.obj (.text:___default_new_handler__Fv)
                  1181b320    00000020                 : delete.obj (.text:___dl__FPv)
                  1181b340    00000020                 : array_del.obj (.text:___dla__FPv)
                  1181b360    00000020                 : array_new.obj (.text:___nwa__FUi)
                  1181b380    00000020                 : pure_virt.obj (.text:___pure_virtual_called)
                  1181b3a0    00000020                 : fscanf.obj (.text:__inpchar)
                  1181b3c0    00000020                 : negll.obj (.text:__negll)
                  1181b3e0    00000020                 : _lock.obj (.text:__nop)
                  1181b400    00000020                 : fprintf.obj (.text:__outc)
                  1181b420    00000020                 : printf.obj (.text:__outc)
                  1181b440    00000020                 : vsprintf.obj (.text:__outc)
                  1181b460    00000020                 : fprintf.obj (.text:__outs)
                  1181b480    00000020                 : printf.obj (.text:__outs)
                  1181b4a0    00000020                 : trunc.obj (.text:__trunc)
                  1181b4c0    00000020                 : fscanf.obj (.text:__uninpchar)
                  1181b4e0    00000020                 : exit.obj (.text:_abort)
                  1181b500    00000020                 : fgets.obj (.text:_fgets)
                  1181b520    00000020                 : remove.obj (.text:_remove)

.far       0    1181b540    000025b8     UNINITIALIZED
                  1181b540    00001ea0     main.obj (.far)
                  1181d3e0    00000324     rts6740.lib : defs.obj (.far)
                  1181d704    00000004                 : errno.obj (.far)
                  1181d708    00000120                 : pow.obj (.far)
                  1181d828    0000011c                 : lowlev.obj (.far)
                  1181d944    00000004                 : fopen.obj (.far)
                  1181d948    00000040                 : cos.obj (.far)
                  1181d988    00000040                 : sin.obj (.far)
                  1181d9c8    00000034                 : setlocale.obj (.far)
                  1181d9fc    00000004                 : strtok.obj (.far)
                  1181da00    00000030                 : exp.obj (.far)
                  1181da30    00000030                 : log.obj (.far)
                  1181da60    00000030                 : tanh.obj (.far)
                  1181da90    00000030     svm.obj (.far)
                  1181dac0    0000000c     rts6740.lib : exit.obj (.far)
                  1181dacc    00000008     ISRs.obj (.far)
                  1181dad4    00000008     rts6740.lib : _lock.obj (.far)
                  1181dadc    00000008                 : memory.obj (.far)
                  1181dae4    00000004                 : vars.obj (.far)
                  1181dae8    00000008                 : rand.obj (.far)
                  1181daf0    00000008                 : trgdrv.obj (.far)

.const     0    1181daf8    00000c76     
                  1181daf8    000005d8     svm.obj (.const:.string)
                  1181e0d0    00000180     main.obj (.const:.string)
                  1181e250    0000016c     gmm.obj (.const:.string)
                  1181e3bc    00000002     rts6740.lib : fputs.obj (.const:.string)
                  1181e3be    00000002     --HOLE-- [fill = 0]
                  1181e3c0    00000101                 : ctype.obj (.const:.string:__ctypes_)
                  1181e4c1    00000005                 : setlocale.obj (.const:.string)
                  1181e4c6    00000002     --HOLE-- [fill = 0]
                  1181e4c8    00000050                 : strtod.obj (.const:_digits)
                  1181e518    00000050                 : strtold.obj (.const:_digits)
                  1181e568    00000048                 : strtod.obj (.const:_powerof10)
                  1181e5b0    00000048                 : strtold.obj (.const:_powerof10)
                  1181e5f8    00000028     svm.obj (.const:___vtbl__11ONE_CLASS_Q)
                  1181e620    00000028     svm.obj (.const:___vtbl__5SVC_Q)
                  1181e648    00000028     svm.obj (.const:___vtbl__5SVR_Q)
                  1181e670    00000028     svm.obj (.const:___vtbl__6Kernel)
                  1181e698    00000028     svm.obj (.const:___vtbl__6Solver)
                  1181e6c0    00000028     svm.obj (.const:___vtbl__7QMatrix)
                  1181e6e8    00000028     svm.obj (.const:___vtbl__9Solver_NU)
                  1181e710    00000028     svm.obj (.const)
                  1181e738    00000023     rts6740.lib : _printfi.obj (.const:.string)
                  1181e75b    00000005     --HOLE-- [fill = 0]
                  1181e760    00000007                 : _scanfi.obj (.const:.string:_flit$1)
                  1181e767    00000001     --HOLE-- [fill = 0]
                  1181e768    00000006                 : _scanfi.obj (.const:.string:_barr$2)

.cinit     0    1181e770    000005b4     
                  1181e770    00000140     rts6740.lib : pow.obj (.cinit)
                  1181e8b0    000000cc     main.obj (.cinit)
                  1181e97c    00000004     --HOLE-- [fill = 0]
                  1181e980    0000006c     svm.obj (.cinit)
                  1181e9ec    00000004     --HOLE-- [fill = 0]
                  1181e9f0    0000005c     rts6740.lib : defs.obj (.cinit)
                  1181ea4c    00000004     --HOLE-- [fill = 0]
                  1181ea50    0000005c                 : lowlev.obj (.cinit)
                  1181eaac    00000004     --HOLE-- [fill = 0]
                  1181eab0    00000048                 : cos.obj (.cinit)
                  1181eaf8    00000048                 : sin.obj (.cinit)
                  1181eb40    00000040                 : exp.obj (.cinit)
                  1181eb80    00000040                 : log.obj (.cinit)
                  1181ebc0    00000040                 : tanh.obj (.cinit)
                  1181ec00    00000039                 : setlocale.obj (.cinit)
                  1181ec39    00000007     --HOLE-- [fill = 0]
                  1181ec40    0000002c                 : exit.obj (.cinit)
                  1181ec6c    00000004     --HOLE-- [fill = 0]
                  1181ec70    0000002c                 : memory.obj (.cinit)
                  1181ec9c    00000004     --HOLE-- [fill = 0]
                  1181eca0    0000001c                 : _lock.obj (.cinit)
                  1181ecbc    00000004     --HOLE-- [fill = 0]
                  1181ecc0    00000010                 : rand.obj (.cinit)
                  1181ecd0    0000000c     LCDK_Support_DSP.obj (.cinit)
                  1181ecdc    00000004     --HOLE-- [fill = 0]
                  1181ece0    0000000c     rts6740.lib : errno.obj (.cinit)
                  1181ecec    00000004     --HOLE-- [fill = 0]
                  1181ecf0    0000000c                 : fopen.obj (.cinit)
                  1181ecfc    00000004     --HOLE-- [fill = 0]
                  1181ed00    0000000c                 : strtok.obj (.cinit)
                  1181ed0c    00000004     --HOLE-- [fill = 0]
                  1181ed10    0000000c                 : vars.obj (.cinit)
                  1181ed1c    00000004     --HOLE-- [fill = 0]
                  1181ed20    00000004     (.pad.cinit) [fill = 0]

.stack     0    1181ed28    00000400     UNINITIALIZED
                  1181ed28    00000008     rts6740.lib : boot.obj (.stack)
                  1181ed30    000003f8     --HOLE--

.sysmem    0    1181f128    00000400     UNINITIALIZED
                  1181f128    00000008     rts6740.lib : memory.obj (.sysmem)
                  1181f130    000003f8     --HOLE--

.cio       0    1181f528    00000120     UNINITIALIZED
                  1181f528    00000120     rts6740.lib : trgmsg.obj (.cio)

.switch    0    1181f648    0000007c     
                  1181f648    00000028     rts6740.lib : _scanfi.obj (.switch:__sset_arg)
                  1181f670    00000018     LCDK_Support_DSP.obj (.switch:_SetSampleRate_AIC3106)
                  1181f688    00000014     svm.obj (.switch:___ct__6KernelFiPCP8svm_nodeRC13svm_parameter)
                  1181f69c    00000014     svm.obj (.switch:_k_function__6KernelSFPC8svm_nodeT1RC13svm_parameter)
                  1181f6b0    00000014     svm.obj (.switch:_svm_train_one__FPC11svm_problemPC13svm_parameterdT3)

.bss       0    1181f6c4    0000005c     UNINITIALIZED
                  1181f6c4    00000048     main.obj (.bss)
                  1181f70c    00000010     svm.obj (.bss)
                  1181f71c    00000004     LCDK_Support_DSP.obj (.bss)


GLOBAL SYMBOLS: SORTED ALPHABETICALLY BY Name 

address    name
--------   ----
1181f6c4   $bss
1181f6c4   .bss
11800200   .text
1181b4e0   C$$EXIT
1181b038   C$$IO$$
1180d32c   _AIC3106_write_reg
1181bf40   _B
1181d9c8   _C_locale
1180d0b4   _CheckForOverrun
1181dacc   _CodecDataIn
1181dad0   _CodecDataOut
11815820   _Codec_ISR
1180cc48   _DSP_Init
1180cc68   _DSP_Init_EDMA
1180ce4c   _EnableInterrupts
1180ce98   _EnableInterrupts_EDMA
1180ffc8   _GetCenterFrequency
1180fb60   _GetCoefficient
1180fd88   _GetFilterParameter
1180ff2c   _GetMagnitudeFactor
1180cc40   _GetSampleFreq
11819b80   _HOSTclose
11818760   _HOSTlseek
11818b60   _HOSTopen
11818c40   _HOSTread
11816ee0   _HOSTrename
11819340   _HOSTunlink
11819400   _HOSTwrite
1180cde4   _InitDigitalOutputs
1180cc88   _InitLEDs
1180d0e4   _Init_AIC3106
1180cf0c   _Init_I2C
1180ce08   _Init_Interrupts
1180ce88   _Init_Interrupts_EDMA
1180d4d8   _Init_McASP0
1180d868   _Init_UART2
1180d9a8   _IsDataReady_UART2
1180d9cc   _IsTxReady_UART2
1181f6c4   _M
1180fd24   _NormalizationFactor
1180d948   _Puts_UART2
1180d06c   _ReadCodecData
1180cdcc   _ReadSwitches
1180d988   _Read_UART2
1180d368   _Reset_AIC3106
1180cf68   _Reset_I2C
1180d390   _SetSampleRate_AIC3106
11808864   _Solve__6SolverFiRC7QMatrixPCdPCScPddN26PQ2_6Solver12SolutionInfoT1
1181d3d8   _UARTdouble
1180d090   _WriteCodecData
1180cdf0   _WriteDigitalOutputs
1180cce8   _WriteLEDs
1180cf88   _Write_I2C
1180d920   _Write_UART2
1181b540   _X
1181f528   __CIOBUF_
1181f128   __STACK_END
00000400   __STACK_SIZE
00000400   __SYSMEM_SIZE
00000001   __TI_args_main
1181ab60   ___TI_cpp_init
1181dac8   ___TI_enable_exit_profile_output
ffffffff   ___TI_pprof_out_hndl
ffffffff   ___TI_prof_data_size
ffffffff   ___TI_prof_data_start
118174e0   ___abort_execution
ffffffff   ___binit__
1181f6c4   ___bss__
ffffffff   ___c_args__
1181e770   ___cinit__
11807dc0   ___ct__5CacheFil
118082ec   ___ct__6KernelFiPCP8svm_nodeRC13svm_parameter
1181b300   ___default_new_handler__Fv
1181b320   ___dl__FPv
1181b340   ___dla__FPv
11807eb4   ___dt__5CacheFv
118084c0   ___dt__6KernelFv
1181f720   ___end__
1181b540   ___etext__
1181b040   ___isinf
11819c20   ___nw__FUi
1181b360   ___nwa__FUi
ffffffff   ___pinit__
1181b380   ___pure_virtual_called
11800200   ___text__
1181e670   ___vtbl__6Kernel
1181e698   ___vtbl__6Solver
1181e6e8   ___vtbl__9Solver_NU
1181b0c0   __args_main
118194c0   __auto_init
11817f80   __buff_read
11818d20   __c6xabi_divi
11819640   __c6xabi_divu
11819880   __c6xabi_remi
11819cc0   __cleanup
1181dac0   __cleanup_ptr
118180a0   __closefile
1181e3c0   __ctypes_
1180f040   __divd
118149a0   __divf
11818d20   __divi
11819d60   __divli
11819640   __divu
11816a00   __divul
11815120   __divull
11819700   __doflush
1181dac4   __dtors_ptr
11819f40   __fixdli
1181a760   __fltlid
1181b100   __frcmpyd_div
1181d700   __ft_end
1181d3e0   __ftable
1181a7e0   __llshl
1181b140   __llshru
1181dad4   __lock
1181b3c0   __negll
1181dae4   __new_handler
1181b3e0   __nop
11819fe0   __nround
11811c00   __printfi
118197c0   __rd_ok
11819880   __remi
1181b1c0   __remli
1181b200   __remul
1181abc0   __remull
1180da00   __scanfi
1181ed28   __stack
1181ac20   __subcull
1181f128   __sys_memory
1181d5c0   __tmpnams
1181b4a0   __trunc
1181dad8   __unlock
11818860   __wrt_ok
1181b4e0   _abort
11818e00   _atoi
1181aae0   _autoCorr
1181f6e4   _avg
1180a84c   _be_shrunk__6SolverFidT2
1180b214   _be_shrunk__9Solver_NUFidN32
1181a860   _c_int00
1180a390   _calculate_rho__6SolverFv
1180af4c   _calculate_rho__9Solver_NUFv
1181a8e0   _calloc
11818ee0   _close
1181f6e8   _coeff
1181a120   _copy_in
11813920   _cos
1181f6f4   _cross_validation
1181f6d8   _denominator
1180be28   _do_cross_validation
1180a550   _do_shrinking__6SolverFv
1180b30c   _do_shrinking__9Solver_NUFv
118087a4   _dot__6KernelSFPC8svm_nodeT1
1181d704   _errno
11819940   _exit
118164a0   _exp
1181ac80   _fclose
1181f6d4   _feature
1181ace0   _ferror
11818fc0   _fflush
1180b640   _fft
11817a80   _fgetc
1181b500   _fgets
11817604   _fircircfunc
1181b2c0   _flipfunc
1181ad40   _fopen
11818960   _fprintf
11815c80   _fputc
11812c40   _fputs
11814c20   _free
11818520   _frexp
118190a0   _fscanf
11818640   _fseek
11817bc0   _ftell
11807f38   _get_data__5CacheFiPPfT1
11817a80   _getc
1180c1b8   _initialization
11808510   _k_function__6KernelSFPC8svm_nodeT1RC13svm_parameter
1181f6c8   _kk
1181d018   _label
118177e0   _ldexp
1181f70c   _libsvm_version
118160a0   _log
11808268   _lru_delete__5CacheFPQ2_5Cache6head_t
11808298   _lru_insert__5CacheFPQ2_5Cache6head_t
1181a260   _lseek
11819a00   _ltoa
1181f6e0   _magnitude
1180b9a8   _main
118171e0   _malloc
1181f6fc   _max_nr_attr
1181ada0   _memccpy
1181a300   _memcpy
11819180   _memset
1181cf40   _mfcc_result
1181f6ec   _model
1180c408   _modelSVM
1181a440   _modf
1181f6f8   _nr_fold
1181f6dc   _numerator
11817360   _open
1181cfa8   _param
1180e300   _pow
11813c00   _powi
1180c7a4   _predict
1181f700   _predict_probability
11819260   _printf
1181d008   _prob
11815c80   _putc
1181a960   _rand
1181a580   _read
11806b40   _read_model_header__FPQ2_3std4FILEP9svm_model
1180c624   _read_problem
1181a9e0   _readmsg
118141a0   _realloc
11809ac4   _reconstruct_gradient__6SolverFv
1181b520   _remove
11809e0c   _select_working_set__6SolverFRiT1
1180a934   _select_working_set__9Solver_NUFRiT1
1181ae00   _setlocale
118162a0   _setvbuf
11814ea0   _sin
1181c740   _spectrum
11818a60   _sqrt
1181f6cc   _startflag
1180c294   _storeSVM
1181b240   _strcmp
1181ae60   _strcspn
1181b280   _strlen
1181aec0   _strrchr
1181a620   _strspn
11810a80   _strtod
11819ac0   _strtok
11810ee0   _strtol
11811340   _strtold
118117a0   _strtoll
11812440   _strtoul
11812840   _strtoull
11807860   _svm_check_parameter
11807d20   _svm_check_probability_model
11805210   _svm_cross_validation
11807838   _svm_destroy_param
118077f4   _svm_free_and_destroy_model
11807654   _svm_free_model_content
118059e0   _svm_get_labels
118059c8   _svm_get_nr_class
11805ab0   _svm_get_nr_sv
11805a4c   _svm_get_sv_indices
118059b0   _svm_get_svm_type
11805ac8   _svm_get_svr_probability
11807230   _svm_load_model
11806028   _svm_predict
118060c0   _svm_predict_probability
11805b28   _svm_predict_values
118063b4   _svm_save_model
11807d90   _svm_set_print_string_function__FPFPCc_v
1180424c   _svm_train
11808064   _swap_index__5CacheFiT1
11809984   _swap_index__6SolverFiT1
11816d40   _tanh
1181f6d0   _training
11817e40   _ungetc
1181aa60   _unlink
1181af80   _vsprintf
1181b740   _w
1180ced8   _wait
1181a6c0   _write
1181afe0   _writemsg
1181f704   _x
1181f6f0   _x_space
ffffffff   binit
1181e770   cinit
1181f720   end
1181b540   etext
ffffffff   pinit


GLOBAL SYMBOLS: SORTED BY Symbol Address 

address    name
--------   ----
00000001   __TI_args_main
00000400   __STACK_SIZE
00000400   __SYSMEM_SIZE
11800200   .text
11800200   ___text__
1180424c   _svm_train
11805210   _svm_cross_validation
118059b0   _svm_get_svm_type
118059c8   _svm_get_nr_class
118059e0   _svm_get_labels
11805a4c   _svm_get_sv_indices
11805ab0   _svm_get_nr_sv
11805ac8   _svm_get_svr_probability
11805b28   _svm_predict_values
11806028   _svm_predict
118060c0   _svm_predict_probability
118063b4   _svm_save_model
11806b40   _read_model_header__FPQ2_3std4FILEP9svm_model
11807230   _svm_load_model
11807654   _svm_free_model_content
118077f4   _svm_free_and_destroy_model
11807838   _svm_destroy_param
11807860   _svm_check_parameter
11807d20   _svm_check_probability_model
11807d90   _svm_set_print_string_function__FPFPCc_v
11807dc0   ___ct__5CacheFil
11807eb4   ___dt__5CacheFv
11807f38   _get_data__5CacheFiPPfT1
11808064   _swap_index__5CacheFiT1
11808268   _lru_delete__5CacheFPQ2_5Cache6head_t
11808298   _lru_insert__5CacheFPQ2_5Cache6head_t
118082ec   ___ct__6KernelFiPCP8svm_nodeRC13svm_parameter
118084c0   ___dt__6KernelFv
11808510   _k_function__6KernelSFPC8svm_nodeT1RC13svm_parameter
118087a4   _dot__6KernelSFPC8svm_nodeT1
11808864   _Solve__6SolverFiRC7QMatrixPCdPCScPddN26PQ2_6Solver12SolutionInfoT1
11809984   _swap_index__6SolverFiT1
11809ac4   _reconstruct_gradient__6SolverFv
11809e0c   _select_working_set__6SolverFRiT1
1180a390   _calculate_rho__6SolverFv
1180a550   _do_shrinking__6SolverFv
1180a84c   _be_shrunk__6SolverFidT2
1180a934   _select_working_set__9Solver_NUFRiT1
1180af4c   _calculate_rho__9Solver_NUFv
1180b214   _be_shrunk__9Solver_NUFidN32
1180b30c   _do_shrinking__9Solver_NUFv
1180b640   _fft
1180b9a8   _main
1180be28   _do_cross_validation
1180c1b8   _initialization
1180c294   _storeSVM
1180c408   _modelSVM
1180c624   _read_problem
1180c7a4   _predict
1180cc40   _GetSampleFreq
1180cc48   _DSP_Init
1180cc68   _DSP_Init_EDMA
1180cc88   _InitLEDs
1180cce8   _WriteLEDs
1180cdcc   _ReadSwitches
1180cde4   _InitDigitalOutputs
1180cdf0   _WriteDigitalOutputs
1180ce08   _Init_Interrupts
1180ce4c   _EnableInterrupts
1180ce88   _Init_Interrupts_EDMA
1180ce98   _EnableInterrupts_EDMA
1180ced8   _wait
1180cf0c   _Init_I2C
1180cf68   _Reset_I2C
1180cf88   _Write_I2C
1180d06c   _ReadCodecData
1180d090   _WriteCodecData
1180d0b4   _CheckForOverrun
1180d0e4   _Init_AIC3106
1180d32c   _AIC3106_write_reg
1180d368   _Reset_AIC3106
1180d390   _SetSampleRate_AIC3106
1180d4d8   _Init_McASP0
1180d868   _Init_UART2
1180d920   _Write_UART2
1180d948   _Puts_UART2
1180d988   _Read_UART2
1180d9a8   _IsDataReady_UART2
1180d9cc   _IsTxReady_UART2
1180da00   __scanfi
1180e300   _pow
1180f040   __divd
1180fb60   _GetCoefficient
1180fd24   _NormalizationFactor
1180fd88   _GetFilterParameter
1180ff2c   _GetMagnitudeFactor
1180ffc8   _GetCenterFrequency
11810a80   _strtod
11810ee0   _strtol
11811340   _strtold
118117a0   _strtoll
11811c00   __printfi
11812440   _strtoul
11812840   _strtoull
11812c40   _fputs
11813920   _cos
11813c00   _powi
118141a0   _realloc
118149a0   __divf
11814c20   _free
11814ea0   _sin
11815120   __divull
11815820   _Codec_ISR
11815c80   _fputc
11815c80   _putc
118160a0   _log
118162a0   _setvbuf
118164a0   _exp
11816a00   __divul
11816d40   _tanh
11816ee0   _HOSTrename
118171e0   _malloc
11817360   _open
118174e0   ___abort_execution
11817604   _fircircfunc
118177e0   _ldexp
11817a80   _fgetc
11817a80   _getc
11817bc0   _ftell
11817e40   _ungetc
11817f80   __buff_read
118180a0   __closefile
11818520   _frexp
11818640   _fseek
11818760   _HOSTlseek
11818860   __wrt_ok
11818960   _fprintf
11818a60   _sqrt
11818b60   _HOSTopen
11818c40   _HOSTread
11818d20   __c6xabi_divi
11818d20   __divi
11818e00   _atoi
11818ee0   _close
11818fc0   _fflush
118190a0   _fscanf
11819180   _memset
11819260   _printf
11819340   _HOSTunlink
11819400   _HOSTwrite
118194c0   __auto_init
11819640   __c6xabi_divu
11819640   __divu
11819700   __doflush
118197c0   __rd_ok
11819880   __c6xabi_remi
11819880   __remi
11819940   _exit
11819a00   _ltoa
11819ac0   _strtok
11819b80   _HOSTclose
11819c20   ___nw__FUi
11819cc0   __cleanup
11819d60   __divli
11819f40   __fixdli
11819fe0   __nround
1181a120   _copy_in
1181a260   _lseek
1181a300   _memcpy
1181a440   _modf
1181a580   _read
1181a620   _strspn
1181a6c0   _write
1181a760   __fltlid
1181a7e0   __llshl
1181a860   _c_int00
1181a8e0   _calloc
1181a960   _rand
1181a9e0   _readmsg
1181aa60   _unlink
1181aae0   _autoCorr
1181ab60   ___TI_cpp_init
1181abc0   __remull
1181ac20   __subcull
1181ac80   _fclose
1181ace0   _ferror
1181ad40   _fopen
1181ada0   _memccpy
1181ae00   _setlocale
1181ae60   _strcspn
1181aec0   _strrchr
1181af80   _vsprintf
1181afe0   _writemsg
1181b038   C$$IO$$
1181b040   ___isinf
1181b0c0   __args_main
1181b100   __frcmpyd_div
1181b140   __llshru
1181b1c0   __remli
1181b200   __remul
1181b240   _strcmp
1181b280   _strlen
1181b2c0   _flipfunc
1181b300   ___default_new_handler__Fv
1181b320   ___dl__FPv
1181b340   ___dla__FPv
1181b360   ___nwa__FUi
1181b380   ___pure_virtual_called
1181b3c0   __negll
1181b3e0   __nop
1181b4a0   __trunc
1181b4e0   C$$EXIT
1181b4e0   _abort
1181b500   _fgets
1181b520   _remove
1181b540   _X
1181b540   ___etext__
1181b540   etext
1181b740   _w
1181bf40   _B
1181c740   _spectrum
1181cf40   _mfcc_result
1181cfa8   _param
1181d008   _prob
1181d018   _label
1181d3d8   _UARTdouble
1181d3e0   __ftable
1181d5c0   __tmpnams
1181d700   __ft_end
1181d704   _errno
1181d9c8   _C_locale
1181dac0   __cleanup_ptr
1181dac4   __dtors_ptr
1181dac8   ___TI_enable_exit_profile_output
1181dacc   _CodecDataIn
1181dad0   _CodecDataOut
1181dad4   __lock
1181dad8   __unlock
1181dae4   __new_handler
1181e3c0   __ctypes_
1181e670   ___vtbl__6Kernel
1181e698   ___vtbl__6Solver
1181e6e8   ___vtbl__9Solver_NU
1181e770   ___cinit__
1181e770   cinit
1181ed28   __stack
1181f128   __STACK_END
1181f128   __sys_memory
1181f528   __CIOBUF_
1181f6c4   $bss
1181f6c4   .bss
1181f6c4   _M
1181f6c4   ___bss__
1181f6c8   _kk
1181f6cc   _startflag
1181f6d0   _training
1181f6d4   _feature
1181f6d8   _denominator
1181f6dc   _numerator
1181f6e0   _magnitude
1181f6e4   _avg
1181f6e8   _coeff
1181f6ec   _model
1181f6f0   _x_space
1181f6f4   _cross_validation
1181f6f8   _nr_fold
1181f6fc   _max_nr_attr
1181f700   _predict_probability
1181f704   _x
1181f70c   _libsvm_version
1181f720   ___end__
1181f720   end
ffffffff   ___TI_pprof_out_hndl
ffffffff   ___TI_prof_data_size
ffffffff   ___TI_prof_data_start
ffffffff   ___binit__
ffffffff   ___c_args__
ffffffff   ___pinit__
ffffffff   binit
ffffffff   pinit

[275 symbols]
