******************************************************************************
               TMS320C6x Linker PC v7.4.14                     
******************************************************************************
>> Linked Tue May 01 14:32:04 2018

OUTPUT FILE NAME:   <lab3_problem5.out>
ENTRY POINT SYMBOL: "_c_int00"  address: 11809500


MEMORY CONFIGURATION

         name            origin    length      used     unused   attr    fill
----------------------  --------  ---------  --------  --------  ----  --------
  VECTORS               11800000   00000200  00000200  00000000  RWIX
  DSPRAM                11800200   0003fe00  0000da17  000323e9  RWIX
  SHAREDRAM             80000000   00020000  00000000  00020000  RWIX
  SDRAM                 c0000000   08000000  00000000  08000000  RWIX


SECTION ALLOCATION MAP

 output                                  attributes/
section   page    origin      length       input sections
--------  ----  ----------  ----------   ----------------
vectors    0    11800000    00000200     
                  11800000    00000200     vectors.obj (vectors)

.text      0    11800200    00009920     
                  11800200    00000dc0     LCDK_Support_DSP.obj (.text)
                  11800fc0    00000dc0     main.obj (.text)
                  11801d80    00000720     rts6740.lib : pow.obj (.text:_pow)
                  118024a0    000005a0                 : divd.obj (.text:__divd)
                  11802a40    00000580                 : _printfi.obj (.text:__getarg_diouxp)
                  11802fc0    00000540     libmfcc.obj (.text)
                  11803500    00000520     rts6740.lib : _printfi.obj (.text:__setfield)
                  11803a20    00000440                 : _printfi.obj (.text:__printfi)
                  11803e60    000003a0                 : fputs.obj (.text:_fputs)
                  11804200    00000320                 : _printfi.obj (.text:__pproc_fge)
                  11804520    000002e0                 : cos.obj (.text:_cos)
                  11804800    000002c0                 : _printfi.obj (.text:__pproc_fwp)
                  11804ac0    000002a0                 : _printfi.obj (.text:_ecvt)
                  11804d60    000002a0                 : _printfi.obj (.text:_fcvt)
                  11805000    00000280                 : divf.obj (.text:__divf)
                  11805280    00000280                 : memory.obj (.text:_free)
                  11805500    00000280                 : sin.obj (.text:_sin)
                  11805780    00000260                 : imath64.obj (.text:__divull)
                  118059e0    00000260                 : _printfi.obj (.text:__pconv_e)
                  11805c40    00000240                 : _printfi.obj (.text:__pproc_diouxp)
                  11805e80    00000240     ISRs.obj (.text:retain)
                  118060c0    00000220     rts6740.lib : _printfi.obj (.text:__pproc_str)
                  118062e0    00000220                 : fputc.obj (.text:_fputc)
                  11806500    00000200                 : _printfi.obj (.text:__pconv_g)
                  11806700    00000200                 : log.obj (.text:_log)
                  11806900    00000200                 : setvbuf.obj (.text:_setvbuf)
                  11806b00    000001c0                 : _printfi.obj (.text:__mcpy)
                  11806cc0    000001a0                 : imath40.obj (.text:__divul)
                  11806e60    00000180                 : trgdrv.obj (.text:_HOSTrename)
                  11806fe0    00000180                 : memory.obj (.text:_malloc)
                  11807160    000000a0                 : trgdrv.obj (.text:_HOSTclose)
                  11807200    00000180     assem.obj (.text)
                  11807380    00000160     rts6740.lib : ldexp.obj (.text:_ldexp)
                  118074e0    00000140                 : _printfi.obj (.text:__pproc_fflags)
                  11807620    00000140                 : lowlev.obj (.text:_getdevice)
                  11807760    00000120                 : fclose.obj (.text:__closefile)
                  11807880    00000120                 : _printfi.obj (.text:__ltostr)
                  118079a0    00000120                 : frexp.obj (.text:_frexp)
                  11807ac0    00000120                 : fseek.obj (.text:_fseek)
                  11807be0    00000100                 : trgdrv.obj (.text:_HOSTlseek)
                  11807ce0    00000100                 : _io_perm.obj (.text:__wrt_ok)
                  11807de0    00000100                 : sqrt.obj (.text:_sqrt)
                  11807ee0    000000e0                 : trgdrv.obj (.text:_HOSTopen)
                  11807fc0    000000e0                 : trgdrv.obj (.text:_HOSTread)
                  118080a0    000000e0                 : atoi.obj (.text:_atoi)
                  11808180    000000e0                 : lowlev.obj (.text:_close)
                  11808260    000000e0                 : memset.obj (.text:_memset)
                  11808340    000000e0                 : printf.obj (.text:_printf)
                  11808420    000000c0                 : trgdrv.obj (.text:_HOSTunlink)
                  118084e0    000000c0                 : trgdrv.obj (.text:_HOSTwrite)
                  118085a0    000000c0                 : autoinit.obj (.text:__auto_init)
                  11808660    000000c0                 : _printfi.obj (.text:__div)
                  11808720    000000c0                 : divu.obj (.text:__divu)
                  118087e0    000000c0                 : fflush.obj (.text:__doflush)
                  118088a0    000000c0                 : exit.obj (.text:_exit)
                  11808960    000000c0                 : ltoa.obj (.text:_ltoa)
                  11808a20    000000a0                 : fopen.obj (.text:__cleanup)
                  11808ac0    000000a0                 : imath40.obj (.text:__divli)
                  11808b60    000000a0                 : _printfi.obj (.text:__ecpy)
                  11808c00    000000a0                 : _printfi.obj (.text:__fcpy)
                  11808ca0    000000a0                 : fixdli.obj (.text:__fixdli)
                  11808d40    000000a0                 : round.obj (.text:__nround)
                  11808de0    000000a0                 : _printfi.obj (.text:__pconv_f)
                  11808e80    000000a0                 : cpy_tbl.obj (.text:_copy_in)
                  11808f20    000000a0                 : lowlev.obj (.text:_finddevice)
                  11808fc0    000000a0                 : lowlev.obj (.text:_lseek)
                  11809060    000000a0                 : memcpy64.obj (.text:_memcpy)
                  11809100    000000a0                 : memory.obj (.text:_minsert)
                  118091a0    000000a0                 : modf.obj (.text:_modf)
                  11809240    000000a0                 : memory.obj (.text:_mremove)
                  118092e0    000000a0                 : lowlev.obj (.text:_write)
                  11809380    00000080                 : fixdu.obj (.text:__fixdu)
                  11809400    00000080                 : fltlid.obj (.text:__fltlid)
                  11809480    00000080                 : llshift.obj (.text:__llshl)
                  11809500    00000080                 : boot.obj (.text:_c_int00)
                  11809580    00000080                 : trgmsg.obj (.text:_readmsg)
                  11809600    00000080                 : lowlev.obj (.text:_unlink)
                  11809680    00000080     autocorr.obj (.text)
                  11809700    00000060     rts6740.lib : cpp_init.obj (.text:___TI_cpp_init)
                  11809760    00000060                 : imath64.obj (.text:__subcull)
                  118097c0    00000060                 : memccpy.obj (.text:_memccpy)
                  11809820    00000060                 : trgmsg.obj (.text:_writemsg)
                  11809880    00000040                 : isinf.obj (.text:___isinf)
                  118098c0    00000040                 : _printfi.obj (.text:___isnan)
                  11809900    00000040                 : args_main.obj (.text:__args_main)
                  11809940    00000040                 : frcmpyd_div.obj (.text:__frcmpyd_div)
                  11809980    00000040                 : llshift.obj (.text:__llshru)
                  118099c0    00000040                 : imath40.obj (.text:__remli)
                  11809a00    00000040     flip.obj (.text)
                  11809a40    00000020     rts6740.lib : negll.obj (.text:__negll)
                  11809a60    00000020                 : _lock.obj (.text:__nop)
                  11809a80    00000020                 : printf.obj (.text:__outc)
                  11809aa0    00000020                 : printf.obj (.text:__outs)
                  11809ac0    00000020                 : trunc.obj (.text:__trunc)
                  11809ae0    00000020                 : exit.obj (.text:_abort)
                  11809b00    00000020                 : remove.obj (.text:_remove)

.far       0    11809b20    00002938     UNINITIALIZED
                  11809b20    000022f0     main.obj (.far)
                  1180be10    00000324     rts6740.lib : defs.obj (.far)
                  1180c134    00000004                 : errno.obj (.far)
                  1180c138    00000120                 : pow.obj (.far)
                  1180c258    0000011c                 : lowlev.obj (.far)
                  1180c374    00000004                 : fopen.obj (.far)
                  1180c378    00000040                 : cos.obj (.far)
                  1180c3b8    00000040                 : sin.obj (.far)
                  1180c3f8    00000030                 : log.obj (.far)
                  1180c428    0000000c                 : exit.obj (.far)
                  1180c434    00000008     ISRs.obj (.far)
                  1180c43c    00000008     rts6740.lib : _lock.obj (.far)
                  1180c444    00000008                 : memory.obj (.far)
                  1180c44c    00000004     --HOLE--
                  1180c450    00000008                 : trgdrv.obj (.far)

.cinit     0    1180c458    00000cd4     
                  1180c458    00000950     main.obj (.cinit)
                  1180cda8    00000140     rts6740.lib : pow.obj (.cinit)
                  1180cee8    0000005c                 : defs.obj (.cinit)
                  1180cf44    00000004     --HOLE-- [fill = 0]
                  1180cf48    0000005c                 : lowlev.obj (.cinit)
                  1180cfa4    00000004     --HOLE-- [fill = 0]
                  1180cfa8    00000048                 : cos.obj (.cinit)
                  1180cff0    00000048                 : sin.obj (.cinit)
                  1180d038    00000040                 : log.obj (.cinit)
                  1180d078    0000002c                 : exit.obj (.cinit)
                  1180d0a4    00000004     --HOLE-- [fill = 0]
                  1180d0a8    0000002c                 : memory.obj (.cinit)
                  1180d0d4    00000004     --HOLE-- [fill = 0]
                  1180d0d8    0000001c                 : _lock.obj (.cinit)
                  1180d0f4    00000004     --HOLE-- [fill = 0]
                  1180d0f8    0000000c     LCDK_Support_DSP.obj (.cinit)
                  1180d104    00000004     --HOLE-- [fill = 0]
                  1180d108    0000000c     rts6740.lib : errno.obj (.cinit)
                  1180d114    00000004     --HOLE-- [fill = 0]
                  1180d118    0000000c                 : fopen.obj (.cinit)
                  1180d124    00000004     --HOLE-- [fill = 0]
                  1180d128    00000004     (.pad.cinit) [fill = 0]

.stack     0    1180d130    00000400     UNINITIALIZED
                  1180d130    00000008     rts6740.lib : boot.obj (.stack)
                  1180d138    000003f8     --HOLE--

.sysmem    0    1180d530    00000400     UNINITIALIZED
                  1180d530    00000008     rts6740.lib : memory.obj (.sysmem)
                  1180d538    000003f8     --HOLE--

.const     0    1180d930    0000017f     
                  1180d930    00000101     rts6740.lib : ctype.obj (.const:.string:__ctypes_)
                  1180da31    00000002                 : fputs.obj (.const:.string)
                  1180da33    00000001     --HOLE-- [fill = 0]
                  1180da34    00000058     main.obj (.const:.string)
                  1180da8c    00000023     rts6740.lib : _printfi.obj (.const:.string)

.cio       0    1180dab0    00000120     UNINITIALIZED
                  1180dab0    00000120     rts6740.lib : trgmsg.obj (.cio)

.bss       0    1180dbd0    00000034     UNINITIALIZED
                  1180dbd0    00000030     main.obj (.bss)
                  1180dc00    00000004     LCDK_Support_DSP.obj (.bss)

.switch    0    1180dc04    00000018     
                  1180dc04    00000018     LCDK_Support_DSP.obj (.switch:_SetSampleRate_AIC3106)


GLOBAL SYMBOLS: SORTED ALPHABETICALLY BY Name 

address    name
--------   ----
1180dbd0   $bss
1180dbd0   .bss
11800200   .text
11809ae0   C$$EXIT
11809878   C$$IO$$
118008ec   _AIC3106_write_reg
1180a520   _B
11800674   _CheckForOverrun
1180c434   _CodecDataIn
1180c438   _CodecDataOut
11805e80   _Codec_ISR
1180dbdc   _D
11800208   _DSP_Init
11800228   _DSP_Init_EDMA
1180040c   _EnableInterrupts
11800458   _EnableInterrupts_EDMA
11803428   _GetCenterFrequency
11802fc0   _GetCoefficient
118031e8   _GetFilterParameter
1180338c   _GetMagnitudeFactor
11800200   _GetSampleFreq
11807160   _HOSTclose
11807be0   _HOSTlseek
11807ee0   _HOSTopen
11807fc0   _HOSTread
11806e60   _HOSTrename
11808420   _HOSTunlink
118084e0   _HOSTwrite
118003a4   _InitDigitalOutputs
11800248   _InitLEDs
118006a4   _Init_AIC3106
118004cc   _Init_I2C
118003c8   _Init_Interrupts
11800448   _Init_Interrupts_EDMA
11800a98   _Init_McASP0
11800e28   _Init_UART2
11800f68   _IsDataReady_UART2
11800f8c   _IsTxReady_UART2
1180dbd4   _K
1180dbd0   _M
1180dbd8   _N
11803184   _NormalizationFactor
11800f08   _Puts_UART2
1180062c   _ReadCodecData
1180038c   _ReadSwitches
11800f48   _Read_UART2
11800928   _Reset_AIC3106
11800528   _Reset_I2C
11800950   _SetSampleRate_AIC3106
11800650   _WriteCodecData
118003b0   _WriteDigitalOutputs
118002a8   _WriteLEDs
11800548   _Write_I2C
11800ee0   _Write_UART2
11809b20   _X
1180dab0   __CIOBUF_
1180d530   __STACK_END
00000400   __STACK_SIZE
00000400   __SYSMEM_SIZE
00000001   __TI_args_main
11809700   ___TI_cpp_init
1180c430   ___TI_enable_exit_profile_output
ffffffff   ___TI_pprof_out_hndl
ffffffff   ___TI_prof_data_size
ffffffff   ___TI_prof_data_start
ffffffff   ___binit__
1180dbd0   ___bss__
ffffffff   ___c_args__
1180c458   ___cinit__
1180dc04   ___end__
11809b20   ___etext__
11809880   ___isinf
ffffffff   ___pinit__
11800200   ___text__
11809900   __args_main
118085a0   __auto_init
11808720   __c6xabi_divu
11808a20   __cleanup
1180c428   __cleanup_ptr
11807760   __closefile
1180d930   __ctypes_
118024a0   __divd
11805000   __divf
11808ac0   __divli
11808720   __divu
11806cc0   __divul
11805780   __divull
118087e0   __doflush
1180c42c   __dtors_ptr
11808ca0   __fixdli
11809380   __fixdu
11809400   __fltlid
11809940   __frcmpyd_div
1180c130   __ft_end
1180be10   __ftable
11809480   __llshl
11809980   __llshru
1180c43c   __lock
11809a40   __negll
11809a60   __nop
11808d40   __nround
11803a20   __printfi
118099c0   __remli
1180d130   __stack
11809760   __subcull
1180d530   __sys_memory
1180bff0   __tmpnams
11809ac0   __trunc
1180c440   __unlock
11807ce0   __wrt_ok
11809ae0   _abort
118080a0   _atoi
11809680   _autoCorr
1180dbf8   _avg
11809500   _c_int00
11808180   _close
1180dbfc   _coeff
11808e80   _copy_in
11804520   _cos
1180dbec   _denominator
1180c134   _errno
118088a0   _exit
1180dbe8   _feature
11800fc0   _fft
11807304   _fircircfunc
11809a00   _flipfunc
118062e0   _fputc
11803e60   _fputs
11805280   _free
118079a0   _frexp
11807ac0   _fseek
1180dbe0   _kk
11807380   _ldexp
11806700   _log
11808fc0   _lseek
11808960   _ltoa
1180dbf4   _magnitude
11801328   _main
11806fe0   _malloc
118097c0   _memccpy
11809060   _memcpy
11808260   _memset
1180b520   _mfcc_result
118091a0   _modf
1180dbf0   _numerator
1180b588   _params
11801d80   _pow
11808340   _printf
118062e0   _putc
1180182c   _read_predict
11809580   _readmsg
11809b00   _remove
11806900   _setvbuf
11805500   _sin
1180ad20   _spectrum
11807de0   _sqrt
1180dbe4   _startflag
1180174c   _twiddleFactors
11809600   _unlink
11809d20   _w
11800498   _wait
118092e0   _write
11809820   _writemsg
ffffffff   binit
1180c458   cinit
1180dc04   end
11809b20   etext
ffffffff   pinit


GLOBAL SYMBOLS: SORTED BY Symbol Address 

address    name
--------   ----
00000001   __TI_args_main
00000400   __STACK_SIZE
00000400   __SYSMEM_SIZE
11800200   .text
11800200   _GetSampleFreq
11800200   ___text__
11800208   _DSP_Init
11800228   _DSP_Init_EDMA
11800248   _InitLEDs
118002a8   _WriteLEDs
1180038c   _ReadSwitches
118003a4   _InitDigitalOutputs
118003b0   _WriteDigitalOutputs
118003c8   _Init_Interrupts
1180040c   _EnableInterrupts
11800448   _Init_Interrupts_EDMA
11800458   _EnableInterrupts_EDMA
11800498   _wait
118004cc   _Init_I2C
11800528   _Reset_I2C
11800548   _Write_I2C
1180062c   _ReadCodecData
11800650   _WriteCodecData
11800674   _CheckForOverrun
118006a4   _Init_AIC3106
118008ec   _AIC3106_write_reg
11800928   _Reset_AIC3106
11800950   _SetSampleRate_AIC3106
11800a98   _Init_McASP0
11800e28   _Init_UART2
11800ee0   _Write_UART2
11800f08   _Puts_UART2
11800f48   _Read_UART2
11800f68   _IsDataReady_UART2
11800f8c   _IsTxReady_UART2
11800fc0   _fft
11801328   _main
1180174c   _twiddleFactors
1180182c   _read_predict
11801d80   _pow
118024a0   __divd
11802fc0   _GetCoefficient
11803184   _NormalizationFactor
118031e8   _GetFilterParameter
1180338c   _GetMagnitudeFactor
11803428   _GetCenterFrequency
11803a20   __printfi
11803e60   _fputs
11804520   _cos
11805000   __divf
11805280   _free
11805500   _sin
11805780   __divull
11805e80   _Codec_ISR
118062e0   _fputc
118062e0   _putc
11806700   _log
11806900   _setvbuf
11806cc0   __divul
11806e60   _HOSTrename
11806fe0   _malloc
11807160   _HOSTclose
11807304   _fircircfunc
11807380   _ldexp
11807760   __closefile
118079a0   _frexp
11807ac0   _fseek
11807be0   _HOSTlseek
11807ce0   __wrt_ok
11807de0   _sqrt
11807ee0   _HOSTopen
11807fc0   _HOSTread
118080a0   _atoi
11808180   _close
11808260   _memset
11808340   _printf
11808420   _HOSTunlink
118084e0   _HOSTwrite
118085a0   __auto_init
11808720   __c6xabi_divu
11808720   __divu
118087e0   __doflush
118088a0   _exit
11808960   _ltoa
11808a20   __cleanup
11808ac0   __divli
11808ca0   __fixdli
11808d40   __nround
11808e80   _copy_in
11808fc0   _lseek
11809060   _memcpy
118091a0   _modf
118092e0   _write
11809380   __fixdu
11809400   __fltlid
11809480   __llshl
11809500   _c_int00
11809580   _readmsg
11809600   _unlink
11809680   _autoCorr
11809700   ___TI_cpp_init
11809760   __subcull
118097c0   _memccpy
11809820   _writemsg
11809878   C$$IO$$
11809880   ___isinf
11809900   __args_main
11809940   __frcmpyd_div
11809980   __llshru
118099c0   __remli
11809a00   _flipfunc
11809a40   __negll
11809a60   __nop
11809ac0   __trunc
11809ae0   C$$EXIT
11809ae0   _abort
11809b00   _remove
11809b20   _X
11809b20   ___etext__
11809b20   etext
11809d20   _w
1180a520   _B
1180ad20   _spectrum
1180b520   _mfcc_result
1180b588   _params
1180be10   __ftable
1180bff0   __tmpnams
1180c130   __ft_end
1180c134   _errno
1180c428   __cleanup_ptr
1180c42c   __dtors_ptr
1180c430   ___TI_enable_exit_profile_output
1180c434   _CodecDataIn
1180c438   _CodecDataOut
1180c43c   __lock
1180c440   __unlock
1180c458   ___cinit__
1180c458   cinit
1180d130   __stack
1180d530   __STACK_END
1180d530   __sys_memory
1180d930   __ctypes_
1180dab0   __CIOBUF_
1180dbd0   $bss
1180dbd0   .bss
1180dbd0   _M
1180dbd0   ___bss__
1180dbd4   _K
1180dbd8   _N
1180dbdc   _D
1180dbe0   _kk
1180dbe4   _startflag
1180dbe8   _feature
1180dbec   _denominator
1180dbf0   _numerator
1180dbf4   _magnitude
1180dbf8   _avg
1180dbfc   _coeff
1180dc04   ___end__
1180dc04   end
ffffffff   ___TI_pprof_out_hndl
ffffffff   ___TI_prof_data_size
ffffffff   ___TI_prof_data_start
ffffffff   ___binit__
ffffffff   ___c_args__
ffffffff   ___pinit__
ffffffff   binit
ffffffff   pinit

[168 symbols]
