******************************************************************************
               TMS320C6x Linker Unix v7.4.16                   
******************************************************************************
>> Linked Sun Apr 29 21:11:14 2018

OUTPUT FILE NAME:   <lab3_problem5.out>
ENTRY POINT SYMBOL: "_c_int00"  address: 1181a8e0


MEMORY CONFIGURATION

         name            origin    length      used     unused   attr    fill
----------------------  --------  ---------  --------  --------  ----  --------
  VECTORS               11800000   00000200  00000200  00000000  RWIX
  DSPRAM                11800200   0003fe00  000206be  0001f742  RWIX
  SHAREDRAM             80000000   00020000  00000000  00020000  RWIX
  SDRAM                 c0000000   08000000  00000000  08000000  RWIX


SECTION ALLOCATION MAP

 output                                  attributes/
section   page    origin      length       input sections
--------  ----  ----------  ----------   ----------------
vectors    0    11800000    00000200     
                  11800000    00000200     vectors.obj (vectors)

.text      0    11800200    0001b3e0     
                  11800200    0000b800     svm.obj (.text)
                  1180ba00    000012e0     main.obj (.text)
                  1180cce0    00000dc0     LCDK_Support_DSP.obj (.text)
                  1180daa0    00000900     rts6740.lib : _scanfi.obj (.text:__scanfi)
                  1180e3a0    00000720                 : pow.obj (.text:_pow)
                  1180eac0    00000620                 : _scanfi.obj (.text:__sset_arg)
                  1180f0e0    000005a0                 : divd.obj (.text:__divd)
                  1180f680    00000580                 : _printfi.obj (.text:__getarg_diouxp)
                  1180fc00    00000540     libmfcc.obj (.text)
                  11810140    00000520     rts6740.lib : _printfi.obj (.text:__setfield)
                  11810660    000004c0                 : _scanfi.obj (.text:__sproc_int)
                  11810b20    00000460                 : strtod.obj (.text:_strtod)
                  11810f80    00000460                 : strtol.obj (.text:_strtol)
                  118113e0    00000460                 : strtold.obj (.text:_strtold)
                  11811840    00000460                 : strtoll.obj (.text:_strtoll)
                  11811ca0    00000440                 : _printfi.obj (.text:__printfi)
                  118120e0    00000400                 : fgets.obj (.text:__dofgets)
                  118124e0    00000400                 : strtoul.obj (.text:_strtoul)
                  118128e0    00000400                 : strtoull.obj (.text:_strtoull)
                  11812ce0    000003a0                 : fputs.obj (.text:_fputs)
                  11813080    00000340                 : _scanfi.obj (.text:__sget_conv)
                  118133c0    00000320                 : _printfi.obj (.text:__pproc_fge)
                  118136e0    000002e0                 : _scanfi.obj (.text:__sproc_float)
                  118139c0    000002e0                 : cos.obj (.text:_cos)
                  11813ca0    000002e0                 : powi.obj (.text:_powi)
                  11813f80    000002c0                 : _printfi.obj (.text:__pproc_fwp)
                  11814240    000002c0                 : memory.obj (.text:_realloc)
                  11814500    000002a0                 : _printfi.obj (.text:_ecvt)
                  118147a0    000002a0                 : _printfi.obj (.text:_fcvt)
                  11814a40    00000280                 : divf.obj (.text:__divf)
                  11814cc0    00000280                 : memory.obj (.text:_free)
                  11814f40    00000280                 : sin.obj (.text:_sin)
                  118151c0    00000260                 : imath64.obj (.text:__divull)
                  11815420    00000260                 : _printfi.obj (.text:__pconv_e)
                  11815680    00000240                 : _printfi.obj (.text:__pproc_diouxp)
                  118158c0    00000240     ISRs.obj (.text:retain)
                  11815b00    00000220     rts6740.lib : _printfi.obj (.text:__pproc_str)
                  11815d20    00000220                 : fputc.obj (.text:_fputc)
                  11815f40    00000200                 : _printfi.obj (.text:__pconv_g)
                  11816140    00000200                 : log.obj (.text:_log)
                  11816340    00000200                 : setvbuf.obj (.text:_setvbuf)
                  11816540    000001e0                 : exp.obj (.text:_exp)
                  11816720    000001c0                 : _printfi.obj (.text:__mcpy)
                  118168e0    000001c0                 : fopen.obj (.text:__openfile)
                  11816aa0    000001a0                 : imath40.obj (.text:__divul)
                  11816c40    000001a0                 : _scanfi.obj (.text:__sproc_str)
                  11816de0    000001a0                 : tanh.obj (.text:_tanh)
                  11816f80    00000180                 : trgdrv.obj (.text:_HOSTrename)
                  11817100    00000180                 : fscanf.obj (.text:__chkmbc)
                  11817280    00000180                 : memory.obj (.text:_malloc)
                  11817400    00000180                 : lowlev.obj (.text:_open)
                  11817580    00000080                 : fltlid.obj (.text:__fltlid)
                  11817600    00000180     assem.obj (.text)
                  11817780    00000160     rts6740.lib : _scanfi.obj (.text:__sproc_lb)
                  118178e0    00000160                 : ldexp.obj (.text:_ldexp)
                  11817a40    00000140                 : _printfi.obj (.text:__pproc_fflags)
                  11817b80    00000140                 : fgetc.obj (.text:_fgetc)
                  11817cc0    00000140                 : ftell.obj (.text:_ftell)
                  11817e00    00000140                 : lowlev.obj (.text:_getdevice)
                  11817f40    00000140                 : ungetc.obj (.text:_ungetc)
                  11818080    00000120                 : _bufread.obj (.text:__buff_read)
                  118181a0    00000120                 : fclose.obj (.text:__closefile)
                  118182c0    00000120                 : _printfi.obj (.text:__ltostr)
                  118183e0    00000120                 : fopen.obj (.text:__search_fp)
                  11818500    00000120                 : _scanfi.obj (.text:__sget_scanset)
                  11818620    00000120                 : frexp.obj (.text:_frexp)
                  11818740    00000120                 : fseek.obj (.text:_fseek)
                  11818860    00000100                 : trgdrv.obj (.text:_HOSTlseek)
                  11818960    00000100                 : _io_perm.obj (.text:__wrt_ok)
                  11818a60    00000100                 : fprintf.obj (.text:_fprintf)
                  11818b60    00000100                 : sqrt.obj (.text:_sqrt)
                  11818c60    000000e0                 : trgdrv.obj (.text:_HOSTopen)
                  11818d40    000000e0                 : trgdrv.obj (.text:_HOSTread)
                  11818e20    000000e0                 : divi.obj (.text:__divi)
                  11818f00    000000e0                 : atoi.obj (.text:_atoi)
                  11818fe0    000000e0                 : lowlev.obj (.text:_close)
                  118190c0    000000e0                 : fflush.obj (.text:_fflush)
                  118191a0    000000e0                 : fscanf.obj (.text:_fscanf)
                  11819280    000000e0                 : memset.obj (.text:_memset)
                  11819360    000000e0                 : printf.obj (.text:_printf)
                  11819440    000000c0                 : trgdrv.obj (.text:_HOSTunlink)
                  11819500    000000c0                 : trgdrv.obj (.text:_HOSTwrite)
                  118195c0    000000c0                 : autoinit.obj (.text:__auto_init)
                  11819680    000000c0                 : _printfi.obj (.text:__div)
                  11819740    000000c0                 : divu.obj (.text:__divu)
                  11819800    000000c0                 : fflush.obj (.text:__doflush)
                  118198c0    000000c0                 : _io_perm.obj (.text:__rd_ok)
                  11819980    000000c0                 : remi.obj (.text:__remi)
                  11819a40    000000c0                 : exit.obj (.text:_exit)
                  11819b00    000000c0                 : ltoa.obj (.text:_ltoa)
                  11819bc0    000000c0                 : strtok.obj (.text:_strtok)
                  11819c80    000000a0                 : trgdrv.obj (.text:_HOSTclose)
                  11819d20    000000a0                 : new_.obj (.text:___nw__FUi)
                  11819dc0    000000a0                 : fopen.obj (.text:__cleanup)
                  11819e60    000000a0                 : imath40.obj (.text:__divli)
                  11819f00    000000a0                 : _printfi.obj (.text:__ecpy)
                  11819fa0    000000a0                 : _printfi.obj (.text:__fcpy)
                  1181a040    000000a0                 : fixdli.obj (.text:__fixdli)
                  1181a0e0    000000a0                 : round.obj (.text:__nround)
                  1181a180    000000a0                 : _printfi.obj (.text:__pconv_f)
                  1181a220    000000a0                 : cpy_tbl.obj (.text:_copy_in)
                  1181a2c0    000000a0                 : lowlev.obj (.text:_finddevice)
                  1181a360    000000a0                 : lowlev.obj (.text:_lseek)
                  1181a400    000000a0                 : memcpy64.obj (.text:_memcpy)
                  1181a4a0    000000a0                 : memory.obj (.text:_minsert)
                  1181a540    000000a0                 : modf.obj (.text:_modf)
                  1181a5e0    000000a0                 : memory.obj (.text:_mremove)
                  1181a680    000000a0                 : lowlev.obj (.text:_read)
                  1181a720    000000a0                 : strspn.obj (.text:_strspn)
                  1181a7c0    000000a0                 : lowlev.obj (.text:_write)
                  1181a860    00000080                 : llshift.obj (.text:__llshl)
                  1181a8e0    00000080                 : boot.obj (.text:_c_int00)
                  1181a960    00000080                 : memory.obj (.text:_calloc)
                  1181a9e0    00000080                 : rand.obj (.text:_rand)
                  1181aa60    00000080                 : trgmsg.obj (.text:_readmsg)
                  1181aae0    00000080                 : lowlev.obj (.text:_unlink)
                  1181ab60    00000080     autocorr.obj (.text)
                  1181abe0    00000060     rts6740.lib : cpp_init.obj (.text:___TI_cpp_init)
                  1181ac40    00000060                 : imath64.obj (.text:__remull)
                  1181aca0    00000060                 : imath64.obj (.text:__subcull)
                  1181ad00    00000060                 : fclose.obj (.text:_fclose)
                  1181ad60    00000060                 : ferror.obj (.text:_ferror)
                  1181adc0    00000060                 : fopen.obj (.text:_fopen)
                  1181ae20    00000060                 : memccpy.obj (.text:_memccpy)
                  1181ae80    00000060                 : setlocale.obj (.text:_setlocale)
                  1181aee0    00000060                 : strcspn.obj (.text:_strcspn)
                  1181af40    00000060                 : strrchr.obj (.text:_strrchr)
                  1181afa0    00000060                 : lowlev.obj (.text:_tabinit)
                  1181b000    00000060                 : vsprintf.obj (.text:_vsprintf)
                  1181b060    00000060                 : trgmsg.obj (.text:_writemsg)
                  1181b0c0    00000040                 : isinf.obj (.text:___isinf)
                  1181b100    00000040                 : _printfi.obj (.text:___isnan)
                  1181b140    00000040                 : args_main.obj (.text:__args_main)
                  1181b180    00000040                 : frcmpyd_div.obj (.text:__frcmpyd_div)
                  1181b1c0    00000040                 : llshift.obj (.text:__llshru)
                  1181b200    00000040                 : vsprintf.obj (.text:__outs)
                  1181b240    00000040                 : imath40.obj (.text:__remli)
                  1181b280    00000040                 : imath40.obj (.text:__remul)
                  1181b2c0    00000040                 : strcmp.obj (.text:_strcmp)
                  1181b300    00000040                 : strlen.obj (.text:_strlen)
                  1181b340    00000040     flip.obj (.text)
                  1181b380    00000020     rts6740.lib : error.obj (.text:___abort_execution)
                  1181b3a0    00000020                 : newhandler.obj (.text:___default_new_handler__Fv)
                  1181b3c0    00000020                 : delete.obj (.text:___dl__FPv)
                  1181b3e0    00000020                 : array_del.obj (.text:___dla__FPv)
                  1181b400    00000020                 : array_new.obj (.text:___nwa__FUi)
                  1181b420    00000020                 : pure_virt.obj (.text:___pure_virtual_called)
                  1181b440    00000020                 : fscanf.obj (.text:__inpchar)
                  1181b460    00000020                 : negll.obj (.text:__negll)
                  1181b480    00000020                 : _lock.obj (.text:__nop)
                  1181b4a0    00000020                 : fprintf.obj (.text:__outc)
                  1181b4c0    00000020                 : printf.obj (.text:__outc)
                  1181b4e0    00000020                 : vsprintf.obj (.text:__outc)
                  1181b500    00000020                 : fprintf.obj (.text:__outs)
                  1181b520    00000020                 : printf.obj (.text:__outs)
                  1181b540    00000020                 : trunc.obj (.text:__trunc)
                  1181b560    00000020                 : fscanf.obj (.text:__uninpchar)
                  1181b580    00000020                 : exit.obj (.text:_abort)
                  1181b5a0    00000020                 : fgets.obj (.text:_fgets)
                  1181b5c0    00000020                 : remove.obj (.text:_remove)

.far       0    1181b5e0    00002de8     UNINITIALIZED
                  1181b5e0    000026d0     main.obj (.far)
                  1181dcb0    00000324     rts6740.lib : defs.obj (.far)
                  1181dfd4    00000004                 : errno.obj (.far)
                  1181dfd8    00000120                 : pow.obj (.far)
                  1181e0f8    0000011c                 : lowlev.obj (.far)
                  1181e214    00000004                 : fopen.obj (.far)
                  1181e218    00000040                 : cos.obj (.far)
                  1181e258    00000040                 : sin.obj (.far)
                  1181e298    00000034                 : setlocale.obj (.far)
                  1181e2cc    00000004                 : strtok.obj (.far)
                  1181e2d0    00000030                 : exp.obj (.far)
                  1181e300    00000030                 : log.obj (.far)
                  1181e330    00000030                 : tanh.obj (.far)
                  1181e360    00000030     svm.obj (.far)
                  1181e390    0000000c     rts6740.lib : exit.obj (.far)
                  1181e39c    00000008     ISRs.obj (.far)
                  1181e3a4    00000008     rts6740.lib : _lock.obj (.far)
                  1181e3ac    00000008                 : memory.obj (.far)
                  1181e3b4    00000004                 : vars.obj (.far)
                  1181e3b8    00000008                 : rand.obj (.far)
                  1181e3c0    00000008                 : trgdrv.obj (.far)

.cinit     0    1181e3c8    00000fd4     
                  1181e3c8    00000af0     main.obj (.cinit)
                  1181eeb8    00000140     rts6740.lib : pow.obj (.cinit)
                  1181eff8    0000006c     svm.obj (.cinit)
                  1181f064    00000004     --HOLE-- [fill = 0]
                  1181f068    0000005c     rts6740.lib : defs.obj (.cinit)
                  1181f0c4    00000004     --HOLE-- [fill = 0]
                  1181f0c8    0000005c                 : lowlev.obj (.cinit)
                  1181f124    00000004     --HOLE-- [fill = 0]
                  1181f128    00000048                 : cos.obj (.cinit)
                  1181f170    00000048                 : sin.obj (.cinit)
                  1181f1b8    00000040                 : exp.obj (.cinit)
                  1181f1f8    00000040                 : log.obj (.cinit)
                  1181f238    00000040                 : tanh.obj (.cinit)
                  1181f278    00000039                 : setlocale.obj (.cinit)
                  1181f2b1    00000007     --HOLE-- [fill = 0]
                  1181f2b8    0000002c                 : exit.obj (.cinit)
                  1181f2e4    00000004     --HOLE-- [fill = 0]
                  1181f2e8    0000002c                 : memory.obj (.cinit)
                  1181f314    00000004     --HOLE-- [fill = 0]
                  1181f318    0000001c                 : _lock.obj (.cinit)
                  1181f334    00000004     --HOLE-- [fill = 0]
                  1181f338    00000010                 : rand.obj (.cinit)
                  1181f348    0000000c     LCDK_Support_DSP.obj (.cinit)
                  1181f354    00000004     --HOLE-- [fill = 0]
                  1181f358    0000000c     rts6740.lib : errno.obj (.cinit)
                  1181f364    00000004     --HOLE-- [fill = 0]
                  1181f368    0000000c                 : fopen.obj (.cinit)
                  1181f374    00000004     --HOLE-- [fill = 0]
                  1181f378    0000000c                 : strtok.obj (.cinit)
                  1181f384    00000004     --HOLE-- [fill = 0]
                  1181f388    0000000c                 : vars.obj (.cinit)
                  1181f394    00000004     --HOLE-- [fill = 0]
                  1181f398    00000004     (.pad.cinit) [fill = 0]

.const     0    1181f3a0    00000b1e     
                  1181f3a0    000005d8     svm.obj (.const:.string)
                  1181f978    00000198     main.obj (.const:.string)
                  1181fb10    00000101     rts6740.lib : ctype.obj (.const:.string:__ctypes_)
                  1181fc11    00000005                 : setlocale.obj (.const:.string)
                  1181fc16    00000002                 : fputs.obj (.const:.string)
                  1181fc18    00000050                 : strtod.obj (.const:_digits)
                  1181fc68    00000050                 : strtold.obj (.const:_digits)
                  1181fcb8    00000048                 : strtod.obj (.const:_powerof10)
                  1181fd00    00000048                 : strtold.obj (.const:_powerof10)
                  1181fd48    00000028     svm.obj (.const:___vtbl__11ONE_CLASS_Q)
                  1181fd70    00000028     svm.obj (.const:___vtbl__5SVC_Q)
                  1181fd98    00000028     svm.obj (.const:___vtbl__5SVR_Q)
                  1181fdc0    00000028     svm.obj (.const:___vtbl__6Kernel)
                  1181fde8    00000028     svm.obj (.const:___vtbl__6Solver)
                  1181fe10    00000028     svm.obj (.const:___vtbl__7QMatrix)
                  1181fe38    00000028     svm.obj (.const:___vtbl__9Solver_NU)
                  1181fe60    00000028     svm.obj (.const)
                  1181fe88    00000023     rts6740.lib : _printfi.obj (.const:.string)
                  1181feab    00000005     --HOLE-- [fill = 0]
                  1181feb0    00000007                 : _scanfi.obj (.const:.string:_flit$1)
                  1181feb7    00000001     --HOLE-- [fill = 0]
                  1181feb8    00000006                 : _scanfi.obj (.const:.string:_barr$2)

.stack     0    1181fec0    00000400     UNINITIALIZED
                  1181fec0    00000008     rts6740.lib : boot.obj (.stack)
                  1181fec8    000003f8     --HOLE--

.sysmem    0    118202c0    00000400     UNINITIALIZED
                  118202c0    00000008     rts6740.lib : memory.obj (.sysmem)
                  118202c8    000003f8     --HOLE--

.cio       0    118206c0    00000120     UNINITIALIZED
                  118206c0    00000120     rts6740.lib : trgmsg.obj (.cio)

.switch    0    118207e0    0000007c     
                  118207e0    00000028     rts6740.lib : _scanfi.obj (.switch:__sset_arg)
                  11820808    00000018     LCDK_Support_DSP.obj (.switch:_SetSampleRate_AIC3106)
                  11820820    00000014     svm.obj (.switch:___ct__6KernelFiPCP8svm_nodeRC13svm_parameter)
                  11820834    00000014     svm.obj (.switch:_k_function__6KernelSFPC8svm_nodeT1RC13svm_parameter)
                  11820848    00000014     svm.obj (.switch:_svm_train_one__FPC11svm_problemPC13svm_parameterdT3)

.bss       0    1182085c    00000068     UNINITIALIZED
                  1182085c    00000054     main.obj (.bss)
                  118208b0    00000010     svm.obj (.bss)
                  118208c0    00000004     LCDK_Support_DSP.obj (.bss)


GLOBAL SYMBOLS: SORTED ALPHABETICALLY BY Name 

address    name
--------   ----
1182085c   $bss
1182085c   .bss
11800200   .text
1181b580   C$$EXIT
1181b0b8   C$$IO$$
1180d3cc   _AIC3106_write_reg
1181bfe0   _B
1181e298   _C_locale
1180d154   _CheckForOverrun
1181e39c   _CodecDataIn
1181e3a0   _CodecDataOut
118158c0   _Codec_ISR
11820868   _D
1180cce8   _DSP_Init
1180cd08   _DSP_Init_EDMA
1180ceec   _EnableInterrupts
1180cf38   _EnableInterrupts_EDMA
11810068   _GetCenterFrequency
1180fc00   _GetCoefficient
1180fe28   _GetFilterParameter
1180ffcc   _GetMagnitudeFactor
1180cce0   _GetSampleFreq
11819c80   _HOSTclose
11818860   _HOSTlseek
11818c60   _HOSTopen
11818d40   _HOSTread
11816f80   _HOSTrename
11819440   _HOSTunlink
11819500   _HOSTwrite
1180ce84   _InitDigitalOutputs
1180cd28   _InitLEDs
1180d184   _Init_AIC3106
1180cfac   _Init_I2C
1180cea8   _Init_Interrupts
1180cf28   _Init_Interrupts_EDMA
1180d578   _Init_McASP0
1180d908   _Init_UART2
1180da48   _IsDataReady_UART2
1180da6c   _IsTxReady_UART2
11820860   _K
1182085c   _M
11820864   _N
1180fdc4   _NormalizationFactor
1180d9e8   _Puts_UART2
1180d10c   _ReadCodecData
1180ce6c   _ReadSwitches
1180da28   _Read_UART2
1180d408   _Reset_AIC3106
1180d008   _Reset_I2C
1180d430   _SetSampleRate_AIC3106
11808c34   _Solve__6SolverFiRC7QMatrixPCdPCScPddN26PQ2_6Solver12SolutionInfoT1
1181d0c0   _UARTdouble
1180d130   _WriteCodecData
1180ce90   _WriteDigitalOutputs
1180cd88   _WriteLEDs
1180d028   _Write_I2C
1180d9c0   _Write_UART2
1181b5e0   _X
118206c0   __CIOBUF_
118202c0   __STACK_END
00000400   __STACK_SIZE
00000400   __SYSMEM_SIZE
00000001   __TI_args_main
1181abe0   ___TI_cpp_init
1181e398   ___TI_enable_exit_profile_output
ffffffff   ___TI_pprof_out_hndl
ffffffff   ___TI_prof_data_size
ffffffff   ___TI_prof_data_start
1181b380   ___abort_execution
ffffffff   ___binit__
1182085c   ___bss__
ffffffff   ___c_args__
1181e3c8   ___cinit__
11808240   ___ct__5CacheFil
1180876c   ___ct__6KernelFiPCP8svm_nodeRC13svm_parameter
1181b3a0   ___default_new_handler__Fv
1181b3c0   ___dl__FPv
1181b3e0   ___dla__FPv
11808334   ___dt__5CacheFv
11808940   ___dt__6KernelFv
118208c4   ___end__
1181b5e0   ___etext__
1181b0c0   ___isinf
11819d20   ___nw__FUi
1181b400   ___nwa__FUi
ffffffff   ___pinit__
1181b420   ___pure_virtual_called
11800200   ___text__
1181fdc0   ___vtbl__6Kernel
1181fde8   ___vtbl__6Solver
1181fe38   ___vtbl__9Solver_NU
1181b140   __args_main
118195c0   __auto_init
11818080   __buff_read
11818e20   __c6xabi_divi
11819740   __c6xabi_divu
11819980   __c6xabi_remi
11819dc0   __cleanup
1181e390   __cleanup_ptr
118181a0   __closefile
1181fb10   __ctypes_
1180f0e0   __divd
11814a40   __divf
11818e20   __divi
11819e60   __divli
11819740   __divu
11816aa0   __divul
118151c0   __divull
11819800   __doflush
1181e394   __dtors_ptr
1181a040   __fixdli
11817580   __fltlid
1181b180   __frcmpyd_div
1181dfd0   __ft_end
1181dcb0   __ftable
1181a860   __llshl
1181b1c0   __llshru
1181e3a4   __lock
1181b460   __negll
1181e3b4   __new_handler
1181b480   __nop
1181a0e0   __nround
11811ca0   __printfi
118198c0   __rd_ok
11819980   __remi
1181b240   __remli
1181b280   __remul
1181ac40   __remull
1180daa0   __scanfi
1181fec0   __stack
1181aca0   __subcull
118202c0   __sys_memory
1181de90   __tmpnams
1181b540   __trunc
1181e3a8   __unlock
11818960   __wrt_ok
1181b580   _abort
11818f00   _atoi
1181ab60   _autoCorr
11820888   _avg
1180ac0c   _be_shrunk__6SolverFidT2
1180b5d4   _be_shrunk__9Solver_NUFidN32
1181a8e0   _c_int00
1180a750   _calculate_rho__6SolverFv
1180b30c   _calculate_rho__9Solver_NUFv
1181a960   _calloc
11818fe0   _close
1182088c   _coeff
1181a220   _copy_in
118139c0   _cos
1182089c   _cross_validation
1182087c   _denominator
1180c208   _do_cross_validation
1180a910   _do_shrinking__6SolverFv
1180b6cc   _do_shrinking__9Solver_NUFv
11808b80   _dot__6KernelSFPC8svm_nodeT1
1181dfd4   _errno
11819a40   _exit
11816540   _exp
1181ad00   _fclose
11820878   _feature
1181ad60   _ferror
118190c0   _fflush
1180ba00   _fft
11817b80   _fgetc
1181b5a0   _fgets
11817704   _fircircfunc
1181b340   _flipfunc
1181adc0   _fopen
11818a60   _fprintf
11815d20   _fputc
11812ce0   _fputs
11814cc0   _free
11818620   _frexp
118191a0   _fscanf
11818740   _fseek
11817cc0   _ftell
118083b8   _get_data__5CacheFiPPfT1
11817b80   _getc
1180c584   _initialization
11808990   _k_function__6KernelSFPC8svm_nodeT1RC13svm_parameter
1182086c   _kk
1181d0b8   _label
118178e0   _ldexp
118208b0   _libsvm_version
11820890   _llh
11816140   _log
118086e8   _lru_delete__5CacheFPQ2_5Cache6head_t
11808718   _lru_insert__5CacheFPQ2_5Cache6head_t
1181a360   _lseek
11819b00   _ltoa
11820884   _magnitude
1180bd68   _main
11817280   _malloc
118208a4   _max_nr_attr
1181ae20   _memccpy
1181a400   _memcpy
11819280   _memset
1181cfe0   _mfcc_result
11820894   _model
1181a540   _modf
118208a0   _nr_fold
11820880   _numerator
11817400   _open
1181d048   _param
1181d2d8   _params
1180e3a0   _pow
11813ca0   _powi
1180c7d8   _predict
118208a8   _predict_probability
11819360   _printf
1181d0a8   _prob
11815d20   _putc
1181a9e0   _rand
1181a680   _read
11806be0   _read_model_header__FPQ2_3std4FILEP9svm_model
1180c660   _read_problem
1181aa60   _readmsg
11814240   _realloc
11809e84   _reconstruct_gradient__6SolverFv
1181b5c0   _remove
1180a1cc   _select_working_set__6SolverFRiT1
1180acf4   _select_working_set__9Solver_NUFRiT1
1181ae80   _setlocale
11816340   _setvbuf
11814f40   _sin
1181c7e0   _spectrum
11818b60   _sqrt
11820870   _startflag
1181b2c0   _strcmp
1181aee0   _strcspn
1181b300   _strlen
1181af40   _strrchr
1181a720   _strspn
11810b20   _strtod
11819bc0   _strtok
11810f80   _strtol
118113e0   _strtold
11811840   _strtoll
118124e0   _strtoul
118128e0   _strtoull
11807ce0   _svm_check_parameter
118081a0   _svm_check_probability_model
11805210   _svm_cross_validation
11807cb8   _svm_destroy_param
11807c74   _svm_free_and_destroy_model
11807ad4   _svm_free_model_content
118059e0   _svm_get_labels
118059c8   _svm_get_nr_class
11805ab0   _svm_get_nr_sv
11805a4c   _svm_get_sv_indices
118059b0   _svm_get_svm_type
11805ac8   _svm_get_svr_probability
118076ac   _svm_load_model
118060ec   _svm_predict
11806184   _svm_predict_probability
11805b28   _svm_predict_values
118072d0   _svm_read_model
11806464   _svm_save_model
11808210   _svm_set_print_string_function__FPFPCc_v
1180424c   _svm_train
118084e4   _swap_index__5CacheFiT1
11809d44   _swap_index__6SolverFiT1
11816de0   _tanh
11820874   _training
11817f40   _ungetc
1181aae0   _unlink
1181b000   _vsprintf
1181b7e0   _w
1180cf78   _wait
1181a7c0   _write
1181b060   _writemsg
1181d0c8   _x
11820898   _x_space
ffffffff   binit
1181e3c8   cinit
118208c4   end
1181b5e0   etext
ffffffff   pinit


GLOBAL SYMBOLS: SORTED BY Symbol Address 

address    name
--------   ----
00000001   __TI_args_main
00000400   __STACK_SIZE
00000400   __SYSMEM_SIZE
11800200   .text
11800200   ___text__
1180424c   _svm_train
11805210   _svm_cross_validation
118059b0   _svm_get_svm_type
118059c8   _svm_get_nr_class
118059e0   _svm_get_labels
11805a4c   _svm_get_sv_indices
11805ab0   _svm_get_nr_sv
11805ac8   _svm_get_svr_probability
11805b28   _svm_predict_values
118060ec   _svm_predict
11806184   _svm_predict_probability
11806464   _svm_save_model
11806be0   _read_model_header__FPQ2_3std4FILEP9svm_model
118072d0   _svm_read_model
118076ac   _svm_load_model
11807ad4   _svm_free_model_content
11807c74   _svm_free_and_destroy_model
11807cb8   _svm_destroy_param
11807ce0   _svm_check_parameter
118081a0   _svm_check_probability_model
11808210   _svm_set_print_string_function__FPFPCc_v
11808240   ___ct__5CacheFil
11808334   ___dt__5CacheFv
118083b8   _get_data__5CacheFiPPfT1
118084e4   _swap_index__5CacheFiT1
118086e8   _lru_delete__5CacheFPQ2_5Cache6head_t
11808718   _lru_insert__5CacheFPQ2_5Cache6head_t
1180876c   ___ct__6KernelFiPCP8svm_nodeRC13svm_parameter
11808940   ___dt__6KernelFv
11808990   _k_function__6KernelSFPC8svm_nodeT1RC13svm_parameter
11808b80   _dot__6KernelSFPC8svm_nodeT1
11808c34   _Solve__6SolverFiRC7QMatrixPCdPCScPddN26PQ2_6Solver12SolutionInfoT1
11809d44   _swap_index__6SolverFiT1
11809e84   _reconstruct_gradient__6SolverFv
1180a1cc   _select_working_set__6SolverFRiT1
1180a750   _calculate_rho__6SolverFv
1180a910   _do_shrinking__6SolverFv
1180ac0c   _be_shrunk__6SolverFidT2
1180acf4   _select_working_set__9Solver_NUFRiT1
1180b30c   _calculate_rho__9Solver_NUFv
1180b5d4   _be_shrunk__9Solver_NUFidN32
1180b6cc   _do_shrinking__9Solver_NUFv
1180ba00   _fft
1180bd68   _main
1180c208   _do_cross_validation
1180c584   _initialization
1180c660   _read_problem
1180c7d8   _predict
1180cce0   _GetSampleFreq
1180cce8   _DSP_Init
1180cd08   _DSP_Init_EDMA
1180cd28   _InitLEDs
1180cd88   _WriteLEDs
1180ce6c   _ReadSwitches
1180ce84   _InitDigitalOutputs
1180ce90   _WriteDigitalOutputs
1180cea8   _Init_Interrupts
1180ceec   _EnableInterrupts
1180cf28   _Init_Interrupts_EDMA
1180cf38   _EnableInterrupts_EDMA
1180cf78   _wait
1180cfac   _Init_I2C
1180d008   _Reset_I2C
1180d028   _Write_I2C
1180d10c   _ReadCodecData
1180d130   _WriteCodecData
1180d154   _CheckForOverrun
1180d184   _Init_AIC3106
1180d3cc   _AIC3106_write_reg
1180d408   _Reset_AIC3106
1180d430   _SetSampleRate_AIC3106
1180d578   _Init_McASP0
1180d908   _Init_UART2
1180d9c0   _Write_UART2
1180d9e8   _Puts_UART2
1180da28   _Read_UART2
1180da48   _IsDataReady_UART2
1180da6c   _IsTxReady_UART2
1180daa0   __scanfi
1180e3a0   _pow
1180f0e0   __divd
1180fc00   _GetCoefficient
1180fdc4   _NormalizationFactor
1180fe28   _GetFilterParameter
1180ffcc   _GetMagnitudeFactor
11810068   _GetCenterFrequency
11810b20   _strtod
11810f80   _strtol
118113e0   _strtold
11811840   _strtoll
11811ca0   __printfi
118124e0   _strtoul
118128e0   _strtoull
11812ce0   _fputs
118139c0   _cos
11813ca0   _powi
11814240   _realloc
11814a40   __divf
11814cc0   _free
11814f40   _sin
118151c0   __divull
118158c0   _Codec_ISR
11815d20   _fputc
11815d20   _putc
11816140   _log
11816340   _setvbuf
11816540   _exp
11816aa0   __divul
11816de0   _tanh
11816f80   _HOSTrename
11817280   _malloc
11817400   _open
11817580   __fltlid
11817704   _fircircfunc
118178e0   _ldexp
11817b80   _fgetc
11817b80   _getc
11817cc0   _ftell
11817f40   _ungetc
11818080   __buff_read
118181a0   __closefile
11818620   _frexp
11818740   _fseek
11818860   _HOSTlseek
11818960   __wrt_ok
11818a60   _fprintf
11818b60   _sqrt
11818c60   _HOSTopen
11818d40   _HOSTread
11818e20   __c6xabi_divi
11818e20   __divi
11818f00   _atoi
11818fe0   _close
118190c0   _fflush
118191a0   _fscanf
11819280   _memset
11819360   _printf
11819440   _HOSTunlink
11819500   _HOSTwrite
118195c0   __auto_init
11819740   __c6xabi_divu
11819740   __divu
11819800   __doflush
118198c0   __rd_ok
11819980   __c6xabi_remi
11819980   __remi
11819a40   _exit
11819b00   _ltoa
11819bc0   _strtok
11819c80   _HOSTclose
11819d20   ___nw__FUi
11819dc0   __cleanup
11819e60   __divli
1181a040   __fixdli
1181a0e0   __nround
1181a220   _copy_in
1181a360   _lseek
1181a400   _memcpy
1181a540   _modf
1181a680   _read
1181a720   _strspn
1181a7c0   _write
1181a860   __llshl
1181a8e0   _c_int00
1181a960   _calloc
1181a9e0   _rand
1181aa60   _readmsg
1181aae0   _unlink
1181ab60   _autoCorr
1181abe0   ___TI_cpp_init
1181ac40   __remull
1181aca0   __subcull
1181ad00   _fclose
1181ad60   _ferror
1181adc0   _fopen
1181ae20   _memccpy
1181ae80   _setlocale
1181aee0   _strcspn
1181af40   _strrchr
1181b000   _vsprintf
1181b060   _writemsg
1181b0b8   C$$IO$$
1181b0c0   ___isinf
1181b140   __args_main
1181b180   __frcmpyd_div
1181b1c0   __llshru
1181b240   __remli
1181b280   __remul
1181b2c0   _strcmp
1181b300   _strlen
1181b340   _flipfunc
1181b380   ___abort_execution
1181b3a0   ___default_new_handler__Fv
1181b3c0   ___dl__FPv
1181b3e0   ___dla__FPv
1181b400   ___nwa__FUi
1181b420   ___pure_virtual_called
1181b460   __negll
1181b480   __nop
1181b540   __trunc
1181b580   C$$EXIT
1181b580   _abort
1181b5a0   _fgets
1181b5c0   _remove
1181b5e0   _X
1181b5e0   ___etext__
1181b5e0   etext
1181b7e0   _w
1181bfe0   _B
1181c7e0   _spectrum
1181cfe0   _mfcc_result
1181d048   _param
1181d0a8   _prob
1181d0b8   _label
1181d0c0   _UARTdouble
1181d0c8   _x
1181d2d8   _params
1181dcb0   __ftable
1181de90   __tmpnams
1181dfd0   __ft_end
1181dfd4   _errno
1181e298   _C_locale
1181e390   __cleanup_ptr
1181e394   __dtors_ptr
1181e398   ___TI_enable_exit_profile_output
1181e39c   _CodecDataIn
1181e3a0   _CodecDataOut
1181e3a4   __lock
1181e3a8   __unlock
1181e3b4   __new_handler
1181e3c8   ___cinit__
1181e3c8   cinit
1181fb10   __ctypes_
1181fdc0   ___vtbl__6Kernel
1181fde8   ___vtbl__6Solver
1181fe38   ___vtbl__9Solver_NU
1181fec0   __stack
118202c0   __STACK_END
118202c0   __sys_memory
118206c0   __CIOBUF_
1182085c   $bss
1182085c   .bss
1182085c   _M
1182085c   ___bss__
11820860   _K
11820864   _N
11820868   _D
1182086c   _kk
11820870   _startflag
11820874   _training
11820878   _feature
1182087c   _denominator
11820880   _numerator
11820884   _magnitude
11820888   _avg
1182088c   _coeff
11820890   _llh
11820894   _model
11820898   _x_space
1182089c   _cross_validation
118208a0   _nr_fold
118208a4   _max_nr_attr
118208a8   _predict_probability
118208b0   _libsvm_version
118208c4   ___end__
118208c4   end
ffffffff   ___TI_pprof_out_hndl
ffffffff   ___TI_prof_data_size
ffffffff   ___TI_prof_data_start
ffffffff   ___binit__
ffffffff   ___c_args__
ffffffff   ___pinit__
ffffffff   binit
ffffffff   pinit

[279 symbols]
