******************************************************************************
               TMS320C6x Linker Unix v7.4.16                   
******************************************************************************
>> Linked Sun Apr 29 22:02:51 2018

OUTPUT FILE NAME:   <lab3_problem3.out>
ENTRY POINT SYMBOL: "_c_int00"  address: 1180b4e0


MEMORY CONFIGURATION

         name            origin    length      used     unused   attr    fill
----------------------  --------  ---------  --------  --------  ----  --------
  VECTORS               11800000   00000200  00000200  00000000  RWIX
  DSPRAM                11800200   0003fe00  0000fa08  000303f8  RWIX
  SHAREDRAM             80000000   00020000  00000000  00020000  RWIX
  SDRAM                 c0000000   08000000  00000000  08000000  RWIX


SECTION ALLOCATION MAP

 output                                  attributes/
section   page    origin      length       input sections
--------  ----  ----------  ----------   ----------------
vectors    0    11800000    00000200     
                  11800000    00000200     vectors.obj (vectors)

.text      0    11800200    0000b9a0     
                  11800200    00002280     gmm.obj (.text)
                  11802480    00000dc0     LCDK_Support_DSP.obj (.text)
                  11803240    000009a0     main.obj (.text)
                  11803be0    00000720     rts6740.lib : pow.obj (.text:_pow)
                  11804300    000005a0                 : divd.obj (.text:__divd)
                  118048a0    00000580                 : _printfi.obj (.text:__getarg_diouxp)
                  11804e20    00000540     libmfcc.obj (.text)
                  11805360    00000520     rts6740.lib : _printfi.obj (.text:__setfield)
                  11805880    00000440                 : _printfi.obj (.text:__printfi)
                  11805cc0    000003a0                 : fputs.obj (.text:_fputs)
                  11806060    00000320                 : _printfi.obj (.text:__pproc_fge)
                  11806380    000002e0                 : cos.obj (.text:_cos)
                  11806660    000002c0                 : _printfi.obj (.text:__pproc_fwp)
                  11806920    000002a0                 : _printfi.obj (.text:_ecvt)
                  11806bc0    000002a0                 : _printfi.obj (.text:_fcvt)
                  11806e60    00000280                 : divf.obj (.text:__divf)
                  118070e0    00000280                 : memory.obj (.text:_free)
                  11807360    00000280                 : sin.obj (.text:_sin)
                  118075e0    00000280     ISRs.obj (.text:retain)
                  11807860    00000260     rts6740.lib : imath64.obj (.text:__divull)
                  11807ac0    00000260                 : _printfi.obj (.text:__pconv_e)
                  11807d20    00000240                 : _printfi.obj (.text:__pproc_diouxp)
                  11807f60    00000220                 : _printfi.obj (.text:__pproc_str)
                  11808180    00000220                 : fputc.obj (.text:_fputc)
                  118083a0    00000200                 : _printfi.obj (.text:__pconv_g)
                  118085a0    00000200                 : log.obj (.text:_log)
                  118087a0    00000200                 : setvbuf.obj (.text:_setvbuf)
                  118089a0    000001e0                 : exp.obj (.text:_exp)
                  11808b80    000001c0                 : _printfi.obj (.text:__mcpy)
                  11808d40    000001a0                 : imath40.obj (.text:__divul)
                  11808ee0    00000180                 : trgdrv.obj (.text:_HOSTrename)
                  11809060    00000180                 : memory.obj (.text:_malloc)
                  118091e0    00000160                 : ldexp.obj (.text:_ldexp)
                  11809340    00000140                 : _printfi.obj (.text:__pproc_fflags)
                  11809480    00000140                 : lowlev.obj (.text:_getdevice)
                  118095c0    00000120                 : fclose.obj (.text:__closefile)
                  118096e0    00000120                 : _printfi.obj (.text:__ltostr)
                  11809800    00000120                 : frexp.obj (.text:_frexp)
                  11809920    00000120                 : fseek.obj (.text:_fseek)
                  11809a40    00000100                 : trgdrv.obj (.text:_HOSTlseek)
                  11809b40    00000100                 : _io_perm.obj (.text:__wrt_ok)
                  11809c40    00000100                 : sqrt.obj (.text:_sqrt)
                  11809d40    000000e0                 : trgdrv.obj (.text:_HOSTopen)
                  11809e20    000000e0                 : trgdrv.obj (.text:_HOSTread)
                  11809f00    000000e0                 : atoi.obj (.text:_atoi)
                  11809fe0    000000e0                 : lowlev.obj (.text:_close)
                  1180a0c0    000000e0                 : memset.obj (.text:_memset)
                  1180a1a0    000000e0                 : printf.obj (.text:_printf)
                  1180a280    000000c0                 : trgdrv.obj (.text:_HOSTunlink)
                  1180a340    000000c0                 : trgdrv.obj (.text:_HOSTwrite)
                  1180a400    000000c0                 : autoinit.obj (.text:__auto_init)
                  1180a4c0    000000c0                 : _printfi.obj (.text:__div)
                  1180a580    000000c0                 : divu.obj (.text:__divu)
                  1180a640    000000c0                 : fflush.obj (.text:__doflush)
                  1180a700    000000c0                 : remi.obj (.text:__remi)
                  1180a7c0    000000c0                 : exit.obj (.text:_exit)
                  1180a880    000000c0                 : ltoa.obj (.text:_ltoa)
                  1180a940    000000a0                 : trgdrv.obj (.text:_HOSTclose)
                  1180a9e0    000000a0                 : trgdrv.obj (.text:_HOSTtime)
                  1180aa80    000000a0                 : fopen.obj (.text:__cleanup)
                  1180ab20    000000a0                 : imath40.obj (.text:__divli)
                  1180abc0    000000a0                 : _printfi.obj (.text:__ecpy)
                  1180ac60    000000a0                 : _printfi.obj (.text:__fcpy)
                  1180ad00    000000a0                 : fixdli.obj (.text:__fixdli)
                  1180ada0    000000a0                 : round.obj (.text:__nround)
                  1180ae40    000000a0                 : _printfi.obj (.text:__pconv_f)
                  1180aee0    000000a0                 : cpy_tbl.obj (.text:_copy_in)
                  1180af80    000000a0                 : lowlev.obj (.text:_finddevice)
                  1180b020    000000a0                 : lowlev.obj (.text:_lseek)
                  1180b0c0    000000a0                 : memcpy64.obj (.text:_memcpy)
                  1180b160    000000a0                 : memory.obj (.text:_minsert)
                  1180b200    000000a0                 : modf.obj (.text:_modf)
                  1180b2a0    000000a0                 : memory.obj (.text:_mremove)
                  1180b340    000000a0                 : lowlev.obj (.text:_write)
                  1180b3e0    00000080                 : fltlid.obj (.text:__fltlid)
                  1180b460    00000080                 : llshift.obj (.text:__llshl)
                  1180b4e0    00000080                 : boot.obj (.text:_c_int00)
                  1180b560    00000080                 : rand.obj (.text:_rand)
                  1180b5e0    00000080                 : trgmsg.obj (.text:_readmsg)
                  1180b660    00000080                 : lowlev.obj (.text:_unlink)
                  1180b6e0    00000060                 : cpp_init.obj (.text:___TI_cpp_init)
                  1180b740    00000060                 : imath64.obj (.text:__subcull)
                  1180b7a0    00000060                 : memccpy.obj (.text:_memccpy)
                  1180b800    00000060                 : rand.obj (.text:_srand)
                  1180b860    00000060                 : trgmsg.obj (.text:_writemsg)
                  1180b8c0    00000040                 : isinf.obj (.text:___isinf)
                  1180b900    00000040                 : _printfi.obj (.text:___isnan)
                  1180b940    00000040                 : args_main.obj (.text:__args_main)
                  1180b980    00000040                 : frcmpyd_div.obj (.text:__frcmpyd_div)
                  1180b9c0    00000040                 : llshift.obj (.text:__llshru)
                  1180ba00    00000040                 : imath40.obj (.text:__remli)
                  1180ba40    00000040                 : strcmp.obj (.text:_strcmp)
                  1180ba80    00000040                 : time.obj (.text:_time)
                  1180bac0    00000020                 : negll.obj (.text:__negll)
                  1180bae0    00000020                 : _lock.obj (.text:__nop)
                  1180bb00    00000020                 : printf.obj (.text:__outc)
                  1180bb20    00000020                 : printf.obj (.text:__outs)
                  1180bb40    00000020                 : trunc.obj (.text:__trunc)
                  1180bb60    00000020                 : exit.obj (.text:_abort)
                  1180bb80    00000020                 : remove.obj (.text:_remove)

.far       0    1180bba0    00002690     UNINITIALIZED
                  1180bba0    00002010     main.obj (.far)
                  1180dbb0    00000324     rts6740.lib : defs.obj (.far)
                  1180ded4    00000004                 : errno.obj (.far)
                  1180ded8    00000120                 : pow.obj (.far)
                  1180dff8    0000011c                 : lowlev.obj (.far)
                  1180e114    00000004                 : fopen.obj (.far)
                  1180e118    00000040                 : cos.obj (.far)
                  1180e158    00000040                 : sin.obj (.far)
                  1180e198    00000030                 : exp.obj (.far)
                  1180e1c8    00000030                 : log.obj (.far)
                  1180e1f8    0000000c                 : exit.obj (.far)
                  1180e204    00000008     ISRs.obj (.far)
                  1180e20c    00000008     rts6740.lib : _lock.obj (.far)
                  1180e214    00000008                 : memory.obj (.far)
                  1180e21c    00000004     --HOLE--
                  1180e220    00000008                 : rand.obj (.far)
                  1180e228    00000008                 : trgdrv.obj (.far)

.const     0    1180e230    00000938     
                  1180e230    000005a0     gmm.obj (.const:_$P$T3$4)
                  1180e7d0    0000016c     gmm.obj (.const:.string)
                  1180e93c    00000002     rts6740.lib : fputs.obj (.const:.string)
                  1180e93e    00000002     --HOLE-- [fill = 0]
                  1180e940    00000101                 : ctype.obj (.const:.string:__ctypes_)
                  1180ea41    00000007     --HOLE-- [fill = 0]
                  1180ea48    00000068     gmm.obj (.const:_$P$T1$2)
                  1180eab0    00000068     gmm.obj (.const:_$P$T2$3)
                  1180eb18    00000023     rts6740.lib : _printfi.obj (.const:.string)
                  1180eb3b    00000005     --HOLE-- [fill = 0]
                  1180eb40    00000018     gmm.obj (.const:_$P$T0$1)
                  1180eb58    00000010     main.obj (.const:.string)

.cinit     0    1180eb68    00000734     
                  1180eb68    00000350     main.obj (.cinit)
                  1180eeb8    00000140     rts6740.lib : pow.obj (.cinit)
                  1180eff8    0000005c                 : defs.obj (.cinit)
                  1180f054    00000004     --HOLE-- [fill = 0]
                  1180f058    0000005c                 : lowlev.obj (.cinit)
                  1180f0b4    00000004     --HOLE-- [fill = 0]
                  1180f0b8    00000048                 : cos.obj (.cinit)
                  1180f100    00000048                 : sin.obj (.cinit)
                  1180f148    00000040                 : exp.obj (.cinit)
                  1180f188    00000040                 : log.obj (.cinit)
                  1180f1c8    0000002c                 : exit.obj (.cinit)
                  1180f1f4    00000004     --HOLE-- [fill = 0]
                  1180f1f8    0000002c                 : memory.obj (.cinit)
                  1180f224    00000004     --HOLE-- [fill = 0]
                  1180f228    0000001c                 : _lock.obj (.cinit)
                  1180f244    00000004     --HOLE-- [fill = 0]
                  1180f248    00000010                 : rand.obj (.cinit)
                  1180f258    0000000c     ISRs.obj (.cinit)
                  1180f264    00000004     --HOLE-- [fill = 0]
                  1180f268    0000000c     LCDK_Support_DSP.obj (.cinit)
                  1180f274    00000004     --HOLE-- [fill = 0]
                  1180f278    0000000c     rts6740.lib : errno.obj (.cinit)
                  1180f284    00000004     --HOLE-- [fill = 0]
                  1180f288    0000000c                 : fopen.obj (.cinit)
                  1180f294    00000004     --HOLE-- [fill = 0]
                  1180f298    00000004     (.pad.cinit) [fill = 0]

.stack     0    1180f2a0    00000400     UNINITIALIZED
                  1180f2a0    00000008     rts6740.lib : boot.obj (.stack)
                  1180f2a8    000003f8     --HOLE--

.sysmem    0    1180f6a0    00000400     UNINITIALIZED
                  1180f6a0    00000008     rts6740.lib : memory.obj (.sysmem)
                  1180f6a8    000003f8     --HOLE--

.cio       0    1180faa0    00000120     UNINITIALIZED
                  1180faa0    00000120     rts6740.lib : trgmsg.obj (.cio)

.bss       0    1180fbc0    00000034     UNINITIALIZED
                  1180fbc0    00000028     main.obj (.bss)
                  1180fbe8    00000008     ISRs.obj (.bss)
                  1180fbf0    00000004     LCDK_Support_DSP.obj (.bss)

.switch    0    1180fbf4    00000018     
                  1180fbf4    00000018     LCDK_Support_DSP.obj (.switch:_SetSampleRate_AIC3106)


GLOBAL SYMBOLS: SORTED ALPHABETICALLY BY Name 

address    name
--------   ----
1180fbc0   $bss
1180fbc0   .bss
11800200   .text
1180bb60   C$$EXIT
1180b8b8   C$$IO$$
11802b6c   _AIC3106_write_reg
1180c5a0   _B
118028f4   _CheckForOverrun
1180e204   _CodecDataIn
1180e208   _CodecDataOut
118075e0   _Codec_ISR
1180fbcc   _D
11802488   _DSP_Init
118024a8   _DSP_Init_EDMA
1180268c   _EnableInterrupts
118026d8   _EnableInterrupts_EDMA
11805288   _GetCenterFrequency
11804e20   _GetCoefficient
11805048   _GetFilterParameter
118051ec   _GetMagnitudeFactor
11802480   _GetSampleFreq
1180a940   _HOSTclose
11809a40   _HOSTlseek
11809d40   _HOSTopen
11809e20   _HOSTread
11808ee0   _HOSTrename
1180a9e0   _HOSTtime
1180a280   _HOSTunlink
1180a340   _HOSTwrite
11802624   _InitDigitalOutputs
118024c8   _InitLEDs
11802924   _Init_AIC3106
1180274c   _Init_I2C
11802648   _Init_Interrupts
118026c8   _Init_Interrupts_EDMA
11802d18   _Init_McASP0
118030a8   _Init_UART2
118031e8   _IsDataReady_UART2
1180320c   _IsTxReady_UART2
1180fbc4   _K
1180fbc0   _M
1180fbc8   _N
11804fe4   _NormalizationFactor
11803188   _Puts_UART2
118028ac   _ReadCodecData
1180260c   _ReadSwitches
118031c8   _Read_UART2
11802ba8   _Reset_AIC3106
118027a8   _Reset_I2C
11802bd0   _SetSampleRate_AIC3106
1180dba8   _UARTdouble
118028d0   _WriteCodecData
11802630   _WriteDigitalOutputs
11802528   _WriteLEDs
118027c8   _Write_I2C
11803160   _Write_UART2
1180bba0   _X
1180faa0   __CIOBUF_
1180f6a0   __STACK_END
00000400   __STACK_SIZE
00000400   __SYSMEM_SIZE
00000001   __TI_args_main
1180b6e0   ___TI_cpp_init
1180e200   ___TI_enable_exit_profile_output
ffffffff   ___TI_pprof_out_hndl
ffffffff   ___TI_prof_data_size
ffffffff   ___TI_prof_data_start
ffffffff   ___binit__
1180fbc0   ___bss__
ffffffff   ___c_args__
1180eb68   ___cinit__
1180fbf4   ___end__
1180bba0   ___etext__
1180b8c0   ___isinf
ffffffff   ___pinit__
11800200   ___text__
1180b940   __args_main
1180a400   __auto_init
1180a580   __c6xabi_divu
1180a700   __c6xabi_remi
1180aa80   __cleanup
1180e1f8   __cleanup_ptr
118095c0   __closefile
1180e940   __ctypes_
11804300   __divd
11806e60   __divf
1180ab20   __divli
1180a580   __divu
11808d40   __divul
11807860   __divull
1180a640   __doflush
1180e1fc   __dtors_ptr
1180ad00   __fixdli
1180b3e0   __fltlid
1180b980   __frcmpyd_div
1180ded0   __ft_end
1180dbb0   __ftable
1180132c   __gmm_compute_membership_prob
118012d0   __gmm_em_step
11800674   __gmm_init_params
11800b38   __gmm_init_params_kmeans
118006b4   __gmm_init_params_random
11801d4c   __gmm_log_gaussian_pdf
11802184   __gmm_pow2
11801678   __gmm_update_params
11802020   __gmm_vec_add
118020ac   __gmm_vec_divide_by_scalar
1180210c   __gmm_vec_dot_prod
11801f94   __gmm_vec_l2_dist
1180b460   __llshl
1180b9c0   __llshru
1180e20c   __lock
1180bac0   __negll
1180bae0   __nop
1180ada0   __nround
11805880   __printfi
1180a700   __remi
1180ba00   __remli
1180f2a0   __stack
1180b740   __subcull
1180f6a0   __sys_memory
1180dd90   __tmpnams
1180bb40   __trunc
1180e210   __unlock
11809b40   __wrt_ok
1180bb60   _abort
11809f00   _atoi
1180fbe0   _avg
1180b4e0   _c_int00
11809fe0   _close
1180fbe4   _coeff
1180aee0   _copy_in
11806380   _cos
1180da58   _covars
1180fbd4   _denominator
1180ded4   _errno
1180a7c0   _exit
118089a0   _exp
11803240   _fft
11808180   _fputc
11805cc0   _fputs
118070e0   _free
11809800   _frexp
11809920   _fseek
1180d608   _gmm
11800394   _gmm_fit
118023e0   _gmm_free
11800200   _gmm_new
118021a4   _gmm_print_params
118004f0   _gmm_score
118002f0   _gmm_set_convergence_tol
11800328   _gmm_set_initialization_method
118002d8   _gmm_set_max_iter
1180030c   _gmm_set_regularization_value
11803710   _initializeGMM
1180fbec   _kk
118091e0   _ldexp
118085a0   _log
1180b020   _lseek
1180a880   _ltoa
1180fbdc   _magnitude
11803878   _main
11809060   _malloc
1180d920   _means
1180b7a0   _memccpy
1180b0c0   _memcpy
1180a0c0   _memset
1180d5a0   _mfcc_result
11803634   _modelGM
1180b200   _modf
1180fbe8   _monoIn
1180fbd8   _numerator
11803be0   _pow
1180a1a0   _printf
11808180   _putc
1180b560   _rand
1180b5e0   _readmsg
1180bb80   _remove
118087a0   _setvbuf
11807360   _sin
1180cda0   _spectrum
11809c40   _sqrt
1180b800   _srand
1180fbd0   _startflag
118035a8   _storeGMM
1180ba40   _strcmp
1180ba80   _time
11803794   _twiddleFactors
1180b660   _unlink
1180bda0   _w
11802718   _wait
1180db90   _weights
1180b340   _write
1180b860   _writemsg
ffffffff   binit
1180eb68   cinit
1180fbf4   end
1180bba0   etext
ffffffff   pinit


GLOBAL SYMBOLS: SORTED BY Symbol Address 

address    name
--------   ----
00000001   __TI_args_main
00000400   __STACK_SIZE
00000400   __SYSMEM_SIZE
11800200   .text
11800200   ___text__
11800200   _gmm_new
118002d8   _gmm_set_max_iter
118002f0   _gmm_set_convergence_tol
1180030c   _gmm_set_regularization_value
11800328   _gmm_set_initialization_method
11800394   _gmm_fit
118004f0   _gmm_score
11800674   __gmm_init_params
118006b4   __gmm_init_params_random
11800b38   __gmm_init_params_kmeans
118012d0   __gmm_em_step
1180132c   __gmm_compute_membership_prob
11801678   __gmm_update_params
11801d4c   __gmm_log_gaussian_pdf
11801f94   __gmm_vec_l2_dist
11802020   __gmm_vec_add
118020ac   __gmm_vec_divide_by_scalar
1180210c   __gmm_vec_dot_prod
11802184   __gmm_pow2
118021a4   _gmm_print_params
118023e0   _gmm_free
11802480   _GetSampleFreq
11802488   _DSP_Init
118024a8   _DSP_Init_EDMA
118024c8   _InitLEDs
11802528   _WriteLEDs
1180260c   _ReadSwitches
11802624   _InitDigitalOutputs
11802630   _WriteDigitalOutputs
11802648   _Init_Interrupts
1180268c   _EnableInterrupts
118026c8   _Init_Interrupts_EDMA
118026d8   _EnableInterrupts_EDMA
11802718   _wait
1180274c   _Init_I2C
118027a8   _Reset_I2C
118027c8   _Write_I2C
118028ac   _ReadCodecData
118028d0   _WriteCodecData
118028f4   _CheckForOverrun
11802924   _Init_AIC3106
11802b6c   _AIC3106_write_reg
11802ba8   _Reset_AIC3106
11802bd0   _SetSampleRate_AIC3106
11802d18   _Init_McASP0
118030a8   _Init_UART2
11803160   _Write_UART2
11803188   _Puts_UART2
118031c8   _Read_UART2
118031e8   _IsDataReady_UART2
1180320c   _IsTxReady_UART2
11803240   _fft
118035a8   _storeGMM
11803634   _modelGM
11803710   _initializeGMM
11803794   _twiddleFactors
11803878   _main
11803be0   _pow
11804300   __divd
11804e20   _GetCoefficient
11804fe4   _NormalizationFactor
11805048   _GetFilterParameter
118051ec   _GetMagnitudeFactor
11805288   _GetCenterFrequency
11805880   __printfi
11805cc0   _fputs
11806380   _cos
11806e60   __divf
118070e0   _free
11807360   _sin
118075e0   _Codec_ISR
11807860   __divull
11808180   _fputc
11808180   _putc
118085a0   _log
118087a0   _setvbuf
118089a0   _exp
11808d40   __divul
11808ee0   _HOSTrename
11809060   _malloc
118091e0   _ldexp
118095c0   __closefile
11809800   _frexp
11809920   _fseek
11809a40   _HOSTlseek
11809b40   __wrt_ok
11809c40   _sqrt
11809d40   _HOSTopen
11809e20   _HOSTread
11809f00   _atoi
11809fe0   _close
1180a0c0   _memset
1180a1a0   _printf
1180a280   _HOSTunlink
1180a340   _HOSTwrite
1180a400   __auto_init
1180a580   __c6xabi_divu
1180a580   __divu
1180a640   __doflush
1180a700   __c6xabi_remi
1180a700   __remi
1180a7c0   _exit
1180a880   _ltoa
1180a940   _HOSTclose
1180a9e0   _HOSTtime
1180aa80   __cleanup
1180ab20   __divli
1180ad00   __fixdli
1180ada0   __nround
1180aee0   _copy_in
1180b020   _lseek
1180b0c0   _memcpy
1180b200   _modf
1180b340   _write
1180b3e0   __fltlid
1180b460   __llshl
1180b4e0   _c_int00
1180b560   _rand
1180b5e0   _readmsg
1180b660   _unlink
1180b6e0   ___TI_cpp_init
1180b740   __subcull
1180b7a0   _memccpy
1180b800   _srand
1180b860   _writemsg
1180b8b8   C$$IO$$
1180b8c0   ___isinf
1180b940   __args_main
1180b980   __frcmpyd_div
1180b9c0   __llshru
1180ba00   __remli
1180ba40   _strcmp
1180ba80   _time
1180bac0   __negll
1180bae0   __nop
1180bb40   __trunc
1180bb60   C$$EXIT
1180bb60   _abort
1180bb80   _remove
1180bba0   _X
1180bba0   ___etext__
1180bba0   etext
1180bda0   _w
1180c5a0   _B
1180cda0   _spectrum
1180d5a0   _mfcc_result
1180d608   _gmm
1180d920   _means
1180da58   _covars
1180db90   _weights
1180dba8   _UARTdouble
1180dbb0   __ftable
1180dd90   __tmpnams
1180ded0   __ft_end
1180ded4   _errno
1180e1f8   __cleanup_ptr
1180e1fc   __dtors_ptr
1180e200   ___TI_enable_exit_profile_output
1180e204   _CodecDataIn
1180e208   _CodecDataOut
1180e20c   __lock
1180e210   __unlock
1180e940   __ctypes_
1180eb68   ___cinit__
1180eb68   cinit
1180f2a0   __stack
1180f6a0   __STACK_END
1180f6a0   __sys_memory
1180faa0   __CIOBUF_
1180fbc0   $bss
1180fbc0   .bss
1180fbc0   _M
1180fbc0   ___bss__
1180fbc4   _K
1180fbc8   _N
1180fbcc   _D
1180fbd0   _startflag
1180fbd4   _denominator
1180fbd8   _numerator
1180fbdc   _magnitude
1180fbe0   _avg
1180fbe4   _coeff
1180fbe8   _monoIn
1180fbec   _kk
1180fbf4   ___end__
1180fbf4   end
ffffffff   ___TI_pprof_out_hndl
ffffffff   ___TI_prof_data_size
ffffffff   ___TI_prof_data_start
ffffffff   ___binit__
ffffffff   ___c_args__
ffffffff   ___pinit__
ffffffff   binit
ffffffff   pinit

[199 symbols]
