******************************************************************************
               TMS320C6x Linker Unix v7.4.16                   
******************************************************************************
>> Linked Mon Apr 23 23:33:34 2018

OUTPUT FILE NAME:   <lab3_problem3.out>
ENTRY POINT SYMBOL: "_c_int00"  address: 1180b340


MEMORY CONFIGURATION

         name            origin    length      used     unused   attr    fill
----------------------  --------  ---------  --------  --------  ----  --------
  VECTORS               11800000   00000200  00000200  00000000  RWIX
  DSPRAM                11800200   0003fe00  0000f1e8  00030c18  RWIX
  SHAREDRAM             80000000   00020000  00000000  00020000  RWIX
  SDRAM                 c0000000   08000000  00000000  08000000  RWIX


SECTION ALLOCATION MAP

 output                                  attributes/
section   page    origin      length       input sections
--------  ----  ----------  ----------   ----------------
vectors    0    11800000    00000200     
                  11800000    00000200     vectors.obj (vectors)

.text      0    11800200    0000b800     
                  11800200    00002220     gmm.obj (.text)
                  11802420    00000dc0     LCDK_Support_DSP.obj (.text)
                  118031e0    00000880     main.obj (.text)
                  11803a60    00000720     rts6740.lib : pow.obj (.text:_pow)
                  11804180    000005a0                 : divd.obj (.text:__divd)
                  11804720    00000580                 : _printfi.obj (.text:__getarg_diouxp)
                  11804ca0    00000540     libmfcc.obj (.text)
                  118051e0    00000520     rts6740.lib : _printfi.obj (.text:__setfield)
                  11805700    00000440                 : _printfi.obj (.text:__printfi)
                  11805b40    000003a0                 : fputs.obj (.text:_fputs)
                  11805ee0    00000320                 : _printfi.obj (.text:__pproc_fge)
                  11806200    000002e0                 : cos.obj (.text:_cos)
                  118064e0    000002c0                 : _printfi.obj (.text:__pproc_fwp)
                  118067a0    000002a0                 : _printfi.obj (.text:_ecvt)
                  11806a40    000002a0                 : _printfi.obj (.text:_fcvt)
                  11806ce0    00000280                 : divf.obj (.text:__divf)
                  11806f60    00000280                 : memory.obj (.text:_free)
                  118071e0    00000280                 : sin.obj (.text:_sin)
                  11807460    00000260                 : imath64.obj (.text:__divull)
                  118076c0    00000260                 : _printfi.obj (.text:__pconv_e)
                  11807920    00000260     ISRs.obj (.text:retain)
                  11807b80    00000240     rts6740.lib : _printfi.obj (.text:__pproc_diouxp)
                  11807dc0    00000220                 : _printfi.obj (.text:__pproc_str)
                  11807fe0    00000220                 : fputc.obj (.text:_fputc)
                  11808200    00000200                 : _printfi.obj (.text:__pconv_g)
                  11808400    00000200                 : log.obj (.text:_log)
                  11808600    00000200                 : setvbuf.obj (.text:_setvbuf)
                  11808800    000001e0                 : exp.obj (.text:_exp)
                  118089e0    000001c0                 : _printfi.obj (.text:__mcpy)
                  11808ba0    000001a0                 : imath40.obj (.text:__divul)
                  11808d40    00000180                 : trgdrv.obj (.text:_HOSTrename)
                  11808ec0    00000180                 : memory.obj (.text:_malloc)
                  11809040    00000160                 : ldexp.obj (.text:_ldexp)
                  118091a0    00000140                 : _printfi.obj (.text:__pproc_fflags)
                  118092e0    00000140                 : lowlev.obj (.text:_getdevice)
                  11809420    00000120                 : fclose.obj (.text:__closefile)
                  11809540    00000120                 : _printfi.obj (.text:__ltostr)
                  11809660    00000120                 : frexp.obj (.text:_frexp)
                  11809780    00000120                 : fseek.obj (.text:_fseek)
                  118098a0    00000100                 : trgdrv.obj (.text:_HOSTlseek)
                  118099a0    00000100                 : _io_perm.obj (.text:__wrt_ok)
                  11809aa0    00000100                 : sqrt.obj (.text:_sqrt)
                  11809ba0    000000e0                 : trgdrv.obj (.text:_HOSTopen)
                  11809c80    000000e0                 : trgdrv.obj (.text:_HOSTread)
                  11809d60    000000e0                 : atoi.obj (.text:_atoi)
                  11809e40    000000e0                 : lowlev.obj (.text:_close)
                  11809f20    000000e0                 : memset.obj (.text:_memset)
                  1180a000    000000e0                 : printf.obj (.text:_printf)
                  1180a0e0    000000c0                 : trgdrv.obj (.text:_HOSTunlink)
                  1180a1a0    000000c0                 : trgdrv.obj (.text:_HOSTwrite)
                  1180a260    000000c0                 : autoinit.obj (.text:__auto_init)
                  1180a320    000000c0                 : _printfi.obj (.text:__div)
                  1180a3e0    000000c0                 : divu.obj (.text:__divu)
                  1180a4a0    000000c0                 : fflush.obj (.text:__doflush)
                  1180a560    000000c0                 : remi.obj (.text:__remi)
                  1180a620    000000c0                 : exit.obj (.text:_exit)
                  1180a6e0    000000c0                 : ltoa.obj (.text:_ltoa)
                  1180a7a0    000000a0                 : trgdrv.obj (.text:_HOSTclose)
                  1180a840    000000a0                 : trgdrv.obj (.text:_HOSTtime)
                  1180a8e0    000000a0                 : fopen.obj (.text:__cleanup)
                  1180a980    000000a0                 : imath40.obj (.text:__divli)
                  1180aa20    000000a0                 : _printfi.obj (.text:__ecpy)
                  1180aac0    000000a0                 : _printfi.obj (.text:__fcpy)
                  1180ab60    000000a0                 : fixdli.obj (.text:__fixdli)
                  1180ac00    000000a0                 : round.obj (.text:__nround)
                  1180aca0    000000a0                 : _printfi.obj (.text:__pconv_f)
                  1180ad40    000000a0                 : cpy_tbl.obj (.text:_copy_in)
                  1180ade0    000000a0                 : lowlev.obj (.text:_finddevice)
                  1180ae80    000000a0                 : lowlev.obj (.text:_lseek)
                  1180af20    000000a0                 : memcpy64.obj (.text:_memcpy)
                  1180afc0    000000a0                 : memory.obj (.text:_minsert)
                  1180b060    000000a0                 : modf.obj (.text:_modf)
                  1180b100    000000a0                 : memory.obj (.text:_mremove)
                  1180b1a0    000000a0                 : lowlev.obj (.text:_write)
                  1180b240    00000080                 : fltlid.obj (.text:__fltlid)
                  1180b2c0    00000080                 : llshift.obj (.text:__llshl)
                  1180b340    00000080                 : boot.obj (.text:_c_int00)
                  1180b3c0    00000080                 : rand.obj (.text:_rand)
                  1180b440    00000080                 : trgmsg.obj (.text:_readmsg)
                  1180b4c0    00000080                 : lowlev.obj (.text:_unlink)
                  1180b540    00000060                 : cpp_init.obj (.text:___TI_cpp_init)
                  1180b5a0    00000060                 : imath64.obj (.text:__subcull)
                  1180b600    00000060                 : memccpy.obj (.text:_memccpy)
                  1180b660    00000060                 : rand.obj (.text:_srand)
                  1180b6c0    00000060                 : trgmsg.obj (.text:_writemsg)
                  1180b720    00000040                 : isinf.obj (.text:___isinf)
                  1180b760    00000040                 : _printfi.obj (.text:___isnan)
                  1180b7a0    00000040                 : args_main.obj (.text:__args_main)
                  1180b7e0    00000040                 : frcmpyd_div.obj (.text:__frcmpyd_div)
                  1180b820    00000040                 : llshift.obj (.text:__llshru)
                  1180b860    00000040                 : imath40.obj (.text:__remli)
                  1180b8a0    00000040                 : strcmp.obj (.text:_strcmp)
                  1180b8e0    00000040                 : time.obj (.text:_time)
                  1180b920    00000020                 : negll.obj (.text:__negll)
                  1180b940    00000020                 : _lock.obj (.text:__nop)
                  1180b960    00000020                 : printf.obj (.text:__outc)
                  1180b980    00000020                 : printf.obj (.text:__outs)
                  1180b9a0    00000020                 : trunc.obj (.text:__trunc)
                  1180b9c0    00000020                 : exit.obj (.text:_abort)
                  1180b9e0    00000020                 : remove.obj (.text:_remove)

.far       0    1180ba00    000022e8     UNINITIALIZED
                  1180ba00    00001c68     main.obj (.far)
                  1180d668    00000324     rts6740.lib : defs.obj (.far)
                  1180d98c    00000004                 : errno.obj (.far)
                  1180d990    00000120                 : pow.obj (.far)
                  1180dab0    0000011c                 : lowlev.obj (.far)
                  1180dbcc    00000004                 : fopen.obj (.far)
                  1180dbd0    00000040                 : cos.obj (.far)
                  1180dc10    00000040                 : sin.obj (.far)
                  1180dc50    00000030                 : exp.obj (.far)
                  1180dc80    00000030                 : log.obj (.far)
                  1180dcb0    0000000c                 : exit.obj (.far)
                  1180dcbc    00000008     ISRs.obj (.far)
                  1180dcc4    00000008     rts6740.lib : _lock.obj (.far)
                  1180dccc    00000008                 : memory.obj (.far)
                  1180dcd4    00000004     --HOLE--
                  1180dcd8    00000008                 : rand.obj (.far)
                  1180dce0    00000008                 : trgdrv.obj (.far)

.const     0    1180dce8    00000938     
                  1180dce8    000005a0     gmm.obj (.const:_$P$T3$4)
                  1180e288    0000016c     gmm.obj (.const:.string)
                  1180e3f4    00000002     rts6740.lib : fputs.obj (.const:.string)
                  1180e3f6    00000002     --HOLE-- [fill = 0]
                  1180e3f8    00000101                 : ctype.obj (.const:.string:__ctypes_)
                  1180e4f9    00000007     --HOLE-- [fill = 0]
                  1180e500    00000068     gmm.obj (.const:_$P$T1$2)
                  1180e568    00000068     gmm.obj (.const:_$P$T2$3)
                  1180e5d0    00000023     rts6740.lib : _printfi.obj (.const:.string)
                  1180e5f3    00000005     --HOLE-- [fill = 0]
                  1180e5f8    00000018     gmm.obj (.const:_$P$T0$1)
                  1180e610    00000010     main.obj (.const:.string)

.cinit     0    1180e620    00000464     
                  1180e620    00000140     rts6740.lib : pow.obj (.cinit)
                  1180e760    00000090     main.obj (.cinit)
                  1180e7f0    0000005c     rts6740.lib : defs.obj (.cinit)
                  1180e84c    00000004     --HOLE-- [fill = 0]
                  1180e850    0000005c                 : lowlev.obj (.cinit)
                  1180e8ac    00000004     --HOLE-- [fill = 0]
                  1180e8b0    00000048                 : cos.obj (.cinit)
                  1180e8f8    00000048                 : sin.obj (.cinit)
                  1180e940    00000040                 : exp.obj (.cinit)
                  1180e980    00000040                 : log.obj (.cinit)
                  1180e9c0    0000002c                 : exit.obj (.cinit)
                  1180e9ec    00000004     --HOLE-- [fill = 0]
                  1180e9f0    0000002c                 : memory.obj (.cinit)
                  1180ea1c    00000004     --HOLE-- [fill = 0]
                  1180ea20    0000001c                 : _lock.obj (.cinit)
                  1180ea3c    00000004     --HOLE-- [fill = 0]
                  1180ea40    00000010                 : rand.obj (.cinit)
                  1180ea50    0000000c     LCDK_Support_DSP.obj (.cinit)
                  1180ea5c    00000004     --HOLE-- [fill = 0]
                  1180ea60    0000000c     rts6740.lib : errno.obj (.cinit)
                  1180ea6c    00000004     --HOLE-- [fill = 0]
                  1180ea70    0000000c                 : fopen.obj (.cinit)
                  1180ea7c    00000004     --HOLE-- [fill = 0]
                  1180ea80    00000004     (.pad.cinit) [fill = 0]

.stack     0    1180ea88    00000400     UNINITIALIZED
                  1180ea88    00000008     rts6740.lib : boot.obj (.stack)
                  1180ea90    000003f8     --HOLE--

.sysmem    0    1180ee88    00000400     UNINITIALIZED
                  1180ee88    00000008     rts6740.lib : memory.obj (.sysmem)
                  1180ee90    000003f8     --HOLE--

.cio       0    1180f288    00000120     UNINITIALIZED
                  1180f288    00000120     rts6740.lib : trgmsg.obj (.cio)

.bss       0    1180f3a8    0000002c     UNINITIALIZED
                  1180f3a8    00000028     main.obj (.bss)
                  1180f3d0    00000004     LCDK_Support_DSP.obj (.bss)

.switch    0    1180f3d4    00000018     
                  1180f3d4    00000018     LCDK_Support_DSP.obj (.switch:_SetSampleRate_AIC3106)


GLOBAL SYMBOLS: SORTED ALPHABETICALLY BY Name 

address    name
--------   ----
1180f3a8   $bss
1180f3a8   .bss
11800200   .text
1180b9c0   C$$EXIT
1180b718   C$$IO$$
11802b0c   _AIC3106_write_reg
1180c400   _B
11802894   _CheckForOverrun
1180dcbc   _CodecDataIn
1180dcc0   _CodecDataOut
11807920   _Codec_ISR
11802428   _DSP_Init
11802448   _DSP_Init_EDMA
1180262c   _EnableInterrupts
11802678   _EnableInterrupts_EDMA
11805108   _GetCenterFrequency
11804ca0   _GetCoefficient
11804ec8   _GetFilterParameter
1180506c   _GetMagnitudeFactor
11802420   _GetSampleFreq
1180a7a0   _HOSTclose
118098a0   _HOSTlseek
11809ba0   _HOSTopen
11809c80   _HOSTread
11808d40   _HOSTrename
1180a840   _HOSTtime
1180a0e0   _HOSTunlink
1180a1a0   _HOSTwrite
118025c4   _InitDigitalOutputs
11802468   _InitLEDs
118028c4   _Init_AIC3106
118026ec   _Init_I2C
118025e8   _Init_Interrupts
11802668   _Init_Interrupts_EDMA
11802cb8   _Init_McASP0
11803048   _Init_UART2
11803188   _IsDataReady_UART2
118031ac   _IsTxReady_UART2
11804e64   _NormalizationFactor
11803128   _Puts_UART2
1180284c   _ReadCodecData
118025ac   _ReadSwitches
11803168   _Read_UART2
11802b48   _Reset_AIC3106
11802748   _Reset_I2C
11802b70   _SetSampleRate_AIC3106
11802870   _WriteCodecData
118025d0   _WriteDigitalOutputs
118024c8   _WriteLEDs
11802768   _Write_I2C
11803100   _Write_UART2
1180ba00   _X
1180f288   __CIOBUF_
1180ee88   __STACK_END
00000400   __STACK_SIZE
00000400   __SYSMEM_SIZE
00000001   __TI_args_main
1180b540   ___TI_cpp_init
1180dcb8   ___TI_enable_exit_profile_output
ffffffff   ___TI_pprof_out_hndl
ffffffff   ___TI_prof_data_size
ffffffff   ___TI_prof_data_start
ffffffff   ___binit__
1180f3a8   ___bss__
ffffffff   ___c_args__
1180e620   ___cinit__
1180f3d4   ___end__
1180ba00   ___etext__
1180b720   ___isinf
ffffffff   ___pinit__
11800200   ___text__
1180b7a0   __args_main
1180a260   __auto_init
1180a3e0   __c6xabi_divu
1180a560   __c6xabi_remi
1180a8e0   __cleanup
1180dcb0   __cleanup_ptr
11809420   __closefile
1180e3f8   __ctypes_
11804180   __divd
11806ce0   __divf
1180a980   __divli
1180a3e0   __divu
11808ba0   __divul
11807460   __divull
1180a4a0   __doflush
1180dcb4   __dtors_ptr
1180ab60   __fixdli
1180b240   __fltlid
1180b7e0   __frcmpyd_div
1180d988   __ft_end
1180d668   __ftable
11801308   __gmm_compute_membership_prob
118012a8   __gmm_em_step
11800674   __gmm_init_params
11800b30   __gmm_init_params_kmeans
118006b4   __gmm_init_params_random
11801d08   __gmm_log_gaussian_pdf
1180212c   __gmm_pow2
11801658   __gmm_update_params
11801fc8   __gmm_vec_add
11802058   __gmm_vec_divide_by_scalar
118020b8   __gmm_vec_dot_prod
11801f44   __gmm_vec_l2_dist
1180b2c0   __llshl
1180b820   __llshru
1180dcc4   __lock
1180b920   __negll
1180b940   __nop
1180ac00   __nround
11805700   __printfi
1180a560   __remi
1180b860   __remli
1180ea88   __stack
1180b5a0   __subcull
1180ee88   __sys_memory
1180d848   __tmpnams
1180b9a0   __trunc
1180dcc8   __unlock
118099a0   __wrt_ok
1180b9c0   _abort
11809d60   _atoi
1180f3c4   _avg
1180b340   _c_int00
11809e40   _close
1180f3c8   _coeff
1180ad40   _copy_in
11806200   _cos
1180f3b8   _denominator
1180d98c   _errno
1180a620   _exit
11808800   _exp
1180f3b4   _feature
118031e0   _fft
11807fe0   _fputc
11805b40   _fputs
11806f60   _free
11809660   _frexp
11809780   _fseek
1180d468   _gmm
11800394   _gmm_fit
11802384   _gmm_free
11800200   _gmm_new
1180214c   _gmm_print_params
118004f0   _gmm_score
118002f0   _gmm_set_convergence_tol
11800328   _gmm_set_initialization_method
118002d8   _gmm_set_max_iter
1180030c   _gmm_set_regularization_value
1180f3a8   _kk
11809040   _ldexp
1180f3cc   _llh
11808400   _log
1180ae80   _lseek
1180a6e0   _ltoa
1180f3c0   _magnitude
11803548   _main
11808ec0   _malloc
1180b600   _memccpy
1180af20   _memcpy
11809f20   _memset
1180d400   _mfcc_result
1180b060   _modf
1180f3bc   _numerator
11803a60   _pow
1180a000   _printf
11807fe0   _putc
1180b3c0   _rand
1180b440   _readmsg
1180b9e0   _remove
11808600   _setvbuf
118071e0   _sin
1180cc00   _spectrum
11809aa0   _sqrt
1180b660   _srand
1180f3ac   _startflag
1180b8a0   _strcmp
1180b8e0   _time
1180f3b0   _training
1180b4c0   _unlink
1180bc00   _w
118026b8   _wait
1180b1a0   _write
1180b6c0   _writemsg
ffffffff   binit
1180e620   cinit
1180f3d4   end
1180ba00   etext
ffffffff   pinit


GLOBAL SYMBOLS: SORTED BY Symbol Address 

address    name
--------   ----
00000001   __TI_args_main
00000400   __STACK_SIZE
00000400   __SYSMEM_SIZE
11800200   .text
11800200   ___text__
11800200   _gmm_new
118002d8   _gmm_set_max_iter
118002f0   _gmm_set_convergence_tol
1180030c   _gmm_set_regularization_value
11800328   _gmm_set_initialization_method
11800394   _gmm_fit
118004f0   _gmm_score
11800674   __gmm_init_params
118006b4   __gmm_init_params_random
11800b30   __gmm_init_params_kmeans
118012a8   __gmm_em_step
11801308   __gmm_compute_membership_prob
11801658   __gmm_update_params
11801d08   __gmm_log_gaussian_pdf
11801f44   __gmm_vec_l2_dist
11801fc8   __gmm_vec_add
11802058   __gmm_vec_divide_by_scalar
118020b8   __gmm_vec_dot_prod
1180212c   __gmm_pow2
1180214c   _gmm_print_params
11802384   _gmm_free
11802420   _GetSampleFreq
11802428   _DSP_Init
11802448   _DSP_Init_EDMA
11802468   _InitLEDs
118024c8   _WriteLEDs
118025ac   _ReadSwitches
118025c4   _InitDigitalOutputs
118025d0   _WriteDigitalOutputs
118025e8   _Init_Interrupts
1180262c   _EnableInterrupts
11802668   _Init_Interrupts_EDMA
11802678   _EnableInterrupts_EDMA
118026b8   _wait
118026ec   _Init_I2C
11802748   _Reset_I2C
11802768   _Write_I2C
1180284c   _ReadCodecData
11802870   _WriteCodecData
11802894   _CheckForOverrun
118028c4   _Init_AIC3106
11802b0c   _AIC3106_write_reg
11802b48   _Reset_AIC3106
11802b70   _SetSampleRate_AIC3106
11802cb8   _Init_McASP0
11803048   _Init_UART2
11803100   _Write_UART2
11803128   _Puts_UART2
11803168   _Read_UART2
11803188   _IsDataReady_UART2
118031ac   _IsTxReady_UART2
118031e0   _fft
11803548   _main
11803a60   _pow
11804180   __divd
11804ca0   _GetCoefficient
11804e64   _NormalizationFactor
11804ec8   _GetFilterParameter
1180506c   _GetMagnitudeFactor
11805108   _GetCenterFrequency
11805700   __printfi
11805b40   _fputs
11806200   _cos
11806ce0   __divf
11806f60   _free
118071e0   _sin
11807460   __divull
11807920   _Codec_ISR
11807fe0   _fputc
11807fe0   _putc
11808400   _log
11808600   _setvbuf
11808800   _exp
11808ba0   __divul
11808d40   _HOSTrename
11808ec0   _malloc
11809040   _ldexp
11809420   __closefile
11809660   _frexp
11809780   _fseek
118098a0   _HOSTlseek
118099a0   __wrt_ok
11809aa0   _sqrt
11809ba0   _HOSTopen
11809c80   _HOSTread
11809d60   _atoi
11809e40   _close
11809f20   _memset
1180a000   _printf
1180a0e0   _HOSTunlink
1180a1a0   _HOSTwrite
1180a260   __auto_init
1180a3e0   __c6xabi_divu
1180a3e0   __divu
1180a4a0   __doflush
1180a560   __c6xabi_remi
1180a560   __remi
1180a620   _exit
1180a6e0   _ltoa
1180a7a0   _HOSTclose
1180a840   _HOSTtime
1180a8e0   __cleanup
1180a980   __divli
1180ab60   __fixdli
1180ac00   __nround
1180ad40   _copy_in
1180ae80   _lseek
1180af20   _memcpy
1180b060   _modf
1180b1a0   _write
1180b240   __fltlid
1180b2c0   __llshl
1180b340   _c_int00
1180b3c0   _rand
1180b440   _readmsg
1180b4c0   _unlink
1180b540   ___TI_cpp_init
1180b5a0   __subcull
1180b600   _memccpy
1180b660   _srand
1180b6c0   _writemsg
1180b718   C$$IO$$
1180b720   ___isinf
1180b7a0   __args_main
1180b7e0   __frcmpyd_div
1180b820   __llshru
1180b860   __remli
1180b8a0   _strcmp
1180b8e0   _time
1180b920   __negll
1180b940   __nop
1180b9a0   __trunc
1180b9c0   C$$EXIT
1180b9c0   _abort
1180b9e0   _remove
1180ba00   _X
1180ba00   ___etext__
1180ba00   etext
1180bc00   _w
1180c400   _B
1180cc00   _spectrum
1180d400   _mfcc_result
1180d468   _gmm
1180d668   __ftable
1180d848   __tmpnams
1180d988   __ft_end
1180d98c   _errno
1180dcb0   __cleanup_ptr
1180dcb4   __dtors_ptr
1180dcb8   ___TI_enable_exit_profile_output
1180dcbc   _CodecDataIn
1180dcc0   _CodecDataOut
1180dcc4   __lock
1180dcc8   __unlock
1180e3f8   __ctypes_
1180e620   ___cinit__
1180e620   cinit
1180ea88   __stack
1180ee88   __STACK_END
1180ee88   __sys_memory
1180f288   __CIOBUF_
1180f3a8   $bss
1180f3a8   .bss
1180f3a8   ___bss__
1180f3a8   _kk
1180f3ac   _startflag
1180f3b0   _training
1180f3b4   _feature
1180f3b8   _denominator
1180f3bc   _numerator
1180f3c0   _magnitude
1180f3c4   _avg
1180f3c8   _coeff
1180f3cc   _llh
1180f3d4   ___end__
1180f3d4   end
ffffffff   ___TI_pprof_out_hndl
ffffffff   ___TI_prof_data_size
ffffffff   ___TI_prof_data_start
ffffffff   ___binit__
ffffffff   ___c_args__
ffffffff   ___pinit__
ffffffff   binit
ffffffff   pinit

[189 symbols]
